Copyright 1986-2022 Xilinx, Inc. All Rights Reserved. Copyright 2022-2024 Advanced Micro Devices, Inc. All Rights Reserved.
---------------------------------------------------------------------------------------------------------------------------------------------
| Tool Version : Vivado v.2024.1 (win64) Build 5076996 Wed May 22 18:37:14 MDT 2024
| Date         : Sun Dec 29 10:53:15 2024
| Host         : nightt_insider running 64-bit major release  (build 9200)
| Command      : report_control_sets -verbose -file bd_0_wrapper_control_sets_placed.rpt
| Design       : bd_0_wrapper
| Device       : xc7z020
---------------------------------------------------------------------------------------------------------------------------------------------

Control Set Information

Table of Contents
-----------------
1. Summary
2. Histogram
3. Flip-Flop Distribution
4. Detailed Control Set Information

1. Summary
----------

+----------------------------------------------------------+-------+
|                          Status                          | Count |
+----------------------------------------------------------+-------+
| Total control sets                                       |   113 |
|    Minimum number of control sets                        |   113 |
|    Addition due to synthesis replication                 |     0 |
|    Addition due to physical synthesis replication        |     0 |
| Unused register locations in slices containing registers |   293 |
+----------------------------------------------------------+-------+
* Control sets can be merged at opt_design using control_set_merge or merge_equivalent_drivers
** Run report_qor_suggestions for automated merging and remapping suggestions


2. Histogram
------------

+--------------------+-------+
|       Fanout       | Count |
+--------------------+-------+
| Total control sets |   113 |
| >= 0 to < 4        |     6 |
| >= 4 to < 6        |    26 |
| >= 6 to < 8        |     3 |
| >= 8 to < 10       |    20 |
| >= 10 to < 12      |     2 |
| >= 12 to < 14      |     0 |
| >= 14 to < 16      |     0 |
| >= 16              |    56 |
+--------------------+-------+
* Control sets can be remapped at either synth_design or opt_design


3. Flip-Flop Distribution
-------------------------

+--------------+-----------------------+------------------------+-----------------+--------------+
| Clock Enable | Synchronous Set/Reset | Asynchronous Set/Reset | Total Registers | Total Slices |
+--------------+-----------------------+------------------------+-----------------+--------------+
| No           | No                    | No                     |              77 |           33 |
| No           | No                    | Yes                    |               0 |            0 |
| No           | Yes                   | No                     |             118 |           56 |
| Yes          | No                    | No                     |            1685 |          465 |
| Yes          | No                    | Yes                    |               0 |            0 |
| Yes          | Yes                   | No                     |            1843 |          438 |
+--------------+-----------------------+------------------------+-----------------+--------------+


4. Detailed Control Set Information
-----------------------------------

+--------------+----------------------------------------------------------------------------------------------------------------------------------------------------+-----------------------------------------------------------------------------------------------------------------------------------------------------------------------------------------------------+------------------+----------------+--------------+
| Clock Signal |                                                                    Enable Signal                                                                   |                                                                                           Set/Reset Signal                                                                                          | Slice Load Count | Bel Load Count | Bels / Slice |
+--------------+----------------------------------------------------------------------------------------------------------------------------------------------------+-----------------------------------------------------------------------------------------------------------------------------------------------------------------------------------------------------+------------------+----------------+--------------+
|  ap_clk      | bd_0_i/hls_inst/inst/gmem_m_axi_U/store_unit/fifo_wrsp/U_fifo_srl/pop                                                                              | bd_0_i/hls_inst/inst/gmem_m_axi_U/bus_write/wreq_burst_conv/rs_req/SR[0]                                                                                                                            |                1 |              1 |         1.00 |
|  ap_clk      | bd_0_i/hls_inst/inst/gmem_m_axi_U/bus_read/rreq_burst_conv/push                                                                                    |                                                                                                                                                                                                     |                1 |              1 |         1.00 |
|  ap_clk      | bd_0_i/hls_inst/inst/gmem_m_axi_U/store_unit/fifo_wrsp/U_fifo_srl/push                                                                             |                                                                                                                                                                                                     |                1 |              1 |         1.00 |
|  ap_clk      | bd_0_i/hls_inst/inst/gmem_m_axi_U/bus_write/fifo_resp/U_fifo_srl/pop                                                                               | bd_0_i/hls_inst/inst/gmem_m_axi_U/bus_write/wreq_burst_conv/rs_req/SR[0]                                                                                                                            |                1 |              1 |         1.00 |
|  ap_clk      | bd_0_i/hls_inst/inst/gmem_m_axi_U/bus_write/wreq_burst_conv/push_0                                                                                 |                                                                                                                                                                                                     |                1 |              1 |         1.00 |
|  ap_clk      | bd_0_i/hls_inst/inst/gmem_m_axi_U/bus_read/fifo_burst/U_fifo_srl/pop                                                                               | bd_0_i/hls_inst/inst/gmem_m_axi_U/bus_write/wreq_burst_conv/rs_req/SR[0]                                                                                                                            |                1 |              1 |         1.00 |
|  ap_clk      | bd_0_i/hls_inst/inst/gmem_m_axi_U/store_unit/bus_wide_gen.wreq_offset/raddr[3]_i_1__0_n_0                                                          | bd_0_i/hls_inst/inst/gmem_m_axi_U/bus_write/wreq_burst_conv/rs_req/SR[0]                                                                                                                            |                1 |              4 |         4.00 |
|  ap_clk      | bd_0_i/hls_inst/inst/gmem_m_axi_U/load_unit_0/bus_wide_gen.rreq_offset/U_fifo_srl/pop                                                              | bd_0_i/hls_inst/inst/gmem_m_axi_U/bus_write/wreq_burst_conv/rs_req/SR[0]                                                                                                                            |                1 |              4 |         4.00 |
|  ap_clk      | bd_0_i/hls_inst/inst/CTRL_s_axi_U/waddr                                                                                                            |                                                                                                                                                                                                     |                2 |              4 |         2.00 |
|  ap_clk      | bd_0_i/hls_inst/inst/gmem_m_axi_U/load_unit_0/fifo_rreq/mOutPtr[3]_i_1__0_n_0                                                                      | bd_0_i/hls_inst/inst/gmem_m_axi_U/bus_write/wreq_burst_conv/rs_req/SR[0]                                                                                                                            |                1 |              4 |         4.00 |
|  ap_clk      | bd_0_i/hls_inst/inst/gmem_m_axi_U/bus_write/fifo_burst/U_fifo_srl/raddr_reg[3][0]                                                                  | bd_0_i/hls_inst/inst/gmem_m_axi_U/bus_write/wreq_burst_conv/rs_req/SR[0]                                                                                                                            |                2 |              4 |         2.00 |
|  ap_clk      | bd_0_i/hls_inst/inst/gmem_m_axi_U/load_unit_0/bus_wide_gen.rreq_offset/U_fifo_srl/E[0]                                                             | bd_0_i/hls_inst/inst/gmem_m_axi_U/bus_write/wreq_burst_conv/rs_req/SR[0]                                                                                                                            |                1 |              4 |         4.00 |
|  ap_clk      | bd_0_i/hls_inst/inst/gmem_m_axi_U/bus_write/fifo_burst/U_fifo_srl/E[0]                                                                             | bd_0_i/hls_inst/inst/gmem_m_axi_U/bus_write/wreq_burst_conv/rs_req/SR[0]                                                                                                                            |                1 |              4 |         4.00 |
|  ap_clk      | bd_0_i/hls_inst/inst/gmem_m_axi_U/bus_write/fifo_resp/U_fifo_srl/E[0]                                                                              | bd_0_i/hls_inst/inst/gmem_m_axi_U/bus_write/wreq_burst_conv/rs_req/SR[0]                                                                                                                            |                1 |              4 |         4.00 |
|  ap_clk      | bd_0_i/hls_inst/inst/grp_sobel_Pipeline_VITIS_LOOP_77_1_VITIS_LOOP_80_2_fu_94/full_n_reg[0]                                                        | bd_0_i/hls_inst/inst/gmem_m_axi_U/bus_write/wreq_burst_conv/rs_req/SR[0]                                                                                                                            |                1 |              4 |         4.00 |
|  ap_clk      | bd_0_i/hls_inst/inst/gmem_m_axi_U/bus_read/fifo_burst/raddr[3]_i_1__3_n_0                                                                          | bd_0_i/hls_inst/inst/gmem_m_axi_U/bus_write/wreq_burst_conv/rs_req/SR[0]                                                                                                                            |                1 |              4 |         4.00 |
|  ap_clk      | bd_0_i/hls_inst/inst/gmem_m_axi_U/store_unit/fifo_wrsp/U_fifo_srl/raddr_reg[3][0]                                                                  | bd_0_i/hls_inst/inst/gmem_m_axi_U/bus_write/wreq_burst_conv/rs_req/SR[0]                                                                                                                            |                1 |              4 |         4.00 |
|  ap_clk      | bd_0_i/hls_inst/inst/gmem_m_axi_U/store_unit/fifo_wrsp/U_fifo_srl/E[0]                                                                             | bd_0_i/hls_inst/inst/gmem_m_axi_U/bus_write/wreq_burst_conv/rs_req/SR[0]                                                                                                                            |                1 |              4 |         4.00 |
|  ap_clk      | bd_0_i/hls_inst/inst/gmem_m_axi_U/load_unit_0/bus_wide_gen.rreq_offset/U_fifo_srl/push                                                             |                                                                                                                                                                                                     |                1 |              4 |         4.00 |
|  ap_clk      | bd_0_i/hls_inst/inst/gmem_m_axi_U/bus_write/wreq_throttle/data_fifo/raddr[3]_i_1__6_n_0                                                            | bd_0_i/hls_inst/inst/gmem_m_axi_U/bus_write/wreq_burst_conv/rs_req/SR[0]                                                                                                                            |                2 |              4 |         2.00 |
|  ap_clk      | bd_0_i/hls_inst/inst/gmem_m_axi_U/bus_write/wreq_throttle/req_fifo/raddr[3]_i_1__5_n_0                                                             | bd_0_i/hls_inst/inst/gmem_m_axi_U/bus_write/wreq_burst_conv/rs_req/SR[0]                                                                                                                            |                2 |              4 |         2.00 |
|  ap_clk      | bd_0_i/hls_inst/inst/gmem_m_axi_U/bus_write/wreq_burst_conv/push                                                                                   |                                                                                                                                                                                                     |                1 |              4 |         4.00 |
|  ap_clk      | bd_0_i/hls_inst/inst/gmem_m_axi_U/store_unit/fifo_wrsp/U_fifo_srl/full_n_reg[0]                                                                    | bd_0_i/hls_inst/inst/gmem_m_axi_U/bus_write/wreq_burst_conv/rs_req/SR[0]                                                                                                                            |                2 |              5 |         2.50 |
|  ap_clk      | bd_0_i/hls_inst/inst/gmem_m_axi_U/bus_write/fifo_burst/U_fifo_srl/full_n_reg[0]                                                                    | bd_0_i/hls_inst/inst/gmem_m_axi_U/bus_write/wreq_burst_conv/rs_req/SR[0]                                                                                                                            |                1 |              5 |         5.00 |
|  ap_clk      | bd_0_i/hls_inst/inst/gmem_m_axi_U/bus_read/fifo_burst/mOutPtr[4]_i_1__5_n_0                                                                        | bd_0_i/hls_inst/inst/gmem_m_axi_U/bus_write/wreq_burst_conv/rs_req/SR[0]                                                                                                                            |                1 |              5 |         5.00 |
|  ap_clk      | bd_0_i/hls_inst/inst/gmem_m_axi_U/bus_read/fifo_rctl/mOutPtr[4]_i_1__9_n_0                                                                         | bd_0_i/hls_inst/inst/gmem_m_axi_U/bus_write/wreq_burst_conv/rs_req/SR[0]                                                                                                                            |                1 |              5 |         5.00 |
|  ap_clk      | bd_0_i/hls_inst/inst/gmem_m_axi_U/store_unit/bus_wide_gen.wreq_offset/mOutPtr[4]_i_1__1_n_0                                                        | bd_0_i/hls_inst/inst/gmem_m_axi_U/bus_write/wreq_burst_conv/rs_req/SR[0]                                                                                                                            |                2 |              5 |         2.50 |
|  ap_clk      | bd_0_i/hls_inst/inst/gmem_m_axi_U/bus_write/fifo_resp/U_fifo_srl/full_n_reg[0]                                                                     | bd_0_i/hls_inst/inst/gmem_m_axi_U/bus_write/wreq_burst_conv/rs_req/SR[0]                                                                                                                            |                2 |              5 |         2.50 |
|  ap_clk      | bd_0_i/hls_inst/inst/gmem_m_axi_U/bus_write/wreq_throttle/data_fifo/U_fifo_srl/E[0]                                                                | bd_0_i/hls_inst/inst/gmem_m_axi_U/bus_write/wreq_burst_conv/rs_req/SR[0]                                                                                                                            |                2 |              5 |         2.50 |
|  ap_clk      | bd_0_i/hls_inst/inst/gmem_m_axi_U/bus_write/wreq_throttle/data_fifo/mOutPtr[4]_i_1__8_n_0                                                          | bd_0_i/hls_inst/inst/gmem_m_axi_U/bus_write/wreq_burst_conv/rs_req/SR[0]                                                                                                                            |                2 |              5 |         2.50 |
|  ap_clk      | bd_0_i/hls_inst/inst/gmem_m_axi_U/load_unit_0/bus_wide_gen.rreq_offset/U_fifo_srl/full_n_reg[0]                                                    | bd_0_i/hls_inst/inst/gmem_m_axi_U/bus_write/wreq_burst_conv/rs_req/SR[0]                                                                                                                            |                2 |              5 |         2.50 |
|  ap_clk      | bd_0_i/hls_inst/inst/gmem_m_axi_U/bus_write/wreq_throttle/req_fifo/mOutPtr[4]_i_1__7_n_0                                                           | bd_0_i/hls_inst/inst/gmem_m_axi_U/bus_write/wreq_burst_conv/rs_req/SR[0]                                                                                                                            |                2 |              5 |         2.50 |
|  ap_clk      | bd_0_i/hls_inst/inst/grp_sobel_Pipeline_VITIS_LOOP_77_1_VITIS_LOOP_80_2_fu_94/push_1                                                               | bd_0_i/hls_inst/inst/gmem_m_axi_U/bus_write/wreq_burst_conv/rs_req/SR[0]                                                                                                                            |                2 |              6 |         3.00 |
|  ap_clk      | bd_0_i/hls_inst/inst/gmem_m_axi_U/store_unit/buff_wdata/U_fifo_mem/empty_n_reg                                                                     | bd_0_i/hls_inst/inst/gmem_m_axi_U/bus_write/wreq_burst_conv/rs_req/SR[0]                                                                                                                            |                1 |              6 |         6.00 |
|  ap_clk      | bd_0_i/hls_inst/inst/grp_sobel_Pipeline_VITIS_LOOP_77_1_VITIS_LOOP_80_2_fu_94/ap_CS_fsm_reg[7]_0[0]                                                | bd_0_i/hls_inst/inst/gmem_m_axi_U/bus_write/wreq_burst_conv/rs_req/SR[0]                                                                                                                            |                2 |              7 |         3.50 |
|  ap_clk      | bd_0_i/hls_inst/inst/grp_sobel_Pipeline_VITIS_LOOP_77_1_VITIS_LOOP_80_2_fu_94/sobel_kernel_reg_9180                                                |                                                                                                                                                                                                     |                2 |              8 |         4.00 |
|  ap_clk      | bd_0_i/hls_inst/inst/grp_sobel_Pipeline_VITIS_LOOP_77_1_VITIS_LOOP_80_2_fu_94/gmem_addr_2_reg_9060                                                 | bd_0_i/hls_inst/inst/grp_sobel_Pipeline_VITIS_LOOP_77_1_VITIS_LOOP_80_2_fu_94/sobel_2_reg_991                                                                                                       |                3 |              8 |         2.67 |
|  ap_clk      | bd_0_i/hls_inst/inst/grp_sobel_Pipeline_VITIS_LOOP_77_1_VITIS_LOOP_80_2_fu_94/empty_22_reg_9010                                                    | bd_0_i/hls_inst/inst/grp_sobel_Pipeline_VITIS_LOOP_77_1_VITIS_LOOP_80_2_fu_94/g_x_reg_969[7]_i_1_n_0                                                                                                |                2 |              8 |         4.00 |
|  ap_clk      | bd_0_i/hls_inst/inst/grp_sobel_Pipeline_VITIS_LOOP_77_1_VITIS_LOOP_80_2_fu_94/sobel_kernel_2_reg_9280                                              |                                                                                                                                                                                                     |                2 |              8 |         4.00 |
|  ap_clk      | bd_0_i/hls_inst/inst/grp_sobel_Pipeline_VITIS_LOOP_77_1_VITIS_LOOP_80_2_fu_94/sobel_kernel_3_reg_9330                                              |                                                                                                                                                                                                     |                2 |              8 |         4.00 |
|  ap_clk      | bd_0_i/hls_inst/inst/gmem_m_axi_U/load_unit_0/buff_rdata/U_fifo_mem/pop                                                                            | bd_0_i/hls_inst/inst/gmem_m_axi_U/bus_write/wreq_burst_conv/rs_req/SR[0]                                                                                                                            |                2 |              8 |         4.00 |
|  ap_clk      | bd_0_i/hls_inst/inst/gmem_m_axi_U/load_unit_0/buff_rdata/U_fifo_mem/WEBWE[0]                                                                       | bd_0_i/hls_inst/inst/gmem_m_axi_U/bus_write/wreq_burst_conv/rs_req/SR[0]                                                                                                                            |                2 |              8 |         4.00 |
|  ap_clk      | bd_0_i/hls_inst/inst/grp_sobel_Pipeline_VITIS_LOOP_77_1_VITIS_LOOP_80_2_fu_94/sobel_kernel_7_reg_9630                                              |                                                                                                                                                                                                     |                3 |              8 |         2.67 |
|  ap_clk      | bd_0_i/hls_inst/inst/grp_sobel_Pipeline_VITIS_LOOP_77_1_VITIS_LOOP_80_2_fu_94/sobel_kernel_5_reg_9430                                              |                                                                                                                                                                                                     |                2 |              8 |         4.00 |
|  ap_clk      | bd_0_i/hls_inst/inst/grp_sobel_Pipeline_VITIS_LOOP_77_1_VITIS_LOOP_80_2_fu_94/sobel_kernel_4_reg_9380                                              |                                                                                                                                                                                                     |                4 |              8 |         2.00 |
|  ap_clk      | bd_0_i/hls_inst/inst/grp_sobel_Pipeline_VITIS_LOOP_77_1_VITIS_LOOP_80_2_fu_94/sobel_kernel_6_reg_9580                                              |                                                                                                                                                                                                     |                2 |              8 |         4.00 |
|  ap_clk      | bd_0_i/hls_inst/inst/gmem_m_axi_U/bus_write/wreq_throttle/data_fifo/U_fifo_srl/full_n_reg[0]                                                       | bd_0_i/hls_inst/inst/gmem_m_axi_U/bus_write/fifo_burst/U_fifo_srl/ap_rst_n_1[0]                                                                                                                     |                3 |              8 |         2.67 |
|  ap_clk      | bd_0_i/hls_inst/inst/grp_sobel_Pipeline_VITIS_LOOP_77_1_VITIS_LOOP_80_2_fu_94/sobel_kernel_1_reg_9230                                              |                                                                                                                                                                                                     |                1 |              8 |         8.00 |
|  ap_clk      | bd_0_i/hls_inst/inst/gmem_m_axi_U/bus_write/wreq_burst_conv/could_multi_bursts.last_loop                                                           | bd_0_i/hls_inst/inst/gmem_m_axi_U/bus_write/wreq_burst_conv/rs_req/SR[0]                                                                                                                            |                3 |              8 |         2.67 |
|  ap_clk      | bd_0_i/hls_inst/inst/gmem_m_axi_U/bus_read/rreq_burst_conv/could_multi_bursts.last_loop                                                            | bd_0_i/hls_inst/inst/gmem_m_axi_U/bus_write/wreq_burst_conv/rs_req/SR[0]                                                                                                                            |                2 |              8 |         4.00 |
|  ap_clk      | bd_0_i/hls_inst/inst/gmem_m_axi_U/bus_write/fifo_burst/E[0]                                                                                        | bd_0_i/hls_inst/inst/gmem_m_axi_U/store_unit/bus_wide_gen.data_gen[3].data_buf[31]_i_1_n_0                                                                                                          |                3 |              9 |         3.00 |
|  ap_clk      | bd_0_i/hls_inst/inst/gmem_m_axi_U/bus_write/fifo_burst/bus_wide_gen.data_valid_reg_0[0]                                                            | bd_0_i/hls_inst/inst/gmem_m_axi_U/store_unit/bus_wide_gen.data_gen[1].data_buf[15]_i_1_n_0                                                                                                          |                2 |              9 |         4.50 |
|  ap_clk      | bd_0_i/hls_inst/inst/gmem_m_axi_U/bus_write/fifo_burst/bus_wide_gen.data_valid_reg[0]                                                              | bd_0_i/hls_inst/inst/gmem_m_axi_U/store_unit/bus_wide_gen.data_gen[2].data_buf[23]_i_1_n_0                                                                                                          |                2 |              9 |         4.50 |
|  ap_clk      | bd_0_i/hls_inst/inst/gmem_m_axi_U/store_unit/buff_wdata/E[0]                                                                                       | bd_0_i/hls_inst/inst/gmem_m_axi_U/store_unit/bus_wide_gen.data_gen[0].data_buf[7]_i_1_n_0                                                                                                           |                3 |              9 |         3.00 |
|  ap_clk      | bd_0_i/hls_inst/inst/gmem_m_axi_U/load_unit_0/buff_rdata/mOutPtr[8]_i_1_n_0                                                                        | bd_0_i/hls_inst/inst/gmem_m_axi_U/bus_write/wreq_burst_conv/rs_req/SR[0]                                                                                                                            |                4 |              9 |         2.25 |
|  ap_clk      | bd_0_i/hls_inst/inst/gmem_m_axi_U/bus_read/rreq_burst_conv/rs_req/p_15_in                                                                          | bd_0_i/hls_inst/inst/gmem_m_axi_U/bus_read/rreq_burst_conv/sect_addr_buf[11]_i_1__0_n_0                                                                                                             |                2 |             10 |         5.00 |
|  ap_clk      | bd_0_i/hls_inst/inst/gmem_m_axi_U/bus_write/wreq_burst_conv/rs_req/p_15_in                                                                         | bd_0_i/hls_inst/inst/gmem_m_axi_U/bus_write/wreq_burst_conv/sect_addr_buf[11]_i_1_n_0                                                                                                               |                2 |             10 |         5.00 |
|  ap_clk      | bd_0_i/hls_inst/inst/grp_sobel_Pipeline_VITIS_LOOP_77_1_VITIS_LOOP_80_2_fu_94/add_ln34_reg_9530                                                    |                                                                                                                                                                                                     |                8 |             24 |         3.00 |
|  ap_clk      | bd_0_i/hls_inst/inst/CTRL_s_axi_U/ar_hs                                                                                                            | bd_0_i/hls_inst/inst/CTRL_s_axi_U/rdata[31]_i_1_n_0                                                                                                                                                 |               11 |             30 |         2.73 |
|  ap_clk      | bd_0_i/hls_inst/inst/gmem_m_axi_U/store_unit/buff_wdata/bus_wide_gen.offset_valid_reg_0                                                            | bd_0_i/hls_inst/inst/gmem_m_axi_U/bus_write/wreq_burst_conv/rs_req/SR[0]                                                                                                                            |                8 |             30 |         3.75 |
|  ap_clk      | bd_0_i/hls_inst/inst/grp_sobel_Pipeline_VITIS_LOOP_77_1_VITIS_LOOP_80_2_fu_94/indvar3_fu_1080                                                      | bd_0_i/hls_inst/inst/grp_sobel_Pipeline_VITIS_LOOP_77_1_VITIS_LOOP_80_2_fu_94/flow_control_loop_pipe_sequential_init_U/grp_sobel_Pipeline_VITIS_LOOP_77_1_VITIS_LOOP_80_2_fu_94_ap_start_reg_reg[0] |                9 |             31 |         3.44 |
|  ap_clk      | bd_0_i/hls_inst/inst/ap_CS_fsm_state1                                                                                                              | bd_0_i/hls_inst/inst/CTRL_s_axi_U/empty_reg_232                                                                                                                                                     |                9 |             31 |         3.44 |
|  ap_clk      | bd_0_i/hls_inst/inst/CTRL_s_axi_U/int_dst[31]_i_1_n_0                                                                                              | bd_0_i/hls_inst/inst/gmem_m_axi_U/bus_write/wreq_burst_conv/rs_req/SR[0]                                                                                                                            |               12 |             32 |         2.67 |
|  ap_clk      | bd_0_i/hls_inst/inst/CTRL_s_axi_U/int_src[63]_i_1_n_0                                                                                              | bd_0_i/hls_inst/inst/gmem_m_axi_U/bus_write/wreq_burst_conv/rs_req/SR[0]                                                                                                                            |                5 |             32 |         6.40 |
|  ap_clk      | bd_0_i/hls_inst/inst/CTRL_s_axi_U/int_dst[63]_i_1_n_0                                                                                              | bd_0_i/hls_inst/inst/gmem_m_axi_U/bus_write/wreq_burst_conv/rs_req/SR[0]                                                                                                                            |                8 |             32 |         4.00 |
|  ap_clk      | bd_0_i/hls_inst/inst/CTRL_s_axi_U/int_cols[31]_i_1_n_0                                                                                             | bd_0_i/hls_inst/inst/gmem_m_axi_U/bus_write/wreq_burst_conv/rs_req/SR[0]                                                                                                                            |                4 |             32 |         8.00 |
|  ap_clk      | bd_0_i/hls_inst/inst/CTRL_s_axi_U/int_rows[31]_i_1_n_0                                                                                             | bd_0_i/hls_inst/inst/gmem_m_axi_U/bus_write/wreq_burst_conv/rs_req/SR[0]                                                                                                                            |                6 |             32 |         5.33 |
|  ap_clk      | bd_0_i/hls_inst/inst/CTRL_s_axi_U/int_src[31]_i_1_n_0                                                                                              | bd_0_i/hls_inst/inst/gmem_m_axi_U/bus_write/wreq_burst_conv/rs_req/SR[0]                                                                                                                            |                9 |             32 |         3.56 |
|  ap_clk      | bd_0_i/hls_inst/inst/grp_sobel_Pipeline_VITIS_LOOP_77_1_VITIS_LOOP_80_2_fu_94/E[0]                                                                 |                                                                                                                                                                                                     |               14 |             32 |         2.29 |
|  ap_clk      | bd_0_i/hls_inst/inst/gmem_m_axi_U/load_unit_0/buff_rdata/E[0]                                                                                      |                                                                                                                                                                                                     |                5 |             33 |         6.60 |
|  ap_clk      | bd_0_i/hls_inst/inst/gmem_m_axi_U/load_unit_0/bus_wide_gen.rs_tmp_rdata/load_p1                                                                    |                                                                                                                                                                                                     |                9 |             33 |         3.67 |
|  ap_clk      | bd_0_i/hls_inst/inst/gmem_m_axi_U/bus_read/rs_rdata/load_p2                                                                                        |                                                                                                                                                                                                     |                6 |             33 |         5.50 |
|  ap_clk      | bd_0_i/hls_inst/inst/gmem_m_axi_U/bus_read/rs_rdata/load_p1                                                                                        |                                                                                                                                                                                                     |                9 |             33 |         3.67 |
|  ap_clk      | bd_0_i/hls_inst/inst/grp_sobel_Pipeline_VITIS_LOOP_77_1_VITIS_LOOP_80_2_fu_94/mul_31ns_32s_63_2_1_U1/grp_fu_236_ce                                 |                                                                                                                                                                                                     |               10 |             34 |         3.40 |
|  ap_clk      | bd_0_i/hls_inst/inst/gmem_m_axi_U/store_unit/bus_wide_gen.wreq_offset/U_fifo_srl/pop                                                               | bd_0_i/hls_inst/inst/gmem_m_axi_U/bus_write/wreq_burst_conv/rs_req/SR[0]                                                                                                                            |                5 |             34 |         6.80 |
|  ap_clk      | bd_0_i/hls_inst/inst/gmem_m_axi_U/store_unit/bus_wide_gen.wreq_offset/U_fifo_srl/push                                                              |                                                                                                                                                                                                     |                5 |             34 |         6.80 |
|  ap_clk      | bd_0_i/hls_inst/inst/gmem_m_axi_U/store_unit/buff_wdata/bus_wide_gen.offset_valid_reg[0]                                                           | bd_0_i/hls_inst/inst/gmem_m_axi_U/bus_write/wreq_burst_conv/rs_req/SR[0]                                                                                                                            |               10 |             35 |         3.50 |
|  ap_clk      | bd_0_i/hls_inst/inst/gmem_m_axi_U/bus_write/fifo_burst/bus_wide_gen.data_valid_reg_3                                                               | bd_0_i/hls_inst/inst/gmem_m_axi_U/bus_write/fifo_burst/ap_rst_n_0                                                                                                                                   |               10 |             36 |         3.60 |
|  ap_clk      | bd_0_i/hls_inst/inst/gmem_m_axi_U/bus_write/wreq_throttle/data_fifo/U_fifo_srl/pop                                                                 | bd_0_i/hls_inst/inst/gmem_m_axi_U/bus_write/wreq_burst_conv/rs_req/SR[0]                                                                                                                            |                5 |             37 |         7.40 |
|  ap_clk      | bd_0_i/hls_inst/inst/gmem_m_axi_U/bus_write/wreq_throttle/data_fifo/U_fifo_srl/push                                                                |                                                                                                                                                                                                     |                5 |             37 |         7.40 |
|  ap_clk      | bd_0_i/hls_inst/inst/gmem_m_axi_U/bus_write/wreq_burst_conv/rs_req/E[0]                                                                            | bd_0_i/hls_inst/inst/gmem_m_axi_U/bus_write/wreq_burst_conv/rs_req/SR[0]                                                                                                                            |               11 |             53 |         4.82 |
|  ap_clk      | bd_0_i/hls_inst/inst/gmem_m_axi_U/bus_read/rreq_burst_conv/rs_req/E[0]                                                                             | bd_0_i/hls_inst/inst/gmem_m_axi_U/bus_write/wreq_burst_conv/rs_req/SR[0]                                                                                                                            |                8 |             53 |         6.62 |
|  ap_clk      | bd_0_i/hls_inst/inst/grp_sobel_Pipeline_VITIS_LOOP_77_1_VITIS_LOOP_80_2_fu_94/mul_31ns_32s_63_2_1_U1/cols_cast6_cast_reg_8230                      |                                                                                                                                                                                                     |               16 |             63 |         3.94 |
|  ap_clk      | bd_0_i/hls_inst/inst/ap_CS_fsm_state3                                                                                                              |                                                                                                                                                                                                     |               15 |             64 |         4.27 |
|  ap_clk      | bd_0_i/hls_inst/inst/gmem_m_axi_U/bus_write/wreq_throttle/rs_req/load_p1                                                                           |                                                                                                                                                                                                     |               23 |             66 |         2.87 |
|  ap_clk      | bd_0_i/hls_inst/inst/gmem_m_axi_U/bus_write/wreq_throttle/req_fifo/U_fifo_srl/pop                                                                  | bd_0_i/hls_inst/inst/gmem_m_axi_U/bus_write/wreq_burst_conv/rs_req/SR[0]                                                                                                                            |                9 |             66 |         7.33 |
|  ap_clk      | bd_0_i/hls_inst/inst/gmem_m_axi_U/bus_write/wreq_throttle/req_fifo/U_fifo_srl/push                                                                 |                                                                                                                                                                                                     |                9 |             66 |         7.33 |
|  ap_clk      | bd_0_i/hls_inst/inst/grp_sobel_Pipeline_VITIS_LOOP_77_1_VITIS_LOOP_80_2_fu_94/push                                                                 |                                                                                                                                                                                                     |                9 |             66 |         7.33 |
|  ap_clk      | bd_0_i/hls_inst/inst/gmem_m_axi_U/bus_write/wreq_throttle/data_fifo/U_fifo_srl/dout_vld_reg[0]                                                     |                                                                                                                                                                                                     |               21 |             66 |         3.14 |
|  ap_clk      | bd_0_i/hls_inst/inst/gmem_m_axi_U/load_unit_0/fifo_rreq/U_fifo_srl/pop                                                                             | bd_0_i/hls_inst/inst/gmem_m_axi_U/bus_write/wreq_burst_conv/rs_req/SR[0]                                                                                                                            |                9 |             66 |         7.33 |
|  ap_clk      | bd_0_i/hls_inst/inst/gmem_m_axi_U/bus_read/rreq_burst_conv/rs_req/load_p1                                                                          |                                                                                                                                                                                                     |               24 |             67 |         2.79 |
|  ap_clk      | bd_0_i/hls_inst/inst/gmem_m_axi_U/load_unit_0/bus_wide_gen.rreq_offset/full_n_reg_1[0]                                                             |                                                                                                                                                                                                     |               20 |             67 |         3.35 |
|  ap_clk      | bd_0_i/hls_inst/inst/gmem_m_axi_U/load_unit_0/fifo_rreq/E[0]                                                                                       | bd_0_i/hls_inst/inst/gmem_m_axi_U/bus_write/wreq_burst_conv/rs_req/SR[0]                                                                                                                            |               18 |             67 |         3.72 |
|  ap_clk      | bd_0_i/hls_inst/inst/gmem_m_axi_U/bus_read/rreq_burst_conv/ost_ctrl_valid                                                                          | bd_0_i/hls_inst/inst/gmem_m_axi_U/bus_write/wreq_burst_conv/rs_req/SR[0]                                                                                                                            |               18 |             71 |         3.94 |
|  ap_clk      | bd_0_i/hls_inst/inst/gmem_m_axi_U/bus_write/wreq_burst_conv/ost_ctrl_valid                                                                         | bd_0_i/hls_inst/inst/gmem_m_axi_U/bus_write/wreq_burst_conv/rs_req/SR[0]                                                                                                                            |               19 |             71 |         3.74 |
|  ap_clk      |                                                                                                                                                    |                                                                                                                                                                                                     |               33 |             77 |         2.33 |
|  ap_clk      | bd_0_i/hls_inst/inst/gmem_m_axi_U/bus_read/rreq_burst_conv/rs_req/p_15_in                                                                          | bd_0_i/hls_inst/inst/gmem_m_axi_U/bus_write/wreq_burst_conv/rs_req/SR[0]                                                                                                                            |               15 |             77 |         5.13 |
|  ap_clk      | bd_0_i/hls_inst/inst/gmem_m_axi_U/bus_write/wreq_burst_conv/rs_req/p_15_in                                                                         | bd_0_i/hls_inst/inst/gmem_m_axi_U/bus_write/wreq_burst_conv/rs_req/SR[0]                                                                                                                            |               18 |             77 |         4.28 |
|  ap_clk      | bd_0_i/hls_inst/inst/grp_sobel_Pipeline_VITIS_LOOP_77_1_VITIS_LOOP_80_2_fu_94/push_0                                                               |                                                                                                                                                                                                     |               12 |             95 |         7.92 |
|  ap_clk      | bd_0_i/hls_inst/inst/gmem_m_axi_U/store_unit/fifo_wreq/U_fifo_srl/E[0]                                                                             | bd_0_i/hls_inst/inst/gmem_m_axi_U/bus_write/wreq_burst_conv/rs_req/SR[0]                                                                                                                            |               12 |             95 |         7.92 |
|  ap_clk      | bd_0_i/hls_inst/inst/gmem_m_axi_U/store_unit/bus_wide_gen.wreq_offset/tmp_valid_reg[0]                                                             |                                                                                                                                                                                                     |               30 |             96 |         3.20 |
|  ap_clk      | bd_0_i/hls_inst/inst/gmem_m_axi_U/store_unit/bus_wide_gen.wreq_offset/E[0]                                                                         | bd_0_i/hls_inst/inst/gmem_m_axi_U/bus_write/wreq_burst_conv/rs_req/SR[0]                                                                                                                            |               24 |             96 |         4.00 |
|  ap_clk      | bd_0_i/hls_inst/inst/grp_sobel_Pipeline_VITIS_LOOP_77_1_VITIS_LOOP_80_2_fu_94/flow_control_loop_pipe_sequential_init_U/ap_enable_reg_pp0_iter2_reg |                                                                                                                                                                                                     |               26 |             96 |         3.69 |
|  ap_clk      | bd_0_i/hls_inst/inst/gmem_m_axi_U/bus_write/wreq_burst_conv/rs_req/load_p1                                                                         |                                                                                                                                                                                                     |               32 |             96 |         3.00 |
|  ap_clk      | bd_0_i/hls_inst/inst/gmem_m_axi_U/bus_read/rreq_burst_conv/rs_req/next_req                                                                         | bd_0_i/hls_inst/inst/gmem_m_axi_U/bus_write/wreq_burst_conv/rs_req/SR[0]                                                                                                                            |               31 |            112 |         3.61 |
|  ap_clk      | bd_0_i/hls_inst/inst/gmem_m_axi_U/bus_write/wreq_burst_conv/rs_req/next_req                                                                        | bd_0_i/hls_inst/inst/gmem_m_axi_U/bus_write/wreq_burst_conv/rs_req/SR[0]                                                                                                                            |               35 |            112 |         3.20 |
|  ap_clk      |                                                                                                                                                    | bd_0_i/hls_inst/inst/gmem_m_axi_U/bus_write/wreq_burst_conv/rs_req/SR[0]                                                                                                                            |               56 |            118 |         2.11 |
|  ap_clk      | bd_0_i/hls_inst/inst/grp_sobel_Pipeline_VITIS_LOOP_77_1_VITIS_LOOP_80_2_fu_94/col_fu_10405_out                                                     | bd_0_i/hls_inst/inst/grp_sobel_Pipeline_VITIS_LOOP_77_1_VITIS_LOOP_80_2_fu_94/flow_control_loop_pipe_sequential_init_U/grp_sobel_Pipeline_VITIS_LOOP_77_1_VITIS_LOOP_80_2_fu_94_ap_start_reg_reg[0] |               24 |            126 |         5.25 |
|  ap_clk      | bd_0_i/hls_inst/inst/grp_sobel_Pipeline_VITIS_LOOP_77_1_VITIS_LOOP_80_2_fu_94/add_ln86_reg_8830                                                    |                                                                                                                                                                                                     |               32 |            127 |         3.97 |
|  ap_clk      | bd_0_i/hls_inst/inst/grp_sobel_Pipeline_VITIS_LOOP_77_1_VITIS_LOOP_80_2_fu_94/gmem_addr_2_reg_9060                                                 |                                                                                                                                                                                                     |               32 |            128 |         4.00 |
|  ap_clk      | bd_0_i/hls_inst/inst/grp_sobel_Pipeline_VITIS_LOOP_77_1_VITIS_LOOP_80_2_fu_94/mul_31ns_32s_63_2_1_U1/add_ln80_reg_8530                             |                                                                                                                                                                                                     |               35 |            131 |         3.74 |
|  ap_clk      | bd_0_i/hls_inst/inst/grp_sobel_Pipeline_VITIS_LOOP_77_1_VITIS_LOOP_80_2_fu_94/empty_22_reg_9010                                                    |                                                                                                                                                                                                     |               35 |            137 |         3.91 |
|  ap_clk      | bd_0_i/hls_inst/inst/ap_CS_fsm_state1                                                                                                              |                                                                                                                                                                                                     |               43 |            192 |         4.47 |
+--------------+----------------------------------------------------------------------------------------------------------------------------------------------------+-----------------------------------------------------------------------------------------------------------------------------------------------------------------------------------------------------+------------------+----------------+--------------+


