================================================================
== Design Size Report
================================================================

* Total Instructions per Compilation Phase
+---------------+-----------------------------+--------------+----------------------------------------------------------------------------------------+
| Phase         | Step                        | Instructions | Description                                                                            |
+---------------+-----------------------------+--------------+----------------------------------------------------------------------------------------+
| Compile/Link  |                             | 242          | After all functions are compiled and linked into a single design                       |
|               |                             |              |                                                                                        |
| Unroll/Inline |                             |              | After user unroll and inline pragmas are applied                                       |
|               | (1) unroll                  | 178          | user unroll pragmas are applied                                                        |
|               | (2) simplification          | 156          | simplification of applied user unroll pragmas                                          |
|               | (3) inline                  | 142          | user inline pragmas are applied                                                        |
|               | (4) simplification          | 133          | simplification of applied user inline pragmas                                          |
|               |                             |              |                                                                                        |
| Array/Struct  |                             |              | After user array partition and struct aggregate/disaggregate pragmas are applied       |
|               | (1) array partition         | 133          | user array partition pragmas are applied                                               |
|               | (2) simplification          | 133          | simplification of applied user array partition & struct aggregate/disaggregate pragmas |
|               | (3) aggregate/disaggregate  | 133          | user struct aggregate/disaggregate pragmas are applied                                 |
|               | (4) array reshape           | 133          | apply array reshape pragmas                                                            |
|               | (5) access patterns         | 135          | array access pattern optmizations                                                      |
|               |                             |              |                                                                                        |
| Performance   |                             |              | After transformations are applied to meet performance pragma targets                   |
|               | (1) loop simplification     | 135          | loop and instruction simplification                                                    |
|               | (2) parallelization         | 231          | loops are unrolled or pipelined to meet performance targets                            |
|               | (3) array partition         | 612          | arrays are partitioned to meet performance targets                                     |
|               | (4) simplification          | 388          | simplification of design after performance transformations                             |
|               |                             |              |                                                                                        |
| HW Transforms |                             |              | After hardware transfomations                                                          |
|               | (1) lowering                | 392          | initial conversion to HW specific instructions                                         |
|               | (2) optimizations           | 405          | high level synthesis optimizations                                                     |
+---------------+-----------------------------+--------------+----------------------------------------------------------------------------------------+

* Instructions per Function for each Compilation Phase
+---------------+----------+---------------+---------------+--------------+-------------+---------------+
| Function      | Location | Compile/Link  | Unroll/Inline | Array/Struct | Performance | HW Transforms |
+---------------+----------+---------------+---------------+--------------+-------------+---------------+
| + dct         | dct.c:78 | 242           | 133           | 135          | 388         | 405           |
|    read_data  | dct.c:54 |  27           |               |              |             |               |
|  + dct_2d     | dct.c:23 | 170           |               |              |             |               |
|     dct_1d    | dct.c:4  |  72 (2 calls) |               |              |             |               |
|    write_data | dct.c:66 |  27           |               |              |             |               |
+---------------+----------+---------------+---------------+--------------+-------------+---------------+

* Design Size Message Settings
+---------------------------------------------+--------+------------------------------------------------------------------+
| Message Setting                             | Value  | Description                                                      |
+---------------------------------------------+--------+------------------------------------------------------------------+
| config_compile -design_size_maximum_warning | 100000 | Show a warning when total design instructions exceeds this value |
+---------------------------------------------+--------+------------------------------------------------------------------+


