

================================================================
== Vitis HLS Report for 'dct'
================================================================
* Date:           Wed Oct 30 16:20:40 2024

* Version:        2024.1 (Build 5069499 on May 21 2024)
* Project:        dct
* Solution:       hls (Vivado IP Flow Target)
* Product family: zynq
* Target device:  xc7z020-clg484-1


================================================================
== Performance Estimates
================================================================
+ Timing: 
    * Summary: 
    +--------+----------+----------+------------+
    |  Clock |  Target  | Estimated| Uncertainty|
    +--------+----------+----------+------------+
    |ap_clk  |  10.00 ns|  6.508 ns|     2.70 ns|
    +--------+----------+----------+------------+

+ Latency: 
    * Summary: 
    +---------+---------+----------+----------+-----+-----+---------+
    |  Latency (cycles) |  Latency (absolute) |  Interval | Pipeline|
    |   min   |   max   |    min   |    max   | min | max |   Type  |
    +---------+---------+----------+----------+-----+-----+---------+
    |      429|      429|  4.290 us|  4.290 us|  430|  430|       no|
    +---------+---------+----------+----------+-----+-----+---------+

    + Detail: 
        * Instance: 
        +-------------------------------------------------------------------+--------------------------------------------------------+---------+---------+----------+----------+-----+-----+-----------------------------------------------+
        |                                                                   |                                                        |  Latency (cycles) |  Latency (absolute) |  Interval |                    Pipeline                   |
        |                              Instance                             |                         Module                         |   min   |   max   |    min   |    max   | min | max |                      Type                     |
        +-------------------------------------------------------------------+--------------------------------------------------------+---------+---------+----------+----------+-----+-----+-----------------------------------------------+
        |grp_dct_Pipeline_RD_Loop_Row_RD_Loop_Col_fu_126                    |dct_Pipeline_RD_Loop_Row_RD_Loop_Col                    |       68|       68|  0.680 us|  0.680 us|   65|   65|  loop auto-rewind stp(delay=0 clock cycles(s))|
        |grp_dct_Pipeline_Row_DCT_Loop_DCT_Outer_Loop_fu_148                |dct_Pipeline_Row_DCT_Loop_DCT_Outer_Loop                |       73|       73|  0.730 us|  0.730 us|   65|   65|  loop auto-rewind stp(delay=0 clock cycles(s))|
        |grp_dct_Pipeline_Xpose_Row_Outer_Loop_Xpose_Row_Inner_Loop_fu_177  |dct_Pipeline_Xpose_Row_Outer_Loop_Xpose_Row_Inner_Loop  |       68|       68|  0.680 us|  0.680 us|   65|   65|  loop auto-rewind stp(delay=0 clock cycles(s))|
        |grp_dct_Pipeline_Col_DCT_Loop_DCT_Outer_Loop_fu_190                |dct_Pipeline_Col_DCT_Loop_DCT_Outer_Loop                |       73|       73|  0.730 us|  0.730 us|   65|   65|  loop auto-rewind stp(delay=0 clock cycles(s))|
        |grp_dct_Pipeline_Xpose_Col_Outer_Loop_Xpose_Col_Inner_Loop_fu_219  |dct_Pipeline_Xpose_Col_Outer_Loop_Xpose_Col_Inner_Loop  |       68|       68|  0.680 us|  0.680 us|   65|   65|  loop auto-rewind stp(delay=0 clock cycles(s))|
        |grp_dct_Pipeline_WR_Loop_Row_WR_Loop_Col_fu_225                    |dct_Pipeline_WR_Loop_Row_WR_Loop_Col                    |       68|       68|  0.680 us|  0.680 us|   65|   65|  loop auto-rewind stp(delay=0 clock cycles(s))|
        +-------------------------------------------------------------------+--------------------------------------------------------+---------+---------+----------+----------+-----+-----+-----------------------------------------------+

        * Loop: 
        N/A



================================================================
== Utilization Estimates
================================================================
* Summary: 
+-----------------+---------+-----+--------+-------+-----+
|       Name      | BRAM_18K| DSP |   FF   |  LUT  | URAM|
+-----------------+---------+-----+--------+-------+-----+
|DSP              |        -|    -|       -|      -|    -|
|Expression       |        -|    -|       -|      -|    -|
|FIFO             |        -|    -|       -|      -|    -|
|Instance         |        -|   16|     946|   1178|    -|
|Memory           |        3|    -|     375|     48|    0|
|Multiplexer      |        -|    -|       0|    992|    -|
|Register         |        -|    -|      18|      -|    -|
+-----------------+---------+-----+--------+-------+-----+
|Total            |        3|   16|    1339|   2218|    0|
+-----------------+---------+-----+--------+-------+-----+
|Available        |      280|  220|  106400|  53200|    0|
+-----------------+---------+-----+--------+-------+-----+
|Utilization (%)  |        1|    7|       1|      4|    0|
+-----------------+---------+-----+--------+-------+-----+

+ Detail: 
    * Instance: 
    +-------------------------------------------------------------------+--------------------------------------------------------+---------+----+-----+-----+-----+
    |                              Instance                             |                         Module                         | BRAM_18K| DSP|  FF | LUT | URAM|
    +-------------------------------------------------------------------+--------------------------------------------------------+---------+----+-----+-----+-----+
    |grp_dct_Pipeline_Col_DCT_Loop_DCT_Outer_Loop_fu_190                |dct_Pipeline_Col_DCT_Loop_DCT_Outer_Loop                |        0|   8|  397|  290|    0|
    |grp_dct_Pipeline_RD_Loop_Row_RD_Loop_Col_fu_126                    |dct_Pipeline_RD_Loop_Row_RD_Loop_Col                    |        0|   0|   42|  146|    0|
    |grp_dct_Pipeline_Row_DCT_Loop_DCT_Outer_Loop_fu_148                |dct_Pipeline_Row_DCT_Loop_DCT_Outer_Loop                |        0|   8|  397|  290|    0|
    |grp_dct_Pipeline_WR_Loop_Row_WR_Loop_Col_fu_225                    |dct_Pipeline_WR_Loop_Row_WR_Loop_Col                    |        0|   0|   34|  146|    0|
    |grp_dct_Pipeline_Xpose_Col_Outer_Loop_Xpose_Col_Inner_Loop_fu_219  |dct_Pipeline_Xpose_Col_Outer_Loop_Xpose_Col_Inner_Loop  |        0|   0|   40|  160|    0|
    |grp_dct_Pipeline_Xpose_Row_Outer_Loop_Xpose_Row_Inner_Loop_fu_177  |dct_Pipeline_Xpose_Row_Outer_Loop_Xpose_Row_Inner_Loop  |        0|   0|   36|  146|    0|
    +-------------------------------------------------------------------+--------------------------------------------------------+---------+----+-----+-----+-----+
    |Total                                                              |                                                        |        0|  16|  946| 1178|    0|
    +-------------------------------------------------------------------+--------------------------------------------------------+---------+----+-----+-----+-----+

    * DSP: 
    N/A

    * Memory: 
    +----------------------------+--------------------------------------+---------+----+----+-----+------+-----+------+-------------+
    |           Memory           |                Module                | BRAM_18K| FF | LUT| URAM| Words| Bits| Banks| W*Bits*Banks|
    +----------------------------+--------------------------------------+---------+----+----+-----+------+-----+------+-------------+
    |col_inbuf_U                 |col_inbuf_RAM_AUTO_1R1W               |        0|  16|   2|    0|     8|   16|     1|          128|
    |col_inbuf_1_U               |col_inbuf_RAM_AUTO_1R1W               |        0|  16|   2|    0|     8|   16|     1|          128|
    |col_inbuf_2_U               |col_inbuf_RAM_AUTO_1R1W               |        0|  16|   2|    0|     8|   16|     1|          128|
    |col_inbuf_3_U               |col_inbuf_RAM_AUTO_1R1W               |        0|  16|   2|    0|     8|   16|     1|          128|
    |col_inbuf_4_U               |col_inbuf_RAM_AUTO_1R1W               |        0|  16|   2|    0|     8|   16|     1|          128|
    |col_inbuf_5_U               |col_inbuf_RAM_AUTO_1R1W               |        0|  16|   2|    0|     8|   16|     1|          128|
    |col_inbuf_6_U               |col_inbuf_RAM_AUTO_1R1W               |        0|  16|   2|    0|     8|   16|     1|          128|
    |col_inbuf_7_U               |col_inbuf_RAM_AUTO_1R1W               |        0|  16|   2|    0|     8|   16|     1|          128|
    |buf_2d_in_U                 |col_inbuf_RAM_AUTO_1R1W               |        0|  16|   2|    0|     8|   16|     1|          128|
    |buf_2d_in_8_U               |col_inbuf_RAM_AUTO_1R1W               |        0|  16|   2|    0|     8|   16|     1|          128|
    |buf_2d_in_9_U               |col_inbuf_RAM_AUTO_1R1W               |        0|  16|   2|    0|     8|   16|     1|          128|
    |buf_2d_in_10_U              |col_inbuf_RAM_AUTO_1R1W               |        0|  16|   2|    0|     8|   16|     1|          128|
    |buf_2d_in_11_U              |col_inbuf_RAM_AUTO_1R1W               |        0|  16|   2|    0|     8|   16|     1|          128|
    |buf_2d_in_12_U              |col_inbuf_RAM_AUTO_1R1W               |        0|  16|   2|    0|     8|   16|     1|          128|
    |buf_2d_in_13_U              |col_inbuf_RAM_AUTO_1R1W               |        0|  16|   2|    0|     8|   16|     1|          128|
    |buf_2d_in_14_U              |col_inbuf_RAM_AUTO_1R1W               |        0|  16|   2|    0|     8|   16|     1|          128|
    |dct_1d_dct_coeff_table_0_U  |dct_1d_dct_coeff_table_0_ROM_AUTO_1R  |        0|  14|   2|    0|     8|   14|     1|          112|
    |dct_1d_dct_coeff_table_1_U  |dct_1d_dct_coeff_table_1_ROM_AUTO_1R  |        0|  15|   2|    0|     8|   15|     1|          120|
    |dct_1d_dct_coeff_table_2_U  |dct_1d_dct_coeff_table_2_ROM_AUTO_1R  |        0|  15|   2|    0|     8|   15|     1|          120|
    |dct_1d_dct_coeff_table_3_U  |dct_1d_dct_coeff_table_3_ROM_AUTO_1R  |        0|  15|   2|    0|     8|   15|     1|          120|
    |dct_1d_dct_coeff_table_4_U  |dct_1d_dct_coeff_table_4_ROM_AUTO_1R  |        0|  15|   2|    0|     8|   15|     1|          120|
    |dct_1d_dct_coeff_table_5_U  |dct_1d_dct_coeff_table_5_ROM_AUTO_1R  |        0|  15|   2|    0|     8|   15|     1|          120|
    |dct_1d_dct_coeff_table_6_U  |dct_1d_dct_coeff_table_6_ROM_AUTO_1R  |        0|  15|   2|    0|     8|   15|     1|          120|
    |dct_1d_dct_coeff_table_7_U  |dct_1d_dct_coeff_table_7_ROM_AUTO_1R  |        0|  15|   2|    0|     8|   15|     1|          120|
    |row_outbuf_U                |row_outbuf_RAM_AUTO_1R1W              |        1|   0|   0|    0|    64|   16|     1|         1024|
    |col_outbuf_U                |row_outbuf_RAM_AUTO_1R1W              |        1|   0|   0|    0|    64|   16|     1|         1024|
    |buf_2d_out_U                |row_outbuf_RAM_AUTO_1R1W              |        1|   0|   0|    0|    64|   16|     1|         1024|
    +----------------------------+--------------------------------------+---------+----+----+-----+------+-----+------+-------------+
    |Total                       |                                      |        3| 375|  48|    0|   384|  423|    27|         6072|
    +----------------------------+--------------------------------------+---------+----+----+-----+------+-----+------+-------------+

    * FIFO: 
    N/A

    * Expression: 
    N/A

    * Multiplexer: 
    +-----------------------------------+----+-----------+-----+-----------+
    |                Name               | LUT| Input Size| Bits| Total Bits|
    +-----------------------------------+----+-----------+-----+-----------+
    |ap_NS_fsm                          |  65|         13|    1|         13|
    |buf_2d_in_10_address0              |  14|          3|    3|          9|
    |buf_2d_in_10_ce0                   |  14|          3|    1|          3|
    |buf_2d_in_10_we0                   |   9|          2|    1|          2|
    |buf_2d_in_11_address0              |  14|          3|    3|          9|
    |buf_2d_in_11_ce0                   |  14|          3|    1|          3|
    |buf_2d_in_11_we0                   |   9|          2|    1|          2|
    |buf_2d_in_12_address0              |  14|          3|    3|          9|
    |buf_2d_in_12_ce0                   |  14|          3|    1|          3|
    |buf_2d_in_12_we0                   |   9|          2|    1|          2|
    |buf_2d_in_13_address0              |  14|          3|    3|          9|
    |buf_2d_in_13_ce0                   |  14|          3|    1|          3|
    |buf_2d_in_13_we0                   |   9|          2|    1|          2|
    |buf_2d_in_14_address0              |  14|          3|    3|          9|
    |buf_2d_in_14_ce0                   |  14|          3|    1|          3|
    |buf_2d_in_14_we0                   |   9|          2|    1|          2|
    |buf_2d_in_8_address0               |  14|          3|    3|          9|
    |buf_2d_in_8_ce0                    |  14|          3|    1|          3|
    |buf_2d_in_8_we0                    |   9|          2|    1|          2|
    |buf_2d_in_9_address0               |  14|          3|    3|          9|
    |buf_2d_in_9_ce0                    |  14|          3|    1|          3|
    |buf_2d_in_9_we0                    |   9|          2|    1|          2|
    |buf_2d_in_address0                 |  14|          3|    3|          9|
    |buf_2d_in_ce0                      |  14|          3|    1|          3|
    |buf_2d_in_we0                      |   9|          2|    1|          2|
    |buf_2d_out_address0                |  14|          3|    6|         18|
    |buf_2d_out_ce0                     |  14|          3|    1|          3|
    |buf_2d_out_we0                     |   9|          2|    1|          2|
    |col_inbuf_1_address0               |  14|          3|    3|          9|
    |col_inbuf_1_ce0                    |  14|          3|    1|          3|
    |col_inbuf_1_we0                    |   9|          2|    1|          2|
    |col_inbuf_2_address0               |  14|          3|    3|          9|
    |col_inbuf_2_ce0                    |  14|          3|    1|          3|
    |col_inbuf_2_we0                    |   9|          2|    1|          2|
    |col_inbuf_3_address0               |  14|          3|    3|          9|
    |col_inbuf_3_ce0                    |  14|          3|    1|          3|
    |col_inbuf_3_we0                    |   9|          2|    1|          2|
    |col_inbuf_4_address0               |  14|          3|    3|          9|
    |col_inbuf_4_ce0                    |  14|          3|    1|          3|
    |col_inbuf_4_we0                    |   9|          2|    1|          2|
    |col_inbuf_5_address0               |  14|          3|    3|          9|
    |col_inbuf_5_ce0                    |  14|          3|    1|          3|
    |col_inbuf_5_we0                    |   9|          2|    1|          2|
    |col_inbuf_6_address0               |  14|          3|    3|          9|
    |col_inbuf_6_ce0                    |  14|          3|    1|          3|
    |col_inbuf_6_we0                    |   9|          2|    1|          2|
    |col_inbuf_7_address0               |  14|          3|    3|          9|
    |col_inbuf_7_ce0                    |  14|          3|    1|          3|
    |col_inbuf_7_we0                    |   9|          2|    1|          2|
    |col_inbuf_address0                 |  14|          3|    3|          9|
    |col_inbuf_ce0                      |  14|          3|    1|          3|
    |col_inbuf_we0                      |   9|          2|    1|          2|
    |col_outbuf_address0                |  14|          3|    6|         18|
    |col_outbuf_ce0                     |  14|          3|    1|          3|
    |col_outbuf_we0                     |   9|          2|    1|          2|
    |dct_1d_dct_coeff_table_0_address0  |  14|          3|    3|          9|
    |dct_1d_dct_coeff_table_0_ce0       |  14|          3|    1|          3|
    |dct_1d_dct_coeff_table_1_address0  |  14|          3|    3|          9|
    |dct_1d_dct_coeff_table_1_ce0       |  14|          3|    1|          3|
    |dct_1d_dct_coeff_table_2_address0  |  14|          3|    3|          9|
    |dct_1d_dct_coeff_table_2_ce0       |  14|          3|    1|          3|
    |dct_1d_dct_coeff_table_3_address0  |  14|          3|    3|          9|
    |dct_1d_dct_coeff_table_3_ce0       |  14|          3|    1|          3|
    |dct_1d_dct_coeff_table_4_address0  |  14|          3|    3|          9|
    |dct_1d_dct_coeff_table_4_ce0       |  14|          3|    1|          3|
    |dct_1d_dct_coeff_table_5_address0  |  14|          3|    3|          9|
    |dct_1d_dct_coeff_table_5_ce0       |  14|          3|    1|          3|
    |dct_1d_dct_coeff_table_6_address0  |  14|          3|    3|          9|
    |dct_1d_dct_coeff_table_6_ce0       |  14|          3|    1|          3|
    |dct_1d_dct_coeff_table_7_address0  |  14|          3|    3|          9|
    |dct_1d_dct_coeff_table_7_ce0       |  14|          3|    1|          3|
    |row_outbuf_address0                |  14|          3|    6|         18|
    |row_outbuf_ce0                     |  14|          3|    1|          3|
    |row_outbuf_we0                     |   9|          2|    1|          2|
    +-----------------------------------+----+-----------+-----+-----------+
    |Total                              | 992|        213|  137|        402|
    +-----------------------------------+----+-----------+-----+-----------+

    * Register: 
    +--------------------------------------------------------------------------------+----+----+-----+-----------+
    |                                      Name                                      | FF | LUT| Bits| Const Bits|
    +--------------------------------------------------------------------------------+----+----+-----+-----------+
    |ap_CS_fsm                                                                       |  12|   0|   12|          0|
    |grp_dct_Pipeline_Col_DCT_Loop_DCT_Outer_Loop_fu_190_ap_start_reg                |   1|   0|    1|          0|
    |grp_dct_Pipeline_RD_Loop_Row_RD_Loop_Col_fu_126_ap_start_reg                    |   1|   0|    1|          0|
    |grp_dct_Pipeline_Row_DCT_Loop_DCT_Outer_Loop_fu_148_ap_start_reg                |   1|   0|    1|          0|
    |grp_dct_Pipeline_WR_Loop_Row_WR_Loop_Col_fu_225_ap_start_reg                    |   1|   0|    1|          0|
    |grp_dct_Pipeline_Xpose_Col_Outer_Loop_Xpose_Col_Inner_Loop_fu_219_ap_start_reg  |   1|   0|    1|          0|
    |grp_dct_Pipeline_Xpose_Row_Outer_Loop_Xpose_Row_Inner_Loop_fu_177_ap_start_reg  |   1|   0|    1|          0|
    +--------------------------------------------------------------------------------+----+----+-----+-----------+
    |Total                                                                           |  18|   0|   18|          0|
    +--------------------------------------------------------------------------------+----+----+-----+-----------+



================================================================
== Interface
================================================================
* Summary: 
+-------------------+-----+-----+------------+--------------+--------------+
|     RTL Ports     | Dir | Bits|  Protocol  | Source Object|    C Type    |
+-------------------+-----+-----+------------+--------------+--------------+
|ap_clk             |   in|    1|  ap_ctrl_hs|           dct|  return value|
|ap_rst             |   in|    1|  ap_ctrl_hs|           dct|  return value|
|ap_start           |   in|    1|  ap_ctrl_hs|           dct|  return value|
|ap_done            |  out|    1|  ap_ctrl_hs|           dct|  return value|
|ap_idle            |  out|    1|  ap_ctrl_hs|           dct|  return value|
|ap_ready           |  out|    1|  ap_ctrl_hs|           dct|  return value|
|input_r_address0   |  out|    6|   ap_memory|       input_r|         array|
|input_r_ce0        |  out|    1|   ap_memory|       input_r|         array|
|input_r_q0         |   in|   16|   ap_memory|       input_r|         array|
|output_r_address0  |  out|    6|   ap_memory|      output_r|         array|
|output_r_ce0       |  out|    1|   ap_memory|      output_r|         array|
|output_r_we0       |  out|    1|   ap_memory|      output_r|         array|
|output_r_d0        |  out|   16|   ap_memory|      output_r|         array|
+-------------------+-----+-----+------------+--------------+--------------+

