
*** Running vivado
    with args -log bd_0_wrapper.vdi -applog -m64 -product Vivado -messageDb vivado.pb -mode batch -source bd_0_wrapper.tcl -notrace



****** Vivado v2024.1 (64-bit)
  **** SW Build 5076996 on Wed May 22 18:37:14 MDT 2024
  **** IP Build 5075265 on Wed May 22 21:45:21 MDT 2024
  **** SharedData Build 5076995 on Wed May 22 18:29:18 MDT 2024
  **** Start of session at: Thu Oct 24 17:38:02 2024
    ** Copyright 1986-2022 Xilinx, Inc. All Rights Reserved.
    ** Copyright 2022-2024 Advanced Micro Devices, Inc. All Rights Reserved.

source bd_0_wrapper.tcl -notrace
Command: open_checkpoint E:/robot/project/FPGA/ZedBoard/HLS_lab/source/fir/prj/hoisting/kernel/fir_hoisting/hoisting/impl/verilog/project.runs/impl_1/bd_0_wrapper.dcp
INFO: [Device 21-403] Loading part xc7z020clg484-1
INFO: [Device 21-9227] Part: xc7z020clg484-1 does not have CEAM library.
Netlist sorting complete. Time (s): cpu = 00:00:00 ; elapsed = 00:00:00.067 . Memory (MB): peak = 1081.934 ; gain = 0.000
INFO: [Netlist 29-17] Analyzing 145 Unisim elements for replacement
INFO: [Netlist 29-28] Unisim Transformation completed in 0 CPU seconds
INFO: [Project 1-479] Netlist was created with Vivado 2024.1
INFO: [Project 1-570] Preparing netlist for logic optimization
Read ShapeDB Complete: Time (s): cpu = 00:00:00 ; elapsed = 00:00:00.014 . Memory (MB): peak = 1190.258 ; gain = 0.668
INFO: [Timing 38-478] Restoring timing data from binary archive.
INFO: [Timing 38-479] Binary timing data restore complete.
INFO: [Project 1-856] Restoring constraints from binary archive.
INFO: [Project 1-853] Binary constraint restore complete.
Netlist sorting complete. Time (s): cpu = 00:00:00 ; elapsed = 00:00:00.001 . Memory (MB): peak = 1743.340 ; gain = 0.000
INFO: [Project 1-111] Unisim Transformation Summary:
No Unisim elements were transformed.

INFO: [Project 1-604] Checkpoint was created with Vivado v2024.1 (64-bit) build 5076996
open_checkpoint: Time (s): cpu = 00:00:13 ; elapsed = 00:00:18 . Memory (MB): peak = 1743.340 ; gain = 1297.961
INFO: [IP_Flow 19-234] Refreshing IP repositories
INFO: [IP_Flow 19-1700] Loaded user IP repository 'e:/robot/project/FPGA/ZedBoard/HLS_lab/source/fir/prj/hoisting/kernel/fir_hoisting/hoisting/impl/ip'.
INFO: [IP_Flow 19-2313] Loaded Vivado IP repository 'E:/vivado/Vivado/2024.1/data/ip'.
WARNING: [IP_Flow 19-4995] The host OS only allows 260 characters in a normal path. The IP cache path is more than 80 characters. If you experience issues with IP caching, please consider changing the IP cache to a location with a shorter path. Alternately consider using the OS subst command to map part of the path to a drive letter. 
Current IP cache path is E:/robot/project/FPGA/ZedBoard/HLS_lab/source/fir/prj/hoisting/kernel/fir_hoisting/hoisting/impl/verilog/project.cache/ip 
Command: opt_design
Attempting to get a license for feature 'Implementation' and/or device 'xc7z020'
INFO: [Common 17-349] Got license for feature 'Implementation' and/or device 'xc7z020'
Running DRC as a precondition to command opt_design

Starting DRC Task
INFO: [DRC 23-27] Running DRC with 2 threads
INFO: [Project 1-461] DRC finished with 0 Errors
INFO: [Project 1-462] Please refer to the DRC report (report_drc) for more information.

Time (s): cpu = 00:00:01 ; elapsed = 00:00:01 . Memory (MB): peak = 1784.340 ; gain = 30.617

Starting Cache Timing Information Task
Ending Cache Timing Information Task | Checksum: 16e239d6e

Time (s): cpu = 00:00:00 ; elapsed = 00:00:00.077 . Memory (MB): peak = 1784.340 ; gain = 0.000

Starting Logic Optimization Task

Phase 1 Initialization

Phase 1.1 Core Generation And Design Setup
Phase 1.1 Core Generation And Design Setup | Checksum: 16e239d6e

Time (s): cpu = 00:00:00 ; elapsed = 00:00:00.006 . Memory (MB): peak = 2138.000 ; gain = 0.000

Phase 1.2 Setup Constraints And Sort Netlist
Phase 1.2 Setup Constraints And Sort Netlist | Checksum: 16e239d6e

Time (s): cpu = 00:00:00 ; elapsed = 00:00:00.009 . Memory (MB): peak = 2138.000 ; gain = 0.000
Phase 1 Initialization | Checksum: 16e239d6e

Time (s): cpu = 00:00:00 ; elapsed = 00:00:00.010 . Memory (MB): peak = 2138.000 ; gain = 0.000

Phase 2 Timer Update And Timing Data Collection

Phase 2.1 Timer Update
Phase 2.1 Timer Update | Checksum: 16e239d6e

Time (s): cpu = 00:00:00 ; elapsed = 00:00:00.119 . Memory (MB): peak = 2138.000 ; gain = 0.000

Phase 2.2 Timing Data Collection
Phase 2.2 Timing Data Collection | Checksum: 16e239d6e

Time (s): cpu = 00:00:00 ; elapsed = 00:00:00.143 . Memory (MB): peak = 2138.000 ; gain = 0.000
Phase 2 Timer Update And Timing Data Collection | Checksum: 16e239d6e

Time (s): cpu = 00:00:00 ; elapsed = 00:00:00.143 . Memory (MB): peak = 2138.000 ; gain = 0.000

Phase 3 Retarget
INFO: [Opt 31-1834] Total Chains To Be Transformed Were: 0 AND Number of Transformed insts Created are: 0
INFO: [Opt 31-138] Pushed 1 inverter(s) to 2 load pin(s).
INFO: [Opt 31-49] Retargeted 0 cell(s).
Phase 3 Retarget | Checksum: 14863898c

Time (s): cpu = 00:00:00 ; elapsed = 00:00:00.243 . Memory (MB): peak = 2138.000 ; gain = 0.000
Retarget | Checksum: 14863898c
INFO: [Opt 31-389] Phase Retarget created 0 cells and removed 0 cells

Phase 4 Constant propagation
INFO: [Opt 31-138] Pushed 0 inverter(s) to 0 load pin(s).
Phase 4 Constant propagation | Checksum: 12ee42cc0

Time (s): cpu = 00:00:00 ; elapsed = 00:00:00.281 . Memory (MB): peak = 2138.000 ; gain = 0.000
Constant propagation | Checksum: 12ee42cc0
INFO: [Opt 31-389] Phase Constant propagation created 0 cells and removed 0 cells

Phase 5 Sweep
Phase 5 Sweep | Checksum: 17438107a

Time (s): cpu = 00:00:00 ; elapsed = 00:00:00.339 . Memory (MB): peak = 2138.000 ; gain = 0.000
Sweep | Checksum: 17438107a
INFO: [Opt 31-389] Phase Sweep created 0 cells and removed 0 cells

Phase 6 BUFG optimization
Phase 6 BUFG optimization | Checksum: 17438107a

Time (s): cpu = 00:00:00 ; elapsed = 00:00:00.407 . Memory (MB): peak = 2138.000 ; gain = 0.000
BUFG optimization | Checksum: 17438107a
INFO: [Opt 31-662] Phase BUFG optimization created 0 cells of which 0 are BUFGs and removed 0 cells.

Phase 7 Shift Register Optimization
INFO: [Opt 31-1064] SRL Remap converted 0 SRLs to 0 registers and converted 0 registers of register chains to 0 SRLs
Phase 7 Shift Register Optimization | Checksum: 17438107a

Time (s): cpu = 00:00:00 ; elapsed = 00:00:00.417 . Memory (MB): peak = 2138.000 ; gain = 0.000
Shift Register Optimization | Checksum: 17438107a
INFO: [Opt 31-389] Phase Shift Register Optimization created 0 cells and removed 0 cells

Phase 8 Post Processing Netlist
Phase 8 Post Processing Netlist | Checksum: 17438107a

Time (s): cpu = 00:00:00 ; elapsed = 00:00:00.436 . Memory (MB): peak = 2138.000 ; gain = 0.000
Post Processing Netlist | Checksum: 17438107a
INFO: [Opt 31-389] Phase Post Processing Netlist created 0 cells and removed 0 cells

Phase 9 Finalization

Phase 9.1 Finalizing Design Cores and Updating Shapes
Phase 9.1 Finalizing Design Cores and Updating Shapes | Checksum: 140d48e2e

Time (s): cpu = 00:00:00 ; elapsed = 00:00:00.515 . Memory (MB): peak = 2138.000 ; gain = 0.000

Phase 9.2 Verifying Netlist Connectivity

Starting Connectivity Check Task

Time (s): cpu = 00:00:00 ; elapsed = 00:00:00.007 . Memory (MB): peak = 2138.000 ; gain = 0.000
Phase 9.2 Verifying Netlist Connectivity | Checksum: 140d48e2e

Time (s): cpu = 00:00:00 ; elapsed = 00:00:00.523 . Memory (MB): peak = 2138.000 ; gain = 0.000
Phase 9 Finalization | Checksum: 140d48e2e

Time (s): cpu = 00:00:00 ; elapsed = 00:00:00.524 . Memory (MB): peak = 2138.000 ; gain = 0.000
Opt_design Change Summary
=========================


-------------------------------------------------------------------------------------------------------------------------
|  Phase                        |  #Cells created  |  #Cells Removed  |  #Constrained objects preventing optimizations  |
-------------------------------------------------------------------------------------------------------------------------
|  Retarget                     |               0  |               0  |                                              0  |
|  Constant propagation         |               0  |               0  |                                              0  |
|  Sweep                        |               0  |               0  |                                              0  |
|  BUFG optimization            |               0  |               0  |                                              0  |
|  Shift Register Optimization  |               0  |               0  |                                              0  |
|  Post Processing Netlist      |               0  |               0  |                                              0  |
-------------------------------------------------------------------------------------------------------------------------


Ending Logic Optimization Task | Checksum: 140d48e2e

Time (s): cpu = 00:00:00 ; elapsed = 00:00:00.526 . Memory (MB): peak = 2138.000 ; gain = 0.000

Starting Power Optimization Task
INFO: [Pwropt 34-132] Skipping clock gating for clocks with a period < 2.00 ns.
INFO: [Pwropt 34-9] Applying IDT optimizations ...
INFO: [Pwropt 34-10] Applying ODC optimizations ...
INFO: [Timing 38-35] Done setting XDC timing constraints.
Running Vector-less Activity Propagation...

Finished Running Vector-less Activity Propagation


Starting PowerOpt Patch Enables Task
INFO: [Pwropt 34-162] WRITE_MODE attribute of 0 BRAM(s) out of a total of 4 has been updated to save power. Run report_power_opt to get a complete listing of the BRAMs updated.
INFO: [Pwropt 34-201] Structural ODC has moved 0 WE to EN ports
Number of BRAM Ports augmented: 2 newly gated: 2 Total Ports: 8
Ending PowerOpt Patch Enables Task | Checksum: 1d1f67769

Time (s): cpu = 00:00:00 ; elapsed = 00:00:00.025 . Memory (MB): peak = 2248.379 ; gain = 0.000
Ending Power Optimization Task | Checksum: 1d1f67769

Time (s): cpu = 00:00:01 ; elapsed = 00:00:01 . Memory (MB): peak = 2248.379 ; gain = 110.379

Starting Final Cleanup Task
Ending Final Cleanup Task | Checksum: 1d1f67769

Time (s): cpu = 00:00:00 ; elapsed = 00:00:00.001 . Memory (MB): peak = 2248.379 ; gain = 0.000

Starting Netlist Obfuscation Task
Netlist sorting complete. Time (s): cpu = 00:00:00 ; elapsed = 00:00:00.002 . Memory (MB): peak = 2248.379 ; gain = 0.000
Ending Netlist Obfuscation Task | Checksum: 1a88509b0

Time (s): cpu = 00:00:00 ; elapsed = 00:00:00.003 . Memory (MB): peak = 2248.379 ; gain = 0.000
INFO: [Common 17-83] Releasing license: Implementation
37 Infos, 1 Warnings, 0 Critical Warnings and 0 Errors encountered.
opt_design completed successfully
opt_design: Time (s): cpu = 00:00:04 ; elapsed = 00:00:06 . Memory (MB): peak = 2248.379 ; gain = 496.676
INFO: [Vivado 12-24828] Executing command : report_drc -file bd_0_wrapper_drc_opted.rpt -pb bd_0_wrapper_drc_opted.pb -rpx bd_0_wrapper_drc_opted.rpx
Command: report_drc -file bd_0_wrapper_drc_opted.rpt -pb bd_0_wrapper_drc_opted.pb -rpx bd_0_wrapper_drc_opted.rpx
INFO: [IP_Flow 19-1839] IP Catalog is up to date.
INFO: [DRC 23-27] Running DRC with 2 threads
INFO: [Vivado_Tcl 2-168] The results of DRC are in file E:/robot/project/FPGA/ZedBoard/HLS_lab/source/fir/prj/hoisting/kernel/fir_hoisting/hoisting/impl/verilog/project.runs/impl_1/bd_0_wrapper_drc_opted.rpt.
report_drc completed successfully
INFO: [Timing 38-35] Done setting XDC timing constraints.
INFO: [Timing 38-480] Writing timing data to binary archive.
Write ShapeDB Complete: Time (s): cpu = 00:00:00 ; elapsed = 00:00:00.010 . Memory (MB): peak = 2248.379 ; gain = 0.000
INFO: [Common 17-1381] The checkpoint 'E:/robot/project/FPGA/ZedBoard/HLS_lab/source/fir/prj/hoisting/kernel/fir_hoisting/hoisting/impl/verilog/project.runs/impl_1/bd_0_wrapper_opt.dcp' has been generated.
Command: place_design
Attempting to get a license for feature 'Implementation' and/or device 'xc7z020'
INFO: [Common 17-349] Got license for feature 'Implementation' and/or device 'xc7z020'
INFO: [Common 17-83] Releasing license: Implementation
INFO: [DRC 23-27] Running DRC with 2 threads
INFO: [Vivado_Tcl 4-198] DRC finished with 0 Errors
INFO: [Vivado_Tcl 4-199] Please refer to the DRC report (report_drc) for more information.
Running DRC as a precondition to command place_design
INFO: [DRC 23-27] Running DRC with 2 threads
INFO: [Vivado_Tcl 4-198] DRC finished with 0 Errors
INFO: [Vivado_Tcl 4-199] Please refer to the DRC report (report_drc) for more information.
INFO: [Place 30-611] Multithreading enabled for place_design using a maximum of 2 CPUs

Starting Placer Task

Phase 1 Placer Initialization

Phase 1.1 Placer Initialization Netlist Sorting
Netlist sorting complete. Time (s): cpu = 00:00:00 ; elapsed = 00:00:00.002 . Memory (MB): peak = 2248.379 ; gain = 0.000
Phase 1.1 Placer Initialization Netlist Sorting | Checksum: 110834261

Time (s): cpu = 00:00:00 ; elapsed = 00:00:00.008 . Memory (MB): peak = 2248.379 ; gain = 0.000
Netlist sorting complete. Time (s): cpu = 00:00:00 ; elapsed = 00:00:00.001 . Memory (MB): peak = 2248.379 ; gain = 0.000

Phase 1.2 IO Placement/ Clock Placement/ Build Placer Device
Phase 1.2 IO Placement/ Clock Placement/ Build Placer Device | Checksum: e85c70b1

Time (s): cpu = 00:00:00 ; elapsed = 00:00:00.299 . Memory (MB): peak = 2248.379 ; gain = 0.000

Phase 1.3 Build Placer Netlist Model
Phase 1.3 Build Placer Netlist Model | Checksum: 1d16149e6

Time (s): cpu = 00:00:01 ; elapsed = 00:00:01 . Memory (MB): peak = 2248.379 ; gain = 0.000

Phase 1.4 Constrain Clocks/Macros
Phase 1.4 Constrain Clocks/Macros | Checksum: 1d16149e6

Time (s): cpu = 00:00:01 ; elapsed = 00:00:01 . Memory (MB): peak = 2248.379 ; gain = 0.000
Phase 1 Placer Initialization | Checksum: 1d16149e6

Time (s): cpu = 00:00:01 ; elapsed = 00:00:01 . Memory (MB): peak = 2248.379 ; gain = 0.000

Phase 2 Global Placement

Phase 2.1 Floorplanning
Phase 2.1 Floorplanning | Checksum: 16b30b19d

Time (s): cpu = 00:00:01 ; elapsed = 00:00:01 . Memory (MB): peak = 2248.379 ; gain = 0.000

Phase 2.2 Update Timing before SLR Path Opt
Phase 2.2 Update Timing before SLR Path Opt | Checksum: 1b9cce34f

Time (s): cpu = 00:00:01 ; elapsed = 00:00:02 . Memory (MB): peak = 2248.379 ; gain = 0.000

Phase 2.3 Post-Processing in Floorplanning
Phase 2.3 Post-Processing in Floorplanning | Checksum: 1b9cce34f

Time (s): cpu = 00:00:01 ; elapsed = 00:00:02 . Memory (MB): peak = 2248.379 ; gain = 0.000

Phase 2.4 Global Placement Core

Phase 2.4.1 UpdateTiming Before Physical Synthesis
Phase 2.4.1 UpdateTiming Before Physical Synthesis | Checksum: 19ec02d09

Time (s): cpu = 00:00:03 ; elapsed = 00:00:05 . Memory (MB): peak = 2248.379 ; gain = 0.000

Phase 2.4.2 Physical Synthesis In Placer
INFO: [Physopt 32-1035] Found 0 LUTNM shape to break, 127 LUT instances to create LUTNM shape
INFO: [Physopt 32-1044] Break lutnm for timing: one critical 0, two critical 0, total 0, new lutff created 0
INFO: [Physopt 32-1138] End 1 Pass. Optimized 58 nets or LUTs. Breaked 0 LUT, combined 58 existing LUTs and moved 0 existing LUT
INFO: [Physopt 32-65] No nets found for high-fanout optimization.
INFO: [Physopt 32-232] Optimized 0 net. Created 0 new instance.
INFO: [Physopt 32-775] End 1 Pass. Optimized 0 net or cell. Created 0 new cell, deleted 0 existing cell and moved 0 existing cell
INFO: [Physopt 32-456] No candidate cells for DSP register optimization found in the design.
INFO: [Physopt 32-775] End 2 Pass. Optimized 0 net or cell. Created 0 new cell, deleted 0 existing cell and moved 0 existing cell
INFO: [Physopt 32-1123] No candidate cells found for Shift Register to Pipeline optimization
INFO: [Physopt 32-775] End 2 Pass. Optimized 0 net or cell. Created 0 new cell, deleted 0 existing cell and moved 0 existing cell
INFO: [Physopt 32-1401] No candidate cells found for Shift Register optimization.
INFO: [Physopt 32-677] No candidate cells for Shift Register optimization found in the design
INFO: [Physopt 32-775] End 1 Pass. Optimized 0 net or cell. Created 0 new cell, deleted 0 existing cell and moved 0 existing cell
INFO: [Physopt 32-526] No candidate cells for BRAM register optimization found in the design
INFO: [Physopt 32-775] End 1 Pass. Optimized 0 net or cell. Created 0 new cell, deleted 0 existing cell and moved 0 existing cell
INFO: [Physopt 32-846] No candidate cells for URAM register optimization found in the design
INFO: [Physopt 32-775] End 1 Pass. Optimized 0 net or cell. Created 0 new cell, deleted 0 existing cell and moved 0 existing cell
INFO: [Physopt 32-846] No candidate cells for URAM register optimization found in the design
INFO: [Physopt 32-775] End 1 Pass. Optimized 0 net or cell. Created 0 new cell, deleted 0 existing cell and moved 0 existing cell
INFO: [Physopt 32-949] No candidate nets found for dynamic/static region interface net replication
INFO: [Physopt 32-775] End 1 Pass. Optimized 0 net or cell. Created 0 new cell, deleted 0 existing cell and moved 0 existing cell
Netlist sorting complete. Time (s): cpu = 00:00:00 ; elapsed = 00:00:00.001 . Memory (MB): peak = 2248.379 ; gain = 0.000

Summary of Physical Synthesis Optimizations
============================================


-----------------------------------------------------------------------------------------------------------------------------------------------------------
|  Optimization                                     |  Added Cells  |  Removed Cells  |  Optimized Cells/Nets  |  Dont Touch  |  Iterations  |  Elapsed   |
-----------------------------------------------------------------------------------------------------------------------------------------------------------
|  LUT Combining                                    |            0  |             58  |                    58  |           0  |           1  |  00:00:00  |
|  Retime                                           |            0  |              0  |                     0  |           0  |           1  |  00:00:00  |
|  Very High Fanout                                 |            0  |              0  |                     0  |           0  |           1  |  00:00:00  |
|  DSP Register                                     |            0  |              0  |                     0  |           0  |           1  |  00:00:00  |
|  Shift Register to Pipeline                       |            0  |              0  |                     0  |           0  |           1  |  00:00:00  |
|  Shift Register                                   |            0  |              0  |                     0  |           0  |           1  |  00:00:00  |
|  BRAM Register                                    |            0  |              0  |                     0  |           0  |           1  |  00:00:00  |
|  URAM Register                                    |            0  |              0  |                     0  |           0  |           1  |  00:00:00  |
|  Dynamic/Static Region Interface Net Replication  |            0  |              0  |                     0  |           0  |           1  |  00:00:00  |
|  Total                                            |            0  |             58  |                    58  |           0  |           9  |  00:00:00  |
-----------------------------------------------------------------------------------------------------------------------------------------------------------


Phase 2.4.2 Physical Synthesis In Placer | Checksum: 14ae8ae2b

Time (s): cpu = 00:00:03 ; elapsed = 00:00:05 . Memory (MB): peak = 2248.379 ; gain = 0.000
Phase 2.4 Global Placement Core | Checksum: 13317f44f

Time (s): cpu = 00:00:03 ; elapsed = 00:00:05 . Memory (MB): peak = 2248.379 ; gain = 0.000
Phase 2 Global Placement | Checksum: 13317f44f

Time (s): cpu = 00:00:03 ; elapsed = 00:00:05 . Memory (MB): peak = 2248.379 ; gain = 0.000

Phase 3 Detail Placement

Phase 3.1 Commit Multi Column Macros
Phase 3.1 Commit Multi Column Macros | Checksum: 195df3b40

Time (s): cpu = 00:00:03 ; elapsed = 00:00:05 . Memory (MB): peak = 2248.379 ; gain = 0.000

Phase 3.2 Commit Most Macros & LUTRAMs
Phase 3.2 Commit Most Macros & LUTRAMs | Checksum: 133106b4b

Time (s): cpu = 00:00:03 ; elapsed = 00:00:06 . Memory (MB): peak = 2248.379 ; gain = 0.000

Phase 3.3 Area Swap Optimization
Phase 3.3 Area Swap Optimization | Checksum: 17e699090

Time (s): cpu = 00:00:03 ; elapsed = 00:00:06 . Memory (MB): peak = 2248.379 ; gain = 0.000

Phase 3.4 Pipeline Register Optimization
Phase 3.4 Pipeline Register Optimization | Checksum: 1ae3a9aee

Time (s): cpu = 00:00:03 ; elapsed = 00:00:06 . Memory (MB): peak = 2248.379 ; gain = 0.000

Phase 3.5 Fast Optimization
Phase 3.5 Fast Optimization | Checksum: 1a23c7404

Time (s): cpu = 00:00:04 ; elapsed = 00:00:10 . Memory (MB): peak = 2248.379 ; gain = 0.000

Phase 3.6 Small Shape Detail Placement
Phase 3.6 Small Shape Detail Placement | Checksum: 1455c4069

Time (s): cpu = 00:00:05 ; elapsed = 00:00:11 . Memory (MB): peak = 2248.379 ; gain = 0.000

Phase 3.7 Re-assign LUT pins
Phase 3.7 Re-assign LUT pins | Checksum: 15c0c148d

Time (s): cpu = 00:00:05 ; elapsed = 00:00:11 . Memory (MB): peak = 2248.379 ; gain = 0.000

Phase 3.8 Pipeline Register Optimization
Phase 3.8 Pipeline Register Optimization | Checksum: 1298b2e00

Time (s): cpu = 00:00:05 ; elapsed = 00:00:11 . Memory (MB): peak = 2248.379 ; gain = 0.000
Phase 3 Detail Placement | Checksum: 1298b2e00

Time (s): cpu = 00:00:05 ; elapsed = 00:00:11 . Memory (MB): peak = 2248.379 ; gain = 0.000

Phase 4 Post Placement Optimization and Clean-Up

Phase 4.1 Post Commit Optimization
INFO: [Timing 38-35] Done setting XDC timing constraints.

Phase 4.1.1 Post Placement Optimization
Post Placement Optimization Initialization | Checksum: 1ba3413da

Phase 4.1.1.1 BUFG Insertion

Starting Physical Synthesis Task

Phase 1 Physical Synthesis Initialization
INFO: [Physopt 32-721] Multithreading enabled for phys_opt_design using a maximum of 2 CPUs
INFO: [Physopt 32-619] Estimated Timing Summary | WNS=-0.827 | TNS=-79.489 |
Phase 1 Physical Synthesis Initialization | Checksum: 1b3fba206

Time (s): cpu = 00:00:00 ; elapsed = 00:00:00.151 . Memory (MB): peak = 2248.379 ; gain = 0.000
INFO: [Place 46-33] Processed net bd_0_i/hls_inst/inst/gmem_m_axi_U/bus_write/wreq_burst_conv/rs_req/SR[0], BUFG insertion was skipped due to placement/routing conflicts.
INFO: [Place 46-56] BUFG insertion identified 1 candidate nets. Inserted BUFG: 0, Replicated BUFG Driver: 0, Skipped due to Placement/Routing Conflicts: 1, Skipped due to Timing Degradation: 0, Skipped due to netlist editing failed: 0.
Ending Physical Synthesis Task | Checksum: 1d63d0916

Time (s): cpu = 00:00:00 ; elapsed = 00:00:00.267 . Memory (MB): peak = 2248.379 ; gain = 0.000
Phase 4.1.1.1 BUFG Insertion | Checksum: 1ba3413da

Time (s): cpu = 00:00:06 ; elapsed = 00:00:12 . Memory (MB): peak = 2248.379 ; gain = 0.000

Phase 4.1.1.2 Post Placement Timing Optimization
INFO: [Place 30-746] Post Placement Timing Summary WNS=-0.162. For the most accurate timing information please run report_timing.
Phase 4.1.1.2 Post Placement Timing Optimization | Checksum: 1bc287fbb

Time (s): cpu = 00:00:46 ; elapsed = 00:00:59 . Memory (MB): peak = 2248.379 ; gain = 0.000

Time (s): cpu = 00:00:46 ; elapsed = 00:00:59 . Memory (MB): peak = 2248.379 ; gain = 0.000
Phase 4.1 Post Commit Optimization | Checksum: 1bc287fbb

Time (s): cpu = 00:00:46 ; elapsed = 00:00:59 . Memory (MB): peak = 2248.379 ; gain = 0.000

Phase 4.2 Post Placement Cleanup
Phase 4.2 Post Placement Cleanup | Checksum: 1bc287fbb

Time (s): cpu = 00:00:46 ; elapsed = 00:01:00 . Memory (MB): peak = 2248.379 ; gain = 0.000

Phase 4.3 Placer Reporting

Phase 4.3.1 Print Estimated Congestion
INFO: [Place 30-612] Post-Placement Estimated Congestion 
 ____________________________________________________
|           | Global Congestion | Short Congestion  |
| Direction | Region Size       | Region Size       |
|___________|___________________|___________________|
|      North|                1x1|                1x1|
|___________|___________________|___________________|
|      South|                1x1|                2x2|
|___________|___________________|___________________|
|       East|                1x1|                1x1|
|___________|___________________|___________________|
|       West|                1x1|                1x1|
|___________|___________________|___________________|

Phase 4.3.1 Print Estimated Congestion | Checksum: 1bc287fbb

Time (s): cpu = 00:00:46 ; elapsed = 00:01:00 . Memory (MB): peak = 2248.379 ; gain = 0.000
Phase 4.3 Placer Reporting | Checksum: 1bc287fbb

Time (s): cpu = 00:00:46 ; elapsed = 00:01:00 . Memory (MB): peak = 2248.379 ; gain = 0.000

Phase 4.4 Final Placement Cleanup
Netlist sorting complete. Time (s): cpu = 00:00:00 ; elapsed = 00:00:00.003 . Memory (MB): peak = 2248.379 ; gain = 0.000

Time (s): cpu = 00:00:46 ; elapsed = 00:01:00 . Memory (MB): peak = 2248.379 ; gain = 0.000
Phase 4 Post Placement Optimization and Clean-Up | Checksum: 14fa2e2c8

Time (s): cpu = 00:00:46 ; elapsed = 00:01:00 . Memory (MB): peak = 2248.379 ; gain = 0.000
Ending Placer Task | Checksum: f4b7ceb8

Time (s): cpu = 00:00:46 ; elapsed = 00:01:00 . Memory (MB): peak = 2248.379 ; gain = 0.000
81 Infos, 1 Warnings, 0 Critical Warnings and 0 Errors encountered.
place_design completed successfully
place_design: Time (s): cpu = 00:00:48 ; elapsed = 00:01:02 . Memory (MB): peak = 2248.379 ; gain = 0.000
INFO: [Vivado 12-24838] Running report commands "report_control_sets, report_io, report_utilization" in parallel.
Running report generation with 2 threads.
INFO: [Vivado 12-24828] Executing command : report_io -file bd_0_wrapper_io_placed.rpt
report_io: Time (s): cpu = 00:00:00 ; elapsed = 00:00:00.056 . Memory (MB): peak = 2248.379 ; gain = 0.000
INFO: [Vivado 12-24828] Executing command : report_utilization -file bd_0_wrapper_utilization_placed.rpt -pb bd_0_wrapper_utilization_placed.pb
INFO: [Vivado 12-24828] Executing command : report_control_sets -verbose -file bd_0_wrapper_control_sets_placed.rpt
report_control_sets: Time (s): cpu = 00:00:00 ; elapsed = 00:00:00.015 . Memory (MB): peak = 2248.379 ; gain = 0.000
INFO: [Timing 38-480] Writing timing data to binary archive.
Write ShapeDB Complete: Time (s): cpu = 00:00:00 ; elapsed = 00:00:00.013 . Memory (MB): peak = 2248.379 ; gain = 0.000
Wrote PlaceDB: Time (s): cpu = 00:00:01 ; elapsed = 00:00:00.241 . Memory (MB): peak = 2248.379 ; gain = 0.000
Wrote PulsedLatchDB: Time (s): cpu = 00:00:00 ; elapsed = 00:00:00 . Memory (MB): peak = 2248.379 ; gain = 0.000
Writing XDEF routing.
Writing XDEF routing logical nets.
Writing XDEF routing special nets.
Wrote RouteStorage: Time (s): cpu = 00:00:00 ; elapsed = 00:00:00.144 . Memory (MB): peak = 2248.379 ; gain = 0.000
Wrote Netlist Cache: Time (s): cpu = 00:00:00 ; elapsed = 00:00:00.007 . Memory (MB): peak = 2248.379 ; gain = 0.000
Wrote Device Cache: Time (s): cpu = 00:00:00 ; elapsed = 00:00:00.009 . Memory (MB): peak = 2248.379 ; gain = 0.000
Write Physdb Complete: Time (s): cpu = 00:00:01 ; elapsed = 00:00:00.418 . Memory (MB): peak = 2248.379 ; gain = 0.000
INFO: [Common 17-1381] The checkpoint 'E:/robot/project/FPGA/ZedBoard/HLS_lab/source/fir/prj/hoisting/kernel/fir_hoisting/hoisting/impl/verilog/project.runs/impl_1/bd_0_wrapper_placed.dcp' has been generated.
Command: phys_opt_design
Attempting to get a license for feature 'Implementation' and/or device 'xc7z020'
INFO: [Common 17-349] Got license for feature 'Implementation' and/or device 'xc7z020'

Starting Initial Update Timing Task
WARNING: [Timing 38-242] The property HD.CLK_SRC of clock port "ap_clk" is not set. In out-of-context mode, this prevents timing estimation for clock delay/skew
Resolution: Set the HD.CLK_SRC property of the out-of-context port to the location of the clock buffer instance in the top-level design

Time (s): cpu = 00:00:01 ; elapsed = 00:00:00.511 . Memory (MB): peak = 2248.379 ; gain = 0.000
INFO: [Vivado_Tcl 4-1435] PhysOpt_Tcl_Interface Runtime Before Starting Physical Synthesis Task | CPU: 1.00s |  WALL: 0.54s
Netlist sorting complete. Time (s): cpu = 00:00:00 ; elapsed = 00:00:00.001 . Memory (MB): peak = 2248.379 ; gain = 0.000

Starting Physical Synthesis Task

Phase 1 Physical Synthesis Initialization
INFO: [Physopt 32-721] Multithreading enabled for phys_opt_design using a maximum of 2 CPUs
INFO: [Physopt 32-619] Estimated Timing Summary | WNS=-0.162 | TNS=-4.750 |
Phase 1 Physical Synthesis Initialization | Checksum: 15d2b1fc0

Time (s): cpu = 00:00:00 ; elapsed = 00:00:00.361 . Memory (MB): peak = 2248.379 ; gain = 0.000
INFO: [Physopt 32-619] Estimated Timing Summary | WNS=-0.162 | TNS=-4.750 |

Phase 2 DSP Register Optimization
INFO: [Physopt 32-456] No candidate cells for DSP register optimization found in the design.
INFO: [Physopt 32-775] End 2 Pass. Optimized 0 net or cell. Created 0 new cell, deleted 0 existing cell and moved 0 existing cell
Phase 2 DSP Register Optimization | Checksum: 15d2b1fc0

Time (s): cpu = 00:00:00 ; elapsed = 00:00:00.397 . Memory (MB): peak = 2248.379 ; gain = 0.000

Phase 3 Critical Path Optimization
INFO: [Physopt 32-619] Estimated Timing Summary | WNS=-0.162 | TNS=-4.750 |
INFO: [Physopt 32-663] Processed net bd_0_i/hls_inst/inst/gmem_m_axi_U/bus_read/rreq_burst_conv/rs_req/Q[35].  Re-placed instance bd_0_i/hls_inst/inst/gmem_m_axi_U/bus_read/rreq_burst_conv/rs_req/data_p1_reg[37]
INFO: [Physopt 32-735] Processed net bd_0_i/hls_inst/inst/gmem_m_axi_U/bus_read/rreq_burst_conv/rs_req/Q[35]. Optimization improves timing on the net.
INFO: [Physopt 32-619] Estimated Timing Summary | WNS=-0.162 | TNS=-4.588 |
INFO: [Physopt 32-663] Processed net bd_0_i/hls_inst/inst/gmem_m_axi_U/bus_read/rreq_burst_conv/rs_req/Q[57].  Re-placed instance bd_0_i/hls_inst/inst/gmem_m_axi_U/bus_read/rreq_burst_conv/rs_req/data_p1_reg[59]
INFO: [Physopt 32-735] Processed net bd_0_i/hls_inst/inst/gmem_m_axi_U/bus_read/rreq_burst_conv/rs_req/Q[57]. Optimization improves timing on the net.
INFO: [Physopt 32-619] Estimated Timing Summary | WNS=-0.162 | TNS=-4.426 |
INFO: [Physopt 32-663] Processed net bd_0_i/hls_inst/inst/gmem_m_axi_U/bus_read/rreq_burst_conv/rs_req/Q[3].  Re-placed instance bd_0_i/hls_inst/inst/gmem_m_axi_U/bus_read/rreq_burst_conv/rs_req/data_p1_reg[5]
INFO: [Physopt 32-735] Processed net bd_0_i/hls_inst/inst/gmem_m_axi_U/bus_read/rreq_burst_conv/rs_req/Q[3]. Optimization improves timing on the net.
INFO: [Physopt 32-619] Estimated Timing Summary | WNS=-0.162 | TNS=-4.264 |
INFO: [Physopt 32-663] Processed net bd_0_i/hls_inst/inst/gmem_m_axi_U/bus_read/rreq_burst_conv/rs_req/Q[58].  Re-placed instance bd_0_i/hls_inst/inst/gmem_m_axi_U/bus_read/rreq_burst_conv/rs_req/data_p1_reg[60]
INFO: [Physopt 32-735] Processed net bd_0_i/hls_inst/inst/gmem_m_axi_U/bus_read/rreq_burst_conv/rs_req/Q[58]. Optimization improves timing on the net.
INFO: [Physopt 32-619] Estimated Timing Summary | WNS=-0.158 | TNS=-4.102 |
INFO: [Physopt 32-663] Processed net bd_0_i/hls_inst/inst/gmem_m_axi_U/bus_read/rreq_burst_conv/rs_req/Q[36].  Re-placed instance bd_0_i/hls_inst/inst/gmem_m_axi_U/bus_read/rreq_burst_conv/rs_req/data_p1_reg[38]
INFO: [Physopt 32-735] Processed net bd_0_i/hls_inst/inst/gmem_m_axi_U/bus_read/rreq_burst_conv/rs_req/Q[36]. Optimization improves timing on the net.
INFO: [Physopt 32-619] Estimated Timing Summary | WNS=-0.158 | TNS=-3.944 |
INFO: [Physopt 32-663] Processed net bd_0_i/hls_inst/inst/gmem_m_axi_U/bus_read/rreq_burst_conv/rs_req/Q[37].  Re-placed instance bd_0_i/hls_inst/inst/gmem_m_axi_U/bus_read/rreq_burst_conv/rs_req/data_p1_reg[39]
INFO: [Physopt 32-735] Processed net bd_0_i/hls_inst/inst/gmem_m_axi_U/bus_read/rreq_burst_conv/rs_req/Q[37]. Optimization improves timing on the net.
INFO: [Physopt 32-619] Estimated Timing Summary | WNS=-0.158 | TNS=-3.786 |
INFO: [Physopt 32-663] Processed net bd_0_i/hls_inst/inst/gmem_m_axi_U/bus_read/rreq_burst_conv/rs_req/p_1_in[25].  Re-placed instance bd_0_i/hls_inst/inst/gmem_m_axi_U/bus_read/rreq_burst_conv/rs_req/data_p1_reg[89]
INFO: [Physopt 32-735] Processed net bd_0_i/hls_inst/inst/gmem_m_axi_U/bus_read/rreq_burst_conv/rs_req/p_1_in[25]. Optimization improves timing on the net.
INFO: [Physopt 32-619] Estimated Timing Summary | WNS=-0.145 | TNS=-3.628 |
INFO: [Physopt 32-663] Processed net bd_0_i/hls_inst/inst/gmem_m_axi_U/bus_read/rreq_burst_conv/rs_req/Q[32].  Re-placed instance bd_0_i/hls_inst/inst/gmem_m_axi_U/bus_read/rreq_burst_conv/rs_req/data_p1_reg[34]
INFO: [Physopt 32-735] Processed net bd_0_i/hls_inst/inst/gmem_m_axi_U/bus_read/rreq_burst_conv/rs_req/Q[32]. Optimization improves timing on the net.
INFO: [Physopt 32-619] Estimated Timing Summary | WNS=-0.145 | TNS=-3.483 |
INFO: [Physopt 32-663] Processed net bd_0_i/hls_inst/inst/gmem_m_axi_U/bus_read/rreq_burst_conv/rs_req/Q[33].  Re-placed instance bd_0_i/hls_inst/inst/gmem_m_axi_U/bus_read/rreq_burst_conv/rs_req/data_p1_reg[35]
INFO: [Physopt 32-735] Processed net bd_0_i/hls_inst/inst/gmem_m_axi_U/bus_read/rreq_burst_conv/rs_req/Q[33]. Optimization improves timing on the net.
INFO: [Physopt 32-619] Estimated Timing Summary | WNS=-0.145 | TNS=-3.338 |
INFO: [Physopt 32-663] Processed net bd_0_i/hls_inst/inst/gmem_m_axi_U/bus_read/rreq_burst_conv/rs_req/p_1_in[17].  Re-placed instance bd_0_i/hls_inst/inst/gmem_m_axi_U/bus_read/rreq_burst_conv/rs_req/data_p1_reg[81]
INFO: [Physopt 32-735] Processed net bd_0_i/hls_inst/inst/gmem_m_axi_U/bus_read/rreq_burst_conv/rs_req/p_1_in[17]. Optimization improves timing on the net.
INFO: [Physopt 32-619] Estimated Timing Summary | WNS=-0.145 | TNS=-3.193 |
INFO: [Physopt 32-663] Processed net bd_0_i/hls_inst/inst/gmem_m_axi_U/bus_read/rreq_burst_conv/rs_req/p_1_in[19].  Re-placed instance bd_0_i/hls_inst/inst/gmem_m_axi_U/bus_read/rreq_burst_conv/rs_req/data_p1_reg[83]
INFO: [Physopt 32-735] Processed net bd_0_i/hls_inst/inst/gmem_m_axi_U/bus_read/rreq_burst_conv/rs_req/p_1_in[19]. Optimization improves timing on the net.
INFO: [Physopt 32-619] Estimated Timing Summary | WNS=-0.145 | TNS=-3.048 |
INFO: [Physopt 32-663] Processed net bd_0_i/hls_inst/inst/gmem_m_axi_U/bus_read/rreq_burst_conv/rs_req/Q[6].  Re-placed instance bd_0_i/hls_inst/inst/gmem_m_axi_U/bus_read/rreq_burst_conv/rs_req/data_p1_reg[8]
INFO: [Physopt 32-735] Processed net bd_0_i/hls_inst/inst/gmem_m_axi_U/bus_read/rreq_burst_conv/rs_req/Q[6]. Optimization improves timing on the net.
INFO: [Physopt 32-619] Estimated Timing Summary | WNS=-0.144 | TNS=-2.903 |
INFO: [Physopt 32-663] Processed net bd_0_i/hls_inst/inst/gmem_m_axi_U/bus_read/rreq_burst_conv/rs_req/Q[24].  Re-placed instance bd_0_i/hls_inst/inst/gmem_m_axi_U/bus_read/rreq_burst_conv/rs_req/data_p1_reg[26]
INFO: [Physopt 32-735] Processed net bd_0_i/hls_inst/inst/gmem_m_axi_U/bus_read/rreq_burst_conv/rs_req/Q[24]. Optimization improves timing on the net.
INFO: [Physopt 32-619] Estimated Timing Summary | WNS=-0.144 | TNS=-2.759 |
INFO: [Physopt 32-663] Processed net bd_0_i/hls_inst/inst/gmem_m_axi_U/bus_read/rreq_burst_conv/rs_req/Q[25].  Re-placed instance bd_0_i/hls_inst/inst/gmem_m_axi_U/bus_read/rreq_burst_conv/rs_req/data_p1_reg[27]
INFO: [Physopt 32-735] Processed net bd_0_i/hls_inst/inst/gmem_m_axi_U/bus_read/rreq_burst_conv/rs_req/Q[25]. Optimization improves timing on the net.
INFO: [Physopt 32-619] Estimated Timing Summary | WNS=-0.144 | TNS=-2.615 |
INFO: [Physopt 32-663] Processed net bd_0_i/hls_inst/inst/gmem_m_axi_U/bus_read/rreq_burst_conv/rs_req/Q[26].  Re-placed instance bd_0_i/hls_inst/inst/gmem_m_axi_U/bus_read/rreq_burst_conv/rs_req/data_p1_reg[28]
INFO: [Physopt 32-735] Processed net bd_0_i/hls_inst/inst/gmem_m_axi_U/bus_read/rreq_burst_conv/rs_req/Q[26]. Optimization improves timing on the net.
INFO: [Physopt 32-619] Estimated Timing Summary | WNS=-0.144 | TNS=-2.471 |
INFO: [Physopt 32-663] Processed net bd_0_i/hls_inst/inst/gmem_m_axi_U/bus_read/rreq_burst_conv/rs_req/Q[64].  Re-placed instance bd_0_i/hls_inst/inst/gmem_m_axi_U/bus_read/rreq_burst_conv/rs_req/data_p1_reg[68]
INFO: [Physopt 32-735] Processed net bd_0_i/hls_inst/inst/gmem_m_axi_U/bus_read/rreq_burst_conv/rs_req/Q[64]. Optimization improves timing on the net.
INFO: [Physopt 32-619] Estimated Timing Summary | WNS=-0.136 | TNS=-2.327 |
INFO: [Physopt 32-663] Processed net bd_0_i/hls_inst/inst/gmem_m_axi_U/bus_read/rreq_burst_conv/rs_req/Q[18].  Re-placed instance bd_0_i/hls_inst/inst/gmem_m_axi_U/bus_read/rreq_burst_conv/rs_req/data_p1_reg[20]
INFO: [Physopt 32-735] Processed net bd_0_i/hls_inst/inst/gmem_m_axi_U/bus_read/rreq_burst_conv/rs_req/Q[18]. Optimization improves timing on the net.
INFO: [Physopt 32-619] Estimated Timing Summary | WNS=-0.136 | TNS=-2.191 |
INFO: [Physopt 32-663] Processed net bd_0_i/hls_inst/inst/gmem_m_axi_U/bus_read/rreq_burst_conv/rs_req/Q[19].  Re-placed instance bd_0_i/hls_inst/inst/gmem_m_axi_U/bus_read/rreq_burst_conv/rs_req/data_p1_reg[21]
INFO: [Physopt 32-735] Processed net bd_0_i/hls_inst/inst/gmem_m_axi_U/bus_read/rreq_burst_conv/rs_req/Q[19]. Optimization improves timing on the net.
INFO: [Physopt 32-619] Estimated Timing Summary | WNS=-0.136 | TNS=-2.055 |
INFO: [Physopt 32-663] Processed net bd_0_i/hls_inst/inst/gmem_m_axi_U/bus_read/rreq_burst_conv/rs_req/Q[20].  Re-placed instance bd_0_i/hls_inst/inst/gmem_m_axi_U/bus_read/rreq_burst_conv/rs_req/data_p1_reg[22]
INFO: [Physopt 32-735] Processed net bd_0_i/hls_inst/inst/gmem_m_axi_U/bus_read/rreq_burst_conv/rs_req/Q[20]. Optimization improves timing on the net.
INFO: [Physopt 32-619] Estimated Timing Summary | WNS=-0.136 | TNS=-1.919 |
INFO: [Physopt 32-663] Processed net bd_0_i/hls_inst/inst/gmem_m_axi_U/bus_read/rreq_burst_conv/rs_req/p_1_in[30].  Re-placed instance bd_0_i/hls_inst/inst/gmem_m_axi_U/bus_read/rreq_burst_conv/rs_req/data_p1_reg[94]
INFO: [Physopt 32-735] Processed net bd_0_i/hls_inst/inst/gmem_m_axi_U/bus_read/rreq_burst_conv/rs_req/p_1_in[30]. Optimization improves timing on the net.
INFO: [Physopt 32-619] Estimated Timing Summary | WNS=-0.130 | TNS=-1.783 |
INFO: [Physopt 32-619] Estimated Timing Summary | WNS=-0.130 | TNS=-1.783 |
Netlist sorting complete. Time (s): cpu = 00:00:00 ; elapsed = 00:00:00.001 . Memory (MB): peak = 2248.379 ; gain = 0.000
Phase 3 Critical Path Optimization | Checksum: e909a4ec

Time (s): cpu = 00:00:00 ; elapsed = 00:00:00.604 . Memory (MB): peak = 2248.379 ; gain = 0.000

Phase 4 Critical Path Optimization
INFO: [Physopt 32-619] Estimated Timing Summary | WNS=-0.130 | TNS=-1.783 |
INFO: [Physopt 32-663] Processed net bd_0_i/hls_inst/inst/gmem_m_axi_U/bus_read/rreq_burst_conv/rs_req/Q[0].  Re-placed instance bd_0_i/hls_inst/inst/gmem_m_axi_U/bus_read/rreq_burst_conv/rs_req/data_p1_reg[2]
INFO: [Physopt 32-735] Processed net bd_0_i/hls_inst/inst/gmem_m_axi_U/bus_read/rreq_burst_conv/rs_req/Q[0]. Optimization improves timing on the net.
INFO: [Physopt 32-619] Estimated Timing Summary | WNS=-0.130 | TNS=-1.653 |
INFO: [Physopt 32-663] Processed net bd_0_i/hls_inst/inst/gmem_m_axi_U/bus_read/rreq_burst_conv/rs_req/Q[70].  Re-placed instance bd_0_i/hls_inst/inst/gmem_m_axi_U/bus_read/rreq_burst_conv/rs_req/data_p1_reg[74]
INFO: [Physopt 32-735] Processed net bd_0_i/hls_inst/inst/gmem_m_axi_U/bus_read/rreq_burst_conv/rs_req/Q[70]. Optimization improves timing on the net.
INFO: [Physopt 32-619] Estimated Timing Summary | WNS=-0.130 | TNS=-1.523 |
INFO: [Physopt 32-663] Processed net bd_0_i/hls_inst/inst/gmem_m_axi_U/bus_read/rreq_burst_conv/rs_req/Q[71].  Re-placed instance bd_0_i/hls_inst/inst/gmem_m_axi_U/bus_read/rreq_burst_conv/rs_req/data_p1_reg[75]
INFO: [Physopt 32-735] Processed net bd_0_i/hls_inst/inst/gmem_m_axi_U/bus_read/rreq_burst_conv/rs_req/Q[71]. Optimization improves timing on the net.
INFO: [Physopt 32-619] Estimated Timing Summary | WNS=-0.130 | TNS=-1.393 |
INFO: [Physopt 32-663] Processed net bd_0_i/hls_inst/inst/gmem_m_axi_U/bus_read/rreq_burst_conv/rs_req/p_1_in[12].  Re-placed instance bd_0_i/hls_inst/inst/gmem_m_axi_U/bus_read/rreq_burst_conv/rs_req/data_p1_reg[76]
INFO: [Physopt 32-735] Processed net bd_0_i/hls_inst/inst/gmem_m_axi_U/bus_read/rreq_burst_conv/rs_req/p_1_in[12]. Optimization improves timing on the net.
INFO: [Physopt 32-619] Estimated Timing Summary | WNS=-0.051 | TNS=-1.263 |
INFO: [Physopt 32-663] Processed net bd_0_i/hls_inst/inst/gmem_m_axi_U/bus_write/wreq_burst_conv/sect_cnt[36].  Re-placed instance bd_0_i/hls_inst/inst/gmem_m_axi_U/bus_write/wreq_burst_conv/sect_cnt_reg[36]
INFO: [Physopt 32-735] Processed net bd_0_i/hls_inst/inst/gmem_m_axi_U/bus_write/wreq_burst_conv/sect_cnt[36]. Optimization improves timing on the net.
INFO: [Physopt 32-619] Estimated Timing Summary | WNS=-0.051 | TNS=-1.212 |
INFO: [Physopt 32-663] Processed net bd_0_i/hls_inst/inst/gmem_m_axi_U/bus_write/wreq_burst_conv/sect_cnt[38].  Re-placed instance bd_0_i/hls_inst/inst/gmem_m_axi_U/bus_write/wreq_burst_conv/sect_cnt_reg[38]
INFO: [Physopt 32-735] Processed net bd_0_i/hls_inst/inst/gmem_m_axi_U/bus_write/wreq_burst_conv/sect_cnt[38]. Optimization improves timing on the net.
INFO: [Physopt 32-619] Estimated Timing Summary | WNS=-0.051 | TNS=-1.161 |
INFO: [Physopt 32-663] Processed net bd_0_i/hls_inst/inst/gmem_m_axi_U/bus_write/wreq_burst_conv/sect_cnt[39].  Re-placed instance bd_0_i/hls_inst/inst/gmem_m_axi_U/bus_write/wreq_burst_conv/sect_cnt_reg[39]
INFO: [Physopt 32-735] Processed net bd_0_i/hls_inst/inst/gmem_m_axi_U/bus_write/wreq_burst_conv/sect_cnt[39]. Optimization improves timing on the net.
INFO: [Physopt 32-619] Estimated Timing Summary | WNS=-0.051 | TNS=-1.110 |
INFO: [Physopt 32-663] Processed net bd_0_i/hls_inst/inst/gmem_m_axi_U/bus_write/wreq_burst_conv/sect_cnt[48].  Re-placed instance bd_0_i/hls_inst/inst/gmem_m_axi_U/bus_write/wreq_burst_conv/sect_cnt_reg[48]
INFO: [Physopt 32-735] Processed net bd_0_i/hls_inst/inst/gmem_m_axi_U/bus_write/wreq_burst_conv/sect_cnt[48]. Optimization improves timing on the net.
INFO: [Physopt 32-619] Estimated Timing Summary | WNS=-0.048 | TNS=-1.059 |
INFO: [Physopt 32-663] Processed net bd_0_i/hls_inst/inst/gmem_m_axi_U/bus_write/wreq_burst_conv/sect_cnt[1].  Re-placed instance bd_0_i/hls_inst/inst/gmem_m_axi_U/bus_write/wreq_burst_conv/sect_cnt_reg[1]
INFO: [Physopt 32-735] Processed net bd_0_i/hls_inst/inst/gmem_m_axi_U/bus_write/wreq_burst_conv/sect_cnt[1]. Optimization improves timing on the net.
INFO: [Physopt 32-619] Estimated Timing Summary | WNS=-0.048 | TNS=-1.011 |
INFO: [Physopt 32-663] Processed net bd_0_i/hls_inst/inst/gmem_m_axi_U/bus_write/wreq_burst_conv/sect_cnt[2].  Re-placed instance bd_0_i/hls_inst/inst/gmem_m_axi_U/bus_write/wreq_burst_conv/sect_cnt_reg[2]
INFO: [Physopt 32-735] Processed net bd_0_i/hls_inst/inst/gmem_m_axi_U/bus_write/wreq_burst_conv/sect_cnt[2]. Optimization improves timing on the net.
INFO: [Physopt 32-619] Estimated Timing Summary | WNS=-0.048 | TNS=-0.963 |
INFO: [Physopt 32-663] Processed net bd_0_i/hls_inst/inst/gmem_m_axi_U/bus_write/wreq_burst_conv/sect_cnt[43].  Re-placed instance bd_0_i/hls_inst/inst/gmem_m_axi_U/bus_write/wreq_burst_conv/sect_cnt_reg[43]
INFO: [Physopt 32-735] Processed net bd_0_i/hls_inst/inst/gmem_m_axi_U/bus_write/wreq_burst_conv/sect_cnt[43]. Optimization improves timing on the net.
INFO: [Physopt 32-619] Estimated Timing Summary | WNS=-0.048 | TNS=-0.915 |
INFO: [Physopt 32-663] Processed net bd_0_i/hls_inst/inst/gmem_m_axi_U/bus_write/wreq_burst_conv/sect_cnt[44].  Re-placed instance bd_0_i/hls_inst/inst/gmem_m_axi_U/bus_write/wreq_burst_conv/sect_cnt_reg[44]
INFO: [Physopt 32-735] Processed net bd_0_i/hls_inst/inst/gmem_m_axi_U/bus_write/wreq_burst_conv/sect_cnt[44]. Optimization improves timing on the net.
INFO: [Physopt 32-619] Estimated Timing Summary | WNS=-0.048 | TNS=-0.867 |
INFO: [Physopt 32-663] Processed net bd_0_i/hls_inst/inst/gmem_m_axi_U/bus_write/wreq_burst_conv/sect_cnt[5].  Re-placed instance bd_0_i/hls_inst/inst/gmem_m_axi_U/bus_write/wreq_burst_conv/sect_cnt_reg[5]
INFO: [Physopt 32-735] Processed net bd_0_i/hls_inst/inst/gmem_m_axi_U/bus_write/wreq_burst_conv/sect_cnt[5]. Optimization improves timing on the net.
INFO: [Physopt 32-619] Estimated Timing Summary | WNS=-0.048 | TNS=-0.819 |
INFO: [Physopt 32-663] Processed net bd_0_i/hls_inst/inst/gmem_m_axi_U/bus_write/wreq_burst_conv/sect_cnt[6].  Re-placed instance bd_0_i/hls_inst/inst/gmem_m_axi_U/bus_write/wreq_burst_conv/sect_cnt_reg[6]
INFO: [Physopt 32-735] Processed net bd_0_i/hls_inst/inst/gmem_m_axi_U/bus_write/wreq_burst_conv/sect_cnt[6]. Optimization improves timing on the net.
INFO: [Physopt 32-619] Estimated Timing Summary | WNS=-0.048 | TNS=-0.771 |
INFO: [Physopt 32-663] Processed net bd_0_i/hls_inst/inst/gmem_m_axi_U/bus_read/rreq_burst_conv/rs_req/Q[29].  Re-placed instance bd_0_i/hls_inst/inst/gmem_m_axi_U/bus_read/rreq_burst_conv/rs_req/data_p1_reg[31]
INFO: [Physopt 32-735] Processed net bd_0_i/hls_inst/inst/gmem_m_axi_U/bus_read/rreq_burst_conv/rs_req/Q[29]. Optimization improves timing on the net.
INFO: [Physopt 32-619] Estimated Timing Summary | WNS=-0.048 | TNS=-0.723 |
INFO: [Physopt 32-663] Processed net bd_0_i/hls_inst/inst/gmem_m_axi_U/bus_read/rreq_burst_conv/rs_req/Q[2].  Re-placed instance bd_0_i/hls_inst/inst/gmem_m_axi_U/bus_read/rreq_burst_conv/rs_req/data_p1_reg[4]
INFO: [Physopt 32-735] Processed net bd_0_i/hls_inst/inst/gmem_m_axi_U/bus_read/rreq_burst_conv/rs_req/Q[2]. Optimization improves timing on the net.
INFO: [Physopt 32-619] Estimated Timing Summary | WNS=-0.048 | TNS=-0.675 |
INFO: [Physopt 32-663] Processed net bd_0_i/hls_inst/inst/gmem_m_axi_U/bus_read/rreq_burst_conv/rs_req/Q[67].  Re-placed instance bd_0_i/hls_inst/inst/gmem_m_axi_U/bus_read/rreq_burst_conv/rs_req/data_p1_reg[71]
INFO: [Physopt 32-735] Processed net bd_0_i/hls_inst/inst/gmem_m_axi_U/bus_read/rreq_burst_conv/rs_req/Q[67]. Optimization improves timing on the net.
INFO: [Physopt 32-619] Estimated Timing Summary | WNS=-0.048 | TNS=-0.627 |
INFO: [Physopt 32-663] Processed net bd_0_i/hls_inst/inst/gmem_m_axi_U/bus_read/rreq_burst_conv/rs_req/Q[68].  Re-placed instance bd_0_i/hls_inst/inst/gmem_m_axi_U/bus_read/rreq_burst_conv/rs_req/data_p1_reg[72]
INFO: [Physopt 32-735] Processed net bd_0_i/hls_inst/inst/gmem_m_axi_U/bus_read/rreq_burst_conv/rs_req/Q[68]. Optimization improves timing on the net.
INFO: [Physopt 32-619] Estimated Timing Summary | WNS=-0.045 | TNS=-0.579 |
INFO: [Physopt 32-663] Processed net bd_0_i/hls_inst/inst/gmem_m_axi_U/bus_read/rreq_burst_conv/rs_req/Q[65].  Re-placed instance bd_0_i/hls_inst/inst/gmem_m_axi_U/bus_read/rreq_burst_conv/rs_req/data_p1_reg[69]
INFO: [Physopt 32-735] Processed net bd_0_i/hls_inst/inst/gmem_m_axi_U/bus_read/rreq_burst_conv/rs_req/Q[65]. Optimization improves timing on the net.
INFO: [Physopt 32-619] Estimated Timing Summary | WNS=-0.045 | TNS=-0.534 |
INFO: [Physopt 32-663] Processed net bd_0_i/hls_inst/inst/gmem_m_axi_U/bus_read/rreq_burst_conv/rs_req/Q[66].  Re-placed instance bd_0_i/hls_inst/inst/gmem_m_axi_U/bus_read/rreq_burst_conv/rs_req/data_p1_reg[70]
INFO: [Physopt 32-735] Processed net bd_0_i/hls_inst/inst/gmem_m_axi_U/bus_read/rreq_burst_conv/rs_req/Q[66]. Optimization improves timing on the net.
INFO: [Physopt 32-619] Estimated Timing Summary | WNS=-0.045 | TNS=-0.489 |
INFO: [Physopt 32-663] Processed net bd_0_i/hls_inst/inst/gmem_m_axi_U/bus_read/rreq_burst_conv/rs_req/p_1_in[13].  Re-placed instance bd_0_i/hls_inst/inst/gmem_m_axi_U/bus_read/rreq_burst_conv/rs_req/data_p1_reg[77]
INFO: [Physopt 32-735] Processed net bd_0_i/hls_inst/inst/gmem_m_axi_U/bus_read/rreq_burst_conv/rs_req/p_1_in[13]. Optimization improves timing on the net.
INFO: [Physopt 32-619] Estimated Timing Summary | WNS=-0.045 | TNS=-0.444 |
INFO: [Physopt 32-663] Processed net bd_0_i/hls_inst/inst/gmem_m_axi_U/bus_read/rreq_burst_conv/rs_req/p_1_in[15].  Re-placed instance bd_0_i/hls_inst/inst/gmem_m_axi_U/bus_read/rreq_burst_conv/rs_req/data_p1_reg[79]
INFO: [Physopt 32-735] Processed net bd_0_i/hls_inst/inst/gmem_m_axi_U/bus_read/rreq_burst_conv/rs_req/p_1_in[15]. Optimization improves timing on the net.
INFO: [Physopt 32-619] Estimated Timing Summary | WNS=-0.043 | TNS=-0.399 |
INFO: [Physopt 32-663] Processed net bd_0_i/hls_inst/inst/gmem_m_axi_U/load_unit_0/buff_rdata/raddr_reg_n_3_[5].  Re-placed instance bd_0_i/hls_inst/inst/gmem_m_axi_U/load_unit_0/buff_rdata/raddr_reg[5]
INFO: [Physopt 32-735] Processed net bd_0_i/hls_inst/inst/gmem_m_axi_U/load_unit_0/buff_rdata/raddr_reg_n_3_[5]. Optimization improves timing on the net.
INFO: [Physopt 32-619] Estimated Timing Summary | WNS=-0.041 | TNS=-0.356 |
INFO: [Physopt 32-663] Processed net bd_0_i/hls_inst/inst/gmem_m_axi_U/bus_read/rreq_burst_conv/rs_req/Q[62].  Re-placed instance bd_0_i/hls_inst/inst/gmem_m_axi_U/bus_read/rreq_burst_conv/rs_req/data_p1_reg[66]
INFO: [Physopt 32-735] Processed net bd_0_i/hls_inst/inst/gmem_m_axi_U/bus_read/rreq_burst_conv/rs_req/Q[62]. Optimization improves timing on the net.
INFO: [Physopt 32-619] Estimated Timing Summary | WNS=-0.041 | TNS=-0.315 |
INFO: [Physopt 32-619] Estimated Timing Summary | WNS=-0.041 | TNS=-0.315 |
Netlist sorting complete. Time (s): cpu = 00:00:00 ; elapsed = 00:00:00.002 . Memory (MB): peak = 2248.379 ; gain = 0.000
Phase 4 Critical Path Optimization | Checksum: 149dd98f2

Time (s): cpu = 00:00:00 ; elapsed = 00:00:00.850 . Memory (MB): peak = 2248.379 ; gain = 0.000
Netlist sorting complete. Time (s): cpu = 00:00:00 ; elapsed = 00:00:00.001 . Memory (MB): peak = 2248.379 ; gain = 0.000
INFO: [Physopt 32-603] Post Physical Optimization Timing Summary | WNS=-0.041 | TNS=-0.315 |

Summary of Physical Synthesis Optimizations
============================================


-------------------------------------------------------------------------------------------------------------------------------------------------------------
|  Optimization   |  WNS Gain (ns)  |  TNS Gain (ns)  |  Added Cells  |  Removed Cells  |  Optimized Cells/Nets  |  Dont Touch  |  Iterations  |  Elapsed   |
-------------------------------------------------------------------------------------------------------------------------------------------------------------
|  DSP Register   |          0.000  |          0.000  |            0  |              0  |                     0  |           0  |           1  |  00:00:00  |
|  Critical Path  |          0.121  |          4.435  |            0  |              0  |                    44  |           0  |           2  |  00:00:00  |
|  Total          |          0.121  |          4.435  |            0  |              0  |                    44  |           0  |           3  |  00:00:00  |
-------------------------------------------------------------------------------------------------------------------------------------------------------------


Netlist sorting complete. Time (s): cpu = 00:00:00 ; elapsed = 00:00:00.001 . Memory (MB): peak = 2248.379 ; gain = 0.000
Ending Physical Synthesis Task | Checksum: 1eb6ca8bc

Time (s): cpu = 00:00:00 ; elapsed = 00:00:00.881 . Memory (MB): peak = 2248.379 ; gain = 0.000
INFO: [Common 17-83] Releasing license: Implementation
232 Infos, 2 Warnings, 0 Critical Warnings and 0 Errors encountered.
phys_opt_design completed successfully
INFO: [Timing 38-480] Writing timing data to binary archive.
Write ShapeDB Complete: Time (s): cpu = 00:00:00 ; elapsed = 00:00:00.013 . Memory (MB): peak = 2248.379 ; gain = 0.000
Wrote PlaceDB: Time (s): cpu = 00:00:01 ; elapsed = 00:00:00.266 . Memory (MB): peak = 2248.379 ; gain = 0.000
Wrote PulsedLatchDB: Time (s): cpu = 00:00:00 ; elapsed = 00:00:00 . Memory (MB): peak = 2248.379 ; gain = 0.000
Writing XDEF routing.
Writing XDEF routing logical nets.
Writing XDEF routing special nets.
Wrote RouteStorage: Time (s): cpu = 00:00:00 ; elapsed = 00:00:00.038 . Memory (MB): peak = 2248.379 ; gain = 0.000
Wrote Netlist Cache: Time (s): cpu = 00:00:00 ; elapsed = 00:00:00.009 . Memory (MB): peak = 2248.379 ; gain = 0.000
Wrote Device Cache: Time (s): cpu = 00:00:00 ; elapsed = 00:00:00.009 . Memory (MB): peak = 2248.379 ; gain = 0.000
Write Physdb Complete: Time (s): cpu = 00:00:01 ; elapsed = 00:00:00.332 . Memory (MB): peak = 2248.379 ; gain = 0.000
INFO: [Common 17-1381] The checkpoint 'E:/robot/project/FPGA/ZedBoard/HLS_lab/source/fir/prj/hoisting/kernel/fir_hoisting/hoisting/impl/verilog/project.runs/impl_1/bd_0_wrapper_physopt.dcp' has been generated.
Command: route_design
Attempting to get a license for feature 'Implementation' and/or device 'xc7z020'
INFO: [Common 17-349] Got license for feature 'Implementation' and/or device 'xc7z020'
Running DRC as a precondition to command route_design
INFO: [DRC 23-27] Running DRC with 2 threads
INFO: [Vivado_Tcl 4-198] DRC finished with 0 Errors
INFO: [Vivado_Tcl 4-199] Please refer to the DRC report (report_drc) for more information.


Starting Routing Task
INFO: [Route 35-254] Multithreading enabled for route_design using a maximum of 8 CPUs

Phase 1 Build RT Design
Checksum: PlaceDB: 54f835f3 ConstDB: 0 ShapeSum: e879388a RouteDB: 15f972f0
WARNING: [Route 35-197] Clock port "ap_clk" does not have an associated HD.CLK_SRC. Without this constraint, timing analysis may not be accurate and upstream checks cannot be done to ensure correct clock placement.
WARNING: [Route 35-198] Port "s_axi_CTRL_wstrb[3]" does not have an associated HD.PARTPIN_LOCS, which will prevent the partial routing of the signal "s_axi_CTRL_wstrb[3]". Without this partial route, timing analysis to/from this port will not be accurate, and no routing information for this port can be exported.
WARNING: [Route 35-198] Port "s_axi_CTRL_wdata[28]" does not have an associated HD.PARTPIN_LOCS, which will prevent the partial routing of the signal "s_axi_CTRL_wdata[28]". Without this partial route, timing analysis to/from this port will not be accurate, and no routing information for this port can be exported.
WARNING: [Route 35-198] Port "s_axi_CTRL_wdata[29]" does not have an associated HD.PARTPIN_LOCS, which will prevent the partial routing of the signal "s_axi_CTRL_wdata[29]". Without this partial route, timing analysis to/from this port will not be accurate, and no routing information for this port can be exported.
WARNING: [Route 35-198] Port "s_axi_CTRL_wstrb[2]" does not have an associated HD.PARTPIN_LOCS, which will prevent the partial routing of the signal "s_axi_CTRL_wstrb[2]". Without this partial route, timing analysis to/from this port will not be accurate, and no routing information for this port can be exported.
WARNING: [Route 35-198] Port "s_axi_CTRL_wdata[18]" does not have an associated HD.PARTPIN_LOCS, which will prevent the partial routing of the signal "s_axi_CTRL_wdata[18]". Without this partial route, timing analysis to/from this port will not be accurate, and no routing information for this port can be exported.
WARNING: [Route 35-198] Port "s_axi_CTRL_wdata[19]" does not have an associated HD.PARTPIN_LOCS, which will prevent the partial routing of the signal "s_axi_CTRL_wdata[19]". Without this partial route, timing analysis to/from this port will not be accurate, and no routing information for this port can be exported.
WARNING: [Route 35-198] Port "s_axi_CTRL_wdata[20]" does not have an associated HD.PARTPIN_LOCS, which will prevent the partial routing of the signal "s_axi_CTRL_wdata[20]". Without this partial route, timing analysis to/from this port will not be accurate, and no routing information for this port can be exported.
WARNING: [Route 35-198] Port "s_axi_CTRL_wdata[21]" does not have an associated HD.PARTPIN_LOCS, which will prevent the partial routing of the signal "s_axi_CTRL_wdata[21]". Without this partial route, timing analysis to/from this port will not be accurate, and no routing information for this port can be exported.
WARNING: [Route 35-198] Port "s_axi_CTRL_wdata[26]" does not have an associated HD.PARTPIN_LOCS, which will prevent the partial routing of the signal "s_axi_CTRL_wdata[26]". Without this partial route, timing analysis to/from this port will not be accurate, and no routing information for this port can be exported.
WARNING: [Route 35-198] Port "s_axi_CTRL_wdata[27]" does not have an associated HD.PARTPIN_LOCS, which will prevent the partial routing of the signal "s_axi_CTRL_wdata[27]". Without this partial route, timing analysis to/from this port will not be accurate, and no routing information for this port can be exported.
WARNING: [Route 35-198] Port "s_axi_CTRL_wdata[30]" does not have an associated HD.PARTPIN_LOCS, which will prevent the partial routing of the signal "s_axi_CTRL_wdata[30]". Without this partial route, timing analysis to/from this port will not be accurate, and no routing information for this port can be exported.
WARNING: [Route 35-198] Port "s_axi_CTRL_wdata[31]" does not have an associated HD.PARTPIN_LOCS, which will prevent the partial routing of the signal "s_axi_CTRL_wdata[31]". Without this partial route, timing analysis to/from this port will not be accurate, and no routing information for this port can be exported.
WARNING: [Route 35-198] Port "s_axi_CTRL_wdata[22]" does not have an associated HD.PARTPIN_LOCS, which will prevent the partial routing of the signal "s_axi_CTRL_wdata[22]". Without this partial route, timing analysis to/from this port will not be accurate, and no routing information for this port can be exported.
WARNING: [Route 35-198] Port "s_axi_CTRL_wdata[23]" does not have an associated HD.PARTPIN_LOCS, which will prevent the partial routing of the signal "s_axi_CTRL_wdata[23]". Without this partial route, timing analysis to/from this port will not be accurate, and no routing information for this port can be exported.
WARNING: [Route 35-198] Port "s_axi_CTRL_araddr[1]" does not have an associated HD.PARTPIN_LOCS, which will prevent the partial routing of the signal "s_axi_CTRL_araddr[1]". Without this partial route, timing analysis to/from this port will not be accurate, and no routing information for this port can be exported.
WARNING: [Route 35-198] Port "s_axi_CTRL_araddr[0]" does not have an associated HD.PARTPIN_LOCS, which will prevent the partial routing of the signal "s_axi_CTRL_araddr[0]". Without this partial route, timing analysis to/from this port will not be accurate, and no routing information for this port can be exported.
WARNING: [Route 35-198] Port "s_axi_CTRL_araddr[3]" does not have an associated HD.PARTPIN_LOCS, which will prevent the partial routing of the signal "s_axi_CTRL_araddr[3]". Without this partial route, timing analysis to/from this port will not be accurate, and no routing information for this port can be exported.
WARNING: [Route 35-198] Port "s_axi_CTRL_araddr[2]" does not have an associated HD.PARTPIN_LOCS, which will prevent the partial routing of the signal "s_axi_CTRL_araddr[2]". Without this partial route, timing analysis to/from this port will not be accurate, and no routing information for this port can be exported.
WARNING: [Route 35-198] Port "s_axi_CTRL_araddr[5]" does not have an associated HD.PARTPIN_LOCS, which will prevent the partial routing of the signal "s_axi_CTRL_araddr[5]". Without this partial route, timing analysis to/from this port will not be accurate, and no routing information for this port can be exported.
WARNING: [Route 35-198] Port "s_axi_CTRL_araddr[4]" does not have an associated HD.PARTPIN_LOCS, which will prevent the partial routing of the signal "s_axi_CTRL_araddr[4]". Without this partial route, timing analysis to/from this port will not be accurate, and no routing information for this port can be exported.
WARNING: [Route 35-198] Port "s_axi_CTRL_wdata[24]" does not have an associated HD.PARTPIN_LOCS, which will prevent the partial routing of the signal "s_axi_CTRL_wdata[24]". Without this partial route, timing analysis to/from this port will not be accurate, and no routing information for this port can be exported.
WARNING: [Route 35-198] Port "s_axi_CTRL_wdata[25]" does not have an associated HD.PARTPIN_LOCS, which will prevent the partial routing of the signal "s_axi_CTRL_wdata[25]". Without this partial route, timing analysis to/from this port will not be accurate, and no routing information for this port can be exported.
WARNING: [Route 35-198] Port "s_axi_CTRL_wdata[16]" does not have an associated HD.PARTPIN_LOCS, which will prevent the partial routing of the signal "s_axi_CTRL_wdata[16]". Without this partial route, timing analysis to/from this port will not be accurate, and no routing information for this port can be exported.
WARNING: [Route 35-198] Port "s_axi_CTRL_wdata[17]" does not have an associated HD.PARTPIN_LOCS, which will prevent the partial routing of the signal "s_axi_CTRL_wdata[17]". Without this partial route, timing analysis to/from this port will not be accurate, and no routing information for this port can be exported.
WARNING: [Route 35-198] Port "s_axi_CTRL_wstrb[1]" does not have an associated HD.PARTPIN_LOCS, which will prevent the partial routing of the signal "s_axi_CTRL_wstrb[1]". Without this partial route, timing analysis to/from this port will not be accurate, and no routing information for this port can be exported.
WARNING: [Route 35-198] Port "s_axi_CTRL_wdata[10]" does not have an associated HD.PARTPIN_LOCS, which will prevent the partial routing of the signal "s_axi_CTRL_wdata[10]". Without this partial route, timing analysis to/from this port will not be accurate, and no routing information for this port can be exported.
WARNING: [Route 35-198] Port "s_axi_CTRL_wdata[11]" does not have an associated HD.PARTPIN_LOCS, which will prevent the partial routing of the signal "s_axi_CTRL_wdata[11]". Without this partial route, timing analysis to/from this port will not be accurate, and no routing information for this port can be exported.
WARNING: [Route 35-198] Port "ap_rst_n" does not have an associated HD.PARTPIN_LOCS, which will prevent the partial routing of the signal "ap_rst_n". Without this partial route, timing analysis to/from this port will not be accurate, and no routing information for this port can be exported.
WARNING: [Route 35-198] Port "s_axi_CTRL_wdata[12]" does not have an associated HD.PARTPIN_LOCS, which will prevent the partial routing of the signal "s_axi_CTRL_wdata[12]". Without this partial route, timing analysis to/from this port will not be accurate, and no routing information for this port can be exported.
WARNING: [Route 35-198] Port "s_axi_CTRL_wdata[13]" does not have an associated HD.PARTPIN_LOCS, which will prevent the partial routing of the signal "s_axi_CTRL_wdata[13]". Without this partial route, timing analysis to/from this port will not be accurate, and no routing information for this port can be exported.
WARNING: [Route 35-198] Port "s_axi_CTRL_wdata[14]" does not have an associated HD.PARTPIN_LOCS, which will prevent the partial routing of the signal "s_axi_CTRL_wdata[14]". Without this partial route, timing analysis to/from this port will not be accurate, and no routing information for this port can be exported.
WARNING: [Route 35-198] Port "s_axi_CTRL_wdata[15]" does not have an associated HD.PARTPIN_LOCS, which will prevent the partial routing of the signal "s_axi_CTRL_wdata[15]". Without this partial route, timing analysis to/from this port will not be accurate, and no routing information for this port can be exported.
WARNING: [Route 35-198] Port "s_axi_CTRL_wstrb[0]" does not have an associated HD.PARTPIN_LOCS, which will prevent the partial routing of the signal "s_axi_CTRL_wstrb[0]". Without this partial route, timing analysis to/from this port will not be accurate, and no routing information for this port can be exported.
WARNING: [Route 35-198] Port "s_axi_CTRL_wdata[0]" does not have an associated HD.PARTPIN_LOCS, which will prevent the partial routing of the signal "s_axi_CTRL_wdata[0]". Without this partial route, timing analysis to/from this port will not be accurate, and no routing information for this port can be exported.
WARNING: [Route 35-198] Port "s_axi_CTRL_wdata[1]" does not have an associated HD.PARTPIN_LOCS, which will prevent the partial routing of the signal "s_axi_CTRL_wdata[1]". Without this partial route, timing analysis to/from this port will not be accurate, and no routing information for this port can be exported.
WARNING: [Route 35-198] Port "s_axi_CTRL_wdata[2]" does not have an associated HD.PARTPIN_LOCS, which will prevent the partial routing of the signal "s_axi_CTRL_wdata[2]". Without this partial route, timing analysis to/from this port will not be accurate, and no routing information for this port can be exported.
WARNING: [Route 35-198] Port "s_axi_CTRL_wdata[7]" does not have an associated HD.PARTPIN_LOCS, which will prevent the partial routing of the signal "s_axi_CTRL_wdata[7]". Without this partial route, timing analysis to/from this port will not be accurate, and no routing information for this port can be exported.
WARNING: [Route 35-198] Port "s_axi_CTRL_wdata[8]" does not have an associated HD.PARTPIN_LOCS, which will prevent the partial routing of the signal "s_axi_CTRL_wdata[8]". Without this partial route, timing analysis to/from this port will not be accurate, and no routing information for this port can be exported.
WARNING: [Route 35-198] Port "s_axi_CTRL_wdata[9]" does not have an associated HD.PARTPIN_LOCS, which will prevent the partial routing of the signal "s_axi_CTRL_wdata[9]". Without this partial route, timing analysis to/from this port will not be accurate, and no routing information for this port can be exported.
WARNING: [Route 35-198] Port "s_axi_CTRL_wdata[3]" does not have an associated HD.PARTPIN_LOCS, which will prevent the partial routing of the signal "s_axi_CTRL_wdata[3]". Without this partial route, timing analysis to/from this port will not be accurate, and no routing information for this port can be exported.
WARNING: [Route 35-198] Port "s_axi_CTRL_wdata[4]" does not have an associated HD.PARTPIN_LOCS, which will prevent the partial routing of the signal "s_axi_CTRL_wdata[4]". Without this partial route, timing analysis to/from this port will not be accurate, and no routing information for this port can be exported.
WARNING: [Route 35-198] Port "s_axi_CTRL_wdata[5]" does not have an associated HD.PARTPIN_LOCS, which will prevent the partial routing of the signal "s_axi_CTRL_wdata[5]". Without this partial route, timing analysis to/from this port will not be accurate, and no routing information for this port can be exported.
WARNING: [Route 35-198] Port "s_axi_CTRL_wdata[6]" does not have an associated HD.PARTPIN_LOCS, which will prevent the partial routing of the signal "s_axi_CTRL_wdata[6]". Without this partial route, timing analysis to/from this port will not be accurate, and no routing information for this port can be exported.
WARNING: [Route 35-198] Port "m_axi_gmem_arready" does not have an associated HD.PARTPIN_LOCS, which will prevent the partial routing of the signal "m_axi_gmem_arready". Without this partial route, timing analysis to/from this port will not be accurate, and no routing information for this port can be exported.
WARNING: [Route 35-198] Port "s_axi_CTRL_rready" does not have an associated HD.PARTPIN_LOCS, which will prevent the partial routing of the signal "s_axi_CTRL_rready". Without this partial route, timing analysis to/from this port will not be accurate, and no routing information for this port can be exported.
WARNING: [Route 35-198] Port "s_axi_CTRL_arvalid" does not have an associated HD.PARTPIN_LOCS, which will prevent the partial routing of the signal "s_axi_CTRL_arvalid". Without this partial route, timing analysis to/from this port will not be accurate, and no routing information for this port can be exported.
WARNING: [Route 35-198] Port "s_axi_CTRL_wvalid" does not have an associated HD.PARTPIN_LOCS, which will prevent the partial routing of the signal "s_axi_CTRL_wvalid". Without this partial route, timing analysis to/from this port will not be accurate, and no routing information for this port can be exported.
WARNING: [Route 35-198] Port "s_axi_CTRL_awaddr[2]" does not have an associated HD.PARTPIN_LOCS, which will prevent the partial routing of the signal "s_axi_CTRL_awaddr[2]". Without this partial route, timing analysis to/from this port will not be accurate, and no routing information for this port can be exported.
WARNING: [Route 35-198] Port "s_axi_CTRL_awaddr[3]" does not have an associated HD.PARTPIN_LOCS, which will prevent the partial routing of the signal "s_axi_CTRL_awaddr[3]". Without this partial route, timing analysis to/from this port will not be accurate, and no routing information for this port can be exported.
WARNING: [Route 35-198] Port "s_axi_CTRL_awaddr[4]" does not have an associated HD.PARTPIN_LOCS, which will prevent the partial routing of the signal "s_axi_CTRL_awaddr[4]". Without this partial route, timing analysis to/from this port will not be accurate, and no routing information for this port can be exported.
WARNING: [Route 35-198] Port "s_axi_CTRL_awaddr[5]" does not have an associated HD.PARTPIN_LOCS, which will prevent the partial routing of the signal "s_axi_CTRL_awaddr[5]". Without this partial route, timing analysis to/from this port will not be accurate, and no routing information for this port can be exported.
WARNING: [Route 35-198] Port "s_axi_CTRL_bready" does not have an associated HD.PARTPIN_LOCS, which will prevent the partial routing of the signal "s_axi_CTRL_bready". Without this partial route, timing analysis to/from this port will not be accurate, and no routing information for this port can be exported.
WARNING: [Route 35-198] Port "s_axi_CTRL_awvalid" does not have an associated HD.PARTPIN_LOCS, which will prevent the partial routing of the signal "s_axi_CTRL_awvalid". Without this partial route, timing analysis to/from this port will not be accurate, and no routing information for this port can be exported.
WARNING: [Route 35-198] Port "m_axi_gmem_awready" does not have an associated HD.PARTPIN_LOCS, which will prevent the partial routing of the signal "m_axi_gmem_awready". Without this partial route, timing analysis to/from this port will not be accurate, and no routing information for this port can be exported.
WARNING: [Route 35-198] Port "m_axi_gmem_bvalid" does not have an associated HD.PARTPIN_LOCS, which will prevent the partial routing of the signal "m_axi_gmem_bvalid". Without this partial route, timing analysis to/from this port will not be accurate, and no routing information for this port can be exported.
WARNING: [Route 35-198] Port "m_axi_gmem_wready" does not have an associated HD.PARTPIN_LOCS, which will prevent the partial routing of the signal "m_axi_gmem_wready". Without this partial route, timing analysis to/from this port will not be accurate, and no routing information for this port can be exported.
WARNING: [Route 35-198] Port "m_axi_gmem_rdata[13]" does not have an associated HD.PARTPIN_LOCS, which will prevent the partial routing of the signal "m_axi_gmem_rdata[13]". Without this partial route, timing analysis to/from this port will not be accurate, and no routing information for this port can be exported.
WARNING: [Route 35-198] Port "m_axi_gmem_rdata[23]" does not have an associated HD.PARTPIN_LOCS, which will prevent the partial routing of the signal "m_axi_gmem_rdata[23]". Without this partial route, timing analysis to/from this port will not be accurate, and no routing information for this port can be exported.
WARNING: [Route 35-198] Port "m_axi_gmem_rdata[31]" does not have an associated HD.PARTPIN_LOCS, which will prevent the partial routing of the signal "m_axi_gmem_rdata[31]". Without this partial route, timing analysis to/from this port will not be accurate, and no routing information for this port can be exported.
WARNING: [Route 35-198] Port "m_axi_gmem_rdata[5]" does not have an associated HD.PARTPIN_LOCS, which will prevent the partial routing of the signal "m_axi_gmem_rdata[5]". Without this partial route, timing analysis to/from this port will not be accurate, and no routing information for this port can be exported.
WARNING: [Route 35-198] Port "m_axi_gmem_rdata[21]" does not have an associated HD.PARTPIN_LOCS, which will prevent the partial routing of the signal "m_axi_gmem_rdata[21]". Without this partial route, timing analysis to/from this port will not be accurate, and no routing information for this port can be exported.
WARNING: [Route 35-198] Port "m_axi_gmem_rdata[27]" does not have an associated HD.PARTPIN_LOCS, which will prevent the partial routing of the signal "m_axi_gmem_rdata[27]". Without this partial route, timing analysis to/from this port will not be accurate, and no routing information for this port can be exported.
WARNING: [Route 35-198] Port "m_axi_gmem_rdata[28]" does not have an associated HD.PARTPIN_LOCS, which will prevent the partial routing of the signal "m_axi_gmem_rdata[28]". Without this partial route, timing analysis to/from this port will not be accurate, and no routing information for this port can be exported.
WARNING: [Route 35-198] Port "m_axi_gmem_rdata[19]" does not have an associated HD.PARTPIN_LOCS, which will prevent the partial routing of the signal "m_axi_gmem_rdata[19]". Without this partial route, timing analysis to/from this port will not be accurate, and no routing information for this port can be exported.
WARNING: [Route 35-198] Port "m_axi_gmem_rdata[29]" does not have an associated HD.PARTPIN_LOCS, which will prevent the partial routing of the signal "m_axi_gmem_rdata[29]". Without this partial route, timing analysis to/from this port will not be accurate, and no routing information for this port can be exported.
WARNING: [Route 35-198] Port "m_axi_gmem_rdata[30]" does not have an associated HD.PARTPIN_LOCS, which will prevent the partial routing of the signal "m_axi_gmem_rdata[30]". Without this partial route, timing analysis to/from this port will not be accurate, and no routing information for this port can be exported.
WARNING: [Route 35-198] Port "m_axi_gmem_rlast" does not have an associated HD.PARTPIN_LOCS, which will prevent the partial routing of the signal "m_axi_gmem_rlast". Without this partial route, timing analysis to/from this port will not be accurate, and no routing information for this port can be exported.
WARNING: [Route 35-198] Port "m_axi_gmem_rdata[4]" does not have an associated HD.PARTPIN_LOCS, which will prevent the partial routing of the signal "m_axi_gmem_rdata[4]". Without this partial route, timing analysis to/from this port will not be accurate, and no routing information for this port can be exported.
WARNING: [Route 35-198] Port "m_axi_gmem_rdata[20]" does not have an associated HD.PARTPIN_LOCS, which will prevent the partial routing of the signal "m_axi_gmem_rdata[20]". Without this partial route, timing analysis to/from this port will not be accurate, and no routing information for this port can be exported.
WARNING: [Route 35-198] Port "m_axi_gmem_rdata[12]" does not have an associated HD.PARTPIN_LOCS, which will prevent the partial routing of the signal "m_axi_gmem_rdata[12]". Without this partial route, timing analysis to/from this port will not be accurate, and no routing information for this port can be exported.
WARNING: [Route 35-198] Port "m_axi_gmem_rdata[15]" does not have an associated HD.PARTPIN_LOCS, which will prevent the partial routing of the signal "m_axi_gmem_rdata[15]". Without this partial route, timing analysis to/from this port will not be accurate, and no routing information for this port can be exported.
WARNING: [Route 35-198] Port "m_axi_gmem_rdata[26]" does not have an associated HD.PARTPIN_LOCS, which will prevent the partial routing of the signal "m_axi_gmem_rdata[26]". Without this partial route, timing analysis to/from this port will not be accurate, and no routing information for this port can be exported.
WARNING: [Route 35-198] Port "m_axi_gmem_rdata[2]" does not have an associated HD.PARTPIN_LOCS, which will prevent the partial routing of the signal "m_axi_gmem_rdata[2]". Without this partial route, timing analysis to/from this port will not be accurate, and no routing information for this port can be exported.
WARNING: [Route 35-198] Port "m_axi_gmem_rdata[6]" does not have an associated HD.PARTPIN_LOCS, which will prevent the partial routing of the signal "m_axi_gmem_rdata[6]". Without this partial route, timing analysis to/from this port will not be accurate, and no routing information for this port can be exported.
WARNING: [Route 35-198] Port "m_axi_gmem_rdata[7]" does not have an associated HD.PARTPIN_LOCS, which will prevent the partial routing of the signal "m_axi_gmem_rdata[7]". Without this partial route, timing analysis to/from this port will not be accurate, and no routing information for this port can be exported.
WARNING: [Route 35-198] Port "m_axi_gmem_rdata[14]" does not have an associated HD.PARTPIN_LOCS, which will prevent the partial routing of the signal "m_axi_gmem_rdata[14]". Without this partial route, timing analysis to/from this port will not be accurate, and no routing information for this port can be exported.
WARNING: [Route 35-198] Port "m_axi_gmem_rdata[18]" does not have an associated HD.PARTPIN_LOCS, which will prevent the partial routing of the signal "m_axi_gmem_rdata[18]". Without this partial route, timing analysis to/from this port will not be accurate, and no routing information for this port can be exported.
WARNING: [Route 35-198] Port "m_axi_gmem_rdata[9]" does not have an associated HD.PARTPIN_LOCS, which will prevent the partial routing of the signal "m_axi_gmem_rdata[9]". Without this partial route, timing analysis to/from this port will not be accurate, and no routing information for this port can be exported.
WARNING: [Route 35-198] Port "m_axi_gmem_rdata[1]" does not have an associated HD.PARTPIN_LOCS, which will prevent the partial routing of the signal "m_axi_gmem_rdata[1]". Without this partial route, timing analysis to/from this port will not be accurate, and no routing information for this port can be exported.
WARNING: [Route 35-198] Port "m_axi_gmem_rdata[25]" does not have an associated HD.PARTPIN_LOCS, which will prevent the partial routing of the signal "m_axi_gmem_rdata[25]". Without this partial route, timing analysis to/from this port will not be accurate, and no routing information for this port can be exported.
WARNING: [Route 35-198] Port "m_axi_gmem_rdata[0]" does not have an associated HD.PARTPIN_LOCS, which will prevent the partial routing of the signal "m_axi_gmem_rdata[0]". Without this partial route, timing analysis to/from this port will not be accurate, and no routing information for this port can be exported.
WARNING: [Route 35-198] Port "m_axi_gmem_rdata[22]" does not have an associated HD.PARTPIN_LOCS, which will prevent the partial routing of the signal "m_axi_gmem_rdata[22]". Without this partial route, timing analysis to/from this port will not be accurate, and no routing information for this port can be exported.
WARNING: [Route 35-198] Port "m_axi_gmem_rdata[3]" does not have an associated HD.PARTPIN_LOCS, which will prevent the partial routing of the signal "m_axi_gmem_rdata[3]". Without this partial route, timing analysis to/from this port will not be accurate, and no routing information for this port can be exported.
WARNING: [Route 35-198] Port "m_axi_gmem_rvalid" does not have an associated HD.PARTPIN_LOCS, which will prevent the partial routing of the signal "m_axi_gmem_rvalid". Without this partial route, timing analysis to/from this port will not be accurate, and no routing information for this port can be exported.
WARNING: [Route 35-198] Port "m_axi_gmem_rdata[10]" does not have an associated HD.PARTPIN_LOCS, which will prevent the partial routing of the signal "m_axi_gmem_rdata[10]". Without this partial route, timing analysis to/from this port will not be accurate, and no routing information for this port can be exported.
WARNING: [Route 35-198] Port "m_axi_gmem_rdata[11]" does not have an associated HD.PARTPIN_LOCS, which will prevent the partial routing of the signal "m_axi_gmem_rdata[11]". Without this partial route, timing analysis to/from this port will not be accurate, and no routing information for this port can be exported.
WARNING: [Route 35-198] Port "m_axi_gmem_rdata[16]" does not have an associated HD.PARTPIN_LOCS, which will prevent the partial routing of the signal "m_axi_gmem_rdata[16]". Without this partial route, timing analysis to/from this port will not be accurate, and no routing information for this port can be exported.
WARNING: [Route 35-198] Port "m_axi_gmem_rdata[17]" does not have an associated HD.PARTPIN_LOCS, which will prevent the partial routing of the signal "m_axi_gmem_rdata[17]". Without this partial route, timing analysis to/from this port will not be accurate, and no routing information for this port can be exported.
WARNING: [Route 35-198] Port "m_axi_gmem_rdata[24]" does not have an associated HD.PARTPIN_LOCS, which will prevent the partial routing of the signal "m_axi_gmem_rdata[24]". Without this partial route, timing analysis to/from this port will not be accurate, and no routing information for this port can be exported.
WARNING: [Route 35-198] Port "m_axi_gmem_rdata[8]" does not have an associated HD.PARTPIN_LOCS, which will prevent the partial routing of the signal "m_axi_gmem_rdata[8]". Without this partial route, timing analysis to/from this port will not be accurate, and no routing information for this port can be exported.
WARNING: [Constraints 18-8777] Unable to split tiles. All required files are not available.
Post Restoration Checksum: NetGraph: 7052826e | NumContArr: 634224c2 | Constraints: c2a8fa9d | Timing: c2a8fa9d
Phase 1 Build RT Design | Checksum: 258e69c6a

Time (s): cpu = 00:00:20 ; elapsed = 00:00:20 . Memory (MB): peak = 2321.352 ; gain = 72.973

Phase 2 Router Initialization

Phase 2.1 Fix Topology Constraints
Phase 2.1 Fix Topology Constraints | Checksum: 258e69c6a

Time (s): cpu = 00:00:20 ; elapsed = 00:00:20 . Memory (MB): peak = 2321.352 ; gain = 72.973

Phase 2.2 Pre Route Cleanup
Phase 2.2 Pre Route Cleanup | Checksum: 258e69c6a

Time (s): cpu = 00:00:20 ; elapsed = 00:00:20 . Memory (MB): peak = 2321.352 ; gain = 72.973
 Number of Nodes with overlaps = 0

Phase 2.3 Update Timing
Phase 2.3 Update Timing | Checksum: 33f74a581

Time (s): cpu = 00:00:20 ; elapsed = 00:00:21 . Memory (MB): peak = 2390.578 ; gain = 142.199
INFO: [Route 35-416] Intermediate Timing Summary | WNS=0.023  | TNS=0.000  | WHS=0.058  | THS=0.000  |


Router Utilization Summary
  Global Vertical Routing Utilization    = 0 %
  Global Horizontal Routing Utilization  = 0 %
  Routable Net Status*
  *Does not include unroutable nets such as driverless and loadless.
  Run report_route_status for detailed report.
  Number of Failed Nets               = 3943
    (Failed Nets is the sum of unrouted and partially routed nets)
  Number of Unrouted Nets             = 3943
  Number of Partially Routed Nets     = 0
  Number of Node Overlaps             = 0

Phase 2 Router Initialization | Checksum: 3064cf3b8

Time (s): cpu = 00:00:20 ; elapsed = 00:00:21 . Memory (MB): peak = 2403.934 ; gain = 155.555

Phase 3 Global Routing
Phase 3 Global Routing | Checksum: 3064cf3b8

Time (s): cpu = 00:00:20 ; elapsed = 00:00:21 . Memory (MB): peak = 2403.934 ; gain = 155.555

Phase 4 Initial Routing

Phase 4.1 Initial Net Routing Pass
Phase 4.1 Initial Net Routing Pass | Checksum: 27d2e7e42

Time (s): cpu = 00:00:20 ; elapsed = 00:00:21 . Memory (MB): peak = 2403.934 ; gain = 155.555
Phase 4 Initial Routing | Checksum: 27d2e7e42

Time (s): cpu = 00:00:20 ; elapsed = 00:00:21 . Memory (MB): peak = 2403.934 ; gain = 155.555

Phase 5 Rip-up And Reroute

Phase 5.1 Global Iteration 0
 Number of Nodes with overlaps = 374
 Number of Nodes with overlaps = 70
 Number of Nodes with overlaps = 32
 Number of Nodes with overlaps = 20
 Number of Nodes with overlaps = 15
 Number of Nodes with overlaps = 6
 Number of Nodes with overlaps = 5
 Number of Nodes with overlaps = 2
 Number of Nodes with overlaps = 0
INFO: [Route 35-416] Intermediate Timing Summary | WNS=0.019  | TNS=0.000  | WHS=N/A    | THS=N/A    |

Phase 5.1 Global Iteration 0 | Checksum: 264309aa6

Time (s): cpu = 00:00:23 ; elapsed = 00:00:25 . Memory (MB): peak = 2433.754 ; gain = 185.375

Phase 5.2 Global Iteration 1
 Number of Nodes with overlaps = 43
 Number of Nodes with overlaps = 19
 Number of Nodes with overlaps = 5
 Number of Nodes with overlaps = 15
 Number of Nodes with overlaps = 1
 Number of Nodes with overlaps = 1
 Number of Nodes with overlaps = 0
INFO: [Route 35-416] Intermediate Timing Summary | WNS=0.000  | TNS=0.000  | WHS=N/A    | THS=N/A    |

Phase 5.2 Global Iteration 1 | Checksum: 23c3af63c

Time (s): cpu = 00:00:25 ; elapsed = 00:00:27 . Memory (MB): peak = 2433.754 ; gain = 185.375
Phase 5 Rip-up And Reroute | Checksum: 23c3af63c

Time (s): cpu = 00:00:25 ; elapsed = 00:00:27 . Memory (MB): peak = 2433.754 ; gain = 185.375

Phase 6 Delay and Skew Optimization

Phase 6.1 Delay CleanUp

Phase 6.1.1 Update Timing
Phase 6.1.1 Update Timing | Checksum: 23c3af63c

Time (s): cpu = 00:00:25 ; elapsed = 00:00:27 . Memory (MB): peak = 2433.754 ; gain = 185.375
INFO: [Route 35-416] Intermediate Timing Summary | WNS=0.019  | TNS=0.000  | WHS=N/A    | THS=N/A    |

Phase 6.1 Delay CleanUp | Checksum: 23c3af63c

Time (s): cpu = 00:00:25 ; elapsed = 00:00:27 . Memory (MB): peak = 2433.754 ; gain = 185.375

Phase 6.2 Clock Skew Optimization
Phase 6.2 Clock Skew Optimization | Checksum: 23c3af63c

Time (s): cpu = 00:00:25 ; elapsed = 00:00:27 . Memory (MB): peak = 2433.754 ; gain = 185.375
Phase 6 Delay and Skew Optimization | Checksum: 23c3af63c

Time (s): cpu = 00:00:25 ; elapsed = 00:00:27 . Memory (MB): peak = 2433.754 ; gain = 185.375

Phase 7 Post Hold Fix

Phase 7.1 Hold Fix Iter
INFO: [Route 35-416] Intermediate Timing Summary | WNS=0.019  | TNS=0.000  | WHS=0.048  | THS=0.000  |

Phase 7.1 Hold Fix Iter | Checksum: 1d7980238

Time (s): cpu = 00:00:25 ; elapsed = 00:00:28 . Memory (MB): peak = 2433.754 ; gain = 185.375
Phase 7 Post Hold Fix | Checksum: 1d7980238

Time (s): cpu = 00:00:25 ; elapsed = 00:00:28 . Memory (MB): peak = 2433.754 ; gain = 185.375

Phase 8 Route finalize

Router Utilization Summary
  Global Vertical Routing Utilization    = 0.662576 %
  Global Horizontal Routing Utilization  = 0.751944 %
  Routable Net Status*
  *Does not include unroutable nets such as driverless and loadless.
  Run report_route_status for detailed report.
  Number of Failed Nets               = 0
    (Failed Nets is the sum of unrouted and partially routed nets)
  Number of Unrouted Nets             = 0
  Number of Partially Routed Nets     = 0
  Number of Node Overlaps             = 0

Phase 8 Route finalize | Checksum: 1d7980238

Time (s): cpu = 00:00:25 ; elapsed = 00:00:28 . Memory (MB): peak = 2433.754 ; gain = 185.375

Phase 9 Verifying routed nets

 Verification completed successfully
Phase 9 Verifying routed nets | Checksum: 1d7980238

Time (s): cpu = 00:00:25 ; elapsed = 00:00:28 . Memory (MB): peak = 2433.754 ; gain = 185.375

Phase 10 Depositing Routes
Phase 10 Depositing Routes | Checksum: 29f0e73cc

Time (s): cpu = 00:00:25 ; elapsed = 00:00:28 . Memory (MB): peak = 2433.754 ; gain = 185.375

Phase 11 Post Process Routing
Phase 11 Post Process Routing | Checksum: 29f0e73cc

Time (s): cpu = 00:00:25 ; elapsed = 00:00:28 . Memory (MB): peak = 2433.754 ; gain = 185.375

Phase 12 Post Router Timing
INFO: [Route 35-57] Estimated Timing Summary | WNS=0.019  | TNS=0.000  | WHS=0.048  | THS=0.000  |

INFO: [Route 35-327] The final timing numbers are based on the router estimated timing analysis. For a complete and accurate timing signoff, please run report_timing_summary.
Phase 12 Post Router Timing | Checksum: 29f0e73cc

Time (s): cpu = 00:00:25 ; elapsed = 00:00:28 . Memory (MB): peak = 2433.754 ; gain = 185.375
Total Elapsed time in route_design: 27.72 secs

Phase 13 Post-Route Event Processing
Phase 13 Post-Route Event Processing | Checksum: 1c0725edb

Time (s): cpu = 00:00:25 ; elapsed = 00:00:28 . Memory (MB): peak = 2433.754 ; gain = 185.375
INFO: [Route 35-16] Router Completed Successfully
Ending Routing Task | Checksum: 1c0725edb

Time (s): cpu = 00:00:25 ; elapsed = 00:00:28 . Memory (MB): peak = 2433.754 ; gain = 185.375

Routing Is Done.
INFO: [Common 17-83] Releasing license: Implementation
248 Infos, 94 Warnings, 0 Critical Warnings and 0 Errors encountered.
route_design completed successfully
route_design: Time (s): cpu = 00:00:26 ; elapsed = 00:00:29 . Memory (MB): peak = 2433.754 ; gain = 185.375
INFO: [Vivado 12-24828] Executing command : report_drc -file bd_0_wrapper_drc_routed.rpt -pb bd_0_wrapper_drc_routed.pb -rpx bd_0_wrapper_drc_routed.rpx
Command: report_drc -file bd_0_wrapper_drc_routed.rpt -pb bd_0_wrapper_drc_routed.pb -rpx bd_0_wrapper_drc_routed.rpx
INFO: [IP_Flow 19-1839] IP Catalog is up to date.
INFO: [DRC 23-27] Running DRC with 2 threads
INFO: [Vivado_Tcl 2-168] The results of DRC are in file E:/robot/project/FPGA/ZedBoard/HLS_lab/source/fir/prj/hoisting/kernel/fir_hoisting/hoisting/impl/verilog/project.runs/impl_1/bd_0_wrapper_drc_routed.rpt.
report_drc completed successfully
INFO: [Vivado 12-24828] Executing command : report_methodology -file bd_0_wrapper_methodology_drc_routed.rpt -pb bd_0_wrapper_methodology_drc_routed.pb -rpx bd_0_wrapper_methodology_drc_routed.rpx
Command: report_methodology -file bd_0_wrapper_methodology_drc_routed.rpt -pb bd_0_wrapper_methodology_drc_routed.pb -rpx bd_0_wrapper_methodology_drc_routed.rpx
INFO: [Timing 38-35] Done setting XDC timing constraints.
WARNING: [Timing 38-242] The property HD.CLK_SRC of clock port "ap_clk" is not set. In out-of-context mode, this prevents timing estimation for clock delay/skew
Resolution: Set the HD.CLK_SRC property of the out-of-context port to the location of the clock buffer instance in the top-level design
INFO: [DRC 23-133] Running Methodology with 2 threads
INFO: [Vivado_Tcl 2-1520] The results of Report Methodology are in file E:/robot/project/FPGA/ZedBoard/HLS_lab/source/fir/prj/hoisting/kernel/fir_hoisting/hoisting/impl/verilog/project.runs/impl_1/bd_0_wrapper_methodology_drc_routed.rpt.
report_methodology completed successfully
INFO: [Vivado 12-24828] Executing command : report_timing_summary -max_paths 10 -report_unconstrained -file bd_0_wrapper_timing_summary_routed.rpt -pb bd_0_wrapper_timing_summary_routed.pb -rpx bd_0_wrapper_timing_summary_routed.rpx -warn_on_violation 
INFO: [Timing 38-35] Done setting XDC timing constraints.
INFO: [Timing 38-91] UpdateTimingParams: Speed grade: -1, Delay Type: min_max.
INFO: [Timing 38-191] Multithreading enabled for timing update using a maximum of 2 CPUs
INFO: [Vivado 12-24838] Running report commands "report_incremental_reuse, report_route_status" in parallel.
Running report generation with 2 threads.
INFO: [Vivado 12-24828] Executing command : report_incremental_reuse -file bd_0_wrapper_incremental_reuse_routed.rpt
INFO: [Vivado_Tcl 4-1062] Incremental flow is disabled. No incremental reuse Info to report.
INFO: [Vivado 12-24828] Executing command : report_route_status -file bd_0_wrapper_route_status.rpt -pb bd_0_wrapper_route_status.pb
INFO: [Vivado 12-24828] Executing command : report_power -file bd_0_wrapper_power_routed.rpt -pb bd_0_wrapper_power_summary_routed.pb -rpx bd_0_wrapper_power_routed.rpx
Command: report_power -file bd_0_wrapper_power_routed.rpt -pb bd_0_wrapper_power_summary_routed.pb -rpx bd_0_wrapper_power_routed.rpx
Running Vector-less Activity Propagation...

Finished Running Vector-less Activity Propagation
265 Infos, 95 Warnings, 0 Critical Warnings and 0 Errors encountered.
report_power completed successfully
INFO: [Vivado 12-24828] Executing command : report_clock_utilization -file bd_0_wrapper_clock_utilization_routed.rpt
WARNING: [Device 21-9320] Failed to find the Oracle tile group with name 'HSR_BOUNDARY_TOP'. This is required for Clock regions and Virtual grid.
WARNING: [Device 21-2174] Failed to initialize Virtual grid.
INFO: [Vivado 12-24828] Executing command : report_bus_skew -warn_on_violation -file bd_0_wrapper_bus_skew_routed.rpt -pb bd_0_wrapper_bus_skew_routed.pb -rpx bd_0_wrapper_bus_skew_routed.rpx
INFO: [Timing 38-91] UpdateTimingParams: Speed grade: -1, Delay Type: min_max.
INFO: [Timing 38-191] Multithreading enabled for timing update using a maximum of 2 CPUs
INFO: [Timing 38-480] Writing timing data to binary archive.
Write ShapeDB Complete: Time (s): cpu = 00:00:00 ; elapsed = 00:00:00.009 . Memory (MB): peak = 2433.754 ; gain = 0.000
Wrote PlaceDB: Time (s): cpu = 00:00:01 ; elapsed = 00:00:00.233 . Memory (MB): peak = 2433.754 ; gain = 0.000
Wrote PulsedLatchDB: Time (s): cpu = 00:00:00 ; elapsed = 00:00:00 . Memory (MB): peak = 2433.754 ; gain = 0.000
Writing XDEF routing.
Writing XDEF routing logical nets.
Writing XDEF routing special nets.
Wrote RouteStorage: Time (s): cpu = 00:00:00 ; elapsed = 00:00:00.055 . Memory (MB): peak = 2433.754 ; gain = 0.000
Wrote Netlist Cache: Time (s): cpu = 00:00:00 ; elapsed = 00:00:00.006 . Memory (MB): peak = 2433.754 ; gain = 0.000
Wrote Device Cache: Time (s): cpu = 00:00:00 ; elapsed = 00:00:00.009 . Memory (MB): peak = 2433.754 ; gain = 0.000
Write Physdb Complete: Time (s): cpu = 00:00:01 ; elapsed = 00:00:00.314 . Memory (MB): peak = 2433.754 ; gain = 0.000
INFO: [Common 17-1381] The checkpoint 'E:/robot/project/FPGA/ZedBoard/HLS_lab/source/fir/prj/hoisting/kernel/fir_hoisting/hoisting/impl/verilog/project.runs/impl_1/bd_0_wrapper_routed.dcp' has been generated.
INFO: [Common 17-206] Exiting Vivado at Thu Oct 24 17:40:14 2024...
