

================================================================
== Vitis HLS Report for 'dct_Pipeline_Xpose_Row_Outer_Loop_Xpose_Row_Inner_Loop'
================================================================
* Date:           Wed Oct 30 16:20:34 2024

* Version:        2024.1 (Build 5069499 on May 21 2024)
* Project:        dct
* Solution:       hls (Vivado IP Flow Target)
* Product family: zynq
* Target device:  xc7z020-clg484-1


================================================================
== Performance Estimates
================================================================
+ Timing: 
    * Summary: 
    +--------+----------+----------+------------+
    |  Clock |  Target  | Estimated| Uncertainty|
    +--------+----------+----------+------------+
    |ap_clk  |  10.00 ns|  6.082 ns|     2.70 ns|
    +--------+----------+----------+------------+

+ Latency: 
    * Summary: 
    +---------+---------+----------+----------+-----+-----+-----------------------------------------------+
    |  Latency (cycles) |  Latency (absolute) |  Interval |                    Pipeline                   |
    |   min   |   max   |    min   |    max   | min | max |                      Type                     |
    +---------+---------+----------+----------+-----+-----+-----------------------------------------------+
    |       68|       68|  0.680 us|  0.680 us|   65|   65|  loop auto-rewind stp(delay=0 clock cycles(s))|
    +---------+---------+----------+----------+-----+-----+-----------------------------------------------+

    + Detail: 
        * Instance: 
        N/A

        * Loop: 
        +---------------------------------------------+---------+---------+----------+-----------+-----------+------+----------+
        |                                             |  Latency (cycles) | Iteration|  Initiation Interval  | Trip |          |
        |                  Loop Name                  |   min   |   max   |  Latency |  achieved |   target  | Count| Pipelined|
        +---------------------------------------------+---------+---------+----------+-----------+-----------+------+----------+
        |- Xpose_Row_Outer_Loop_Xpose_Row_Inner_Loop  |       66|       66|         4|          1|          1|    64|       yes|
        +---------------------------------------------+---------+---------+----------+-----------+-----------+------+----------+

============================================================
+ Verbose Summary: Synthesis Manager
============================================================
InlineROM: 1
ExposeGlobal: 0
============================================================
+ Verbose Summary: CDFG Model
============================================================
IsTopModel: 0
ResetActiveHigh: 1
IsCombinational: 0
IsDatapathOnly: 0
HasWiredReturn: 1
HasMFsm: 2
HasVarLatency: 1
IsPipeline: 0
IsRtlPipelined: 0
IsInstanceOverlapped: 0
IsDontTouch: 0
HasImplIP: 0
IsGatedGlobalClock: 0

+ Individual pipeline summary: 
  * Pipeline-0: initiation interval (II) = 1, depth = 4


============================================================
+ Verbose Summary: Schedule
============================================================
* Number of FSM states : 4
* Pipeline : 1
  Pipeline-0 : II = 1, D = 4, States = { 1 2 3 4 }
* Dataflow Pipeline: 0

* FSM state transitions: 
1 --> 2 
2 --> 3 
3 --> 4 
4 --> 

* FSM state operations: 

State 1 <SV = 0> <Delay = 5.04>
ST_1 : Operation 7 [1/1] (0.00ns)   --->   "%i = alloca i32 1" [../../High-Level-Synthesis-Flow-on-Zynq-using-Vivado-HLS/source/lab3/dct.c:28->../../High-Level-Synthesis-Flow-on-Zynq-using-Vivado-HLS/source/lab3/dct.c:87]   --->   Operation 7 'alloca' 'i' <Predicate = true> <Delay = 0.00>
ST_1 : Operation 8 [1/1] (0.00ns)   --->   "%j = alloca i32 1" [../../High-Level-Synthesis-Flow-on-Zynq-using-Vivado-HLS/source/lab3/dct.c:28->../../High-Level-Synthesis-Flow-on-Zynq-using-Vivado-HLS/source/lab3/dct.c:87]   --->   Operation 8 'alloca' 'j' <Predicate = true> <Delay = 0.00>
ST_1 : Operation 9 [1/1] (0.00ns)   --->   "%indvar_flatten13 = alloca i32 1"   --->   Operation 9 'alloca' 'indvar_flatten13' <Predicate = true> <Delay = 0.00>
ST_1 : Operation 10 [1/1] (1.58ns)   --->   "%store_ln0 = store i7 0, i7 %indvar_flatten13"   --->   Operation 10 'store' 'store_ln0' <Predicate = true> <Delay = 1.58>
ST_1 : Operation 11 [1/1] (1.58ns)   --->   "%store_ln28 = store i4 0, i4 %j" [../../High-Level-Synthesis-Flow-on-Zynq-using-Vivado-HLS/source/lab3/dct.c:28->../../High-Level-Synthesis-Flow-on-Zynq-using-Vivado-HLS/source/lab3/dct.c:87]   --->   Operation 11 'store' 'store_ln28' <Predicate = true> <Delay = 1.58>
ST_1 : Operation 12 [1/1] (1.58ns)   --->   "%store_ln28 = store i4 0, i4 %i" [../../High-Level-Synthesis-Flow-on-Zynq-using-Vivado-HLS/source/lab3/dct.c:28->../../High-Level-Synthesis-Flow-on-Zynq-using-Vivado-HLS/source/lab3/dct.c:87]   --->   Operation 12 'store' 'store_ln28' <Predicate = true> <Delay = 1.58>
ST_1 : Operation 13 [1/1] (0.00ns)   --->   "%br_ln0 = br void %for.inc18.i"   --->   Operation 13 'br' 'br_ln0' <Predicate = true> <Delay = 0.00>
ST_1 : Operation 14 [1/1] (0.00ns)   --->   "%indvar_flatten13_load = load i7 %indvar_flatten13" [../../High-Level-Synthesis-Flow-on-Zynq-using-Vivado-HLS/source/lab3/dct.c:37->../../High-Level-Synthesis-Flow-on-Zynq-using-Vivado-HLS/source/lab3/dct.c:87]   --->   Operation 14 'load' 'indvar_flatten13_load' <Predicate = true> <Delay = 0.00>
ST_1 : Operation 15 [1/1] (1.87ns)   --->   "%icmp_ln37 = icmp_eq  i7 %indvar_flatten13_load, i7 64" [../../High-Level-Synthesis-Flow-on-Zynq-using-Vivado-HLS/source/lab3/dct.c:37->../../High-Level-Synthesis-Flow-on-Zynq-using-Vivado-HLS/source/lab3/dct.c:87]   --->   Operation 15 'icmp' 'icmp_ln37' <Predicate = true> <Delay = 1.87> <CoreInst = "Cmp">   --->   Core 9 'Cmp' <Latency = 0> <II = 1> <Delay = 1.87> <FuncUnit> <Opcode : 'seteq' 'setne' 'setle' 'setge' 'setlt' 'setgt'> <InPorts = 2> <OutPorts = 1>
ST_1 : Operation 16 [1/1] (1.87ns)   --->   "%add_ln37_1 = add i7 %indvar_flatten13_load, i7 1" [../../High-Level-Synthesis-Flow-on-Zynq-using-Vivado-HLS/source/lab3/dct.c:37->../../High-Level-Synthesis-Flow-on-Zynq-using-Vivado-HLS/source/lab3/dct.c:87]   --->   Operation 16 'add' 'add_ln37_1' <Predicate = true> <Delay = 1.87> <CoreInst = "Adder">   --->   Core 1 'Adder' <Latency = 0> <II = 1> <Delay = 1.87> <FuncUnit> <Opcode : 'add' 'sub'> <InPorts = 2> <OutPorts = 1>
ST_1 : Operation 17 [1/1] (0.00ns)   --->   "%br_ln37 = br i1 %icmp_ln37, void %for.inc21.i, void %DCT_Inner_Loop.i31.i.preheader.exitStub" [../../High-Level-Synthesis-Flow-on-Zynq-using-Vivado-HLS/source/lab3/dct.c:37->../../High-Level-Synthesis-Flow-on-Zynq-using-Vivado-HLS/source/lab3/dct.c:87]   --->   Operation 17 'br' 'br_ln37' <Predicate = true> <Delay = 0.00>
ST_1 : Operation 18 [1/1] (1.58ns)   --->   "%store_ln37 = store i7 %add_ln37_1, i7 %indvar_flatten13" [../../High-Level-Synthesis-Flow-on-Zynq-using-Vivado-HLS/source/lab3/dct.c:37->../../High-Level-Synthesis-Flow-on-Zynq-using-Vivado-HLS/source/lab3/dct.c:87]   --->   Operation 18 'store' 'store_ln37' <Predicate = (!icmp_ln37)> <Delay = 1.58>

State 2 <SV = 1> <Delay = 6.08>
ST_2 : Operation 19 [1/1] (0.00ns)   --->   "%i_load = load i4 %i" [../../High-Level-Synthesis-Flow-on-Zynq-using-Vivado-HLS/source/lab3/dct.c:39->../../High-Level-Synthesis-Flow-on-Zynq-using-Vivado-HLS/source/lab3/dct.c:87]   --->   Operation 19 'load' 'i_load' <Predicate = true> <Delay = 0.00>
ST_2 : Operation 20 [1/1] (0.00ns)   --->   "%j_load = load i4 %j" [../../High-Level-Synthesis-Flow-on-Zynq-using-Vivado-HLS/source/lab3/dct.c:37->../../High-Level-Synthesis-Flow-on-Zynq-using-Vivado-HLS/source/lab3/dct.c:87]   --->   Operation 20 'load' 'j_load' <Predicate = true> <Delay = 0.00>
ST_2 : Operation 21 [1/1] (1.73ns)   --->   "%add_ln37 = add i4 %j_load, i4 1" [../../High-Level-Synthesis-Flow-on-Zynq-using-Vivado-HLS/source/lab3/dct.c:37->../../High-Level-Synthesis-Flow-on-Zynq-using-Vivado-HLS/source/lab3/dct.c:87]   --->   Operation 21 'add' 'add_ln37' <Predicate = true> <Delay = 1.73> <CoreInst = "Adder">   --->   Core 1 'Adder' <Latency = 0> <II = 1> <Delay = 1.73> <FuncUnit> <Opcode : 'add' 'sub'> <InPorts = 2> <OutPorts = 1>
ST_2 : Operation 22 [1/1] (1.73ns)   --->   "%icmp_ln39 = icmp_eq  i4 %i_load, i4 8" [../../High-Level-Synthesis-Flow-on-Zynq-using-Vivado-HLS/source/lab3/dct.c:39->../../High-Level-Synthesis-Flow-on-Zynq-using-Vivado-HLS/source/lab3/dct.c:87]   --->   Operation 22 'icmp' 'icmp_ln39' <Predicate = true> <Delay = 1.73> <CoreInst = "Cmp">   --->   Core 9 'Cmp' <Latency = 0> <II = 1> <Delay = 1.73> <FuncUnit> <Opcode : 'seteq' 'setne' 'setle' 'setge' 'setlt' 'setgt'> <InPorts = 2> <OutPorts = 1>
ST_2 : Operation 23 [1/1] (1.02ns)   --->   "%select_ln28 = select i1 %icmp_ln39, i4 0, i4 %i_load" [../../High-Level-Synthesis-Flow-on-Zynq-using-Vivado-HLS/source/lab3/dct.c:28->../../High-Level-Synthesis-Flow-on-Zynq-using-Vivado-HLS/source/lab3/dct.c:87]   --->   Operation 23 'select' 'select_ln28' <Predicate = true> <Delay = 1.02> <CoreInst = "Sel">   --->   Core 73 'Sel' <Latency = 0> <II = 1> <Delay = 1.02> <FuncUnit> <Opcode : 'select'> <InPorts = 3> <OutPorts = 1>
ST_2 : Operation 24 [1/1] (0.00ns)   --->   "%trunc_ln37 = trunc i4 %select_ln28" [../../High-Level-Synthesis-Flow-on-Zynq-using-Vivado-HLS/source/lab3/dct.c:37->../../High-Level-Synthesis-Flow-on-Zynq-using-Vivado-HLS/source/lab3/dct.c:87]   --->   Operation 24 'trunc' 'trunc_ln37' <Predicate = true> <Delay = 0.00>
ST_2 : Operation 25 [1/1] (1.02ns)   --->   "%select_ln37 = select i1 %icmp_ln39, i4 %add_ln37, i4 %j_load" [../../High-Level-Synthesis-Flow-on-Zynq-using-Vivado-HLS/source/lab3/dct.c:37->../../High-Level-Synthesis-Flow-on-Zynq-using-Vivado-HLS/source/lab3/dct.c:87]   --->   Operation 25 'select' 'select_ln37' <Predicate = true> <Delay = 1.02> <CoreInst = "Sel">   --->   Core 73 'Sel' <Latency = 0> <II = 1> <Delay = 1.02> <FuncUnit> <Opcode : 'select'> <InPorts = 3> <OutPorts = 1>
ST_2 : Operation 26 [1/1] (1.87ns)   --->   "%switch_ln40 = switch i3 %trunc_ln37, void %arrayidx176.i.case.7, i3 0, void %arrayidx176.i.case.0, i3 1, void %arrayidx176.i.case.1, i3 2, void %arrayidx176.i.case.2, i3 3, void %arrayidx176.i.case.3, i3 4, void %arrayidx176.i.case.4, i3 5, void %arrayidx176.i.case.5, i3 6, void %arrayidx176.i.case.6" [../../High-Level-Synthesis-Flow-on-Zynq-using-Vivado-HLS/source/lab3/dct.c:40->../../High-Level-Synthesis-Flow-on-Zynq-using-Vivado-HLS/source/lab3/dct.c:87]   --->   Operation 26 'switch' 'switch_ln40' <Predicate = true> <Delay = 1.87>
ST_2 : Operation 27 [1/1] (1.73ns)   --->   "%add_ln39 = add i4 %select_ln28, i4 1" [../../High-Level-Synthesis-Flow-on-Zynq-using-Vivado-HLS/source/lab3/dct.c:39->../../High-Level-Synthesis-Flow-on-Zynq-using-Vivado-HLS/source/lab3/dct.c:87]   --->   Operation 27 'add' 'add_ln39' <Predicate = true> <Delay = 1.73> <CoreInst = "Adder">   --->   Core 1 'Adder' <Latency = 0> <II = 1> <Delay = 1.73> <FuncUnit> <Opcode : 'add' 'sub'> <InPorts = 2> <OutPorts = 1>
ST_2 : Operation 28 [1/1] (1.58ns)   --->   "%store_ln28 = store i4 %select_ln37, i4 %j" [../../High-Level-Synthesis-Flow-on-Zynq-using-Vivado-HLS/source/lab3/dct.c:28->../../High-Level-Synthesis-Flow-on-Zynq-using-Vivado-HLS/source/lab3/dct.c:87]   --->   Operation 28 'store' 'store_ln28' <Predicate = true> <Delay = 1.58>
ST_2 : Operation 29 [1/1] (1.58ns)   --->   "%store_ln28 = store i4 %add_ln39, i4 %i" [../../High-Level-Synthesis-Flow-on-Zynq-using-Vivado-HLS/source/lab3/dct.c:28->../../High-Level-Synthesis-Flow-on-Zynq-using-Vivado-HLS/source/lab3/dct.c:87]   --->   Operation 29 'store' 'store_ln28' <Predicate = true> <Delay = 1.58>
ST_2 : Operation 30 [1/1] (0.00ns)   --->   "%br_ln39 = br void %for.inc18.i" [../../High-Level-Synthesis-Flow-on-Zynq-using-Vivado-HLS/source/lab3/dct.c:39->../../High-Level-Synthesis-Flow-on-Zynq-using-Vivado-HLS/source/lab3/dct.c:87]   --->   Operation 30 'br' 'br_ln39' <Predicate = true> <Delay = 0.00>

State 3 <SV = 2> <Delay = 5.07>
ST_3 : Operation 31 [1/1] (0.00ns)   --->   "%select_ln37_cast = zext i4 %select_ln37" [../../High-Level-Synthesis-Flow-on-Zynq-using-Vivado-HLS/source/lab3/dct.c:37->../../High-Level-Synthesis-Flow-on-Zynq-using-Vivado-HLS/source/lab3/dct.c:87]   --->   Operation 31 'zext' 'select_ln37_cast' <Predicate = true> <Delay = 0.00>
ST_3 : Operation 32 [1/1] (0.00ns)   --->   "%tmp_3 = bitconcatenate i6 @_ssdm_op_BitConcatenate.i6.i3.i3, i3 %trunc_ln37, i3 0" [../../High-Level-Synthesis-Flow-on-Zynq-using-Vivado-HLS/source/lab3/dct.c:40->../../High-Level-Synthesis-Flow-on-Zynq-using-Vivado-HLS/source/lab3/dct.c:87]   --->   Operation 32 'bitconcatenate' 'tmp_3' <Predicate = true> <Delay = 0.00>
ST_3 : Operation 33 [1/1] (1.82ns)   --->   "%add_ln40 = add i6 %tmp_3, i6 %select_ln37_cast" [../../High-Level-Synthesis-Flow-on-Zynq-using-Vivado-HLS/source/lab3/dct.c:40->../../High-Level-Synthesis-Flow-on-Zynq-using-Vivado-HLS/source/lab3/dct.c:87]   --->   Operation 33 'add' 'add_ln40' <Predicate = true> <Delay = 1.82> <CoreInst = "Adder">   --->   Core 1 'Adder' <Latency = 0> <II = 1> <Delay = 1.82> <FuncUnit> <Opcode : 'add' 'sub'> <InPorts = 2> <OutPorts = 1>
ST_3 : Operation 34 [1/1] (0.00ns)   --->   "%zext_ln40 = zext i6 %add_ln40" [../../High-Level-Synthesis-Flow-on-Zynq-using-Vivado-HLS/source/lab3/dct.c:40->../../High-Level-Synthesis-Flow-on-Zynq-using-Vivado-HLS/source/lab3/dct.c:87]   --->   Operation 34 'zext' 'zext_ln40' <Predicate = true> <Delay = 0.00>
ST_3 : Operation 35 [1/1] (0.00ns)   --->   "%row_outbuf_addr = getelementptr i16 %row_outbuf, i64 0, i64 %zext_ln40" [../../High-Level-Synthesis-Flow-on-Zynq-using-Vivado-HLS/source/lab3/dct.c:40->../../High-Level-Synthesis-Flow-on-Zynq-using-Vivado-HLS/source/lab3/dct.c:87]   --->   Operation 35 'getelementptr' 'row_outbuf_addr' <Predicate = true> <Delay = 0.00>
ST_3 : Operation 36 [2/2] (3.25ns)   --->   "%row_outbuf_load = load i6 %row_outbuf_addr" [../../High-Level-Synthesis-Flow-on-Zynq-using-Vivado-HLS/source/lab3/dct.c:40->../../High-Level-Synthesis-Flow-on-Zynq-using-Vivado-HLS/source/lab3/dct.c:87]   --->   Operation 36 'load' 'row_outbuf_load' <Predicate = true> <Delay = 3.25> <CoreInst = "RAM">   --->   Core 81 'RAM' <Latency = 1> <II = 1> <Delay = 3.25> <Storage> <Opcode : 'load' 'store'> <Ports = 2> <Width = 16> <Depth = 64> <RAM>
ST_3 : Operation 66 [1/1] (1.58ns)   --->   "%ret_ln0 = ret"   --->   Operation 66 'ret' 'ret_ln0' <Predicate = (icmp_ln37)> <Delay = 1.58>

State 4 <SV = 3> <Delay = 5.57>
ST_4 : Operation 37 [1/1] (0.00ns)   --->   "%specloopname_ln0 = specloopname void @_ssdm_op_SpecLoopName, void @Xpose_Row_Outer_Loop_Xpose_Row_Inner_Loop_str"   --->   Operation 37 'specloopname' 'specloopname_ln0' <Predicate = true> <Delay = 0.00>
ST_4 : Operation 38 [1/1] (0.00ns)   --->   "%speclooptripcount_ln0 = speclooptripcount void @_ssdm_op_SpecLoopTripCount, i64 64, i64 64, i64 64"   --->   Operation 38 'speclooptripcount' 'speclooptripcount_ln0' <Predicate = true> <Delay = 0.00>
ST_4 : Operation 39 [1/1] (0.00ns)   --->   "%zext_ln37 = zext i4 %select_ln37" [../../High-Level-Synthesis-Flow-on-Zynq-using-Vivado-HLS/source/lab3/dct.c:37->../../High-Level-Synthesis-Flow-on-Zynq-using-Vivado-HLS/source/lab3/dct.c:87]   --->   Operation 39 'zext' 'zext_ln37' <Predicate = true> <Delay = 0.00>
ST_4 : Operation 40 [1/1] (0.00ns)   --->   "%col_inbuf_addr = getelementptr i16 %col_inbuf, i64 0, i64 %zext_ln37" [../../High-Level-Synthesis-Flow-on-Zynq-using-Vivado-HLS/source/lab3/dct.c:37->../../High-Level-Synthesis-Flow-on-Zynq-using-Vivado-HLS/source/lab3/dct.c:87]   --->   Operation 40 'getelementptr' 'col_inbuf_addr' <Predicate = true> <Delay = 0.00>
ST_4 : Operation 41 [1/1] (0.00ns)   --->   "%col_inbuf_1_addr = getelementptr i16 %col_inbuf_1, i64 0, i64 %zext_ln37" [../../High-Level-Synthesis-Flow-on-Zynq-using-Vivado-HLS/source/lab3/dct.c:37->../../High-Level-Synthesis-Flow-on-Zynq-using-Vivado-HLS/source/lab3/dct.c:87]   --->   Operation 41 'getelementptr' 'col_inbuf_1_addr' <Predicate = true> <Delay = 0.00>
ST_4 : Operation 42 [1/1] (0.00ns)   --->   "%col_inbuf_2_addr = getelementptr i16 %col_inbuf_2, i64 0, i64 %zext_ln37" [../../High-Level-Synthesis-Flow-on-Zynq-using-Vivado-HLS/source/lab3/dct.c:37->../../High-Level-Synthesis-Flow-on-Zynq-using-Vivado-HLS/source/lab3/dct.c:87]   --->   Operation 42 'getelementptr' 'col_inbuf_2_addr' <Predicate = true> <Delay = 0.00>
ST_4 : Operation 43 [1/1] (0.00ns)   --->   "%col_inbuf_3_addr = getelementptr i16 %col_inbuf_3, i64 0, i64 %zext_ln37" [../../High-Level-Synthesis-Flow-on-Zynq-using-Vivado-HLS/source/lab3/dct.c:37->../../High-Level-Synthesis-Flow-on-Zynq-using-Vivado-HLS/source/lab3/dct.c:87]   --->   Operation 43 'getelementptr' 'col_inbuf_3_addr' <Predicate = true> <Delay = 0.00>
ST_4 : Operation 44 [1/1] (0.00ns)   --->   "%col_inbuf_4_addr = getelementptr i16 %col_inbuf_4, i64 0, i64 %zext_ln37" [../../High-Level-Synthesis-Flow-on-Zynq-using-Vivado-HLS/source/lab3/dct.c:37->../../High-Level-Synthesis-Flow-on-Zynq-using-Vivado-HLS/source/lab3/dct.c:87]   --->   Operation 44 'getelementptr' 'col_inbuf_4_addr' <Predicate = true> <Delay = 0.00>
ST_4 : Operation 45 [1/1] (0.00ns)   --->   "%col_inbuf_5_addr = getelementptr i16 %col_inbuf_5, i64 0, i64 %zext_ln37" [../../High-Level-Synthesis-Flow-on-Zynq-using-Vivado-HLS/source/lab3/dct.c:37->../../High-Level-Synthesis-Flow-on-Zynq-using-Vivado-HLS/source/lab3/dct.c:87]   --->   Operation 45 'getelementptr' 'col_inbuf_5_addr' <Predicate = true> <Delay = 0.00>
ST_4 : Operation 46 [1/1] (0.00ns)   --->   "%col_inbuf_6_addr = getelementptr i16 %col_inbuf_6, i64 0, i64 %zext_ln37" [../../High-Level-Synthesis-Flow-on-Zynq-using-Vivado-HLS/source/lab3/dct.c:37->../../High-Level-Synthesis-Flow-on-Zynq-using-Vivado-HLS/source/lab3/dct.c:87]   --->   Operation 46 'getelementptr' 'col_inbuf_6_addr' <Predicate = true> <Delay = 0.00>
ST_4 : Operation 47 [1/1] (0.00ns)   --->   "%col_inbuf_7_addr = getelementptr i16 %col_inbuf_7, i64 0, i64 %zext_ln37" [../../High-Level-Synthesis-Flow-on-Zynq-using-Vivado-HLS/source/lab3/dct.c:37->../../High-Level-Synthesis-Flow-on-Zynq-using-Vivado-HLS/source/lab3/dct.c:87]   --->   Operation 47 'getelementptr' 'col_inbuf_7_addr' <Predicate = true> <Delay = 0.00>
ST_4 : Operation 48 [1/1] (0.00ns)   --->   "%specpipeline_ln28 = specpipeline void @_ssdm_op_SpecPipeline, i32 4294967295, i32 0, i32 0, i32 0, void @empty_0" [../../High-Level-Synthesis-Flow-on-Zynq-using-Vivado-HLS/source/lab3/dct.c:28->../../High-Level-Synthesis-Flow-on-Zynq-using-Vivado-HLS/source/lab3/dct.c:87]   --->   Operation 48 'specpipeline' 'specpipeline_ln28' <Predicate = true> <Delay = 0.00>
ST_4 : Operation 49 [1/2] (3.25ns)   --->   "%row_outbuf_load = load i6 %row_outbuf_addr" [../../High-Level-Synthesis-Flow-on-Zynq-using-Vivado-HLS/source/lab3/dct.c:40->../../High-Level-Synthesis-Flow-on-Zynq-using-Vivado-HLS/source/lab3/dct.c:87]   --->   Operation 49 'load' 'row_outbuf_load' <Predicate = true> <Delay = 3.25> <CoreInst = "RAM">   --->   Core 81 'RAM' <Latency = 1> <II = 1> <Delay = 3.25> <Storage> <Opcode : 'load' 'store'> <Ports = 2> <Width = 16> <Depth = 64> <RAM>
ST_4 : Operation 50 [1/1] (2.32ns)   --->   "%store_ln40 = store i16 %row_outbuf_load, i3 %col_inbuf_6_addr" [../../High-Level-Synthesis-Flow-on-Zynq-using-Vivado-HLS/source/lab3/dct.c:40->../../High-Level-Synthesis-Flow-on-Zynq-using-Vivado-HLS/source/lab3/dct.c:87]   --->   Operation 50 'store' 'store_ln40' <Predicate = (trunc_ln37 == 6)> <Delay = 2.32> <CoreInst = "RAM">   --->   Core 81 'RAM' <Latency = 1> <II = 1> <Delay = 2.32> <Storage> <Opcode : 'load' 'store'> <Ports = 2> <Width = 16> <Depth = 8> <RAM>
ST_4 : Operation 51 [1/1] (0.00ns)   --->   "%br_ln40 = br void %arrayidx176.i.exit" [../../High-Level-Synthesis-Flow-on-Zynq-using-Vivado-HLS/source/lab3/dct.c:40->../../High-Level-Synthesis-Flow-on-Zynq-using-Vivado-HLS/source/lab3/dct.c:87]   --->   Operation 51 'br' 'br_ln40' <Predicate = (trunc_ln37 == 6)> <Delay = 0.00>
ST_4 : Operation 52 [1/1] (2.32ns)   --->   "%store_ln40 = store i16 %row_outbuf_load, i3 %col_inbuf_5_addr" [../../High-Level-Synthesis-Flow-on-Zynq-using-Vivado-HLS/source/lab3/dct.c:40->../../High-Level-Synthesis-Flow-on-Zynq-using-Vivado-HLS/source/lab3/dct.c:87]   --->   Operation 52 'store' 'store_ln40' <Predicate = (trunc_ln37 == 5)> <Delay = 2.32> <CoreInst = "RAM">   --->   Core 81 'RAM' <Latency = 1> <II = 1> <Delay = 2.32> <Storage> <Opcode : 'load' 'store'> <Ports = 2> <Width = 16> <Depth = 8> <RAM>
ST_4 : Operation 53 [1/1] (0.00ns)   --->   "%br_ln40 = br void %arrayidx176.i.exit" [../../High-Level-Synthesis-Flow-on-Zynq-using-Vivado-HLS/source/lab3/dct.c:40->../../High-Level-Synthesis-Flow-on-Zynq-using-Vivado-HLS/source/lab3/dct.c:87]   --->   Operation 53 'br' 'br_ln40' <Predicate = (trunc_ln37 == 5)> <Delay = 0.00>
ST_4 : Operation 54 [1/1] (2.32ns)   --->   "%store_ln40 = store i16 %row_outbuf_load, i3 %col_inbuf_4_addr" [../../High-Level-Synthesis-Flow-on-Zynq-using-Vivado-HLS/source/lab3/dct.c:40->../../High-Level-Synthesis-Flow-on-Zynq-using-Vivado-HLS/source/lab3/dct.c:87]   --->   Operation 54 'store' 'store_ln40' <Predicate = (trunc_ln37 == 4)> <Delay = 2.32> <CoreInst = "RAM">   --->   Core 81 'RAM' <Latency = 1> <II = 1> <Delay = 2.32> <Storage> <Opcode : 'load' 'store'> <Ports = 2> <Width = 16> <Depth = 8> <RAM>
ST_4 : Operation 55 [1/1] (0.00ns)   --->   "%br_ln40 = br void %arrayidx176.i.exit" [../../High-Level-Synthesis-Flow-on-Zynq-using-Vivado-HLS/source/lab3/dct.c:40->../../High-Level-Synthesis-Flow-on-Zynq-using-Vivado-HLS/source/lab3/dct.c:87]   --->   Operation 55 'br' 'br_ln40' <Predicate = (trunc_ln37 == 4)> <Delay = 0.00>
ST_4 : Operation 56 [1/1] (2.32ns)   --->   "%store_ln40 = store i16 %row_outbuf_load, i3 %col_inbuf_3_addr" [../../High-Level-Synthesis-Flow-on-Zynq-using-Vivado-HLS/source/lab3/dct.c:40->../../High-Level-Synthesis-Flow-on-Zynq-using-Vivado-HLS/source/lab3/dct.c:87]   --->   Operation 56 'store' 'store_ln40' <Predicate = (trunc_ln37 == 3)> <Delay = 2.32> <CoreInst = "RAM">   --->   Core 81 'RAM' <Latency = 1> <II = 1> <Delay = 2.32> <Storage> <Opcode : 'load' 'store'> <Ports = 2> <Width = 16> <Depth = 8> <RAM>
ST_4 : Operation 57 [1/1] (0.00ns)   --->   "%br_ln40 = br void %arrayidx176.i.exit" [../../High-Level-Synthesis-Flow-on-Zynq-using-Vivado-HLS/source/lab3/dct.c:40->../../High-Level-Synthesis-Flow-on-Zynq-using-Vivado-HLS/source/lab3/dct.c:87]   --->   Operation 57 'br' 'br_ln40' <Predicate = (trunc_ln37 == 3)> <Delay = 0.00>
ST_4 : Operation 58 [1/1] (2.32ns)   --->   "%store_ln40 = store i16 %row_outbuf_load, i3 %col_inbuf_2_addr" [../../High-Level-Synthesis-Flow-on-Zynq-using-Vivado-HLS/source/lab3/dct.c:40->../../High-Level-Synthesis-Flow-on-Zynq-using-Vivado-HLS/source/lab3/dct.c:87]   --->   Operation 58 'store' 'store_ln40' <Predicate = (trunc_ln37 == 2)> <Delay = 2.32> <CoreInst = "RAM">   --->   Core 81 'RAM' <Latency = 1> <II = 1> <Delay = 2.32> <Storage> <Opcode : 'load' 'store'> <Ports = 2> <Width = 16> <Depth = 8> <RAM>
ST_4 : Operation 59 [1/1] (0.00ns)   --->   "%br_ln40 = br void %arrayidx176.i.exit" [../../High-Level-Synthesis-Flow-on-Zynq-using-Vivado-HLS/source/lab3/dct.c:40->../../High-Level-Synthesis-Flow-on-Zynq-using-Vivado-HLS/source/lab3/dct.c:87]   --->   Operation 59 'br' 'br_ln40' <Predicate = (trunc_ln37 == 2)> <Delay = 0.00>
ST_4 : Operation 60 [1/1] (2.32ns)   --->   "%store_ln40 = store i16 %row_outbuf_load, i3 %col_inbuf_1_addr" [../../High-Level-Synthesis-Flow-on-Zynq-using-Vivado-HLS/source/lab3/dct.c:40->../../High-Level-Synthesis-Flow-on-Zynq-using-Vivado-HLS/source/lab3/dct.c:87]   --->   Operation 60 'store' 'store_ln40' <Predicate = (trunc_ln37 == 1)> <Delay = 2.32> <CoreInst = "RAM">   --->   Core 81 'RAM' <Latency = 1> <II = 1> <Delay = 2.32> <Storage> <Opcode : 'load' 'store'> <Ports = 2> <Width = 16> <Depth = 8> <RAM>
ST_4 : Operation 61 [1/1] (0.00ns)   --->   "%br_ln40 = br void %arrayidx176.i.exit" [../../High-Level-Synthesis-Flow-on-Zynq-using-Vivado-HLS/source/lab3/dct.c:40->../../High-Level-Synthesis-Flow-on-Zynq-using-Vivado-HLS/source/lab3/dct.c:87]   --->   Operation 61 'br' 'br_ln40' <Predicate = (trunc_ln37 == 1)> <Delay = 0.00>
ST_4 : Operation 62 [1/1] (2.32ns)   --->   "%store_ln40 = store i16 %row_outbuf_load, i3 %col_inbuf_addr" [../../High-Level-Synthesis-Flow-on-Zynq-using-Vivado-HLS/source/lab3/dct.c:40->../../High-Level-Synthesis-Flow-on-Zynq-using-Vivado-HLS/source/lab3/dct.c:87]   --->   Operation 62 'store' 'store_ln40' <Predicate = (trunc_ln37 == 0)> <Delay = 2.32> <CoreInst = "RAM">   --->   Core 81 'RAM' <Latency = 1> <II = 1> <Delay = 2.32> <Storage> <Opcode : 'load' 'store'> <Ports = 2> <Width = 16> <Depth = 8> <RAM>
ST_4 : Operation 63 [1/1] (0.00ns)   --->   "%br_ln40 = br void %arrayidx176.i.exit" [../../High-Level-Synthesis-Flow-on-Zynq-using-Vivado-HLS/source/lab3/dct.c:40->../../High-Level-Synthesis-Flow-on-Zynq-using-Vivado-HLS/source/lab3/dct.c:87]   --->   Operation 63 'br' 'br_ln40' <Predicate = (trunc_ln37 == 0)> <Delay = 0.00>
ST_4 : Operation 64 [1/1] (2.32ns)   --->   "%store_ln40 = store i16 %row_outbuf_load, i3 %col_inbuf_7_addr" [../../High-Level-Synthesis-Flow-on-Zynq-using-Vivado-HLS/source/lab3/dct.c:40->../../High-Level-Synthesis-Flow-on-Zynq-using-Vivado-HLS/source/lab3/dct.c:87]   --->   Operation 64 'store' 'store_ln40' <Predicate = (trunc_ln37 == 7)> <Delay = 2.32> <CoreInst = "RAM">   --->   Core 81 'RAM' <Latency = 1> <II = 1> <Delay = 2.32> <Storage> <Opcode : 'load' 'store'> <Ports = 2> <Width = 16> <Depth = 8> <RAM>
ST_4 : Operation 65 [1/1] (0.00ns)   --->   "%br_ln40 = br void %arrayidx176.i.exit" [../../High-Level-Synthesis-Flow-on-Zynq-using-Vivado-HLS/source/lab3/dct.c:40->../../High-Level-Synthesis-Flow-on-Zynq-using-Vivado-HLS/source/lab3/dct.c:87]   --->   Operation 65 'br' 'br_ln40' <Predicate = (trunc_ln37 == 7)> <Delay = 0.00>


============================================================
+ Verbose Summary: Timing violations
============================================================
Target clock period: 10.000ns, clock uncertainty: 2.700ns.

 <State 1>: 5.046ns
The critical path consists of the following:
	'store' operation 0 bit ('store_ln0') of constant 0 on local variable 'indvar_flatten13' [13]  (1.588 ns)
	'load' operation 7 bit ('indvar_flatten13_load', ../../High-Level-Synthesis-Flow-on-Zynq-using-Vivado-HLS/source/lab3/dct.c:37->../../High-Level-Synthesis-Flow-on-Zynq-using-Vivado-HLS/source/lab3/dct.c:87) on local variable 'indvar_flatten13' [18]  (0.000 ns)
	'add' operation 7 bit ('add_ln37_1', ../../High-Level-Synthesis-Flow-on-Zynq-using-Vivado-HLS/source/lab3/dct.c:37->../../High-Level-Synthesis-Flow-on-Zynq-using-Vivado-HLS/source/lab3/dct.c:87) [20]  (1.870 ns)
	'store' operation 0 bit ('store_ln37', ../../High-Level-Synthesis-Flow-on-Zynq-using-Vivado-HLS/source/lab3/dct.c:37->../../High-Level-Synthesis-Flow-on-Zynq-using-Vivado-HLS/source/lab3/dct.c:87) of variable 'add_ln37_1', ../../High-Level-Synthesis-Flow-on-Zynq-using-Vivado-HLS/source/lab3/dct.c:37->../../High-Level-Synthesis-Flow-on-Zynq-using-Vivado-HLS/source/lab3/dct.c:87 on local variable 'indvar_flatten13' [75]  (1.588 ns)

 <State 2>: 6.082ns
The critical path consists of the following:
	'load' operation 4 bit ('i_load', ../../High-Level-Synthesis-Flow-on-Zynq-using-Vivado-HLS/source/lab3/dct.c:39->../../High-Level-Synthesis-Flow-on-Zynq-using-Vivado-HLS/source/lab3/dct.c:87) on local variable 'i', ../../High-Level-Synthesis-Flow-on-Zynq-using-Vivado-HLS/source/lab3/dct.c:28->../../High-Level-Synthesis-Flow-on-Zynq-using-Vivado-HLS/source/lab3/dct.c:87 [23]  (0.000 ns)
	'icmp' operation 1 bit ('icmp_ln39', ../../High-Level-Synthesis-Flow-on-Zynq-using-Vivado-HLS/source/lab3/dct.c:39->../../High-Level-Synthesis-Flow-on-Zynq-using-Vivado-HLS/source/lab3/dct.c:87) [28]  (1.735 ns)
	'select' operation 4 bit ('select_ln28', ../../High-Level-Synthesis-Flow-on-Zynq-using-Vivado-HLS/source/lab3/dct.c:28->../../High-Level-Synthesis-Flow-on-Zynq-using-Vivado-HLS/source/lab3/dct.c:87) [29]  (1.024 ns)
	'add' operation 4 bit ('add_ln39', ../../High-Level-Synthesis-Flow-on-Zynq-using-Vivado-HLS/source/lab3/dct.c:39->../../High-Level-Synthesis-Flow-on-Zynq-using-Vivado-HLS/source/lab3/dct.c:87) [74]  (1.735 ns)
	'store' operation 0 bit ('store_ln28', ../../High-Level-Synthesis-Flow-on-Zynq-using-Vivado-HLS/source/lab3/dct.c:28->../../High-Level-Synthesis-Flow-on-Zynq-using-Vivado-HLS/source/lab3/dct.c:87) of variable 'add_ln39', ../../High-Level-Synthesis-Flow-on-Zynq-using-Vivado-HLS/source/lab3/dct.c:39->../../High-Level-Synthesis-Flow-on-Zynq-using-Vivado-HLS/source/lab3/dct.c:87 on local variable 'i', ../../High-Level-Synthesis-Flow-on-Zynq-using-Vivado-HLS/source/lab3/dct.c:28->../../High-Level-Synthesis-Flow-on-Zynq-using-Vivado-HLS/source/lab3/dct.c:87 [77]  (1.588 ns)

 <State 3>: 5.079ns
The critical path consists of the following:
	'add' operation 6 bit ('add_ln40', ../../High-Level-Synthesis-Flow-on-Zynq-using-Vivado-HLS/source/lab3/dct.c:40->../../High-Level-Synthesis-Flow-on-Zynq-using-Vivado-HLS/source/lab3/dct.c:87) [43]  (1.825 ns)
	'getelementptr' operation 6 bit ('row_outbuf_addr', ../../High-Level-Synthesis-Flow-on-Zynq-using-Vivado-HLS/source/lab3/dct.c:40->../../High-Level-Synthesis-Flow-on-Zynq-using-Vivado-HLS/source/lab3/dct.c:87) [45]  (0.000 ns)
	'load' operation 16 bit ('row_outbuf_load', ../../High-Level-Synthesis-Flow-on-Zynq-using-Vivado-HLS/source/lab3/dct.c:40->../../High-Level-Synthesis-Flow-on-Zynq-using-Vivado-HLS/source/lab3/dct.c:87) on array 'row_outbuf' [47]  (3.254 ns)

 <State 4>: 5.576ns
The critical path consists of the following:
	'load' operation 16 bit ('row_outbuf_load', ../../High-Level-Synthesis-Flow-on-Zynq-using-Vivado-HLS/source/lab3/dct.c:40->../../High-Level-Synthesis-Flow-on-Zynq-using-Vivado-HLS/source/lab3/dct.c:87) on array 'row_outbuf' [47]  (3.254 ns)
	'store' operation 0 bit ('store_ln40', ../../High-Level-Synthesis-Flow-on-Zynq-using-Vivado-HLS/source/lab3/dct.c:40->../../High-Level-Synthesis-Flow-on-Zynq-using-Vivado-HLS/source/lab3/dct.c:87) of variable 'row_outbuf_load', ../../High-Level-Synthesis-Flow-on-Zynq-using-Vivado-HLS/source/lab3/dct.c:40->../../High-Level-Synthesis-Flow-on-Zynq-using-Vivado-HLS/source/lab3/dct.c:87 on array 'col_inbuf_6' [50]  (2.322 ns)


============================================================
+ Verbose Summary: Binding
============================================================
N/A
* FSMD analyzer results:
  - Output states:
 - Input state : 
  - Chain level:
	State 1
	State 2
	State 3
	State 4


============================================================
+ Verbose Summary: Datapath Resource usage 
============================================================
N/A
