Copyright 1986-2022 Xilinx, Inc. All Rights Reserved. Copyright 2022-2024 Advanced Micro Devices, Inc. All Rights Reserved.
---------------------------------------------------------------------------------------------------------------------------------------------
| Tool Version : Vivado v.2024.1 (win64) Build 5076996 Wed May 22 18:37:14 MDT 2024
| Date         : Thu Oct 24 17:40:24 2024
| Host         : nightt_insider running 64-bit major release  (build 9200)
| Command      : report_timing -max_paths 10 -file ./report/fir_wrap_timing_paths_routed.rpt
| Design       : bd_0_wrapper
| Device       : 7z020-clg484
| Speed File   : -1  PRODUCTION 1.12 2019-11-22
| Design State : Routed
---------------------------------------------------------------------------------------------------------------------------------------------

Timing Report

Slack (MET) :             0.029ns  (required time - arrival time)
  Source:                 bd_0_i/hls_inst/inst/gmem_m_axi_U/bus_read/rreq_burst_conv/could_multi_bursts.burst_valid_reg/C
                            (rising edge-triggered cell FDRE clocked by ap_clk  {rise@0.000ns fall@2.500ns period=5.000ns})
  Destination:            bd_0_i/hls_inst/inst/gmem_m_axi_U/bus_read/rreq_burst_conv/rs_req/data_p1_reg[14]/CE
                            (rising edge-triggered cell FDRE clocked by ap_clk  {rise@0.000ns fall@2.500ns period=5.000ns})
  Path Group:             ap_clk
  Path Type:              Setup (Max at Slow Process Corner)
  Requirement:            5.000ns  (ap_clk rise@5.000ns - ap_clk rise@0.000ns)
  Data Path Delay:        4.474ns  (logic 0.853ns (19.066%)  route 3.621ns (80.934%))
  Logic Levels:           3  (LUT4=1 LUT5=1 LUT6=1)
  Clock Path Skew:        -0.049ns (DCD - SCD + CPR)
    Destination Clock Delay (DCD):    0.924ns = ( 5.924 - 5.000 ) 
    Source Clock Delay      (SCD):    0.973ns
    Clock Pessimism Removal (CPR):    0.000ns
  Clock Uncertainty:      0.035ns  ((TSJ^2 + TIJ^2)^1/2 + DJ) / 2 + PE
    Total System Jitter     (TSJ):    0.071ns
    Total Input Jitter      (TIJ):    0.000ns
    Discrete Jitter          (DJ):    0.000ns
    Phase Error              (PE):    0.000ns

    Location             Delay type                Incr(ns)  Path(ns)    Netlist Resource(s)
  -------------------------------------------------------------------    -------------------
                         (clock ap_clk rise edge)     0.000     0.000 r  
                                                      0.000     0.000 r  ap_clk (IN)
                         net (fo=3249, unset)         0.973     0.973    bd_0_i/hls_inst/inst/gmem_m_axi_U/bus_read/rreq_burst_conv/ap_clk
    SLICE_X43Y35         FDRE                                         r  bd_0_i/hls_inst/inst/gmem_m_axi_U/bus_read/rreq_burst_conv/could_multi_bursts.burst_valid_reg/C
  -------------------------------------------------------------------    -------------------
    SLICE_X43Y35         FDRE (Prop_fdre_C_Q)         0.456     1.429 f  bd_0_i/hls_inst/inst/gmem_m_axi_U/bus_read/rreq_burst_conv/could_multi_bursts.burst_valid_reg/Q
                         net (fo=6, routed)           1.343     2.772    bd_0_i/hls_inst/inst/gmem_m_axi_U/bus_read/rreq_burst_conv/rs_req/sect_total_buf_reg[0]
    SLICE_X49Y45         LUT6 (Prop_lut6_I1_O)        0.124     2.896 r  bd_0_i/hls_inst/inst/gmem_m_axi_U/bus_read/rreq_burst_conv/rs_req/sect_addr_buf[63]_i_1/O
                         net (fo=100, routed)         0.596     3.492    bd_0_i/hls_inst/inst/gmem_m_axi_U/bus_read/rreq_burst_conv/rs_req/p_15_in
    SLICE_X49Y49         LUT5 (Prop_lut5_I0_O)        0.124     3.616 r  bd_0_i/hls_inst/inst/gmem_m_axi_U/bus_read/rreq_burst_conv/rs_req/sect_total[19]_i_1__0/O
                         net (fo=174, routed)         0.995     4.611    bd_0_i/hls_inst/inst/gmem_m_axi_U/bus_read/rreq_burst_conv/rs_req/next_req
    SLICE_X49Y51         LUT4 (Prop_lut4_I0_O)        0.149     4.760 r  bd_0_i/hls_inst/inst/gmem_m_axi_U/bus_read/rreq_burst_conv/rs_req/data_p1[95]_i_1__0/O
                         net (fo=92, routed)          0.686     5.447    bd_0_i/hls_inst/inst/gmem_m_axi_U/bus_read/rreq_burst_conv/rs_req/load_p1
    SLICE_X47Y52         FDRE                                         r  bd_0_i/hls_inst/inst/gmem_m_axi_U/bus_read/rreq_burst_conv/rs_req/data_p1_reg[14]/CE
  -------------------------------------------------------------------    -------------------

                         (clock ap_clk rise edge)     5.000     5.000 r  
                                                      0.000     5.000 r  ap_clk (IN)
                         net (fo=3249, unset)         0.924     5.924    bd_0_i/hls_inst/inst/gmem_m_axi_U/bus_read/rreq_burst_conv/rs_req/ap_clk
    SLICE_X47Y52         FDRE                                         r  bd_0_i/hls_inst/inst/gmem_m_axi_U/bus_read/rreq_burst_conv/rs_req/data_p1_reg[14]/C
                         clock pessimism              0.000     5.924    
                         clock uncertainty           -0.035     5.889    
    SLICE_X47Y52         FDRE (Setup_fdre_C_CE)      -0.413     5.476    bd_0_i/hls_inst/inst/gmem_m_axi_U/bus_read/rreq_burst_conv/rs_req/data_p1_reg[14]
  -------------------------------------------------------------------
                         required time                          5.476    
                         arrival time                          -5.447    
  -------------------------------------------------------------------
                         slack                                  0.029    

Slack (MET) :             0.029ns  (required time - arrival time)
  Source:                 bd_0_i/hls_inst/inst/gmem_m_axi_U/bus_read/rreq_burst_conv/could_multi_bursts.burst_valid_reg/C
                            (rising edge-triggered cell FDRE clocked by ap_clk  {rise@0.000ns fall@2.500ns period=5.000ns})
  Destination:            bd_0_i/hls_inst/inst/gmem_m_axi_U/bus_read/rreq_burst_conv/rs_req/data_p1_reg[15]/CE
                            (rising edge-triggered cell FDRE clocked by ap_clk  {rise@0.000ns fall@2.500ns period=5.000ns})
  Path Group:             ap_clk
  Path Type:              Setup (Max at Slow Process Corner)
  Requirement:            5.000ns  (ap_clk rise@5.000ns - ap_clk rise@0.000ns)
  Data Path Delay:        4.474ns  (logic 0.853ns (19.066%)  route 3.621ns (80.934%))
  Logic Levels:           3  (LUT4=1 LUT5=1 LUT6=1)
  Clock Path Skew:        -0.049ns (DCD - SCD + CPR)
    Destination Clock Delay (DCD):    0.924ns = ( 5.924 - 5.000 ) 
    Source Clock Delay      (SCD):    0.973ns
    Clock Pessimism Removal (CPR):    0.000ns
  Clock Uncertainty:      0.035ns  ((TSJ^2 + TIJ^2)^1/2 + DJ) / 2 + PE
    Total System Jitter     (TSJ):    0.071ns
    Total Input Jitter      (TIJ):    0.000ns
    Discrete Jitter          (DJ):    0.000ns
    Phase Error              (PE):    0.000ns

    Location             Delay type                Incr(ns)  Path(ns)    Netlist Resource(s)
  -------------------------------------------------------------------    -------------------
                         (clock ap_clk rise edge)     0.000     0.000 r  
                                                      0.000     0.000 r  ap_clk (IN)
                         net (fo=3249, unset)         0.973     0.973    bd_0_i/hls_inst/inst/gmem_m_axi_U/bus_read/rreq_burst_conv/ap_clk
    SLICE_X43Y35         FDRE                                         r  bd_0_i/hls_inst/inst/gmem_m_axi_U/bus_read/rreq_burst_conv/could_multi_bursts.burst_valid_reg/C
  -------------------------------------------------------------------    -------------------
    SLICE_X43Y35         FDRE (Prop_fdre_C_Q)         0.456     1.429 f  bd_0_i/hls_inst/inst/gmem_m_axi_U/bus_read/rreq_burst_conv/could_multi_bursts.burst_valid_reg/Q
                         net (fo=6, routed)           1.343     2.772    bd_0_i/hls_inst/inst/gmem_m_axi_U/bus_read/rreq_burst_conv/rs_req/sect_total_buf_reg[0]
    SLICE_X49Y45         LUT6 (Prop_lut6_I1_O)        0.124     2.896 r  bd_0_i/hls_inst/inst/gmem_m_axi_U/bus_read/rreq_burst_conv/rs_req/sect_addr_buf[63]_i_1/O
                         net (fo=100, routed)         0.596     3.492    bd_0_i/hls_inst/inst/gmem_m_axi_U/bus_read/rreq_burst_conv/rs_req/p_15_in
    SLICE_X49Y49         LUT5 (Prop_lut5_I0_O)        0.124     3.616 r  bd_0_i/hls_inst/inst/gmem_m_axi_U/bus_read/rreq_burst_conv/rs_req/sect_total[19]_i_1__0/O
                         net (fo=174, routed)         0.995     4.611    bd_0_i/hls_inst/inst/gmem_m_axi_U/bus_read/rreq_burst_conv/rs_req/next_req
    SLICE_X49Y51         LUT4 (Prop_lut4_I0_O)        0.149     4.760 r  bd_0_i/hls_inst/inst/gmem_m_axi_U/bus_read/rreq_burst_conv/rs_req/data_p1[95]_i_1__0/O
                         net (fo=92, routed)          0.686     5.447    bd_0_i/hls_inst/inst/gmem_m_axi_U/bus_read/rreq_burst_conv/rs_req/load_p1
    SLICE_X47Y52         FDRE                                         r  bd_0_i/hls_inst/inst/gmem_m_axi_U/bus_read/rreq_burst_conv/rs_req/data_p1_reg[15]/CE
  -------------------------------------------------------------------    -------------------

                         (clock ap_clk rise edge)     5.000     5.000 r  
                                                      0.000     5.000 r  ap_clk (IN)
                         net (fo=3249, unset)         0.924     5.924    bd_0_i/hls_inst/inst/gmem_m_axi_U/bus_read/rreq_burst_conv/rs_req/ap_clk
    SLICE_X47Y52         FDRE                                         r  bd_0_i/hls_inst/inst/gmem_m_axi_U/bus_read/rreq_burst_conv/rs_req/data_p1_reg[15]/C
                         clock pessimism              0.000     5.924    
                         clock uncertainty           -0.035     5.889    
    SLICE_X47Y52         FDRE (Setup_fdre_C_CE)      -0.413     5.476    bd_0_i/hls_inst/inst/gmem_m_axi_U/bus_read/rreq_burst_conv/rs_req/data_p1_reg[15]
  -------------------------------------------------------------------
                         required time                          5.476    
                         arrival time                          -5.447    
  -------------------------------------------------------------------
                         slack                                  0.029    

Slack (MET) :             0.029ns  (required time - arrival time)
  Source:                 bd_0_i/hls_inst/inst/gmem_m_axi_U/bus_read/rreq_burst_conv/could_multi_bursts.burst_valid_reg/C
                            (rising edge-triggered cell FDRE clocked by ap_clk  {rise@0.000ns fall@2.500ns period=5.000ns})
  Destination:            bd_0_i/hls_inst/inst/gmem_m_axi_U/bus_read/rreq_burst_conv/rs_req/data_p1_reg[16]/CE
                            (rising edge-triggered cell FDRE clocked by ap_clk  {rise@0.000ns fall@2.500ns period=5.000ns})
  Path Group:             ap_clk
  Path Type:              Setup (Max at Slow Process Corner)
  Requirement:            5.000ns  (ap_clk rise@5.000ns - ap_clk rise@0.000ns)
  Data Path Delay:        4.474ns  (logic 0.853ns (19.066%)  route 3.621ns (80.934%))
  Logic Levels:           3  (LUT4=1 LUT5=1 LUT6=1)
  Clock Path Skew:        -0.049ns (DCD - SCD + CPR)
    Destination Clock Delay (DCD):    0.924ns = ( 5.924 - 5.000 ) 
    Source Clock Delay      (SCD):    0.973ns
    Clock Pessimism Removal (CPR):    0.000ns
  Clock Uncertainty:      0.035ns  ((TSJ^2 + TIJ^2)^1/2 + DJ) / 2 + PE
    Total System Jitter     (TSJ):    0.071ns
    Total Input Jitter      (TIJ):    0.000ns
    Discrete Jitter          (DJ):    0.000ns
    Phase Error              (PE):    0.000ns

    Location             Delay type                Incr(ns)  Path(ns)    Netlist Resource(s)
  -------------------------------------------------------------------    -------------------
                         (clock ap_clk rise edge)     0.000     0.000 r  
                                                      0.000     0.000 r  ap_clk (IN)
                         net (fo=3249, unset)         0.973     0.973    bd_0_i/hls_inst/inst/gmem_m_axi_U/bus_read/rreq_burst_conv/ap_clk
    SLICE_X43Y35         FDRE                                         r  bd_0_i/hls_inst/inst/gmem_m_axi_U/bus_read/rreq_burst_conv/could_multi_bursts.burst_valid_reg/C
  -------------------------------------------------------------------    -------------------
    SLICE_X43Y35         FDRE (Prop_fdre_C_Q)         0.456     1.429 f  bd_0_i/hls_inst/inst/gmem_m_axi_U/bus_read/rreq_burst_conv/could_multi_bursts.burst_valid_reg/Q
                         net (fo=6, routed)           1.343     2.772    bd_0_i/hls_inst/inst/gmem_m_axi_U/bus_read/rreq_burst_conv/rs_req/sect_total_buf_reg[0]
    SLICE_X49Y45         LUT6 (Prop_lut6_I1_O)        0.124     2.896 r  bd_0_i/hls_inst/inst/gmem_m_axi_U/bus_read/rreq_burst_conv/rs_req/sect_addr_buf[63]_i_1/O
                         net (fo=100, routed)         0.596     3.492    bd_0_i/hls_inst/inst/gmem_m_axi_U/bus_read/rreq_burst_conv/rs_req/p_15_in
    SLICE_X49Y49         LUT5 (Prop_lut5_I0_O)        0.124     3.616 r  bd_0_i/hls_inst/inst/gmem_m_axi_U/bus_read/rreq_burst_conv/rs_req/sect_total[19]_i_1__0/O
                         net (fo=174, routed)         0.995     4.611    bd_0_i/hls_inst/inst/gmem_m_axi_U/bus_read/rreq_burst_conv/rs_req/next_req
    SLICE_X49Y51         LUT4 (Prop_lut4_I0_O)        0.149     4.760 r  bd_0_i/hls_inst/inst/gmem_m_axi_U/bus_read/rreq_burst_conv/rs_req/data_p1[95]_i_1__0/O
                         net (fo=92, routed)          0.686     5.447    bd_0_i/hls_inst/inst/gmem_m_axi_U/bus_read/rreq_burst_conv/rs_req/load_p1
    SLICE_X47Y52         FDRE                                         r  bd_0_i/hls_inst/inst/gmem_m_axi_U/bus_read/rreq_burst_conv/rs_req/data_p1_reg[16]/CE
  -------------------------------------------------------------------    -------------------

                         (clock ap_clk rise edge)     5.000     5.000 r  
                                                      0.000     5.000 r  ap_clk (IN)
                         net (fo=3249, unset)         0.924     5.924    bd_0_i/hls_inst/inst/gmem_m_axi_U/bus_read/rreq_burst_conv/rs_req/ap_clk
    SLICE_X47Y52         FDRE                                         r  bd_0_i/hls_inst/inst/gmem_m_axi_U/bus_read/rreq_burst_conv/rs_req/data_p1_reg[16]/C
                         clock pessimism              0.000     5.924    
                         clock uncertainty           -0.035     5.889    
    SLICE_X47Y52         FDRE (Setup_fdre_C_CE)      -0.413     5.476    bd_0_i/hls_inst/inst/gmem_m_axi_U/bus_read/rreq_burst_conv/rs_req/data_p1_reg[16]
  -------------------------------------------------------------------
                         required time                          5.476    
                         arrival time                          -5.447    
  -------------------------------------------------------------------
                         slack                                  0.029    

Slack (MET) :             0.029ns  (required time - arrival time)
  Source:                 bd_0_i/hls_inst/inst/gmem_m_axi_U/bus_read/rreq_burst_conv/could_multi_bursts.burst_valid_reg/C
                            (rising edge-triggered cell FDRE clocked by ap_clk  {rise@0.000ns fall@2.500ns period=5.000ns})
  Destination:            bd_0_i/hls_inst/inst/gmem_m_axi_U/bus_read/rreq_burst_conv/rs_req/data_p1_reg[2]/CE
                            (rising edge-triggered cell FDRE clocked by ap_clk  {rise@0.000ns fall@2.500ns period=5.000ns})
  Path Group:             ap_clk
  Path Type:              Setup (Max at Slow Process Corner)
  Requirement:            5.000ns  (ap_clk rise@5.000ns - ap_clk rise@0.000ns)
  Data Path Delay:        4.474ns  (logic 0.853ns (19.066%)  route 3.621ns (80.934%))
  Logic Levels:           3  (LUT4=1 LUT5=1 LUT6=1)
  Clock Path Skew:        -0.049ns (DCD - SCD + CPR)
    Destination Clock Delay (DCD):    0.924ns = ( 5.924 - 5.000 ) 
    Source Clock Delay      (SCD):    0.973ns
    Clock Pessimism Removal (CPR):    0.000ns
  Clock Uncertainty:      0.035ns  ((TSJ^2 + TIJ^2)^1/2 + DJ) / 2 + PE
    Total System Jitter     (TSJ):    0.071ns
    Total Input Jitter      (TIJ):    0.000ns
    Discrete Jitter          (DJ):    0.000ns
    Phase Error              (PE):    0.000ns

    Location             Delay type                Incr(ns)  Path(ns)    Netlist Resource(s)
  -------------------------------------------------------------------    -------------------
                         (clock ap_clk rise edge)     0.000     0.000 r  
                                                      0.000     0.000 r  ap_clk (IN)
                         net (fo=3249, unset)         0.973     0.973    bd_0_i/hls_inst/inst/gmem_m_axi_U/bus_read/rreq_burst_conv/ap_clk
    SLICE_X43Y35         FDRE                                         r  bd_0_i/hls_inst/inst/gmem_m_axi_U/bus_read/rreq_burst_conv/could_multi_bursts.burst_valid_reg/C
  -------------------------------------------------------------------    -------------------
    SLICE_X43Y35         FDRE (Prop_fdre_C_Q)         0.456     1.429 f  bd_0_i/hls_inst/inst/gmem_m_axi_U/bus_read/rreq_burst_conv/could_multi_bursts.burst_valid_reg/Q
                         net (fo=6, routed)           1.343     2.772    bd_0_i/hls_inst/inst/gmem_m_axi_U/bus_read/rreq_burst_conv/rs_req/sect_total_buf_reg[0]
    SLICE_X49Y45         LUT6 (Prop_lut6_I1_O)        0.124     2.896 r  bd_0_i/hls_inst/inst/gmem_m_axi_U/bus_read/rreq_burst_conv/rs_req/sect_addr_buf[63]_i_1/O
                         net (fo=100, routed)         0.596     3.492    bd_0_i/hls_inst/inst/gmem_m_axi_U/bus_read/rreq_burst_conv/rs_req/p_15_in
    SLICE_X49Y49         LUT5 (Prop_lut5_I0_O)        0.124     3.616 r  bd_0_i/hls_inst/inst/gmem_m_axi_U/bus_read/rreq_burst_conv/rs_req/sect_total[19]_i_1__0/O
                         net (fo=174, routed)         0.995     4.611    bd_0_i/hls_inst/inst/gmem_m_axi_U/bus_read/rreq_burst_conv/rs_req/next_req
    SLICE_X49Y51         LUT4 (Prop_lut4_I0_O)        0.149     4.760 r  bd_0_i/hls_inst/inst/gmem_m_axi_U/bus_read/rreq_burst_conv/rs_req/data_p1[95]_i_1__0/O
                         net (fo=92, routed)          0.686     5.447    bd_0_i/hls_inst/inst/gmem_m_axi_U/bus_read/rreq_burst_conv/rs_req/load_p1
    SLICE_X47Y52         FDRE                                         r  bd_0_i/hls_inst/inst/gmem_m_axi_U/bus_read/rreq_burst_conv/rs_req/data_p1_reg[2]/CE
  -------------------------------------------------------------------    -------------------

                         (clock ap_clk rise edge)     5.000     5.000 r  
                                                      0.000     5.000 r  ap_clk (IN)
                         net (fo=3249, unset)         0.924     5.924    bd_0_i/hls_inst/inst/gmem_m_axi_U/bus_read/rreq_burst_conv/rs_req/ap_clk
    SLICE_X47Y52         FDRE                                         r  bd_0_i/hls_inst/inst/gmem_m_axi_U/bus_read/rreq_burst_conv/rs_req/data_p1_reg[2]/C
                         clock pessimism              0.000     5.924    
                         clock uncertainty           -0.035     5.889    
    SLICE_X47Y52         FDRE (Setup_fdre_C_CE)      -0.413     5.476    bd_0_i/hls_inst/inst/gmem_m_axi_U/bus_read/rreq_burst_conv/rs_req/data_p1_reg[2]
  -------------------------------------------------------------------
                         required time                          5.476    
                         arrival time                          -5.447    
  -------------------------------------------------------------------
                         slack                                  0.029    

Slack (MET) :             0.029ns  (required time - arrival time)
  Source:                 bd_0_i/hls_inst/inst/gmem_m_axi_U/bus_read/rreq_burst_conv/could_multi_bursts.burst_valid_reg/C
                            (rising edge-triggered cell FDRE clocked by ap_clk  {rise@0.000ns fall@2.500ns period=5.000ns})
  Destination:            bd_0_i/hls_inst/inst/gmem_m_axi_U/bus_read/rreq_burst_conv/rs_req/data_p1_reg[74]/CE
                            (rising edge-triggered cell FDRE clocked by ap_clk  {rise@0.000ns fall@2.500ns period=5.000ns})
  Path Group:             ap_clk
  Path Type:              Setup (Max at Slow Process Corner)
  Requirement:            5.000ns  (ap_clk rise@5.000ns - ap_clk rise@0.000ns)
  Data Path Delay:        4.474ns  (logic 0.853ns (19.066%)  route 3.621ns (80.934%))
  Logic Levels:           3  (LUT4=1 LUT5=1 LUT6=1)
  Clock Path Skew:        -0.049ns (DCD - SCD + CPR)
    Destination Clock Delay (DCD):    0.924ns = ( 5.924 - 5.000 ) 
    Source Clock Delay      (SCD):    0.973ns
    Clock Pessimism Removal (CPR):    0.000ns
  Clock Uncertainty:      0.035ns  ((TSJ^2 + TIJ^2)^1/2 + DJ) / 2 + PE
    Total System Jitter     (TSJ):    0.071ns
    Total Input Jitter      (TIJ):    0.000ns
    Discrete Jitter          (DJ):    0.000ns
    Phase Error              (PE):    0.000ns

    Location             Delay type                Incr(ns)  Path(ns)    Netlist Resource(s)
  -------------------------------------------------------------------    -------------------
                         (clock ap_clk rise edge)     0.000     0.000 r  
                                                      0.000     0.000 r  ap_clk (IN)
                         net (fo=3249, unset)         0.973     0.973    bd_0_i/hls_inst/inst/gmem_m_axi_U/bus_read/rreq_burst_conv/ap_clk
    SLICE_X43Y35         FDRE                                         r  bd_0_i/hls_inst/inst/gmem_m_axi_U/bus_read/rreq_burst_conv/could_multi_bursts.burst_valid_reg/C
  -------------------------------------------------------------------    -------------------
    SLICE_X43Y35         FDRE (Prop_fdre_C_Q)         0.456     1.429 f  bd_0_i/hls_inst/inst/gmem_m_axi_U/bus_read/rreq_burst_conv/could_multi_bursts.burst_valid_reg/Q
                         net (fo=6, routed)           1.343     2.772    bd_0_i/hls_inst/inst/gmem_m_axi_U/bus_read/rreq_burst_conv/rs_req/sect_total_buf_reg[0]
    SLICE_X49Y45         LUT6 (Prop_lut6_I1_O)        0.124     2.896 r  bd_0_i/hls_inst/inst/gmem_m_axi_U/bus_read/rreq_burst_conv/rs_req/sect_addr_buf[63]_i_1/O
                         net (fo=100, routed)         0.596     3.492    bd_0_i/hls_inst/inst/gmem_m_axi_U/bus_read/rreq_burst_conv/rs_req/p_15_in
    SLICE_X49Y49         LUT5 (Prop_lut5_I0_O)        0.124     3.616 r  bd_0_i/hls_inst/inst/gmem_m_axi_U/bus_read/rreq_burst_conv/rs_req/sect_total[19]_i_1__0/O
                         net (fo=174, routed)         0.995     4.611    bd_0_i/hls_inst/inst/gmem_m_axi_U/bus_read/rreq_burst_conv/rs_req/next_req
    SLICE_X49Y51         LUT4 (Prop_lut4_I0_O)        0.149     4.760 r  bd_0_i/hls_inst/inst/gmem_m_axi_U/bus_read/rreq_burst_conv/rs_req/data_p1[95]_i_1__0/O
                         net (fo=92, routed)          0.686     5.447    bd_0_i/hls_inst/inst/gmem_m_axi_U/bus_read/rreq_burst_conv/rs_req/load_p1
    SLICE_X47Y52         FDRE                                         r  bd_0_i/hls_inst/inst/gmem_m_axi_U/bus_read/rreq_burst_conv/rs_req/data_p1_reg[74]/CE
  -------------------------------------------------------------------    -------------------

                         (clock ap_clk rise edge)     5.000     5.000 r  
                                                      0.000     5.000 r  ap_clk (IN)
                         net (fo=3249, unset)         0.924     5.924    bd_0_i/hls_inst/inst/gmem_m_axi_U/bus_read/rreq_burst_conv/rs_req/ap_clk
    SLICE_X47Y52         FDRE                                         r  bd_0_i/hls_inst/inst/gmem_m_axi_U/bus_read/rreq_burst_conv/rs_req/data_p1_reg[74]/C
                         clock pessimism              0.000     5.924    
                         clock uncertainty           -0.035     5.889    
    SLICE_X47Y52         FDRE (Setup_fdre_C_CE)      -0.413     5.476    bd_0_i/hls_inst/inst/gmem_m_axi_U/bus_read/rreq_burst_conv/rs_req/data_p1_reg[74]
  -------------------------------------------------------------------
                         required time                          5.476    
                         arrival time                          -5.447    
  -------------------------------------------------------------------
                         slack                                  0.029    

Slack (MET) :             0.029ns  (required time - arrival time)
  Source:                 bd_0_i/hls_inst/inst/gmem_m_axi_U/bus_read/rreq_burst_conv/could_multi_bursts.burst_valid_reg/C
                            (rising edge-triggered cell FDRE clocked by ap_clk  {rise@0.000ns fall@2.500ns period=5.000ns})
  Destination:            bd_0_i/hls_inst/inst/gmem_m_axi_U/bus_read/rreq_burst_conv/rs_req/data_p1_reg[75]/CE
                            (rising edge-triggered cell FDRE clocked by ap_clk  {rise@0.000ns fall@2.500ns period=5.000ns})
  Path Group:             ap_clk
  Path Type:              Setup (Max at Slow Process Corner)
  Requirement:            5.000ns  (ap_clk rise@5.000ns - ap_clk rise@0.000ns)
  Data Path Delay:        4.474ns  (logic 0.853ns (19.066%)  route 3.621ns (80.934%))
  Logic Levels:           3  (LUT4=1 LUT5=1 LUT6=1)
  Clock Path Skew:        -0.049ns (DCD - SCD + CPR)
    Destination Clock Delay (DCD):    0.924ns = ( 5.924 - 5.000 ) 
    Source Clock Delay      (SCD):    0.973ns
    Clock Pessimism Removal (CPR):    0.000ns
  Clock Uncertainty:      0.035ns  ((TSJ^2 + TIJ^2)^1/2 + DJ) / 2 + PE
    Total System Jitter     (TSJ):    0.071ns
    Total Input Jitter      (TIJ):    0.000ns
    Discrete Jitter          (DJ):    0.000ns
    Phase Error              (PE):    0.000ns

    Location             Delay type                Incr(ns)  Path(ns)    Netlist Resource(s)
  -------------------------------------------------------------------    -------------------
                         (clock ap_clk rise edge)     0.000     0.000 r  
                                                      0.000     0.000 r  ap_clk (IN)
                         net (fo=3249, unset)         0.973     0.973    bd_0_i/hls_inst/inst/gmem_m_axi_U/bus_read/rreq_burst_conv/ap_clk
    SLICE_X43Y35         FDRE                                         r  bd_0_i/hls_inst/inst/gmem_m_axi_U/bus_read/rreq_burst_conv/could_multi_bursts.burst_valid_reg/C
  -------------------------------------------------------------------    -------------------
    SLICE_X43Y35         FDRE (Prop_fdre_C_Q)         0.456     1.429 f  bd_0_i/hls_inst/inst/gmem_m_axi_U/bus_read/rreq_burst_conv/could_multi_bursts.burst_valid_reg/Q
                         net (fo=6, routed)           1.343     2.772    bd_0_i/hls_inst/inst/gmem_m_axi_U/bus_read/rreq_burst_conv/rs_req/sect_total_buf_reg[0]
    SLICE_X49Y45         LUT6 (Prop_lut6_I1_O)        0.124     2.896 r  bd_0_i/hls_inst/inst/gmem_m_axi_U/bus_read/rreq_burst_conv/rs_req/sect_addr_buf[63]_i_1/O
                         net (fo=100, routed)         0.596     3.492    bd_0_i/hls_inst/inst/gmem_m_axi_U/bus_read/rreq_burst_conv/rs_req/p_15_in
    SLICE_X49Y49         LUT5 (Prop_lut5_I0_O)        0.124     3.616 r  bd_0_i/hls_inst/inst/gmem_m_axi_U/bus_read/rreq_burst_conv/rs_req/sect_total[19]_i_1__0/O
                         net (fo=174, routed)         0.995     4.611    bd_0_i/hls_inst/inst/gmem_m_axi_U/bus_read/rreq_burst_conv/rs_req/next_req
    SLICE_X49Y51         LUT4 (Prop_lut4_I0_O)        0.149     4.760 r  bd_0_i/hls_inst/inst/gmem_m_axi_U/bus_read/rreq_burst_conv/rs_req/data_p1[95]_i_1__0/O
                         net (fo=92, routed)          0.686     5.447    bd_0_i/hls_inst/inst/gmem_m_axi_U/bus_read/rreq_burst_conv/rs_req/load_p1
    SLICE_X47Y52         FDRE                                         r  bd_0_i/hls_inst/inst/gmem_m_axi_U/bus_read/rreq_burst_conv/rs_req/data_p1_reg[75]/CE
  -------------------------------------------------------------------    -------------------

                         (clock ap_clk rise edge)     5.000     5.000 r  
                                                      0.000     5.000 r  ap_clk (IN)
                         net (fo=3249, unset)         0.924     5.924    bd_0_i/hls_inst/inst/gmem_m_axi_U/bus_read/rreq_burst_conv/rs_req/ap_clk
    SLICE_X47Y52         FDRE                                         r  bd_0_i/hls_inst/inst/gmem_m_axi_U/bus_read/rreq_burst_conv/rs_req/data_p1_reg[75]/C
                         clock pessimism              0.000     5.924    
                         clock uncertainty           -0.035     5.889    
    SLICE_X47Y52         FDRE (Setup_fdre_C_CE)      -0.413     5.476    bd_0_i/hls_inst/inst/gmem_m_axi_U/bus_read/rreq_burst_conv/rs_req/data_p1_reg[75]
  -------------------------------------------------------------------
                         required time                          5.476    
                         arrival time                          -5.447    
  -------------------------------------------------------------------
                         slack                                  0.029    

Slack (MET) :             0.029ns  (required time - arrival time)
  Source:                 bd_0_i/hls_inst/inst/gmem_m_axi_U/bus_read/rreq_burst_conv/could_multi_bursts.burst_valid_reg/C
                            (rising edge-triggered cell FDRE clocked by ap_clk  {rise@0.000ns fall@2.500ns period=5.000ns})
  Destination:            bd_0_i/hls_inst/inst/gmem_m_axi_U/bus_read/rreq_burst_conv/rs_req/data_p1_reg[76]/CE
                            (rising edge-triggered cell FDRE clocked by ap_clk  {rise@0.000ns fall@2.500ns period=5.000ns})
  Path Group:             ap_clk
  Path Type:              Setup (Max at Slow Process Corner)
  Requirement:            5.000ns  (ap_clk rise@5.000ns - ap_clk rise@0.000ns)
  Data Path Delay:        4.474ns  (logic 0.853ns (19.066%)  route 3.621ns (80.934%))
  Logic Levels:           3  (LUT4=1 LUT5=1 LUT6=1)
  Clock Path Skew:        -0.049ns (DCD - SCD + CPR)
    Destination Clock Delay (DCD):    0.924ns = ( 5.924 - 5.000 ) 
    Source Clock Delay      (SCD):    0.973ns
    Clock Pessimism Removal (CPR):    0.000ns
  Clock Uncertainty:      0.035ns  ((TSJ^2 + TIJ^2)^1/2 + DJ) / 2 + PE
    Total System Jitter     (TSJ):    0.071ns
    Total Input Jitter      (TIJ):    0.000ns
    Discrete Jitter          (DJ):    0.000ns
    Phase Error              (PE):    0.000ns

    Location             Delay type                Incr(ns)  Path(ns)    Netlist Resource(s)
  -------------------------------------------------------------------    -------------------
                         (clock ap_clk rise edge)     0.000     0.000 r  
                                                      0.000     0.000 r  ap_clk (IN)
                         net (fo=3249, unset)         0.973     0.973    bd_0_i/hls_inst/inst/gmem_m_axi_U/bus_read/rreq_burst_conv/ap_clk
    SLICE_X43Y35         FDRE                                         r  bd_0_i/hls_inst/inst/gmem_m_axi_U/bus_read/rreq_burst_conv/could_multi_bursts.burst_valid_reg/C
  -------------------------------------------------------------------    -------------------
    SLICE_X43Y35         FDRE (Prop_fdre_C_Q)         0.456     1.429 f  bd_0_i/hls_inst/inst/gmem_m_axi_U/bus_read/rreq_burst_conv/could_multi_bursts.burst_valid_reg/Q
                         net (fo=6, routed)           1.343     2.772    bd_0_i/hls_inst/inst/gmem_m_axi_U/bus_read/rreq_burst_conv/rs_req/sect_total_buf_reg[0]
    SLICE_X49Y45         LUT6 (Prop_lut6_I1_O)        0.124     2.896 r  bd_0_i/hls_inst/inst/gmem_m_axi_U/bus_read/rreq_burst_conv/rs_req/sect_addr_buf[63]_i_1/O
                         net (fo=100, routed)         0.596     3.492    bd_0_i/hls_inst/inst/gmem_m_axi_U/bus_read/rreq_burst_conv/rs_req/p_15_in
    SLICE_X49Y49         LUT5 (Prop_lut5_I0_O)        0.124     3.616 r  bd_0_i/hls_inst/inst/gmem_m_axi_U/bus_read/rreq_burst_conv/rs_req/sect_total[19]_i_1__0/O
                         net (fo=174, routed)         0.995     4.611    bd_0_i/hls_inst/inst/gmem_m_axi_U/bus_read/rreq_burst_conv/rs_req/next_req
    SLICE_X49Y51         LUT4 (Prop_lut4_I0_O)        0.149     4.760 r  bd_0_i/hls_inst/inst/gmem_m_axi_U/bus_read/rreq_burst_conv/rs_req/data_p1[95]_i_1__0/O
                         net (fo=92, routed)          0.686     5.447    bd_0_i/hls_inst/inst/gmem_m_axi_U/bus_read/rreq_burst_conv/rs_req/load_p1
    SLICE_X47Y52         FDRE                                         r  bd_0_i/hls_inst/inst/gmem_m_axi_U/bus_read/rreq_burst_conv/rs_req/data_p1_reg[76]/CE
  -------------------------------------------------------------------    -------------------

                         (clock ap_clk rise edge)     5.000     5.000 r  
                                                      0.000     5.000 r  ap_clk (IN)
                         net (fo=3249, unset)         0.924     5.924    bd_0_i/hls_inst/inst/gmem_m_axi_U/bus_read/rreq_burst_conv/rs_req/ap_clk
    SLICE_X47Y52         FDRE                                         r  bd_0_i/hls_inst/inst/gmem_m_axi_U/bus_read/rreq_burst_conv/rs_req/data_p1_reg[76]/C
                         clock pessimism              0.000     5.924    
                         clock uncertainty           -0.035     5.889    
    SLICE_X47Y52         FDRE (Setup_fdre_C_CE)      -0.413     5.476    bd_0_i/hls_inst/inst/gmem_m_axi_U/bus_read/rreq_burst_conv/rs_req/data_p1_reg[76]
  -------------------------------------------------------------------
                         required time                          5.476    
                         arrival time                          -5.447    
  -------------------------------------------------------------------
                         slack                                  0.029    

Slack (MET) :             0.029ns  (required time - arrival time)
  Source:                 bd_0_i/hls_inst/inst/gmem_m_axi_U/bus_read/rreq_burst_conv/could_multi_bursts.burst_valid_reg/C
                            (rising edge-triggered cell FDRE clocked by ap_clk  {rise@0.000ns fall@2.500ns period=5.000ns})
  Destination:            bd_0_i/hls_inst/inst/gmem_m_axi_U/bus_read/rreq_burst_conv/rs_req/data_p1_reg[9]/CE
                            (rising edge-triggered cell FDRE clocked by ap_clk  {rise@0.000ns fall@2.500ns period=5.000ns})
  Path Group:             ap_clk
  Path Type:              Setup (Max at Slow Process Corner)
  Requirement:            5.000ns  (ap_clk rise@5.000ns - ap_clk rise@0.000ns)
  Data Path Delay:        4.474ns  (logic 0.853ns (19.066%)  route 3.621ns (80.934%))
  Logic Levels:           3  (LUT4=1 LUT5=1 LUT6=1)
  Clock Path Skew:        -0.049ns (DCD - SCD + CPR)
    Destination Clock Delay (DCD):    0.924ns = ( 5.924 - 5.000 ) 
    Source Clock Delay      (SCD):    0.973ns
    Clock Pessimism Removal (CPR):    0.000ns
  Clock Uncertainty:      0.035ns  ((TSJ^2 + TIJ^2)^1/2 + DJ) / 2 + PE
    Total System Jitter     (TSJ):    0.071ns
    Total Input Jitter      (TIJ):    0.000ns
    Discrete Jitter          (DJ):    0.000ns
    Phase Error              (PE):    0.000ns

    Location             Delay type                Incr(ns)  Path(ns)    Netlist Resource(s)
  -------------------------------------------------------------------    -------------------
                         (clock ap_clk rise edge)     0.000     0.000 r  
                                                      0.000     0.000 r  ap_clk (IN)
                         net (fo=3249, unset)         0.973     0.973    bd_0_i/hls_inst/inst/gmem_m_axi_U/bus_read/rreq_burst_conv/ap_clk
    SLICE_X43Y35         FDRE                                         r  bd_0_i/hls_inst/inst/gmem_m_axi_U/bus_read/rreq_burst_conv/could_multi_bursts.burst_valid_reg/C
  -------------------------------------------------------------------    -------------------
    SLICE_X43Y35         FDRE (Prop_fdre_C_Q)         0.456     1.429 f  bd_0_i/hls_inst/inst/gmem_m_axi_U/bus_read/rreq_burst_conv/could_multi_bursts.burst_valid_reg/Q
                         net (fo=6, routed)           1.343     2.772    bd_0_i/hls_inst/inst/gmem_m_axi_U/bus_read/rreq_burst_conv/rs_req/sect_total_buf_reg[0]
    SLICE_X49Y45         LUT6 (Prop_lut6_I1_O)        0.124     2.896 r  bd_0_i/hls_inst/inst/gmem_m_axi_U/bus_read/rreq_burst_conv/rs_req/sect_addr_buf[63]_i_1/O
                         net (fo=100, routed)         0.596     3.492    bd_0_i/hls_inst/inst/gmem_m_axi_U/bus_read/rreq_burst_conv/rs_req/p_15_in
    SLICE_X49Y49         LUT5 (Prop_lut5_I0_O)        0.124     3.616 r  bd_0_i/hls_inst/inst/gmem_m_axi_U/bus_read/rreq_burst_conv/rs_req/sect_total[19]_i_1__0/O
                         net (fo=174, routed)         0.995     4.611    bd_0_i/hls_inst/inst/gmem_m_axi_U/bus_read/rreq_burst_conv/rs_req/next_req
    SLICE_X49Y51         LUT4 (Prop_lut4_I0_O)        0.149     4.760 r  bd_0_i/hls_inst/inst/gmem_m_axi_U/bus_read/rreq_burst_conv/rs_req/data_p1[95]_i_1__0/O
                         net (fo=92, routed)          0.686     5.447    bd_0_i/hls_inst/inst/gmem_m_axi_U/bus_read/rreq_burst_conv/rs_req/load_p1
    SLICE_X47Y52         FDRE                                         r  bd_0_i/hls_inst/inst/gmem_m_axi_U/bus_read/rreq_burst_conv/rs_req/data_p1_reg[9]/CE
  -------------------------------------------------------------------    -------------------

                         (clock ap_clk rise edge)     5.000     5.000 r  
                                                      0.000     5.000 r  ap_clk (IN)
                         net (fo=3249, unset)         0.924     5.924    bd_0_i/hls_inst/inst/gmem_m_axi_U/bus_read/rreq_burst_conv/rs_req/ap_clk
    SLICE_X47Y52         FDRE                                         r  bd_0_i/hls_inst/inst/gmem_m_axi_U/bus_read/rreq_burst_conv/rs_req/data_p1_reg[9]/C
                         clock pessimism              0.000     5.924    
                         clock uncertainty           -0.035     5.889    
    SLICE_X47Y52         FDRE (Setup_fdre_C_CE)      -0.413     5.476    bd_0_i/hls_inst/inst/gmem_m_axi_U/bus_read/rreq_burst_conv/rs_req/data_p1_reg[9]
  -------------------------------------------------------------------
                         required time                          5.476    
                         arrival time                          -5.447    
  -------------------------------------------------------------------
                         slack                                  0.029    

Slack (MET) :             0.042ns  (required time - arrival time)
  Source:                 bd_0_i/hls_inst/inst/gmem_m_axi_U/bus_read/rreq_burst_conv/could_multi_bursts.burst_valid_reg/C
                            (rising edge-triggered cell FDRE clocked by ap_clk  {rise@0.000ns fall@2.500ns period=5.000ns})
  Destination:            bd_0_i/hls_inst/inst/gmem_m_axi_U/bus_read/rreq_burst_conv/rs_req/data_p1_reg[67]/CE
                            (rising edge-triggered cell FDRE clocked by ap_clk  {rise@0.000ns fall@2.500ns period=5.000ns})
  Path Group:             ap_clk
  Path Type:              Setup (Max at Slow Process Corner)
  Requirement:            5.000ns  (ap_clk rise@5.000ns - ap_clk rise@0.000ns)
  Data Path Delay:        4.461ns  (logic 0.853ns (19.121%)  route 3.608ns (80.879%))
  Logic Levels:           3  (LUT4=1 LUT5=1 LUT6=1)
  Clock Path Skew:        -0.049ns (DCD - SCD + CPR)
    Destination Clock Delay (DCD):    0.924ns = ( 5.924 - 5.000 ) 
    Source Clock Delay      (SCD):    0.973ns
    Clock Pessimism Removal (CPR):    0.000ns
  Clock Uncertainty:      0.035ns  ((TSJ^2 + TIJ^2)^1/2 + DJ) / 2 + PE
    Total System Jitter     (TSJ):    0.071ns
    Total Input Jitter      (TIJ):    0.000ns
    Discrete Jitter          (DJ):    0.000ns
    Phase Error              (PE):    0.000ns

    Location             Delay type                Incr(ns)  Path(ns)    Netlist Resource(s)
  -------------------------------------------------------------------    -------------------
                         (clock ap_clk rise edge)     0.000     0.000 r  
                                                      0.000     0.000 r  ap_clk (IN)
                         net (fo=3249, unset)         0.973     0.973    bd_0_i/hls_inst/inst/gmem_m_axi_U/bus_read/rreq_burst_conv/ap_clk
    SLICE_X43Y35         FDRE                                         r  bd_0_i/hls_inst/inst/gmem_m_axi_U/bus_read/rreq_burst_conv/could_multi_bursts.burst_valid_reg/C
  -------------------------------------------------------------------    -------------------
    SLICE_X43Y35         FDRE (Prop_fdre_C_Q)         0.456     1.429 f  bd_0_i/hls_inst/inst/gmem_m_axi_U/bus_read/rreq_burst_conv/could_multi_bursts.burst_valid_reg/Q
                         net (fo=6, routed)           1.343     2.772    bd_0_i/hls_inst/inst/gmem_m_axi_U/bus_read/rreq_burst_conv/rs_req/sect_total_buf_reg[0]
    SLICE_X49Y45         LUT6 (Prop_lut6_I1_O)        0.124     2.896 r  bd_0_i/hls_inst/inst/gmem_m_axi_U/bus_read/rreq_burst_conv/rs_req/sect_addr_buf[63]_i_1/O
                         net (fo=100, routed)         0.596     3.492    bd_0_i/hls_inst/inst/gmem_m_axi_U/bus_read/rreq_burst_conv/rs_req/p_15_in
    SLICE_X49Y49         LUT5 (Prop_lut5_I0_O)        0.124     3.616 r  bd_0_i/hls_inst/inst/gmem_m_axi_U/bus_read/rreq_burst_conv/rs_req/sect_total[19]_i_1__0/O
                         net (fo=174, routed)         0.995     4.611    bd_0_i/hls_inst/inst/gmem_m_axi_U/bus_read/rreq_burst_conv/rs_req/next_req
    SLICE_X49Y51         LUT4 (Prop_lut4_I0_O)        0.149     4.760 r  bd_0_i/hls_inst/inst/gmem_m_axi_U/bus_read/rreq_burst_conv/rs_req/data_p1[95]_i_1__0/O
                         net (fo=92, routed)          0.674     5.434    bd_0_i/hls_inst/inst/gmem_m_axi_U/bus_read/rreq_burst_conv/rs_req/load_p1
    SLICE_X45Y45         FDRE                                         r  bd_0_i/hls_inst/inst/gmem_m_axi_U/bus_read/rreq_burst_conv/rs_req/data_p1_reg[67]/CE
  -------------------------------------------------------------------    -------------------

                         (clock ap_clk rise edge)     5.000     5.000 r  
                                                      0.000     5.000 r  ap_clk (IN)
                         net (fo=3249, unset)         0.924     5.924    bd_0_i/hls_inst/inst/gmem_m_axi_U/bus_read/rreq_burst_conv/rs_req/ap_clk
    SLICE_X45Y45         FDRE                                         r  bd_0_i/hls_inst/inst/gmem_m_axi_U/bus_read/rreq_burst_conv/rs_req/data_p1_reg[67]/C
                         clock pessimism              0.000     5.924    
                         clock uncertainty           -0.035     5.889    
    SLICE_X45Y45         FDRE (Setup_fdre_C_CE)      -0.413     5.476    bd_0_i/hls_inst/inst/gmem_m_axi_U/bus_read/rreq_burst_conv/rs_req/data_p1_reg[67]
  -------------------------------------------------------------------
                         required time                          5.476    
                         arrival time                          -5.434    
  -------------------------------------------------------------------
                         slack                                  0.042    

Slack (MET) :             0.042ns  (required time - arrival time)
  Source:                 bd_0_i/hls_inst/inst/gmem_m_axi_U/bus_read/rreq_burst_conv/could_multi_bursts.burst_valid_reg/C
                            (rising edge-triggered cell FDRE clocked by ap_clk  {rise@0.000ns fall@2.500ns period=5.000ns})
  Destination:            bd_0_i/hls_inst/inst/gmem_m_axi_U/bus_read/rreq_burst_conv/rs_req/data_p1_reg[7]/CE
                            (rising edge-triggered cell FDRE clocked by ap_clk  {rise@0.000ns fall@2.500ns period=5.000ns})
  Path Group:             ap_clk
  Path Type:              Setup (Max at Slow Process Corner)
  Requirement:            5.000ns  (ap_clk rise@5.000ns - ap_clk rise@0.000ns)
  Data Path Delay:        4.461ns  (logic 0.853ns (19.121%)  route 3.608ns (80.879%))
  Logic Levels:           3  (LUT4=1 LUT5=1 LUT6=1)
  Clock Path Skew:        -0.049ns (DCD - SCD + CPR)
    Destination Clock Delay (DCD):    0.924ns = ( 5.924 - 5.000 ) 
    Source Clock Delay      (SCD):    0.973ns
    Clock Pessimism Removal (CPR):    0.000ns
  Clock Uncertainty:      0.035ns  ((TSJ^2 + TIJ^2)^1/2 + DJ) / 2 + PE
    Total System Jitter     (TSJ):    0.071ns
    Total Input Jitter      (TIJ):    0.000ns
    Discrete Jitter          (DJ):    0.000ns
    Phase Error              (PE):    0.000ns

    Location             Delay type                Incr(ns)  Path(ns)    Netlist Resource(s)
  -------------------------------------------------------------------    -------------------
                         (clock ap_clk rise edge)     0.000     0.000 r  
                                                      0.000     0.000 r  ap_clk (IN)
                         net (fo=3249, unset)         0.973     0.973    bd_0_i/hls_inst/inst/gmem_m_axi_U/bus_read/rreq_burst_conv/ap_clk
    SLICE_X43Y35         FDRE                                         r  bd_0_i/hls_inst/inst/gmem_m_axi_U/bus_read/rreq_burst_conv/could_multi_bursts.burst_valid_reg/C
  -------------------------------------------------------------------    -------------------
    SLICE_X43Y35         FDRE (Prop_fdre_C_Q)         0.456     1.429 f  bd_0_i/hls_inst/inst/gmem_m_axi_U/bus_read/rreq_burst_conv/could_multi_bursts.burst_valid_reg/Q
                         net (fo=6, routed)           1.343     2.772    bd_0_i/hls_inst/inst/gmem_m_axi_U/bus_read/rreq_burst_conv/rs_req/sect_total_buf_reg[0]
    SLICE_X49Y45         LUT6 (Prop_lut6_I1_O)        0.124     2.896 r  bd_0_i/hls_inst/inst/gmem_m_axi_U/bus_read/rreq_burst_conv/rs_req/sect_addr_buf[63]_i_1/O
                         net (fo=100, routed)         0.596     3.492    bd_0_i/hls_inst/inst/gmem_m_axi_U/bus_read/rreq_burst_conv/rs_req/p_15_in
    SLICE_X49Y49         LUT5 (Prop_lut5_I0_O)        0.124     3.616 r  bd_0_i/hls_inst/inst/gmem_m_axi_U/bus_read/rreq_burst_conv/rs_req/sect_total[19]_i_1__0/O
                         net (fo=174, routed)         0.995     4.611    bd_0_i/hls_inst/inst/gmem_m_axi_U/bus_read/rreq_burst_conv/rs_req/next_req
    SLICE_X49Y51         LUT4 (Prop_lut4_I0_O)        0.149     4.760 r  bd_0_i/hls_inst/inst/gmem_m_axi_U/bus_read/rreq_burst_conv/rs_req/data_p1[95]_i_1__0/O
                         net (fo=92, routed)          0.674     5.434    bd_0_i/hls_inst/inst/gmem_m_axi_U/bus_read/rreq_burst_conv/rs_req/load_p1
    SLICE_X45Y45         FDRE                                         r  bd_0_i/hls_inst/inst/gmem_m_axi_U/bus_read/rreq_burst_conv/rs_req/data_p1_reg[7]/CE
  -------------------------------------------------------------------    -------------------

                         (clock ap_clk rise edge)     5.000     5.000 r  
                                                      0.000     5.000 r  ap_clk (IN)
                         net (fo=3249, unset)         0.924     5.924    bd_0_i/hls_inst/inst/gmem_m_axi_U/bus_read/rreq_burst_conv/rs_req/ap_clk
    SLICE_X45Y45         FDRE                                         r  bd_0_i/hls_inst/inst/gmem_m_axi_U/bus_read/rreq_burst_conv/rs_req/data_p1_reg[7]/C
                         clock pessimism              0.000     5.924    
                         clock uncertainty           -0.035     5.889    
    SLICE_X45Y45         FDRE (Setup_fdre_C_CE)      -0.413     5.476    bd_0_i/hls_inst/inst/gmem_m_axi_U/bus_read/rreq_burst_conv/rs_req/data_p1_reg[7]
  -------------------------------------------------------------------
                         required time                          5.476    
                         arrival time                          -5.434    
  -------------------------------------------------------------------
                         slack                                  0.042    




