Copyright 1986-2022 Xilinx, Inc. All Rights Reserved. Copyright 2022-2024 Advanced Micro Devices, Inc. All Rights Reserved.
---------------------------------------------------------------------------------------------------------------------------------------------
| Tool Version : Vivado v.2024.1 (win64) Build 5076996 Wed May 22 18:37:14 MDT 2024
| Date         : Thu Oct 24 17:40:25 2024
| Host         : nightt_insider running 64-bit major release  (build 9200)
| Command      : report_design_analysis -file ./report/fir_wrap_design_analysis_routed.rpt
| Design       : bd_0_wrapper
| Device       : xc7z020
| Design State : Routed
---------------------------------------------------------------------------------------------------------------------------------------------

Report Design Analysis

Table of Contents
-----------------
1. Setup Path Characteristics 1-1
2. Logic Level Distribution
3. Placer Final Level Congestion Reporting
4. Initial Estimated Router Congestion Reporting
5. SLR Net Crossing Reporting

1. Setup Path Characteristics 1-1
---------------------------------

+---------------------------+----------------------------------------------------+
|      Characteristics      |                       Path #1                      |
+---------------------------+----------------------------------------------------+
| Requirement               | 5.000                                              |
| Path Delay                | 4.474                                              |
| Logic Delay               | 0.853(20%)                                         |
| Net Delay                 | 3.621(80%)                                         |
| Clock Skew                | -0.049                                             |
| Slack                     | 0.029                                              |
| Clock Uncertainty         | 0.035                                              |
| Clock Relationship        | Safely Timed                                       |
| Clock Delay Group         | Same Clock                                         |
| Logic Levels              | 3                                                  |
| Routes                    | 4                                                  |
| Logical Path              | FDRE/C-(6)-LUT6-(100)-LUT5-(174)-LUT4-(92)-FDRE/CE |
| Start Point Clock         | ap_clk                                             |
| End Point Clock           | ap_clk                                             |
| DSP Block                 | None                                               |
| RAM Registers             | None-None                                          |
| IO Crossings              | 0                                                  |
| Config Crossings          | 0                                                  |
| SLR Crossings             | 0                                                  |
| PBlocks                   | 0                                                  |
| High Fanout               | 174                                                |
| Dont Touch                | 0                                                  |
| Mark Debug                | 0                                                  |
| Start Point Pin Primitive | FDRE/C                                             |
| End Point Pin Primitive   | FDRE/CE                                            |
| Start Point Pin           | could_multi_bursts.burst_valid_reg/C               |
| End Point Pin             | data_p1_reg[14]/CE                                 |
+---------------------------+----------------------------------------------------+
* Bounding box calculated as % of dimensions for the target device (308, 299)


2. Logic Level Distribution
---------------------------

+-----------------+-------------+----+-----+----+-----+-----+----+---+---+---+---+----+----+----+----+----+
| End Point Clock | Requirement |  0 |  1  |  2 |  3  |  4  |  5 | 6 | 7 | 8 | 9 | 10 | 11 | 12 | 13 | 14 |
+-----------------+-------------+----+-----+----+-----+-----+----+---+---+---+---+----+----+----+----+----+
| ap_clk          | 5.000ns     | 62 | 125 | 82 | 406 | 216 | 44 | 6 | 4 | 8 | 9 |  6 |  6 | 10 | 10 |  6 |
+-----------------+-------------+----+-----+----+-----+-----+----+---+---+---+---+----+----+----+----+----+
* Columns represent the logic levels per end point clock
** Distribution is for top worst 1000 paths


3. Placer Final Level Congestion Reporting
------------------------------------------

+-----------+------+-------+------------+--------+---------------+---------------+-----+--------+------+------+------+-----+-------+-----+------------+
| Direction | Type | Level | Congestion | Window | Combined LUTs | Avg LUT Input | LUT | LUTRAM | Flop | MUXF | RAMB | DSP | CARRY | SRL | Cell Names |
+-----------+------+-------+------------+--------+---------------+---------------+-----+--------+------+------+------+-----+-------+-----+------------+
* No congestion windows are found above level 5


4. Initial Estimated Router Congestion Reporting
------------------------------------------------

+-----------+------+-------+------------------+--------+---------------+---------------+-----+--------+------+------+------+-----+-------+-----+------------+
| Direction | Type | Level | Percentage Tiles | Window | Combined LUTs | Avg LUT Input | LUT | LUTRAM | Flop | MUXF | RAMB | DSP | CARRY | SRL | Cell Names |
+-----------+------+-------+------------------+--------+---------------+---------------+-----+--------+------+------+------+-----+-------+-----+------------+
* No initial estimated congestion windows are found above level 5


5. SLR Net Crossing Reporting
-----------------------------

+------------+-----------------------------+
| Cell Names | Number of Nets crossing SLR |
+------------+-----------------------------+
* The current part is not an SSI device


