Copyright 1986-2022 Xilinx, Inc. All Rights Reserved. Copyright 2022-2024 Advanced Micro Devices, Inc. All Rights Reserved.
---------------------------------------------------------------------------------------------------------------------------------------------
| Tool Version : Vivado v.2024.1 (win64) Build 5076996 Wed May 22 18:37:14 MDT 2024
| Date         : Thu Oct 24 17:37:47 2024
| Host         : nightt_insider running 64-bit major release  (build 9200)
| Command      : report_design_analysis -file ./report/fir_wrap_design_analysis_synth.rpt
| Design       : bd_0_wrapper
| Device       : xc7z020
| Design State : Synthesized
---------------------------------------------------------------------------------------------------------------------------------------------

Report Design Analysis

Table of Contents
-----------------
1. Setup Path Characteristics 1-1
2. Logic Level Distribution
3. Placer Final Level Congestion Reporting
4. SLR Net Crossing Reporting

1. Setup Path Characteristics 1-1
---------------------------------

+---------------------------+------------------------------------------------------------+
|      Characteristics      |                           Path #1                          |
+---------------------------+------------------------------------------------------------+
| Requirement               | 5.000                                                      |
| Path Delay                | 4.704                                                      |
| Logic Delay               | 1.185(26%)                                                 |
| Net Delay                 | 3.519(74%)                                                 |
| Clock Skew                | -0.049                                                     |
| Slack                     | 0.043                                                      |
| Clock Uncertainty         | 0.035                                                      |
| Clock Relationship        | Safely Timed                                               |
| Clock Delay Group         | Same Clock                                                 |
| Logic Levels              | 4                                                          |
| Routes                    | NA                                                         |
| Logical Path              | FDRE/C-(3)-LUT6-(1)-LUT4-(15)-LUT5-(174)-LUT4-(92)-FDRE/CE |
| Start Point Clock         | ap_clk                                                     |
| End Point Clock           | ap_clk                                                     |
| DSP Block                 | None                                                       |
| RAM Registers             | None-None                                                  |
| IO Crossings              | 0                                                          |
| Config Crossings          | 0                                                          |
| SLR Crossings             | 0                                                          |
| PBlocks                   | 0                                                          |
| High Fanout               | 174                                                        |
| Dont Touch                | 0                                                          |
| Mark Debug                | 0                                                          |
| Start Point Pin Primitive | FDRE/C                                                     |
| End Point Pin Primitive   | FDRE/CE                                                    |
| Start Point Pin           | sect_total_reg[4]/C                                        |
| End Point Pin             | data_p1_reg[10]/CE                                         |
+---------------------------+------------------------------------------------------------+
* Bounding box calculated as % of dimensions for the target device (308, 299)


2. Logic Level Distribution
---------------------------

+-----------------+-------------+----+-----+-----+----+---+----+----+----+----+----+----+----+----+
| End Point Clock | Requirement |  2 |  3  |  4  |  6 | 9 | 10 | 11 | 12 | 13 | 14 | 15 | 16 | 17 |
+-----------------+-------------+----+-----+-----+----+---+----+----+----+----+----+----+----+----+
| ap_clk          | 5.000ns     | 23 | 449 | 440 | 34 | 2 |  2 |  4 |  6 |  8 | 12 |  8 |  8 |  4 |
+-----------------+-------------+----+-----+-----+----+---+----+----+----+----+----+----+----+----+
* Columns represent the logic levels per end point clock
** Distribution is for top worst 1000 paths


3. Placer Final Level Congestion Reporting
------------------------------------------

+-----------+------+-------+------------+--------+---------------+---------------+-----+--------+------+------+------+-----+-------+-----+------------+
| Direction | Type | Level | Congestion | Window | Combined LUTs | Avg LUT Input | LUT | LUTRAM | Flop | MUXF | RAMB | DSP | CARRY | SRL | Cell Names |
+-----------+------+-------+------------+--------+---------------+---------------+-----+--------+------+------+------+-----+-------+-----+------------+
* The design has not been placed, hence congestion data is not available. The command report_design_analysis -congestion should be run only after place_design has completed.


4. SLR Net Crossing Reporting
-----------------------------

+------------+-----------------------------+
| Cell Names | Number of Nets crossing SLR |
+------------+-----------------------------+
* The current part is not an SSI device


