INFO: [vitis-run 60-1548] Creating build summary session with primary output E:/robot/project/FPGA/ZedBoard/HLS_lab/lab3/dct/dct\dct.hlsrun_csim_summary, at 10/30/24 16:18:14
INFO: [vitis-run 82-31] Launching vitis_hls: vitis_hls -nolog -run csim -work_dir E:/robot/project/FPGA/ZedBoard/HLS_lab/lab3/dct/dct -config E:/robot/project/FPGA/ZedBoard/HLS_lab/lab3/dct/hls_config.cfg -cmdlineconfig E:/robot/project/FPGA/ZedBoard/HLS_lab/lab3/dct/dct/hls/config.cmdline
INFO: [HLS 200-10] For user '14692' on host 'nightt_insider' (Windows NT_amd64 version 10.0) on Wed Oct 30 16:18:18 +0800 2024
INFO: [HLS 200-10] In directory 'E:/robot/project/FPGA/ZedBoard/HLS_lab/lab3/dct'
INFO: [HLS 200-2005] Using work_dir E:/robot/project/FPGA/ZedBoard/HLS_lab/lab3/dct/dct 
INFO: [HLS 200-1505] Using default flow_target 'vivado'
Resolution: For help on HLS 200-1505 see docs.xilinx.com/access/sources/dita/topic?Doc_Version=2024.1%20English&url=ug1448-hls-guidance&resourceid=200-1505.html
INFO: [HLS 200-1465] Applying ini 'syn.file=E:/robot/project/FPGA/ZedBoard/HLS_lab/High-Level-Synthesis-Flow-on-Zynq-using-Vivado-HLS/source/lab3/dct.c' from E:/robot/project/FPGA/ZedBoard/HLS_lab/lab3/dct/hls_config.cfg(8)
INFO: [HLS 200-10] Adding design file 'E:/robot/project/FPGA/ZedBoard/HLS_lab/High-Level-Synthesis-Flow-on-Zynq-using-Vivado-HLS/source/lab3/dct.c' to the project
INFO: [HLS 200-1465] Applying ini 'tb.file=E:/robot/project/FPGA/ZedBoard/HLS_lab/High-Level-Synthesis-Flow-on-Zynq-using-Vivado-HLS/source/lab3/dct_test.c' from E:/robot/project/FPGA/ZedBoard/HLS_lab/lab3/dct/hls_config.cfg(9)
INFO: [HLS 200-10] Adding test bench file 'E:/robot/project/FPGA/ZedBoard/HLS_lab/High-Level-Synthesis-Flow-on-Zynq-using-Vivado-HLS/source/lab3/dct_test.c' to the project
INFO: [HLS 200-1465] Applying ini 'tb.file=E:/robot/project/FPGA/ZedBoard/HLS_lab/High-Level-Synthesis-Flow-on-Zynq-using-Vivado-HLS/source/lab3/in.dat' from E:/robot/project/FPGA/ZedBoard/HLS_lab/lab3/dct/hls_config.cfg(10)
INFO: [HLS 200-10] Adding test bench file 'E:/robot/project/FPGA/ZedBoard/HLS_lab/High-Level-Synthesis-Flow-on-Zynq-using-Vivado-HLS/source/lab3/in.dat' to the project
INFO: [HLS 200-1465] Applying ini 'tb.file=E:/robot/project/FPGA/ZedBoard/HLS_lab/High-Level-Synthesis-Flow-on-Zynq-using-Vivado-HLS/source/lab3/out.golden.dat' from E:/robot/project/FPGA/ZedBoard/HLS_lab/lab3/dct/hls_config.cfg(11)
INFO: [HLS 200-10] Adding test bench file 'E:/robot/project/FPGA/ZedBoard/HLS_lab/High-Level-Synthesis-Flow-on-Zynq-using-Vivado-HLS/source/lab3/out.golden.dat' to the project
INFO: [HLS 200-1465] Applying ini 'syn.top=dct' from E:/robot/project/FPGA/ZedBoard/HLS_lab/lab3/dct/hls_config.cfg(7)
INFO: [HLS 200-1465] Applying ini 'flow_target=vivado' from E:/robot/project/FPGA/ZedBoard/HLS_lab/lab3/dct/hls_config.cfg(4)
INFO: [HLS 200-1505] Using flow_target 'vivado'
Resolution: For help on HLS 200-1505 see docs.xilinx.com/access/sources/dita/topic?Doc_Version=2024.1%20English&url=ug1448-hls-guidance&resourceid=200-1505.html
INFO: [HLS 200-1465] Applying ini 'part=xc7z020clg484-1' from E:/robot/project/FPGA/ZedBoard/HLS_lab/lab3/dct/hls_config.cfg(1)
INFO: [HLS 200-1611] Setting target device to 'xc7z020-clg484-1'
INFO: [HLS 200-1465] Applying ini 'clock=10ns' from E:/robot/project/FPGA/ZedBoard/HLS_lab/lab3/dct/hls_config.cfg(12)
INFO: [SYN 201-201] Setting up clock 'default' with a period of 10ns.
INFO: [HLS 200-1465] Applying ini 'csim.code_analyzer=1' from E:/robot/project/FPGA/ZedBoard/HLS_lab/lab3/dct/hls_config.cfg(13)
INFO: [HLS 200-1465] Applying ini 'package.output.format=ip_catalog' from E:/robot/project/FPGA/ZedBoard/HLS_lab/lab3/dct/hls_config.cfg(5)
INFO: [SIM 211-200] Executing Code Analyzer instead of classic HLS C simulation
INFO: [SIM 211-200] Compiling source code ../../High-Level-Synthesis-Flow-on-Zynq-using-Vivado-HLS/source/lab3/dct.c as hardware code with instrumentation
INFO: [SIM 211-200] Compiling source code ../../High-Level-Synthesis-Flow-on-Zynq-using-Vivado-HLS/source/lab3/dct_test.c as test bench code with instrumentation
INFO: [SIM 211-200] Compiling source code ../../High-Level-Synthesis-Flow-on-Zynq-using-Vivado-HLS/source/lab3/dct.c as test bench code with instrumentation
INFO: [SIM 211-200] Linking hardware code
INFO: [SIM 211-200] Transforming hardware bitcode
INFO: [SIM 211-200] Linking executable
INFO: [SIM 211-200] Determining source code dependencies
INFO: [SIM 211-200] Generating static call graph
INFO: [SIM 211-200] Analyzing Interfaces
INFO: [SIM 211-200] Running executable
    *** *** *** *** 
    Results are good 
    *** *** *** *** 
INFO: [SIM 211-200] Analyzing trace data
INFO: [SIM 211-208] Running Code Analyzer
INFO: [SIM 211-210] Code Analyzer finished
INFO: [HLS 200-112] Total CPU user time: 1 seconds. Total CPU system time: 0 seconds. Total elapsed time: 13.628 seconds; peak allocated memory: 245.887 MB.
INFO: [vitis-run 60-791] Total elapsed time: 0h 0m 18s
