#-----------------------------------------------------------
# Vivado v2024.1 (64-bit)
# SW Build 5076996 on Wed May 22 18:37:14 MDT 2024
# IP Build 5075265 on Wed May 22 21:45:21 MDT 2024
# SharedData Build 5076995 on Wed May 22 18:29:18 MDT 2024
# Start of session at: Sat Oct  5 14:48:30 2024
# Process ID: 33100
# Current directory: E:/robot/project/FPGA/ZedBoard/lab_6/lab_6.runs/ila_led_synth_1
# Command line: vivado.exe -log ila_led.vds -product Vivado -mode batch -messageDb vivado.pb -notrace -source ila_led.tcl
# Log file: E:/robot/project/FPGA/ZedBoard/lab_6/lab_6.runs/ila_led_synth_1/ila_led.vds
# Journal file: E:/robot/project/FPGA/ZedBoard/lab_6/lab_6.runs/ila_led_synth_1\vivado.jou
# Running On        :nightt_insider
# Platform          :Windows Server 2016 or Windows 10
# Operating System  :22631
# Processor Detail  :AMD Ryzen 7 5800U with Radeon Graphics         
# CPU Frequency     :1896 MHz
# CPU Physical cores:8
# CPU Logical cores :16
# Host memory       :16487 MB
# Swap memory       :18253 MB
# Total Virtual     :34741 MB
# Available Virtual :12696 MB
#-----------------------------------------------------------
source ila_led.tcl -notrace
