INFO: [vitis-run 60-1548] Creating build summary session with primary output E:/robot/project/FPGA/ZedBoard/HLS_lab/lab2/lab2/lab2\lab2.hlsrun_csim_summary, at 10/17/24 21:24:43
INFO: [vitis-run 82-31] Launching vitis_hls: vitis_hls -nolog -run csim -work_dir E:/robot/project/FPGA/ZedBoard/HLS_lab/lab2/lab2/lab2 -config E:/robot/project/FPGA/ZedBoard/HLS_lab/lab2/lab2/hls_config.cfg -cmdlineconfig E:/robot/project/FPGA/ZedBoard/HLS_lab/lab2/lab2/lab2/hls/config.cmdline

****** Vitis HLS - High-Level Synthesis from C, C++ and OpenCL v2024.1 (64-bit)
  **** SW Build 5069499 on May 21 2024
  **** IP Build 5075265 on Wed May 22 21:45:21 MDT 2024
  **** SharedData Build 5076995 on Wed May 22 18:29:18 MDT 2024
  **** Start of session at: Thu Oct 17 21:24:45 2024
    ** Copyright 1986-2022 Xilinx, Inc. All Rights Reserved.
    ** Copyright 2022-2024 Advanced Micro Devices, Inc. All Rights Reserved.

source E:/vivado/Vitis_HLS/2024.1/scripts/vitis_hls/hls.tcl -notrace
INFO: [HLS 200-10] For user '14692' on host 'nightt_insider' (Windows NT_amd64 version 10.0) on Thu Oct 17 21:24:46 +0800 2024
INFO: [HLS 200-10] In directory 'E:/robot/project/FPGA/ZedBoard/HLS_lab/lab2/lab2'
INFO: [HLS 200-2005] Using work_dir E:/robot/project/FPGA/ZedBoard/HLS_lab/lab2/lab2/lab2 
INFO: [HLS 200-1505] Using default flow_target 'vivado'
Resolution: For help on HLS 200-1505 see docs.xilinx.com/access/sources/dita/topic?Doc_Version=2024.1%20English&url=ug1448-hls-guidance&resourceid=200-1505.html
INFO: [HLS 200-1465] Applying ini 'syn.file=E:/robot/project/FPGA/ZedBoard/HLS_lab/source/lab2/image_aux.c' from E:/robot/project/FPGA/ZedBoard/HLS_lab/lab2/lab2/hls_config.cfg(7)
INFO: [HLS 200-10] Adding design file 'E:/robot/project/FPGA/ZedBoard/HLS_lab/source/lab2/image_aux.c' to the project
INFO: [HLS 200-1465] Applying ini 'syn.file=E:/robot/project/FPGA/ZedBoard/HLS_lab/source/lab2/yuv_filter.c' from E:/robot/project/FPGA/ZedBoard/HLS_lab/lab2/lab2/hls_config.cfg(8)
INFO: [HLS 200-10] Adding design file 'E:/robot/project/FPGA/ZedBoard/HLS_lab/source/lab2/yuv_filter.c' to the project
INFO: [HLS 200-1465] Applying ini 'tb.file=E:/robot/project/FPGA/ZedBoard/HLS_lab/source/lab2/yuv_filter_test.c' from E:/robot/project/FPGA/ZedBoard/HLS_lab/lab2/lab2/hls_config.cfg(9)
INFO: [HLS 200-10] Adding test bench file 'E:/robot/project/FPGA/ZedBoard/HLS_lab/source/lab2/yuv_filter_test.c' to the project
INFO: [HLS 200-1465] Applying ini 'syn.top=yuv_filter' from E:/robot/project/FPGA/ZedBoard/HLS_lab/lab2/lab2/hls_config.cfg(11)
INFO: [HLS 200-1465] Applying ini 'flow_target=vivado' from E:/robot/project/FPGA/ZedBoard/HLS_lab/lab2/lab2/hls_config.cfg(4)
INFO: [HLS 200-1505] Using flow_target 'vivado'
Resolution: For help on HLS 200-1505 see docs.xilinx.com/access/sources/dita/topic?Doc_Version=2024.1%20English&url=ug1448-hls-guidance&resourceid=200-1505.html
INFO: [HLS 200-1465] Applying ini 'part=xc7z020clg484-1' from E:/robot/project/FPGA/ZedBoard/HLS_lab/lab2/lab2/hls_config.cfg(1)
INFO: [HLS 200-1611] Setting target device to 'xc7z020-clg484-1'
INFO: [HLS 200-1465] Applying ini 'csim.code_analyzer=0' from E:/robot/project/FPGA/ZedBoard/HLS_lab/lab2/lab2/hls_config.cfg(10)
INFO: [HLS 200-1465] Applying ini 'package.output.format=ip_catalog' from E:/robot/project/FPGA/ZedBoard/HLS_lab/lab2/lab2/hls_config.cfg(5)
INFO: [SIM 211-2] *************** CSIM start ***************
INFO: [SIM 211-4] CSIM will launch CLANG as the compiler.
INFO: [HLS 200-2036] Building debug C Simulation binaries
   Compiling ../../../../../../source/lab2/yuv_filter_test.c in debug mode
   Compiling ../../../../../../source/lab2/yuv_filter.c in debug mode
   Compiling ../../../../../../source/lab2/image_aux.c in debug mode
   Generating csim.exe
../../../../../../source/lab2/yuv_filter.c:40:30: warning: implicitly declaring library function 'malloc' with type 'void *(unsigned long long)' [-Wimplicit-function-declaration]
   image_t *yuv = (image_t *)malloc(sizeof(image_t));
                             ^
../../../../../../source/lab2/yuv_filter.c:40:30: note: include the header <stdlib.h> or explicitly provide a declaration for 'malloc'
1 warning generated.
@E Simulation failed: SIGSEGV.
ERROR: [SIM 211-100] CSim failed with errors.
INFO: [SIM 211-3] *************** CSIM finish ***************
ERROR: 4
INFO: [HLS 200-112] Total CPU user time: 1 seconds. Total CPU system time: 0 seconds. Total elapsed time: 5.211 seconds; peak allocated memory: 246.871 MB.
