INFO: [vitis-run 60-1548] Creating build summary session with primary output E:/robot/project/FPGA/ZedBoard/HLS_lab/lab2/lab2/lab2\lab2.hlsrun_csim_summary, at 10/17/24 21:20:42
INFO: [vitis-run 82-31] Launching vitis_hls: vitis_hls -nolog -run csim -work_dir E:/robot/project/FPGA/ZedBoard/HLS_lab/lab2/lab2/lab2 -config E:/robot/project/FPGA/ZedBoard/HLS_lab/lab2/lab2/hls_config.cfg -cmdlineconfig E:/robot/project/FPGA/ZedBoard/HLS_lab/lab2/lab2/lab2/hls/config.cmdline

****** Vitis HLS - High-Level Synthesis from C, C++ and OpenCL v2024.1 (64-bit)
  **** SW Build 5069499 on May 21 2024
  **** IP Build 5075265 on Wed May 22 21:45:21 MDT 2024
  **** SharedData Build 5076995 on Wed May 22 18:29:18 MDT 2024
  **** Start of session at: Thu Oct 17 21:20:44 2024
    ** Copyright 1986-2022 Xilinx, Inc. All Rights Reserved.
    ** Copyright 2022-2024 Advanced Micro Devices, Inc. All Rights Reserved.

source E:/vivado/Vitis_HLS/2024.1/scripts/vitis_hls/hls.tcl -notrace
INFO: [HLS 200-10] For user '14692' on host 'nightt_insider' (Windows NT_amd64 version 10.0) on Thu Oct 17 21:20:46 +0800 2024
INFO: [HLS 200-10] In directory 'E:/robot/project/FPGA/ZedBoard/HLS_lab/lab2/lab2'
INFO: [HLS 200-2005] Using work_dir E:/robot/project/FPGA/ZedBoard/HLS_lab/lab2/lab2/lab2 
INFO: [HLS 200-1505] Using default flow_target 'vivado'
Resolution: For help on HLS 200-1505 see docs.xilinx.com/access/sources/dita/topic?Doc_Version=2024.1%20English&url=ug1448-hls-guidance&resourceid=200-1505.html
INFO: [HLS 200-1465] Applying ini 'syn.file=E:/robot/project/FPGA/ZedBoard/HLS_lab/source/lab2/image_aux.c' from E:/robot/project/FPGA/ZedBoard/HLS_lab/lab2/lab2/hls_config.cfg(7)
INFO: [HLS 200-10] Adding design file 'E:/robot/project/FPGA/ZedBoard/HLS_lab/source/lab2/image_aux.c' to the project
INFO: [HLS 200-1465] Applying ini 'syn.file=E:/robot/project/FPGA/ZedBoard/HLS_lab/source/lab2/yuv_filter.c' from E:/robot/project/FPGA/ZedBoard/HLS_lab/lab2/lab2/hls_config.cfg(8)
INFO: [HLS 200-10] Adding design file 'E:/robot/project/FPGA/ZedBoard/HLS_lab/source/lab2/yuv_filter.c' to the project
INFO: [HLS 200-1465] Applying ini 'tb.file=E:/robot/project/FPGA/ZedBoard/HLS_lab/source/lab2/yuv_filter_test.c' from E:/robot/project/FPGA/ZedBoard/HLS_lab/lab2/lab2/hls_config.cfg(9)
INFO: [HLS 200-10] Adding test bench file 'E:/robot/project/FPGA/ZedBoard/HLS_lab/source/lab2/yuv_filter_test.c' to the project
INFO: [HLS 200-1465] Applying ini 'flow_target=vivado' from E:/robot/project/FPGA/ZedBoard/HLS_lab/lab2/lab2/hls_config.cfg(4)
INFO: [HLS 200-1505] Using flow_target 'vivado'
Resolution: For help on HLS 200-1505 see docs.xilinx.com/access/sources/dita/topic?Doc_Version=2024.1%20English&url=ug1448-hls-guidance&resourceid=200-1505.html
INFO: [HLS 200-1465] Applying ini 'part=xc7z020clg484-1' from E:/robot/project/FPGA/ZedBoard/HLS_lab/lab2/lab2/hls_config.cfg(1)
INFO: [HLS 200-1611] Setting target device to 'xc7z020-clg484-1'
INFO: [HLS 200-1465] Applying ini 'csim.code_analyzer=1' from E:/robot/project/FPGA/ZedBoard/HLS_lab/lab2/lab2/hls_config.cfg(10)
INFO: [HLS 200-1465] Applying ini 'package.output.format=ip_catalog' from E:/robot/project/FPGA/ZedBoard/HLS_lab/lab2/lab2/hls_config.cfg(5)
INFO: [SIM 211-200] Executing Code Analyzer instead of classic HLS C simulation
slxcmd:0:0: error: No top-level hardware function has been defined
ERROR: [SIM 211-200] Code Analyzer execution failed. Consider running the classic C simulation instead by disabling the hls.csim.code_analyzer option in the config file.
ERROR: Problem running csim: child process exited abnormally
INFO: [HLS 200-112] Total CPU user time: 1 seconds. Total CPU system time: 0 seconds. Total elapsed time: 7.836 seconds; peak allocated memory: 246.012 MB.
