INFO: [vitis-run 60-1548] Creating build summary session with primary output E:/robot/project/FPGA/ZedBoard/HLS_lab/lab4/fir/fir\fir.hlsrun_csim_summary, at 10/24/24 17:08:55
INFO: [vitis-run 82-31] Launching vitis_hls: vitis_hls -nolog -run csim -work_dir E:/robot/project/FPGA/ZedBoard/HLS_lab/lab4/fir/fir -config E:/robot/project/FPGA/ZedBoard/HLS_lab/lab4/fir/hls_config.cfg -cmdlineconfig E:/robot/project/FPGA/ZedBoard/HLS_lab/lab4/fir/fir/hls/config.cmdline
INFO: [HLS 200-10] For user '14692' on host 'nightt_insider' (Windows NT_amd64 version 10.0) on Thu Oct 24 17:08:57 +0800 2024
INFO: [HLS 200-10] In directory 'E:/robot/project/FPGA/ZedBoard/HLS_lab/lab4/fir'
INFO: [HLS 200-2005] Using work_dir E:/robot/project/FPGA/ZedBoard/HLS_lab/lab4/fir/fir 
INFO: [HLS 200-1505] Using default flow_target 'vivado'
Resolution: For help on HLS 200-1505 see docs.xilinx.com/access/sources/dita/topic?Doc_Version=2024.1%20English&url=ug1448-hls-guidance&resourceid=200-1505.html
INFO: [HLS 200-1465] Applying ini 'syn.file=E:/robot/project/FPGA/ZedBoard/HLS_lab/source/lab4/fir.c' from E:/robot/project/FPGA/ZedBoard/HLS_lab/lab4/fir/hls_config.cfg(8)
INFO: [HLS 200-10] Adding design file 'E:/robot/project/FPGA/ZedBoard/HLS_lab/source/lab4/fir.c' to the project
INFO: [HLS 200-1465] Applying ini 'syn.file=E:/robot/project/FPGA/ZedBoard/HLS_lab/source/lab4/fir_coef.dat' from E:/robot/project/FPGA/ZedBoard/HLS_lab/lab4/fir/hls_config.cfg(9)
INFO: [HLS 200-10] Adding design file 'E:/robot/project/FPGA/ZedBoard/HLS_lab/source/lab4/fir_coef.dat' to the project
INFO: [HLS 200-1465] Applying ini 'tb.file=E:/robot/project/FPGA/ZedBoard/HLS_lab/source/lab4/fir_test.c' from E:/robot/project/FPGA/ZedBoard/HLS_lab/lab4/fir/hls_config.cfg(10)
INFO: [HLS 200-10] Adding test bench file 'E:/robot/project/FPGA/ZedBoard/HLS_lab/source/lab4/fir_test.c' to the project
INFO: [HLS 200-1465] Applying ini 'syn.top=fir' from E:/robot/project/FPGA/ZedBoard/HLS_lab/lab4/fir/hls_config.cfg(7)
INFO: [HLS 200-1465] Applying ini 'flow_target=vivado' from E:/robot/project/FPGA/ZedBoard/HLS_lab/lab4/fir/hls_config.cfg(4)
INFO: [HLS 200-1505] Using flow_target 'vivado'
Resolution: For help on HLS 200-1505 see docs.xilinx.com/access/sources/dita/topic?Doc_Version=2024.1%20English&url=ug1448-hls-guidance&resourceid=200-1505.html
INFO: [HLS 200-1465] Applying ini 'part=xc7z020clg484-1' from E:/robot/project/FPGA/ZedBoard/HLS_lab/lab4/fir/hls_config.cfg(1)
INFO: [HLS 200-1611] Setting target device to 'xc7z020-clg484-1'
INFO: [HLS 200-1465] Applying ini 'clock=10ns' from E:/robot/project/FPGA/ZedBoard/HLS_lab/lab4/fir/hls_config.cfg(11)
INFO: [SYN 201-201] Setting up clock 'default' with a period of 10ns.
INFO: [HLS 200-1465] Applying ini 'csim.code_analyzer=1' from E:/robot/project/FPGA/ZedBoard/HLS_lab/lab4/fir/hls_config.cfg(12)
INFO: [HLS 200-1465] Applying ini 'package.output.format=ip_catalog' from E:/robot/project/FPGA/ZedBoard/HLS_lab/lab4/fir/hls_config.cfg(5)
INFO: [SIM 211-200] Executing Code Analyzer instead of classic HLS C simulation
INFO: [SIM 211-200] Compiling source code ../../source/lab4/fir.c as hardware code with instrumentation
INFO: [SIM 211-200] Compiling source code ../../source/lab4/fir_test.c as test bench code with instrumentation
INFO: [SIM 211-200] Compiling source code ../../source/lab4/fir.c as test bench code with instrumentation
In file included from ../../source/lab4/fir.c:29:
In file included from ../../source/lab4/fir.h:30:
../../source/lab4/ap_cint.h:9:2: error: ERROR: [SIM 211-200] ap_cint.h is not supported by Code Analyzer C simulation
#error ERROR: [SIM 211-200] ap_cint.h is not supported by Code Analyzer C simulation
 ^
1 error generated.
ERROR: [SIM 211-200] Code Analyzer execution failed. Consider running the classic C simulation instead by disabling the hls.csim.code_analyzer option in the config file.
ERROR: Problem running csim: child process exited abnormally
INFO: [HLS 200-112] Total CPU user time: 2 seconds. Total CPU system time: 1 seconds. Total elapsed time: 6.101 seconds; peak allocated memory: 246.039 MB.
