INFO: [v++ 60-1548] Creating build summary session with primary output E:/robot/project/FPGA/finial_product/sobel_hls/sobel_opt/sobel\sobel.hlscompile_summary, at 12/31/24 10:11:23
INFO: [v++ 82-31] Launching vitis_hls: vitis_hls -nolog -run csynth -work_dir E:/robot/project/FPGA/finial_product/sobel_hls/sobel_opt/sobel -config E:/robot/project/FPGA/finial_product/sobel_hls/sobel_opt/hls_config.cfg -cmdlineconfig E:/robot/project/FPGA/finial_product/sobel_hls/sobel_opt/sobel/hls/config.cmdline

****** Vitis HLS - High-Level Synthesis from C, C++ and OpenCL v2024.1 (64-bit)
  **** SW Build 5069499 on May 21 2024
  **** IP Build 5075265 on Wed May 22 21:45:21 MDT 2024
  **** SharedData Build 5076995 on Wed May 22 18:29:18 MDT 2024
  **** Start of session at: Tue Dec 31 10:11:25 2024
    ** Copyright 1986-2022 Xilinx, Inc. All Rights Reserved.
    ** Copyright 2022-2024 Advanced Micro Devices, Inc. All Rights Reserved.

source E:/vivado/Vitis_HLS/2024.1/scripts/vitis_hls/hls.tcl -notrace
INFO: [HLS 200-10] For user '14692' on host 'nightt_insider' (Windows NT_amd64 version 10.0) on Tue Dec 31 10:11:26 +0800 2024
INFO: [HLS 200-10] In directory 'E:/robot/project/FPGA/finial_product/sobel_hls/sobel_opt'
INFO: [HLS 200-2005] Using work_dir E:/robot/project/FPGA/finial_product/sobel_hls/sobel_opt/sobel 
INFO: [HLS 200-1505] Using default flow_target 'vivado'
Resolution: For help on HLS 200-1505 see docs.xilinx.com/access/sources/dita/topic?Doc_Version=2024.1%20English&url=ug1448-hls-guidance&resourceid=200-1505.html
INFO: [HLS 200-1465] Applying ini 'syn.file=E:/robot/project/FPGA/finial_product/sobel_hls/source/sobel.hpp' from E:/robot/project/FPGA/finial_product/sobel_hls/sobel_opt/hls_config.cfg(8)
INFO: [HLS 200-10] Adding design file 'E:/robot/project/FPGA/finial_product/sobel_hls/source/sobel.hpp' to the project
INFO: [HLS 200-1465] Applying ini 'syn.file=E:/robot/project/FPGA/finial_product/sobel_hls/source/sobel_base.cpp' from E:/robot/project/FPGA/finial_product/sobel_hls/sobel_opt/hls_config.cfg(9)
INFO: [HLS 200-10] Adding design file 'E:/robot/project/FPGA/finial_product/sobel_hls/source/sobel_base.cpp' to the project
INFO: [HLS 200-1465] Applying ini 'tb.file=E:/robot/project/FPGA/finial_product/sobel_hls/source/sobel_tb.cpp' from E:/robot/project/FPGA/finial_product/sobel_hls/sobel_opt/hls_config.cfg(10)
INFO: [HLS 200-10] Adding test bench file 'E:/robot/project/FPGA/finial_product/sobel_hls/source/sobel_tb.cpp' to the project
INFO: [HLS 200-1465] Applying ini 'syn.top=sobel' from E:/robot/project/FPGA/finial_product/sobel_hls/sobel_opt/hls_config.cfg(7)
INFO: [HLS 200-1465] Applying ini 'flow_target=vivado' from E:/robot/project/FPGA/finial_product/sobel_hls/sobel_opt/hls_config.cfg(4)
INFO: [HLS 200-1505] Using flow_target 'vivado'
Resolution: For help on HLS 200-1505 see docs.xilinx.com/access/sources/dita/topic?Doc_Version=2024.1%20English&url=ug1448-hls-guidance&resourceid=200-1505.html
INFO: [HLS 200-1465] Applying ini 'part=xc7z020clg400-1' from E:/robot/project/FPGA/finial_product/sobel_hls/sobel_opt/hls_config.cfg(1)
INFO: [HLS 200-1611] Setting target device to 'xc7z020-clg400-1'
INFO: [HLS 200-1465] Applying ini 'csim.code_analyzer=0' from E:/robot/project/FPGA/finial_product/sobel_hls/sobel_opt/hls_config.cfg(11)
INFO: [HLS 200-1465] Applying ini 'package.output.format=ip_catalog' from E:/robot/project/FPGA/finial_product/sobel_hls/sobel_opt/hls_config.cfg(5)
INFO: [HLS 200-111] Finished File checks and directory preparation: CPU user time: 2 seconds. CPU system time: 1 seconds. Elapsed time: 3.379 seconds; current allocated memory: 245.906 MB.
INFO: [HLS 200-10] Analyzing design file '../source/sobel_base.cpp' ... 
INFO: [HLS 200-111] Finished Source Code Analysis and Preprocessing: CPU user time: 1 seconds. CPU system time: 0 seconds. Elapsed time: 7.667 seconds; current allocated memory: 249.016 MB.
INFO: [HLS 200-777] Using interface defaults for 'Vivado' flow target.
INFO: [HLS 200-1995] There were 209 instructions in the design after the 'Compile/Link' phase of compilation. See the Design Size Report for more details: E:/robot/project/FPGA/finial_product/sobel_hls/sobel_opt/sobel/hls/syn/report/csynth_design_size.rpt
INFO: [HLS 200-1995] There were 155 instructions in the design after the 'Unroll/Inline (step 1)' phase of compilation. See the Design Size Report for more details: E:/robot/project/FPGA/finial_product/sobel_hls/sobel_opt/sobel/hls/syn/report/csynth_design_size.rpt
INFO: [HLS 200-1995] There were 140 instructions in the design after the 'Unroll/Inline (step 2)' phase of compilation. See the Design Size Report for more details: E:/robot/project/FPGA/finial_product/sobel_hls/sobel_opt/sobel/hls/syn/report/csynth_design_size.rpt
INFO: [HLS 200-1995] There were 137 instructions in the design after the 'Unroll/Inline (step 3)' phase of compilation. See the Design Size Report for more details: E:/robot/project/FPGA/finial_product/sobel_hls/sobel_opt/sobel/hls/syn/report/csynth_design_size.rpt
INFO: [HLS 200-1995] There were 124 instructions in the design after the 'Unroll/Inline (step 4)' phase of compilation. See the Design Size Report for more details: E:/robot/project/FPGA/finial_product/sobel_hls/sobel_opt/sobel/hls/syn/report/csynth_design_size.rpt
INFO: [HLS 200-1995] There were 122 instructions in the design after the 'Array/Struct (step 1)' phase of compilation. See the Design Size Report for more details: E:/robot/project/FPGA/finial_product/sobel_hls/sobel_opt/sobel/hls/syn/report/csynth_design_size.rpt
INFO: [HLS 200-1995] There were 122 instructions in the design after the 'Array/Struct (step 2)' phase of compilation. See the Design Size Report for more details: E:/robot/project/FPGA/finial_product/sobel_hls/sobel_opt/sobel/hls/syn/report/csynth_design_size.rpt
INFO: [HLS 200-1995] There were 122 instructions in the design after the 'Array/Struct (step 3)' phase of compilation. See the Design Size Report for more details: E:/robot/project/FPGA/finial_product/sobel_hls/sobel_opt/sobel/hls/syn/report/csynth_design_size.rpt
INFO: [HLS 200-1995] There were 122 instructions in the design after the 'Array/Struct (step 4)' phase of compilation. See the Design Size Report for more details: E:/robot/project/FPGA/finial_product/sobel_hls/sobel_opt/sobel/hls/syn/report/csynth_design_size.rpt
INFO: [HLS 200-1995] There were 124 instructions in the design after the 'Array/Struct (step 5)' phase of compilation. See the Design Size Report for more details: E:/robot/project/FPGA/finial_product/sobel_hls/sobel_opt/sobel/hls/syn/report/csynth_design_size.rpt
INFO: [HLS 200-1995] There were 124 instructions in the design after the 'Performance (step 1)' phase of compilation. See the Design Size Report for more details: E:/robot/project/FPGA/finial_product/sobel_hls/sobel_opt/sobel/hls/syn/report/csynth_design_size.rpt
INFO: [HLS 200-1995] There were 119 instructions in the design after the 'Performance (step 2)' phase of compilation. See the Design Size Report for more details: E:/robot/project/FPGA/finial_product/sobel_hls/sobel_opt/sobel/hls/syn/report/csynth_design_size.rpt
INFO: [HLS 200-1995] There were 117 instructions in the design after the 'Performance (step 3)' phase of compilation. See the Design Size Report for more details: E:/robot/project/FPGA/finial_product/sobel_hls/sobel_opt/sobel/hls/syn/report/csynth_design_size.rpt
INFO: [HLS 200-1995] There were 117 instructions in the design after the 'Performance (step 4)' phase of compilation. See the Design Size Report for more details: E:/robot/project/FPGA/finial_product/sobel_hls/sobel_opt/sobel/hls/syn/report/csynth_design_size.rpt
INFO: [HLS 200-1995] There were 57 instructions in the design after the 'HW Transforms (step 1)' phase of compilation. See the Design Size Report for more details: E:/robot/project/FPGA/finial_product/sobel_hls/sobel_opt/sobel/hls/syn/report/csynth_design_size.rpt
INFO: [HLS 200-1995] There were 61 instructions in the design after the 'HW Transforms (step 2)' phase of compilation. See the Design Size Report for more details: E:/robot/project/FPGA/finial_product/sobel_hls/sobel_opt/sobel/hls/syn/report/csynth_design_size.rpt
INFO: [HLS 214-178] Inlining function 'Gradient_X(unsigned char (*) [3])' into 'sobel3x3_kernel(unsigned char (*) [3])' (../source/sobel_base.cpp:49:0)
INFO: [HLS 214-178] Inlining function 'Gradient_Y(unsigned char (*) [3])' into 'sobel3x3_kernel(unsigned char (*) [3])' (../source/sobel_base.cpp:49:0)
INFO: [HLS 214-178] Inlining function 'sobel3x3_kernel(unsigned char (*) [3])' into 'sobel(unsigned char*, unsigned char*, int, int)' (../source/sobel_base.cpp:63:0)
WARNING: [HLS 214-450] Ignore address on register port 'src' (../source/sobel_base.cpp:82:43)
WARNING: [HLS 214-450] Ignore address on register port 'dst' (../source/sobel_base.cpp:88:36)
INFO: [HLS 214-376] automatically set the pipeline for Loop< VITIS_LOOP_69_2> at ../source/sobel_base.cpp:69:19 
INFO: [HLS 214-291] Loop 'VITIS_LOOP_78_3' is marked as complete unroll implied by the pipeline pragma (../source/sobel_base.cpp:78:31)
INFO: [HLS 214-291] Loop 'VITIS_LOOP_80_4' is marked as complete unroll implied by the pipeline pragma (../source/sobel_base.cpp:80:35)
INFO: [HLS 214-186] Unrolling loop 'VITIS_LOOP_78_3' (../source/sobel_base.cpp:78:31) in function 'sobel' completely with a factor of 3 (../source/sobel_base.cpp:63:0)
INFO: [HLS 214-186] Unrolling loop 'VITIS_LOOP_80_4' (../source/sobel_base.cpp:80:35) in function 'sobel' completely with a factor of 3 (../source/sobel_base.cpp:63:0)
INFO: [HLS 200-111] Finished Compiling Optimization and Transform: CPU user time: 0 seconds. CPU system time: 0 seconds. Elapsed time: 9.832 seconds; current allocated memory: 250.598 MB.
INFO: [HLS 200-111] Finished Checking Pragmas: CPU user time: 0 seconds. CPU system time: 0 seconds. Elapsed time: 0.002 seconds; current allocated memory: 250.598 MB.
INFO: [HLS 200-10] Starting code transformations ...
INFO: [HLS 200-111] Finished Standard Transforms: CPU user time: 0 seconds. CPU system time: 0 seconds. Elapsed time: 0.107 seconds; current allocated memory: 256.426 MB.
INFO: [HLS 200-10] Checking synthesizability ...
INFO: [HLS 200-111] Finished Checking Synthesizability: CPU user time: 0 seconds. CPU system time: 0 seconds. Elapsed time: 0.05 seconds; current allocated memory: 258.621 MB.
INFO: [HLS 200-111] Finished Loop, function and other optimizations: CPU user time: 0 seconds. CPU system time: 0 seconds. Elapsed time: 0.092 seconds; current allocated memory: 280.766 MB.
INFO: [HLS 200-2061] Successfully converted nested loops 'VITIS_LOOP_66_1'(../source/sobel_base.cpp:66:22) and 'VITIS_LOOP_69_2'(../source/sobel_base.cpp:69:19) in function 'sobel' into perfectly nested loops.
INFO: [XFORM 203-541] Flattening a loop nest 'VITIS_LOOP_66_1' (../source/sobel_base.cpp:66:22) in function 'sobel'.
INFO: [HLS 200-111] Finished Architecture Synthesis: CPU user time: 0 seconds. CPU system time: 0 seconds. Elapsed time: 0.093 seconds; current allocated memory: 284.281 MB.
INFO: [HLS 200-10] Starting hardware synthesis ...
INFO: [HLS 200-10] Synthesizing 'sobel' ...
INFO: [SYN 201-201] Setting up clock 'default' with a period of 10ns.
INFO: [HLS 200-10] ----------------------------------------------------------------
INFO: [HLS 200-42] -- Implementing module 'sobel_Pipeline_VITIS_LOOP_66_1_VITIS_LOOP_69_2' 
INFO: [HLS 200-10] ----------------------------------------------------------------
INFO: [SCHED 204-11] Starting scheduling ...
INFO: [SCHED 204-61] Pipelining loop 'VITIS_LOOP_66_1_VITIS_LOOP_69_2'.
INFO: [HLS 200-1470] Pipelining result : Target II = NA, Final II = 1, Depth = 4, loop 'VITIS_LOOP_66_1_VITIS_LOOP_69_2'
INFO: [SCHED 204-11] Finished scheduling.
INFO: [HLS 200-111] Finished Scheduling: CPU user time: 0 seconds. CPU system time: 0 seconds. Elapsed time: 0.287 seconds; current allocated memory: 288.184 MB.
INFO: [BIND 205-100] Starting micro-architecture generation ...
INFO: [BIND 205-101] Performing variable lifetime analysis.
INFO: [BIND 205-101] Exploring resource sharing.
INFO: [BIND 205-101] Binding ...
INFO: [BIND 205-100] Finished micro-architecture generation.
INFO: [HLS 200-111] Finished Binding: CPU user time: 0 seconds. CPU system time: 0 seconds. Elapsed time: 0.084 seconds; current allocated memory: 289.340 MB.
INFO: [HLS 200-10] ----------------------------------------------------------------
INFO: [HLS 200-42] -- Implementing module 'sobel' 
INFO: [HLS 200-10] ----------------------------------------------------------------
INFO: [SCHED 204-11] Starting scheduling ...
INFO: [SCHED 204-11] Finished scheduling.
INFO: [HLS 200-111] Finished Scheduling: CPU user time: 0 seconds. CPU system time: 0 seconds. Elapsed time: 0.08 seconds; current allocated memory: 289.457 MB.
INFO: [BIND 205-100] Starting micro-architecture generation ...
INFO: [BIND 205-101] Performing variable lifetime analysis.
INFO: [BIND 205-101] Exploring resource sharing.
INFO: [BIND 205-101] Binding ...
INFO: [BIND 205-100] Finished micro-architecture generation.
INFO: [HLS 200-111] Finished Binding: CPU user time: 0 seconds. CPU system time: 0 seconds. Elapsed time: 0.061 seconds; current allocated memory: 289.551 MB.
INFO: [HLS 200-10] ----------------------------------------------------------------
INFO: [HLS 200-10] -- Generating RTL for module 'sobel_Pipeline_VITIS_LOOP_66_1_VITIS_LOOP_69_2' 
INFO: [HLS 200-10] ----------------------------------------------------------------
INFO: [HLS 200-1030] Apply Unified Pipeline Control on module 'sobel_Pipeline_VITIS_LOOP_66_1_VITIS_LOOP_69_2' pipeline 'VITIS_LOOP_66_1_VITIS_LOOP_69_2' pipeline type 'loop pipeline'
INFO: [RTGEN 206-100] Finished creating RTL model for 'sobel_Pipeline_VITIS_LOOP_66_1_VITIS_LOOP_69_2'.
INFO: [HLS 200-111] Finished Creating RTL model: CPU user time: 0 seconds. CPU system time: 0 seconds. Elapsed time: 0.08 seconds; current allocated memory: 291.070 MB.
INFO: [HLS 200-10] ----------------------------------------------------------------
INFO: [HLS 200-10] -- Generating RTL for module 'sobel' 
INFO: [HLS 200-10] ----------------------------------------------------------------
INFO: [RTGEN 206-500] Setting interface mode on port 'sobel/src' to 'ap_none'.
INFO: [RTGEN 206-500] Setting interface mode on port 'sobel/dst' to 'ap_vld'.
INFO: [RTGEN 206-500] Setting interface mode on port 'sobel/rows' to 'ap_none'.
INFO: [RTGEN 206-500] Setting interface mode on port 'sobel/cols' to 'ap_none'.
INFO: [RTGEN 206-500] Setting interface mode on function 'sobel' to 'ap_ctrl_hs'.
WARNING: [RTGEN 206-101] Port 'sobel/src' has no fanin or fanout and is left dangling.
               Please use C simulation to confirm this function argument can be read from or written to.
INFO: [RTGEN 206-100] Generating core module 'mul_32ns_32ns_64_2_1': 1 instance(s).
INFO: [RTGEN 206-100] Finished creating RTL model for 'sobel'.
INFO: [HLS 200-111] Finished Creating RTL model: CPU user time: 0 seconds. CPU system time: 0 seconds. Elapsed time: 0.244 seconds; current allocated memory: 292.371 MB.
INFO: [HLS 200-111] Finished Generating all RTL models: CPU user time: 0 seconds. CPU system time: 0 seconds. Elapsed time: 0.399 seconds; current allocated memory: 295.477 MB.
INFO: [HLS 200-111] Finished Updating report files: CPU user time: 0 seconds. CPU system time: 0 seconds. Elapsed time: 0.54 seconds; current allocated memory: 297.082 MB.
INFO: [VHDL 208-304] Generating VHDL RTL for sobel.
INFO: [VLOG 209-307] Generating Verilog RTL for sobel.
INFO: [HLS 200-790] **** Loop Constraint Status: All loop constraints were satisfied.
INFO: [HLS 200-789] **** Estimated Fmax: 144.68 MHz
INFO: [HLS 200-112] Total CPU user time: 3 seconds. Total CPU system time: 1 seconds. Total elapsed time: 24.211 seconds; peak allocated memory: 297.277 MB.
INFO: [v++ 60-791] Total elapsed time: 0h 0m 29s
