INFO: [v++ 60-1548] Creating build summary session with primary output E:/robot/project/FPGA/finial_product/sobel_hls/sobel_opt/sobel\sobel.hlscompile_summary, at 12/31/24 10:14:40
INFO: [v++ 82-31] Launching vitis_hls: vitis_hls -nolog -run csynth -work_dir E:/robot/project/FPGA/finial_product/sobel_hls/sobel_opt/sobel -config E:/robot/project/FPGA/finial_product/sobel_hls/sobel_opt/hls_config.cfg -cmdlineconfig E:/robot/project/FPGA/finial_product/sobel_hls/sobel_opt/sobel/hls/config.cmdline

****** Vitis HLS - High-Level Synthesis from C, C++ and OpenCL v2024.1 (64-bit)
  **** SW Build 5069499 on May 21 2024
  **** IP Build 5075265 on Wed May 22 21:45:21 MDT 2024
  **** SharedData Build 5076995 on Wed May 22 18:29:18 MDT 2024
  **** Start of session at: Tue Dec 31 10:14:42 2024
    ** Copyright 1986-2022 Xilinx, Inc. All Rights Reserved.
    ** Copyright 2022-2024 Advanced Micro Devices, Inc. All Rights Reserved.

source E:/vivado/Vitis_HLS/2024.1/scripts/vitis_hls/hls.tcl -notrace
INFO: [HLS 200-10] For user '14692' on host 'nightt_insider' (Windows NT_amd64 version 10.0) on Tue Dec 31 10:14:43 +0800 2024
INFO: [HLS 200-10] In directory 'E:/robot/project/FPGA/finial_product/sobel_hls/sobel_opt'
INFO: [HLS 200-2005] Using work_dir E:/robot/project/FPGA/finial_product/sobel_hls/sobel_opt/sobel 
INFO: [HLS 200-1505] Using default flow_target 'vivado'
Resolution: For help on HLS 200-1505 see docs.xilinx.com/access/sources/dita/topic?Doc_Version=2024.1%20English&url=ug1448-hls-guidance&resourceid=200-1505.html
INFO: [HLS 200-1465] Applying ini 'syn.file=E:/robot/project/FPGA/finial_product/sobel_hls/source/sobel.hpp' from E:/robot/project/FPGA/finial_product/sobel_hls/sobel_opt/hls_config.cfg(8)
INFO: [HLS 200-10] Adding design file 'E:/robot/project/FPGA/finial_product/sobel_hls/source/sobel.hpp' to the project
INFO: [HLS 200-1465] Applying ini 'syn.file=E:/robot/project/FPGA/finial_product/sobel_hls/source/sobel_base.cpp' from E:/robot/project/FPGA/finial_product/sobel_hls/sobel_opt/hls_config.cfg(9)
INFO: [HLS 200-10] Adding design file 'E:/robot/project/FPGA/finial_product/sobel_hls/source/sobel_base.cpp' to the project
INFO: [HLS 200-1465] Applying ini 'tb.file=E:/robot/project/FPGA/finial_product/sobel_hls/source/sobel_tb.cpp' from E:/robot/project/FPGA/finial_product/sobel_hls/sobel_opt/hls_config.cfg(10)
INFO: [HLS 200-10] Adding test bench file 'E:/robot/project/FPGA/finial_product/sobel_hls/source/sobel_tb.cpp' to the project
INFO: [HLS 200-1465] Applying ini 'syn.top=sobel' from E:/robot/project/FPGA/finial_product/sobel_hls/sobel_opt/hls_config.cfg(7)
INFO: [HLS 200-1465] Applying ini 'flow_target=vivado' from E:/robot/project/FPGA/finial_product/sobel_hls/sobel_opt/hls_config.cfg(4)
INFO: [HLS 200-1505] Using flow_target 'vivado'
Resolution: For help on HLS 200-1505 see docs.xilinx.com/access/sources/dita/topic?Doc_Version=2024.1%20English&url=ug1448-hls-guidance&resourceid=200-1505.html
INFO: [HLS 200-1465] Applying ini 'part=xc7z020clg400-1' from E:/robot/project/FPGA/finial_product/sobel_hls/sobel_opt/hls_config.cfg(1)
INFO: [HLS 200-1611] Setting target device to 'xc7z020-clg400-1'
INFO: [HLS 200-1465] Applying ini 'csim.code_analyzer=0' from E:/robot/project/FPGA/finial_product/sobel_hls/sobel_opt/hls_config.cfg(11)
INFO: [HLS 200-1465] Applying ini 'package.output.format=ip_catalog' from E:/robot/project/FPGA/finial_product/sobel_hls/sobel_opt/hls_config.cfg(5)
INFO: [HLS 200-111] Finished File checks and directory preparation: CPU user time: 2 seconds. CPU system time: 1 seconds. Elapsed time: 3.079 seconds; current allocated memory: 245.648 MB.
INFO: [HLS 200-10] Analyzing design file '../source/sobel_base.cpp' ... 
INFO: [HLS 200-111] Finished Source Code Analysis and Preprocessing: CPU user time: 0 seconds. CPU system time: 0 seconds. Elapsed time: 6.197 seconds; current allocated memory: 248.793 MB.
INFO: [HLS 200-777] Using interface defaults for 'Vivado' flow target.
INFO: [HLS 200-1995] There were 194 instructions in the design after the 'Compile/Link' phase of compilation. See the Design Size Report for more details: E:/robot/project/FPGA/finial_product/sobel_hls/sobel_opt/sobel/hls/syn/report/csynth_design_size.rpt
INFO: [HLS 200-1995] There were 140 instructions in the design after the 'Unroll/Inline (step 1)' phase of compilation. See the Design Size Report for more details: E:/robot/project/FPGA/finial_product/sobel_hls/sobel_opt/sobel/hls/syn/report/csynth_design_size.rpt
INFO: [HLS 200-1995] There were 126 instructions in the design after the 'Unroll/Inline (step 2)' phase of compilation. See the Design Size Report for more details: E:/robot/project/FPGA/finial_product/sobel_hls/sobel_opt/sobel/hls/syn/report/csynth_design_size.rpt
INFO: [HLS 200-1995] There were 123 instructions in the design after the 'Unroll/Inline (step 3)' phase of compilation. See the Design Size Report for more details: E:/robot/project/FPGA/finial_product/sobel_hls/sobel_opt/sobel/hls/syn/report/csynth_design_size.rpt
INFO: [HLS 200-1995] There were 110 instructions in the design after the 'Unroll/Inline (step 4)' phase of compilation. See the Design Size Report for more details: E:/robot/project/FPGA/finial_product/sobel_hls/sobel_opt/sobel/hls/syn/report/csynth_design_size.rpt
INFO: [HLS 200-1995] There were 110 instructions in the design after the 'Array/Struct (step 1)' phase of compilation. See the Design Size Report for more details: E:/robot/project/FPGA/finial_product/sobel_hls/sobel_opt/sobel/hls/syn/report/csynth_design_size.rpt
INFO: [HLS 200-1995] There were 110 instructions in the design after the 'Array/Struct (step 2)' phase of compilation. See the Design Size Report for more details: E:/robot/project/FPGA/finial_product/sobel_hls/sobel_opt/sobel/hls/syn/report/csynth_design_size.rpt
INFO: [HLS 200-1995] There were 110 instructions in the design after the 'Array/Struct (step 3)' phase of compilation. See the Design Size Report for more details: E:/robot/project/FPGA/finial_product/sobel_hls/sobel_opt/sobel/hls/syn/report/csynth_design_size.rpt
INFO: [HLS 200-1995] There were 110 instructions in the design after the 'Array/Struct (step 4)' phase of compilation. See the Design Size Report for more details: E:/robot/project/FPGA/finial_product/sobel_hls/sobel_opt/sobel/hls/syn/report/csynth_design_size.rpt
INFO: [HLS 200-1995] There were 119 instructions in the design after the 'Array/Struct (step 5)' phase of compilation. See the Design Size Report for more details: E:/robot/project/FPGA/finial_product/sobel_hls/sobel_opt/sobel/hls/syn/report/csynth_design_size.rpt
INFO: [HLS 200-1995] There were 119 instructions in the design after the 'Performance (step 1)' phase of compilation. See the Design Size Report for more details: E:/robot/project/FPGA/finial_product/sobel_hls/sobel_opt/sobel/hls/syn/report/csynth_design_size.rpt
INFO: [HLS 200-1995] There were 105 instructions in the design after the 'Performance (step 2)' phase of compilation. See the Design Size Report for more details: E:/robot/project/FPGA/finial_product/sobel_hls/sobel_opt/sobel/hls/syn/report/csynth_design_size.rpt
INFO: [HLS 200-1995] There were 104 instructions in the design after the 'Performance (step 3)' phase of compilation. See the Design Size Report for more details: E:/robot/project/FPGA/finial_product/sobel_hls/sobel_opt/sobel/hls/syn/report/csynth_design_size.rpt
INFO: [HLS 200-1995] There were 104 instructions in the design after the 'Performance (step 4)' phase of compilation. See the Design Size Report for more details: E:/robot/project/FPGA/finial_product/sobel_hls/sobel_opt/sobel/hls/syn/report/csynth_design_size.rpt
INFO: [HLS 200-1995] There were 112 instructions in the design after the 'HW Transforms (step 1)' phase of compilation. See the Design Size Report for more details: E:/robot/project/FPGA/finial_product/sobel_hls/sobel_opt/sobel/hls/syn/report/csynth_design_size.rpt
INFO: [HLS 200-1995] There were 114 instructions in the design after the 'HW Transforms (step 2)' phase of compilation. See the Design Size Report for more details: E:/robot/project/FPGA/finial_product/sobel_hls/sobel_opt/sobel/hls/syn/report/csynth_design_size.rpt
INFO: [HLS 214-178] Inlining function 'Gradient_X(unsigned char (*) [3])' into 'sobel3x3_kernel(unsigned char (*) [3])' (../source/sobel_base.cpp:49:0)
INFO: [HLS 214-178] Inlining function 'Gradient_Y(unsigned char (*) [3])' into 'sobel3x3_kernel(unsigned char (*) [3])' (../source/sobel_base.cpp:49:0)
INFO: [HLS 214-178] Inlining function 'sobel3x3_kernel(unsigned char (*) [3])' into 'sobel(unsigned char*, unsigned char*, int, int)' (../source/sobel_base.cpp:63:0)
INFO: [HLS 214-376] automatically set the pipeline for Loop< VITIS_LOOP_103_2> at ../source/sobel_base.cpp:103:20 
INFO: [HLS 214-291] Loop 'VITIS_LOOP_109_3' is marked as complete unroll implied by the pipeline pragma (../source/sobel_base.cpp:109:25)
INFO: [HLS 214-291] Loop 'VITIS_LOOP_111_4' is marked as complete unroll implied by the pipeline pragma (../source/sobel_base.cpp:111:29)
INFO: [HLS 214-186] Unrolling loop 'VITIS_LOOP_109_3' (../source/sobel_base.cpp:109:25) in function 'sobel' completely with a factor of 3 (../source/sobel_base.cpp:63:0)
INFO: [HLS 214-186] Unrolling loop 'VITIS_LOOP_111_4' (../source/sobel_base.cpp:111:29) in function 'sobel' completely with a factor of 3 (../source/sobel_base.cpp:63:0)
INFO: [HLS 214-115] Multiple burst writes of variable length and bit width 8 in loop 'VITIS_LOOP_103_2'(../source/sobel_base.cpp:103:20) has been inferred on bundle 'gmem'. These burst requests might be further partitioned into multiple requests during RTL generation, based on max_read_burst_length or max_write_burst_length settings. (../source/sobel_base.cpp:103:20)
INFO: [HLS 214-115] Multiple burst reads of length 3 and bit width 8 has been inferred on bundle 'gmem'. These burst requests might be further partitioned into multiple requests during RTL generation, based on max_read_burst_length or max_write_burst_length settings. (../source/sobel_base.cpp:111:29)
INFO: [HLS 200-111] Finished Compiling Optimization and Transform: CPU user time: 0 seconds. CPU system time: 0 seconds. Elapsed time: 9.739 seconds; current allocated memory: 250.809 MB.
INFO: [HLS 200-111] Finished Checking Pragmas: CPU user time: 0 seconds. CPU system time: 0 seconds. Elapsed time: 0.003 seconds; current allocated memory: 250.809 MB.
INFO: [HLS 200-10] Starting code transformations ...
INFO: [HLS 200-111] Finished Standard Transforms: CPU user time: 0 seconds. CPU system time: 0 seconds. Elapsed time: 0.103 seconds; current allocated memory: 256.285 MB.
INFO: [HLS 200-10] Checking synthesizability ...
INFO: [HLS 200-111] Finished Checking Synthesizability: CPU user time: 0 seconds. CPU system time: 0 seconds. Elapsed time: 0.068 seconds; current allocated memory: 258.867 MB.
INFO: [XFORM 203-11] Balancing expressions in function 'sobel' (../source/sobel_base.cpp:10:21)...3 expression(s) balanced.
INFO: [HLS 200-111] Finished Loop, function and other optimizations: CPU user time: 0 seconds. CPU system time: 0 seconds. Elapsed time: 0.101 seconds; current allocated memory: 281.227 MB.
INFO: [HLS 200-2061] Successfully converted nested loops 'VITIS_LOOP_100_1'(../source/sobel_base.cpp:100:21) and 'VITIS_LOOP_103_2'(../source/sobel_base.cpp:103:20) in function 'sobel' into perfectly nested loops.
INFO: [XFORM 203-541] Flattening a loop nest 'VITIS_LOOP_100_1' (../source/sobel_base.cpp:100:21) in function 'sobel'.
INFO: [HLS 200-111] Finished Architecture Synthesis: CPU user time: 0 seconds. CPU system time: 0 seconds. Elapsed time: 0.1 seconds; current allocated memory: 285.582 MB.
INFO: [HLS 200-10] Starting hardware synthesis ...
INFO: [HLS 200-10] Synthesizing 'sobel' ...
INFO: [SYN 201-201] Setting up clock 'default' with a period of 10ns.
INFO: [HLS 200-10] ----------------------------------------------------------------
INFO: [HLS 200-42] -- Implementing module 'sobel_Pipeline_VITIS_LOOP_100_1_VITIS_LOOP_103_2' 
INFO: [HLS 200-10] ----------------------------------------------------------------
INFO: [SCHED 204-11] Starting scheduling ...
INFO: [SCHED 204-61] Pipelining loop 'VITIS_LOOP_100_1_VITIS_LOOP_103_2'.
WARNING: [HLS 200-880] The II Violation in module 'sobel_Pipeline_VITIS_LOOP_100_1_VITIS_LOOP_103_2' (loop 'VITIS_LOOP_100_1_VITIS_LOOP_103_2'): Unable to enforce a carried dependence constraint (II = 1, distance = 1, offset = 1) between bus read operation ('sobel_kernel', ../source/sobel_base.cpp:114) on port 'gmem' (../source/sobel_base.cpp:114) and bus read operation ('sobel_kernel', ../source/sobel_base.cpp:114) on port 'gmem' (../source/sobel_base.cpp:114).
Resolution: For help on HLS 200-880 see docs.xilinx.com/access/sources/dita/topic?Doc_Version=2024.1%20English&url=ug1448-hls-guidance&resourceid=200-880.html
WARNING: [HLS 200-880] The II Violation in module 'sobel_Pipeline_VITIS_LOOP_100_1_VITIS_LOOP_103_2' (loop 'VITIS_LOOP_100_1_VITIS_LOOP_103_2'): Unable to enforce a carried dependence constraint (II = 2, distance = 1, offset = 1) between bus read operation ('sobel_kernel', ../source/sobel_base.cpp:114) on port 'gmem' (../source/sobel_base.cpp:114) and bus read operation ('sobel_kernel', ../source/sobel_base.cpp:114) on port 'gmem' (../source/sobel_base.cpp:114).
Resolution: For help on HLS 200-880 see docs.xilinx.com/access/sources/dita/topic?Doc_Version=2024.1%20English&url=ug1448-hls-guidance&resourceid=200-880.html
WARNING: [HLS 200-880] The II Violation in module 'sobel_Pipeline_VITIS_LOOP_100_1_VITIS_LOOP_103_2' (loop 'VITIS_LOOP_100_1_VITIS_LOOP_103_2'): Unable to enforce a carried dependence constraint (II = 3, distance = 1, offset = 1) between bus request operation ('empty_24', ../source/sobel_base.cpp:111) on port 'gmem' (../source/sobel_base.cpp:111) and bus request operation ('empty_21', ../source/sobel_base.cpp:111) on port 'gmem' (../source/sobel_base.cpp:111).
Resolution: For help on HLS 200-880 see docs.xilinx.com/access/sources/dita/topic?Doc_Version=2024.1%20English&url=ug1448-hls-guidance&resourceid=200-880.html
WARNING: [HLS 200-880] The II Violation in module 'sobel_Pipeline_VITIS_LOOP_100_1_VITIS_LOOP_103_2' (loop 'VITIS_LOOP_100_1_VITIS_LOOP_103_2'): Unable to enforce a carried dependence constraint (II = 4, distance = 1, offset = 1) between bus request operation ('empty_27', ../source/sobel_base.cpp:111) on port 'gmem' (../source/sobel_base.cpp:111) and bus request operation ('empty_21', ../source/sobel_base.cpp:111) on port 'gmem' (../source/sobel_base.cpp:111).
Resolution: For help on HLS 200-880 see docs.xilinx.com/access/sources/dita/topic?Doc_Version=2024.1%20English&url=ug1448-hls-guidance&resourceid=200-880.html
WARNING: [HLS 200-885] The II Violation in module 'sobel_Pipeline_VITIS_LOOP_100_1_VITIS_LOOP_103_2' (loop 'VITIS_LOOP_100_1_VITIS_LOOP_103_2'): Unable to schedule bus read operation ('sobel_kernel', ../source/sobel_base.cpp:114) on port 'gmem' (../source/sobel_base.cpp:114) due to limited memory ports (II = 7). Please consider using a memory core with more ports or partitioning the array.
Resolution: For help on HLS 200-885 see docs.xilinx.com/access/sources/dita/topic?Doc_Version=2024.1%20English&url=ug1448-hls-guidance&resourceid=200-885.html
WARNING: [HLS 200-885] The II Violation in module 'sobel_Pipeline_VITIS_LOOP_100_1_VITIS_LOOP_103_2' (loop 'VITIS_LOOP_100_1_VITIS_LOOP_103_2'): Unable to schedule bus read operation ('sobel_kernel', ../source/sobel_base.cpp:114) on port 'gmem' (../source/sobel_base.cpp:114) due to limited memory ports (II = 8). Please consider using a memory core with more ports or partitioning the array.
Resolution: For help on HLS 200-885 see docs.xilinx.com/access/sources/dita/topic?Doc_Version=2024.1%20English&url=ug1448-hls-guidance&resourceid=200-885.html
INFO: [HLS 200-1470] Pipelining result : Target II = NA, Final II = 9, Depth = 32, loop 'VITIS_LOOP_100_1_VITIS_LOOP_103_2'
INFO: [SCHED 204-11] Finished scheduling.
INFO: [HLS 200-111] Finished Scheduling: CPU user time: 0 seconds. CPU system time: 0 seconds. Elapsed time: 1.443 seconds; current allocated memory: 289.855 MB.
INFO: [BIND 205-100] Starting micro-architecture generation ...
INFO: [BIND 205-101] Performing variable lifetime analysis.
INFO: [BIND 205-101] Exploring resource sharing.
INFO: [BIND 205-101] Binding ...
INFO: [BIND 205-100] Finished micro-architecture generation.
INFO: [HLS 200-111] Finished Binding: CPU user time: 0 seconds. CPU system time: 0 seconds. Elapsed time: 0.099 seconds; current allocated memory: 291.090 MB.
INFO: [HLS 200-10] ----------------------------------------------------------------
INFO: [HLS 200-42] -- Implementing module 'sobel' 
INFO: [HLS 200-10] ----------------------------------------------------------------
INFO: [SCHED 204-11] Starting scheduling ...
INFO: [SCHED 204-11] Finished scheduling.
INFO: [HLS 200-111] Finished Scheduling: CPU user time: 0 seconds. CPU system time: 0 seconds. Elapsed time: 0.098 seconds; current allocated memory: 291.184 MB.
INFO: [BIND 205-100] Starting micro-architecture generation ...
INFO: [BIND 205-101] Performing variable lifetime analysis.
INFO: [BIND 205-101] Exploring resource sharing.
INFO: [BIND 205-101] Binding ...
INFO: [BIND 205-100] Finished micro-architecture generation.
INFO: [HLS 200-111] Finished Binding: CPU user time: 0 seconds. CPU system time: 0 seconds. Elapsed time: 0.074 seconds; current allocated memory: 291.328 MB.
INFO: [HLS 200-10] ----------------------------------------------------------------
INFO: [HLS 200-10] -- Generating RTL for module 'sobel_Pipeline_VITIS_LOOP_100_1_VITIS_LOOP_103_2' 
INFO: [HLS 200-10] ----------------------------------------------------------------
INFO: [HLS 200-1030] Apply Unified Pipeline Control on module 'sobel_Pipeline_VITIS_LOOP_100_1_VITIS_LOOP_103_2' pipeline 'VITIS_LOOP_100_1_VITIS_LOOP_103_2' pipeline type 'loop pipeline'
INFO: [RTGEN 206-100] Generating core module 'mul_31ns_32s_63_2_1': 1 instance(s).
INFO: [RTGEN 206-100] Finished creating RTL model for 'sobel_Pipeline_VITIS_LOOP_100_1_VITIS_LOOP_103_2'.
INFO: [HLS 200-111] Finished Creating RTL model: CPU user time: 0 seconds. CPU system time: 0 seconds. Elapsed time: 0.113 seconds; current allocated memory: 294.066 MB.
INFO: [HLS 200-10] ----------------------------------------------------------------
INFO: [HLS 200-10] -- Generating RTL for module 'sobel' 
INFO: [HLS 200-10] ----------------------------------------------------------------
WARNING: [RTGEN 206-101] Design contains AXI ports. Reset is fixed to synchronous and active low.
INFO: [RTGEN 206-500] Setting interface mode on port 'sobel/gmem' to 'm_axi'.
INFO: [RTGEN 206-500] Setting interface mode on port 'sobel/src' to 's_axilite & ap_none'.
INFO: [RTGEN 206-500] Setting interface mode on port 'sobel/dst' to 's_axilite & ap_none'.
INFO: [RTGEN 206-500] Setting interface mode on port 'sobel/rows' to 's_axilite & ap_none'.
INFO: [RTGEN 206-500] Setting interface mode on port 'sobel/cols' to 's_axilite & ap_none'.
INFO: [RTGEN 206-500] Setting interface mode on function 'sobel' to 's_axilite & ap_ctrl_hs'.
INFO: [RTGEN 206-100] Bundling port 'src', 'dst', 'rows', 'cols' to AXI-Lite port CTRL.
INFO: [RTGEN 206-100] Generating core module 'mul_32ns_32ns_64_2_1': 1 instance(s).
INFO: [RTGEN 206-100] Finished creating RTL model for 'sobel'.
INFO: [HLS 200-111] Finished Creating RTL model: CPU user time: 0 seconds. CPU system time: 0 seconds. Elapsed time: 0.41 seconds; current allocated memory: 298.547 MB.
INFO: [HLS 200-111] Finished Generating all RTL models: CPU user time: 0 seconds. CPU system time: 0 seconds. Elapsed time: 0.508 seconds; current allocated memory: 301.805 MB.
INFO: [HLS 200-1603] Design has inferred MAXI bursts and missed bursts, see Vitis HLS GUI synthesis summary report for detailed information.
INFO: [HLS 200-111] Finished Updating report files: CPU user time: 0 seconds. CPU system time: 0 seconds. Elapsed time: 0.886 seconds; current allocated memory: 307.016 MB.
INFO: [VHDL 208-304] Generating VHDL RTL for sobel.
INFO: [VLOG 209-307] Generating Verilog RTL for sobel.
INFO: [HLS 200-790] **** Loop Constraint Status: All loop constraints were NOT satisfied.
INFO: [HLS 200-789] **** Estimated Fmax: 136.99 MHz
INFO: [HLS 200-112] Total CPU user time: 3 seconds. Total CPU system time: 1 seconds. Total elapsed time: 24.828 seconds; peak allocated memory: 307.051 MB.
INFO: [v++ 60-791] Total elapsed time: 0h 0m 29s
