INFO: [vitis-run 60-1548] Creating build summary session with primary output E:/robot/project/FPGA/finial_product/sobel_hls/sobel_opt/sobel\sobel.hlsrun_csim_summary, at 12/29/24 09:44:08
INFO: [vitis-run 82-31] Launching vitis_hls: vitis_hls -nolog -run csim -work_dir E:/robot/project/FPGA/finial_product/sobel_hls/sobel_opt/sobel -config E:/robot/project/FPGA/finial_product/sobel_hls/sobel_opt/hls_config.cfg -cmdlineconfig E:/robot/project/FPGA/finial_product/sobel_hls/sobel_opt/sobel/hls/config.cmdline
INFO: [HLS 200-10] For user '14692' on host 'nightt_insider' (Windows NT_amd64 version 10.0) on Sun Dec 29 09:44:11 +0800 2024
INFO: [HLS 200-10] In directory 'E:/robot/project/FPGA/finial_product/sobel_hls/sobel_opt'
INFO: [HLS 200-2005] Using work_dir E:/robot/project/FPGA/finial_product/sobel_hls/sobel_opt/sobel 
INFO: [HLS 200-1505] Using default flow_target 'vivado'
Resolution: For help on HLS 200-1505 see docs.xilinx.com/access/sources/dita/topic?Doc_Version=2024.1%20English&url=ug1448-hls-guidance&resourceid=200-1505.html
INFO: [HLS 200-1465] Applying ini 'syn.file=E:/robot/project/FPGA/finial_product/sobel_hls/source/sobel.hpp' from E:/robot/project/FPGA/finial_product/sobel_hls/sobel_opt/hls_config.cfg(8)
INFO: [HLS 200-10] Adding design file 'E:/robot/project/FPGA/finial_product/sobel_hls/source/sobel.hpp' to the project
INFO: [HLS 200-1465] Applying ini 'syn.file=E:/robot/project/FPGA/finial_product/sobel_hls/source/sobel_base.cpp' from E:/robot/project/FPGA/finial_product/sobel_hls/sobel_opt/hls_config.cfg(9)
INFO: [HLS 200-10] Adding design file 'E:/robot/project/FPGA/finial_product/sobel_hls/source/sobel_base.cpp' to the project
INFO: [HLS 200-1465] Applying ini 'tb.file=E:/robot/project/FPGA/finial_product/sobel_hls/source/sobel_tb.cpp' from E:/robot/project/FPGA/finial_product/sobel_hls/sobel_opt/hls_config.cfg(10)
INFO: [HLS 200-10] Adding test bench file 'E:/robot/project/FPGA/finial_product/sobel_hls/source/sobel_tb.cpp' to the project
INFO: [HLS 200-1465] Applying ini 'syn.top=sobel' from E:/robot/project/FPGA/finial_product/sobel_hls/sobel_opt/hls_config.cfg(7)
INFO: [HLS 200-1465] Applying ini 'flow_target=vivado' from E:/robot/project/FPGA/finial_product/sobel_hls/sobel_opt/hls_config.cfg(4)
INFO: [HLS 200-1505] Using flow_target 'vivado'
Resolution: For help on HLS 200-1505 see docs.xilinx.com/access/sources/dita/topic?Doc_Version=2024.1%20English&url=ug1448-hls-guidance&resourceid=200-1505.html
INFO: [HLS 200-1465] Applying ini 'part=xc7z020clg400-1' from E:/robot/project/FPGA/finial_product/sobel_hls/sobel_opt/hls_config.cfg(1)
INFO: [HLS 200-1611] Setting target device to 'xc7z020-clg400-1'
INFO: [HLS 200-1465] Applying ini 'csim.code_analyzer=1' from E:/robot/project/FPGA/finial_product/sobel_hls/sobel_opt/hls_config.cfg(11)
INFO: [HLS 200-1465] Applying ini 'package.output.format=ip_catalog' from E:/robot/project/FPGA/finial_product/sobel_hls/sobel_opt/hls_config.cfg(5)
INFO: [SIM 211-200] Executing Code Analyzer instead of classic HLS C simulation
INFO: [SIM 211-200] Compiling source code ../source/sobel_base.cpp as hardware code with instrumentation
INFO: [SIM 211-200] Compiling source code ../source/sobel_tb.cpp as test bench code with instrumentation
INFO: [SIM 211-200] Compiling source code ../source/sobel_base.cpp as test bench code with instrumentation
INFO: [SIM 211-200] Linking hardware code
INFO: [SIM 211-200] Transforming hardware bitcode
INFO: [SIM 211-200] Linking executable
INFO: [SIM 211-200] Determining source code dependencies
INFO: [SIM 211-200] Generating static call graph
INFO: [SIM 211-200] Analyzing Interfaces
INFO: [SIM 211-200] Running executable
ERROR: [SIM 211-200] Simulation failed: Function 'main' returns nonzero value '3221225477'.
ERROR: [SIM 211-200] Code Analyzer execution failed. Consider running the classic C simulation instead by disabling the hls.csim.code_analyzer option in the config file.
ERROR: Problem running csim: child process exited abnormally
INFO: [HLS 200-112] Total CPU user time: 1 seconds. Total CPU system time: 0 seconds. Total elapsed time: 14.546 seconds; peak allocated memory: 245.961 MB.
