# 
# Steps log generated by v++
# This log file contains a collection of steps that describe the kernel compilation flow
# Note: Some steps are tagged as internal, these steps are for debugging purposes and 
#       are not expected to be able to run independently.
# 

# The following environment variables are set when running vitis-run
Environment variables :
------------------------------------------
ADS_LICENES_FILE=E:\Keysight\license.lic
ADS_LICENSE_FILE=E:\Keysight\license.lic
ALLUSERSPROFILE=C:\ProgramData
APPDATA=C:\Users\14692\AppData\Roaming
arr.length=0
arr.Ubound=-1
AUTOESL_JAVA=E:/vivado/Vitis_HLS/2024.1/tps/win64/jre11.0.16_1/bin/java
AUTOESL_OS=Windows NT
AUTOESL_ROOT=E:/vivado/Vitis_HLS/2024.1
AUTOESL_VIVADO_HLS_VERSION=true
AUTOPILOT_CONFIG=E:/vivado/Vitis_HLS/2024.1/common/config
AUTOPILOT_MACH=E:/vivado/Vitis_HLS/2024.1/win64
AUTOPILOT_ROOT=E:/vivado/Vitis_HLS/2024.1
AUTOPILOT_TECH=E:/vivado/Vitis_HLS/2024.1/common/technology
AUTOPILOT_TOOL=E:/vivado/Vitis_HLS/2024.1/win64/tools
CHARPOP=1
CMAKE_OBJECT_PATH_MAX=4096
CommonProgramFiles=C:\Program Files\Common Files
CommonProgramFiles(x86)=C:\Program Files (x86)\Common Files
CommonProgramW6432=C:\Program Files\Common Files
COMPUTERNAME=NIGHTT_INSIDER
ComSpec=C:\Windows\system32\cmd.exe
CONDA_BAT=E:\anaconda\condabin\conda.bat
CONDA_EXE=E:\anaconda\Scripts\conda.exe
CONDA_SHLVL=0
CUDA_PATH=C:\Program Files\NVIDIA GPU Computing Toolkit\CUDA\v12.2
CUDA_PATH_V12_2=C:\Program Files\NVIDIA GPU Computing Toolkit\CUDA\v12.2
DevEco Studio=E:\HUAWEI\DevEco Studio\bin;
DriverData=C:\Windows\System32\Drivers\DriverData
EFC_6592=1
ffmpeg=E:\robot\tool\ffmpeg\bin
FPS_BROWSER_APP_PROFILE_STRING=Internet Explorer
FPS_BROWSER_USER_PROFILE_STRING=Default
GnuWin32=C:\Program Files (x86)\GnuWin32\bin
GRAPHVIZ_DOT=E:/vivado/Vitis_HLS/2024.1/tps/win64/dot-2.28
HDC_SERVER_PORT=65037
HDI_APPROOT=E:/vivado/Vitis/2024.1
HDI_PROCESSOR=i686
HLS_INTERPRETER=C:\Windows\SysWOW64\cmd.exe
HLS_LOG=vitis_hls.log
HLS_MODE=ide
HLS_NEEDLOG=0
HLS_OTHER_ARG=0
hls_root=E:/vivado/Vitis_HLS/2024.1
HLS_TERSE_OUTPUT=0
HLS_TMP_CMD=call "E:/vivado/Vitis_HLS/2024.1/bin/loader.bat" -exec vitis_hls 
HLS_VERSION=2024.1
HOME=C:\Users\14692
HOMEDRIVE=C:
HOMEPATH=\Users\14692
HW_SERVER_DJTG_DISABLE=1
HW_SERVER_FTDIMGR_DISABLE=1
IDE_SKIP_SERVER_LICENSE=1
INT_VARIABLE_NAME=XILINX_PATH
ISL_IOSTREAMS_RSA=E:/vivado/Vitis/2024.1/tps/isl
JAVA_EXE=E:/vivado\Vitis\2024.1\tps\win64\jre11.0.16_1\bin\java.exe
JAVA_HOME=E:/vivado\Vitis\2024.1\tps\win64\jre11.0.16_1
LC_NUMERIC=C
LD_LIBRARY_PATH=E:/vivado/Vitis_HLS/2024.1/tps/win64/dot-2.28/lib;E:/vivado/Vitis_HLS/2024.1/win64/bin;E:/vivado/Vitis_HLS/2024.1/win64/tools/fpo_v7_0;E:/vivado/Vitis_HLS/2024.1/win64/tools/fft_v9_1;E:/vivado/Vitis_HLS/2024.1/win64/tools/fir_v7_0;E:/vivado/Vitis_HLS/2024.1/win64/tools/dds_v6_0;E:/vivado/Vitis_HLS/2024.1/win64/lib/csim
LM_LICENSE_FILE=E:\modelsim\LICENSE.TXT
LOCALAPPDATA=C:\Users\14692\AppData\Local
LOGONSERVER=\\NIGHTT_INSIDER
LOPPER_DTC_FLAGS=-b 0 -@
MY_ROOT_DIR=E:\vivado\Vitis_HLS\2024.1\bin\
NOSPLASH=false
NUMBER_OF_PROCESSORS=16
OneDrive=C:\Users\14692\OneDrive
OneDriveConsumer=C:\Users\14692\OneDrive
ORIGINALHOMEDRIVE=C:
ORIGINAL_XDG_CURRENT_DESKTOP=undefined
OS=Windows_NT
PATH=E:/vivado/Vivado/2024.1/tps/win64/binutils-2.26/bin;E:/vivado/Vitis/2024.1/bin/../gnu/aarch64/nt/aarch64-linux/bin;E:/vivado/Vitis/2024.1/bin/../gnu/ppc64le/4.9.3/win64/bin;E:/vivado/Vitis/2024.1/bin/../gnu/aarch32/nt/gcc-arm-linux-gnueabi/bin;E:/vivado\Vitis_HLS\2024.1/tps/mingw/6.2.0/win64.o/nt/bin;E:/vivado/Vivado/2024.1\gnuwin\bin;E:/vivado/Vivado/2024.1\gnu\microblaze\nt\bin;E:/vivado/Vitis/2024.1/bin;E:/vivado/Vitis/2024.1/tps/win64/java-cef-95.0.4638.69/bin/lib/win64;E:/vivado/Vitis/2024.1/tps/win64/javafx-sdk-11.0.2/lib;E:/vivado/Vitis/2024.1/tps/win64/javafx-sdk-11.0.2/bin;E:/vivado/Vitis/2024.1/lib/win64.o;E:/vivado/Vitis/2024.1/tps/win64/jre11.0.16_1/bin/server;E:/vivado/Vitis/2024.1/tps/win64/jre11.0.16_1/bin;E:\vivado\Vitis\2024.1\tps\win64\lopper-1.1.0-packages\min_sdk\\usr\bin;E:/vivado\Vitis\2024.1\tps\win64\cmake-3.24.2\bin;E:/vivado\Vitis\2024.1\gnu\microblaze\nt\bin;E:/vivado\Vitis\2024.1\gnu\microblaze\linux_toolchain\nt64_le\bin;E:/vivado\Vitis\2024.1\gnu\aarch32\nt\gcc-arm-linux-gnueabi\bin;E:/vivado\Vitis\2024.1\gnu\aarch32\nt\gcc-arm-none-eabi\bin;E:/vivado\Vitis\2024.1\gnu\aarch64\nt\aarch64-linux\bin;E:/vivado\Vitis\2024.1\gnu\aarch64\nt\aarch64-none\bin;E:/vivado\Vitis\2024.1\gnu\armr5\nt\gcc-arm-none-eabi\bin;E:/vivado\Vitis\2024.1\gnuwin\bin;E:/vivado\Vitis\2024.1\tps\win64\python-3.8.3;E:/vivado\Vitis\2024.1\tps\win64\libxslt\bin;E:/vivado/Vivado/2024.1\bin;E:/vivado/Vitis/2024.1\gnu\arm\nt\bin;E:/vivado/Vitis/2024.1\gnu\microblaze\linux_toolchain\nt64_be\bin;E:/vivado/Vitis/2024.1\gnu\riscv\nt\riscv64-unknown-elf\bin;E:/vivado/Vitis/2024.1\tps\win64\git-2.16.2\bin;E:/vivado/Vitis/2024.1\win64\tools\clang\bin;E:/vivado\Vitis_HLS\2024.1\lib\win64.o;E:/vivado\Vitis_HLS\2024.1\bin;/bin;E:\vivado\Model_Composer\2024.1\bin;E:\vivado\DocNav;E:\vivado\Vivado\2024.1\lib\win64.o;E:\vivado\PDM\2024.1\bin;;E:/vivado/Vitis/2024.1\tps\mingw\6.2.0\win64.o\nt\bin;E:/vivado/Vitis/2024.1\tps\mingw\6.2.0\win64.o\nt\libexec\gcc\x86_64-w64-mingw32\6.2.0
PATHEXT=.COM;.EXE;.BAT;.CMD;.VBS;.VBE;.JS;.JSE;.WSF;.WSH;.MSC
PROCESSOR_ARCHITECTURE=AMD64
PROCESSOR_IDENTIFIER=AMD64 Family 25 Model 80 Stepping 0, AuthenticAMD
PROCESSOR_LEVEL=25
PROCESSOR_REVISION=5000
PRODVERSION_EXE=E:/vivado/Vitis/2024.1/bin/unwrapped/win64.o/prodversion.exe
ProgramData=C:\ProgramData
ProgramFiles=C:\Program Files
ProgramFiles(x86)=C:\Program Files (x86)
ProgramW6432=C:\Program Files
PROMPT=$P$G
PSModulePath=C:\Program Files\WindowsPowerShell\Modules;C:\Windows\system32\WindowsPowerShell\v1.0\Modules
PUBLIC=C:\Users\Public
PyCharm=E:\PyCharm 2023.1.3\bin;
PyCharm Community Edition=E:\PyCharm Community Edition 2024.1.4\bin;
PYTHONPATH=;E:/vivado/Vitis/2024.1\cli;E:/vivado/Vitis/2024.1\cli\python-packages\win64;E:/vivado/Vitis/2024.1\cli\python-packages\site-packages;E:/vivado/Vitis/2024.1\cli\proto;E:/vivado/Vitis/2024.1\scripts\python_pkg;
python_path=;E:/vivado/Vitis/2024.1\cli;E:/vivado/Vitis/2024.1\cli\python-packages\win64;E:/vivado/Vitis/2024.1\cli\python-packages\site-packages;E:/vivado/Vitis/2024.1\cli\proto;E:/vivado/Vitis/2024.1\scripts\python_pkg;
RDI_APPROOT=E:/vivado/Vitis/2024.1
RDI_ARGS= --mode hls --csim --config E:\robot\project\FPGA\finial_product\sobel_hls\sobel_opt\hls_config.cfg --work_dir sobel
RDI_ARGS_FUNCTION=RDI_EXEC_DEFAULT
RDI_BASEROOT=E:/vivado/Vitis
RDI_BINDIR=E:/vivado/Vitis/2024.1/bin
RDI_BINROOT=E:/vivado/Vitis/2024.1/bin
RDI_BUILD=yes
RDI_CHECK_PROG=True
RDI_DATADIR=E:/vivado/SharedData/2024.1/data;E:/vivado/Vitis/2024.1/data
RDI_INSTALLROOT=E:/vivado
RDI_INSTALLVER=2024.1
RDI_INSTALLVERSION=2024.1
RDI_JAVACEFROOT=E:/vivado/Vitis/2024.1/tps/win64/java-cef-95.0.4638.69
RDI_JAVAFXROOT=E:/vivado/Vitis/2024.1/tps/win64/javafx-sdk-11.0.2
RDI_JAVAROOT=E:/vivado/Vitis/2024.1/tps/win64/jre11.0.16_1
RDI_JAVA_VERSION=11.0.16_1
RDI_LIBDIR=E:/vivado/Vitis/2024.1/lib/win64.o
RDI_MINGW_LIB=E:/vivado/Vitis/2024.1\tps\mingw\6.2.0\win64.o\nt\bin;E:/vivado/Vitis/2024.1\tps\mingw\6.2.0\win64.o\nt\libexec\gcc\x86_64-w64-mingw32\6.2.0
RDI_OPT_EXT=.o
RDI_OS_ARCH=64
RDI_PLATFORM=win64
RDI_PREPEND_PATH=E:/vivado/Vitis/2024.1/bin;E:/vivado/Vitis/2024.1/bin
RDI_PROG=E:/vivado/Vitis/2024.1/bin/unwrapped/win64.o/vitis-run.exe
RDI_PROGNAME=vitis-run.exe
RDI_SESSION_INFO=C:\Users\14692\AppData\Roaming\Xilinx\Vitis:NIGHTT_INSIDER-2024-12-29周日_9-08-25.48
RDI_SHARED_DATA=E:/vivado/SharedData/2024.1/data
RDI_TPS_ROOT=E:/vivado/Vivado/2024.1/tps/win64
RDI_USE_JDK11=1
RDI_VERBOSE=0
ROOT_SWTICH_INGUI=1
RT_LIBPATH=E:/vivado/Vitis/2024.1/scripts/rt/data
RT_TCL_PATH=E:/vivado/Vitis/2024.1/scripts/rt/base_tcl/tcl
SDKROOT=E:\vivado\Vitis\2024.1\tps\win64\lopper-1.1.0-packages\min_sdk\
SESSIONNAME=Console
session_string=E:\robot\project\FPGA\finial_product\sobel_hls\sobel_opt:NIGHTT_INSIDER-2024-12-29周日_9-44-03.65
SHARED_DATA_HOME="E:/vivado/SharedData/2024.1"
SWIG_LIB=E:\vivado\Vitis\2024.1\tps\win64\lopper-1.1.0-packages\min_sdk\\usr\lib\swig\4.0.2
SWT_GTK3=1
SYNTH_COMMON=E:/vivado/Vitis/2024.1/scripts/rt/data
SystemDrive=C:
SystemRoot=C:\Windows
TCL_LIBRARY=E:/vivado/Vitis/2024.1/tps/tcl/tcl8.6
TCMALLOC_LARGE_ALLOC_REPORT_THRESHOLD=4294967296
TEMP=C:\Users\14692\AppData\Local\Temp
THEIA_APP_PROJECT_PATH=E:\vivado\Vitis\2024.1\ide\electron-app\win64\resources\app
THEIA_DEFAULT_PLUGINS=local-dir:E:\vivado\Vitis\2024.1\ide\electron-app\win64\resources\app\plugins
THEIA_ELECTRON_TOKEN={"value":"cc00707d-60dd-47a0-9b8f-fe90803f260b"}
THEIA_ELECTRON_VERSION=15.5.7
THEIA_PLUGINS=local-dir:C:\Users\14692\.theia\plugins
TMP=C:\Users\14692\AppData\Local\Temp
USERDOMAIN=NIGHTT_INSIDER
USERDOMAIN_ROAMINGPROFILE=NIGHTT_INSIDER
USERNAME=14692
USERPROFILE=C:\Users\14692
vitis=E:\vivado\Vitis_HLS\2024.1\bin
VITISNEW=true
VIVADO_HLS_ARG_DBG=0
VSCODE_API_VERSION=1.53.2
w64devkit=C:\Users\14692\Downloads\w64devkit\bin
windir=C:\Windows
XILINX_HLS=E:/vivado\Vitis_HLS\2024.1
XILINX_HLS_TPS_PATH=E:/vivado/Vitis_HLS/2024.1/tps;E:/vivado/Vitis/2024.1/tps
XILINX_OPENCL=E:/vivado/Vitis_HLS/2024.1
XILINX_OPENCL_CLANG=E:/vivado/Vitis_HLS/2024.1/win64/tools/clang
XILINX_PLANAHEAD=E:/vivado/Vitis/2024.1
XILINX_SDK=E:/vivado/Vitis/2024.1
XILINX_VCXX=E:/vivado/Vitis_HLS/2024.1/vcxx
XILINX_VERSION_DEFAULT=2024.1
XILINX_VERSION_VITIS=2024.1
XILINX_VITIS=E:/vivado\Vitis\2024.1
XILINX_VITIS_VERSION=Vitis v2024.1 (64-bit)
XILINX_VIVADO=E:/vivado/Vivado/2024.1
XILINX_VIVADO_HLS=E:/vivado/Vivado/2024.1
XIL_CHECK_TCL_DEBUG=False
XIL_NO_OVERRIDE=0
XIL_PA_NO_DEFAULT_OVERRIDE=1
XIL_SUPPRESS_OVERRIDE_WARNINGS=1
XVREDIST=E:/vivado/Vitis/2024.1\tps\win64\xvcredist.exe
_RDI_BINROOT=E:\vivado\Vitis\2024.1\bin
_RDI_CWD=E:\robot\project\FPGA\finial_product\sobel_hls\sobel_opt
_RDI_DONT_SET_XILINX_AS_PATH=True
_RDI_VERSION_PROG=vitis-run
_valid=False
_XILINX_HLS_HIDE_BANNER_SUBPROC=1
XILINX_CD_CONNECT_ID=55961
XILINX_CD_SESSION=a44910d5-8582-4568-ba42-fa47aa9eb7ac


VITIS-RUN command line:
------------------------------------------
E:/vivado/Vitis/2024.1/bin/unwrapped/win64.o/vitis-run.exe --mode hls --csim --config E:\robot\project\FPGA\finial_product\sobel_hls\sobel_opt\hls_config.cfg --work_dir sobel 

FINAL PROGRAM OPTIONS
--config E:\robot\project\FPGA\finial_product\sobel_hls\sobel_opt\hls_config.cfg
--csim
--hls.csim.code_analyzer 1
--hls.flow_target vivado
--hls.package.output.format ip_catalog
--hls.package.output.syn false
--hls.syn.file E:/robot/project/FPGA/finial_product/sobel_hls/source/sobel.hpp
--hls.syn.file E:/robot/project/FPGA/finial_product/sobel_hls/source/sobel_base.cpp
--hls.syn.top sobel
--hls.tb.file E:/robot/project/FPGA/finial_product/sobel_hls/source/sobel_tb.cpp
--mode hls
--part xc7z020clg400-1
--work_dir sobel

PARSED COMMAND LINE OPTIONS
--mode hls 
--csim 
--config E:\robot\project\FPGA\finial_product\sobel_hls\sobel_opt\hls_config.cfg 
--work_dir sobel 

PARSED CONFIG FILE (1) OPTIONS
file: E:\robot\project\FPGA\finial_product\sobel_hls\sobel_opt\hls_config.cfg
part xc7z020clg400-1 
hls.flow_target vivado 
hls.package.output.format ip_catalog 
hls.package.output.syn false 
hls.syn.top sobel 
hls.syn.file E:/robot/project/FPGA/finial_product/sobel_hls/source/sobel.hpp 
hls.syn.file E:/robot/project/FPGA/finial_product/sobel_hls/source/sobel_base.cpp 
hls.tb.file E:/robot/project/FPGA/finial_product/sobel_hls/source/sobel_tb.cpp 
hls.csim.code_analyzer 1 


==========================================
new:  steps log generated by v++ for new launch 
timestamp: 29 Dec 2024 09:44:08
------------------------------------------
VITIS-RUN internal step: writing a config file for vitis_hls: E:/robot/project/FPGA/finial_product/sobel_hls/sobel_opt/sobel/hls/config.cmdline
timestamp: 29 Dec 2024 09:44:08
VITIS-RUN internal step status: success
------------------------------------------
VITIS-RUN internal step: running vitis_hls
timestamp: 29 Dec 2024 09:44:08
working dir: E:/robot/project/FPGA/finial_product/sobel_hls/sobel_opt
cmd: vitis_hls -nolog -run csim -work_dir E:/robot/project/FPGA/finial_product/sobel_hls/sobel_opt/sobel -config E:/robot/project/FPGA/finial_product/sobel_hls/sobel_opt/hls_config.cfg -cmdlineconfig E:/robot/project/FPGA/finial_product/sobel_hls/sobel_opt/sobel/hls/config.cmdline
VITIS-RUN internal step status: fail

------------------------------------------
VITIS-RUN command line :
------------------------------------------
E:/vivado/Vitis/2024.1/bin/unwrapped/win64.o/vitis-run.exe --mode hls --csim --config E:\robot\project\FPGA\finial_product\sobel_hls\sobel_opt\hls_config.cfg --work_dir sobel 
  Options from -O    : 
  Options from *.ini : 
  Options from Hw Platform : 

==========================================
new:  steps log generated by v++ for new launch 
timestamp: 29 Dec 2024 09:45:35
------------------------------------------
VITIS-RUN internal step: writing a config file for vitis_hls: E:/robot/project/FPGA/finial_product/sobel_hls/sobel_opt/sobel/hls/config.cmdline
timestamp: 29 Dec 2024 09:45:35
VITIS-RUN internal step status: success
------------------------------------------
VITIS-RUN internal step: running vitis_hls
timestamp: 29 Dec 2024 09:45:35
working dir: E:/robot/project/FPGA/finial_product/sobel_hls/sobel_opt
cmd: vitis_hls -nolog -run csim -work_dir E:/robot/project/FPGA/finial_product/sobel_hls/sobel_opt/sobel -config E:/robot/project/FPGA/finial_product/sobel_hls/sobel_opt/hls_config.cfg -cmdlineconfig E:/robot/project/FPGA/finial_product/sobel_hls/sobel_opt/sobel/hls/config.cmdline
VITIS-RUN internal step status: fail

------------------------------------------
VITIS-RUN command line :
------------------------------------------
E:/vivado/Vitis/2024.1/bin/unwrapped/win64.o/vitis-run.exe --mode hls --csim --config E:\robot\project\FPGA\finial_product\sobel_hls\sobel_opt\hls_config.cfg --work_dir sobel 
  Options from -O    : 
  Options from *.ini : 
  Options from Hw Platform : 

==========================================
new:  steps log generated by v++ for new launch 
timestamp: 29 Dec 2024 09:46:10
------------------------------------------
VITIS-RUN internal step: writing a config file for vitis_hls: E:/robot/project/FPGA/finial_product/sobel_hls/sobel_opt/sobel/hls/config.cmdline
timestamp: 29 Dec 2024 09:46:10
VITIS-RUN internal step status: success
------------------------------------------
VITIS-RUN internal step: running vitis_hls
timestamp: 29 Dec 2024 09:46:10
working dir: E:/robot/project/FPGA/finial_product/sobel_hls/sobel_opt
cmd: vitis_hls -nolog -run csim -work_dir E:/robot/project/FPGA/finial_product/sobel_hls/sobel_opt/sobel -config E:/robot/project/FPGA/finial_product/sobel_hls/sobel_opt/hls_config.cfg -cmdlineconfig E:/robot/project/FPGA/finial_product/sobel_hls/sobel_opt/sobel/hls/config.cmdline
VITIS-RUN internal step status: success

------------------------------------------
V++ command line :
------------------------------------------
E:/vivado/Vitis/2024.1/bin/unwrapped/win64.o/v++.exe -c --mode hls --config E:\robot\project\FPGA\finial_product\sobel_hls\sobel_opt\hls_config.cfg --work_dir sobel 
  Options from -O    : 
  Options from *.ini : 
  Options from Hw Platform : 

==========================================
new:  steps log generated by v++ for new launch 
timestamp: 29 Dec 2024 09:48:29
------------------------------------------
V++ internal step: writing a config file for vitis_hls: E:/robot/project/FPGA/finial_product/sobel_hls/sobel_opt/sobel/hls/config.cmdline
timestamp: 29 Dec 2024 09:48:29
V++ internal step status: success
------------------------------------------
V++ internal step: running vitis_hls
timestamp: 29 Dec 2024 09:48:29
working dir: E:/robot/project/FPGA/finial_product/sobel_hls/sobel_opt
cmd: vitis_hls -nolog -run csynth -work_dir E:/robot/project/FPGA/finial_product/sobel_hls/sobel_opt/sobel -config E:/robot/project/FPGA/finial_product/sobel_hls/sobel_opt/hls_config.cfg -cmdlineconfig E:/robot/project/FPGA/finial_product/sobel_hls/sobel_opt/sobel/hls/config.cmdline
V++ internal step status: success

------------------------------------------
VITIS-RUN command line :
------------------------------------------
E:/vivado/Vitis/2024.1/bin/unwrapped/win64.o/vitis-run.exe --mode hls --cosim --config E:\robot\project\FPGA\finial_product\sobel_hls\sobel_opt\hls_config.cfg --work_dir sobel 
  Options from -O    : 
  Options from *.ini : 
  Options from Hw Platform : 

==========================================
new:  steps log generated by v++ for new launch 
timestamp: 29 Dec 2024 09:53:16
------------------------------------------
VITIS-RUN internal step: writing a config file for vitis_hls: E:/robot/project/FPGA/finial_product/sobel_hls/sobel_opt/sobel/hls/config.cmdline
timestamp: 29 Dec 2024 09:53:16
VITIS-RUN internal step status: success
------------------------------------------
VITIS-RUN internal step: running vitis_hls
timestamp: 29 Dec 2024 09:53:16
working dir: E:/robot/project/FPGA/finial_product/sobel_hls/sobel_opt
cmd: vitis_hls -nolog -run cosim -work_dir E:/robot/project/FPGA/finial_product/sobel_hls/sobel_opt/sobel -config E:/robot/project/FPGA/finial_product/sobel_hls/sobel_opt/hls_config.cfg -cmdlineconfig E:/robot/project/FPGA/finial_product/sobel_hls/sobel_opt/sobel/hls/config.cmdline
VITIS-RUN internal step status: fail

------------------------------------------
VITIS-RUN command line :
------------------------------------------
E:/vivado/Vitis/2024.1/bin/unwrapped/win64.o/vitis-run.exe --mode hls --cosim --config E:\robot\project\FPGA\finial_product\sobel_hls\sobel_opt\hls_config.cfg --work_dir sobel 
  Options from -O    : 
  Options from *.ini : 
  Options from Hw Platform : 

==========================================
new:  steps log generated by v++ for new launch 
timestamp: 29 Dec 2024 10:05:49
------------------------------------------
VITIS-RUN internal step: writing a config file for vitis_hls: E:/robot/project/FPGA/finial_product/sobel_hls/sobel_opt/sobel/hls/config.cmdline
timestamp: 29 Dec 2024 10:05:49
VITIS-RUN internal step status: success
------------------------------------------
VITIS-RUN internal step: running vitis_hls
timestamp: 29 Dec 2024 10:05:49
working dir: E:/robot/project/FPGA/finial_product/sobel_hls/sobel_opt
cmd: vitis_hls -nolog -run cosim -work_dir E:/robot/project/FPGA/finial_product/sobel_hls/sobel_opt/sobel -config E:/robot/project/FPGA/finial_product/sobel_hls/sobel_opt/hls_config.cfg -cmdlineconfig E:/robot/project/FPGA/finial_product/sobel_hls/sobel_opt/sobel/hls/config.cmdline
VITIS-RUN internal step status: fail

------------------------------------------
VITIS-RUN command line :
------------------------------------------
E:/vivado/Vitis/2024.1/bin/unwrapped/win64.o/vitis-run.exe --mode hls --cosim --config E:\robot\project\FPGA\finial_product\sobel_hls\sobel_opt\hls_config.cfg --work_dir sobel 
  Options from -O    : 
  Options from *.ini : 
  Options from Hw Platform : 

==========================================
new:  steps log generated by v++ for new launch 
timestamp: 29 Dec 2024 10:08:08
------------------------------------------
VITIS-RUN internal step: writing a config file for vitis_hls: E:/robot/project/FPGA/finial_product/sobel_hls/sobel_opt/sobel/hls/config.cmdline
timestamp: 29 Dec 2024 10:08:08
VITIS-RUN internal step status: success
------------------------------------------
VITIS-RUN internal step: running vitis_hls
timestamp: 29 Dec 2024 10:08:08
working dir: E:/robot/project/FPGA/finial_product/sobel_hls/sobel_opt
cmd: vitis_hls -nolog -run cosim -work_dir E:/robot/project/FPGA/finial_product/sobel_hls/sobel_opt/sobel -config E:/robot/project/FPGA/finial_product/sobel_hls/sobel_opt/hls_config.cfg -cmdlineconfig E:/robot/project/FPGA/finial_product/sobel_hls/sobel_opt/sobel/hls/config.cmdline
VITIS-RUN internal step status: fail

------------------------------------------
VITIS-RUN command line :
------------------------------------------
E:/vivado/Vitis/2024.1/bin/unwrapped/win64.o/vitis-run.exe --mode hls --cosim --config E:\robot\project\FPGA\finial_product\sobel_hls\sobel_opt\hls_config.cfg --work_dir sobel 
  Options from -O    : 
  Options from *.ini : 
  Options from Hw Platform : 

==========================================
new:  steps log generated by v++ for new launch 
timestamp: 29 Dec 2024 10:08:40
------------------------------------------
VITIS-RUN internal step: writing a config file for vitis_hls: E:/robot/project/FPGA/finial_product/sobel_hls/sobel_opt/sobel/hls/config.cmdline
timestamp: 29 Dec 2024 10:08:40
VITIS-RUN internal step status: success
------------------------------------------
VITIS-RUN internal step: running vitis_hls
timestamp: 29 Dec 2024 10:08:40
working dir: E:/robot/project/FPGA/finial_product/sobel_hls/sobel_opt
cmd: vitis_hls -nolog -run cosim -work_dir E:/robot/project/FPGA/finial_product/sobel_hls/sobel_opt/sobel -config E:/robot/project/FPGA/finial_product/sobel_hls/sobel_opt/hls_config.cfg -cmdlineconfig E:/robot/project/FPGA/finial_product/sobel_hls/sobel_opt/sobel/hls/config.cmdline
VITIS-RUN internal step status: fail

------------------------------------------
VITIS-RUN command line :
------------------------------------------
E:/vivado/Vitis/2024.1/bin/unwrapped/win64.o/vitis-run.exe --mode hls --cosim --config E:\robot\project\FPGA\finial_product\sobel_hls\sobel_opt\hls_config.cfg --work_dir sobel 
  Options from -O    : 
  Options from *.ini : 
  Options from Hw Platform : 

==========================================
new:  steps log generated by v++ for new launch 
timestamp: 29 Dec 2024 10:11:24
------------------------------------------
VITIS-RUN internal step: writing a config file for vitis_hls: E:/robot/project/FPGA/finial_product/sobel_hls/sobel_opt/sobel/hls/config.cmdline
timestamp: 29 Dec 2024 10:11:24
VITIS-RUN internal step status: success
------------------------------------------
VITIS-RUN internal step: running vitis_hls
timestamp: 29 Dec 2024 10:11:24
working dir: E:/robot/project/FPGA/finial_product/sobel_hls/sobel_opt
cmd: vitis_hls -nolog -run cosim -work_dir E:/robot/project/FPGA/finial_product/sobel_hls/sobel_opt/sobel -config E:/robot/project/FPGA/finial_product/sobel_hls/sobel_opt/hls_config.cfg -cmdlineconfig E:/robot/project/FPGA/finial_product/sobel_hls/sobel_opt/sobel/hls/config.cmdline
VITIS-RUN internal step status: fail

------------------------------------------
VITIS-RUN command line :
------------------------------------------
E:/vivado/Vitis/2024.1/bin/unwrapped/win64.o/vitis-run.exe --mode hls --cosim --config E:\robot\project\FPGA\finial_product\sobel_hls\sobel_opt\hls_config.cfg --work_dir sobel 
  Options from -O    : 
  Options from *.ini : 
  Options from Hw Platform : 

==========================================
new:  steps log generated by v++ for new launch 
timestamp: 29 Dec 2024 10:19:10
------------------------------------------
VITIS-RUN internal step: writing a config file for vitis_hls: E:/robot/project/FPGA/finial_product/sobel_hls/sobel_opt/sobel/hls/config.cmdline
timestamp: 29 Dec 2024 10:19:10
VITIS-RUN internal step status: success
------------------------------------------
VITIS-RUN internal step: running vitis_hls
timestamp: 29 Dec 2024 10:19:10
working dir: E:/robot/project/FPGA/finial_product/sobel_hls/sobel_opt
cmd: vitis_hls -nolog -run cosim -work_dir E:/robot/project/FPGA/finial_product/sobel_hls/sobel_opt/sobel -config E:/robot/project/FPGA/finial_product/sobel_hls/sobel_opt/hls_config.cfg -cmdlineconfig E:/robot/project/FPGA/finial_product/sobel_hls/sobel_opt/sobel/hls/config.cmdline
VITIS-RUN internal step status: fail

------------------------------------------
VITIS-RUN command line :
------------------------------------------
E:/vivado/Vitis/2024.1/bin/unwrapped/win64.o/vitis-run.exe --mode hls --cosim --config E:\robot\project\FPGA\finial_product\sobel_hls\sobel_opt\hls_config.cfg --work_dir sobel 
  Options from -O    : 
  Options from *.ini : 
  Options from Hw Platform : 

==========================================
new:  steps log generated by v++ for new launch 
timestamp: 29 Dec 2024 10:22:23
------------------------------------------
VITIS-RUN internal step: writing a config file for vitis_hls: E:/robot/project/FPGA/finial_product/sobel_hls/sobel_opt/sobel/hls/config.cmdline
timestamp: 29 Dec 2024 10:22:23
VITIS-RUN internal step status: success
------------------------------------------
VITIS-RUN internal step: running vitis_hls
timestamp: 29 Dec 2024 10:22:23
working dir: E:/robot/project/FPGA/finial_product/sobel_hls/sobel_opt
cmd: vitis_hls -nolog -run cosim -work_dir E:/robot/project/FPGA/finial_product/sobel_hls/sobel_opt/sobel -config E:/robot/project/FPGA/finial_product/sobel_hls/sobel_opt/hls_config.cfg -cmdlineconfig E:/robot/project/FPGA/finial_product/sobel_hls/sobel_opt/sobel/hls/config.cmdline
VITIS-RUN internal step status: fail

------------------------------------------
VITIS-RUN command line :
------------------------------------------
E:/vivado/Vitis/2024.1/bin/unwrapped/win64.o/vitis-run.exe --mode hls --cosim --config E:\robot\project\FPGA\finial_product\sobel_hls\sobel_opt\hls_config.cfg --work_dir sobel 
  Options from -O    : 
  Options from *.ini : 
  Options from Hw Platform : 

==========================================
new:  steps log generated by v++ for new launch 
timestamp: 29 Dec 2024 10:25:22
------------------------------------------
VITIS-RUN internal step: writing a config file for vitis_hls: E:/robot/project/FPGA/finial_product/sobel_hls/sobel_opt/sobel/hls/config.cmdline
timestamp: 29 Dec 2024 10:25:22
VITIS-RUN internal step status: success
------------------------------------------
VITIS-RUN internal step: running vitis_hls
timestamp: 29 Dec 2024 10:25:22
working dir: E:/robot/project/FPGA/finial_product/sobel_hls/sobel_opt
cmd: vitis_hls -nolog -run cosim -work_dir E:/robot/project/FPGA/finial_product/sobel_hls/sobel_opt/sobel -config E:/robot/project/FPGA/finial_product/sobel_hls/sobel_opt/hls_config.cfg -cmdlineconfig E:/robot/project/FPGA/finial_product/sobel_hls/sobel_opt/sobel/hls/config.cmdline
VITIS-RUN internal step status: fail

------------------------------------------
VITIS-RUN command line :
------------------------------------------
E:/vivado/Vitis/2024.1/bin/unwrapped/win64.o/vitis-run.exe --mode hls --cosim --config E:\robot\project\FPGA\finial_product\sobel_hls\sobel_opt\hls_config.cfg --work_dir sobel 
  Options from -O    : 
  Options from *.ini : 
  Options from Hw Platform : 

==========================================
new:  steps log generated by v++ for new launch 
timestamp: 29 Dec 2024 10:35:33
------------------------------------------
VITIS-RUN internal step: writing a config file for vitis_hls: E:/robot/project/FPGA/finial_product/sobel_hls/sobel_opt/sobel/hls/config.cmdline
timestamp: 29 Dec 2024 10:35:33
VITIS-RUN internal step status: success
------------------------------------------
VITIS-RUN internal step: running vitis_hls
timestamp: 29 Dec 2024 10:35:33
working dir: E:/robot/project/FPGA/finial_product/sobel_hls/sobel_opt
cmd: vitis_hls -nolog -run cosim -work_dir E:/robot/project/FPGA/finial_product/sobel_hls/sobel_opt/sobel -config E:/robot/project/FPGA/finial_product/sobel_hls/sobel_opt/hls_config.cfg -cmdlineconfig E:/robot/project/FPGA/finial_product/sobel_hls/sobel_opt/sobel/hls/config.cmdline
VITIS-RUN internal step status: fail

------------------------------------------
VITIS-RUN command line :
------------------------------------------
E:/vivado/Vitis/2024.1/bin/unwrapped/win64.o/vitis-run.exe --mode hls --cosim --config E:\robot\project\FPGA\finial_product\sobel_hls\sobel_opt\hls_config.cfg --work_dir sobel 
  Options from -O    : 
  Options from *.ini : 
  Options from Hw Platform : 

==========================================
new:  steps log generated by v++ for new launch 
timestamp: 29 Dec 2024 10:36:24
------------------------------------------
VITIS-RUN internal step: writing a config file for vitis_hls: E:/robot/project/FPGA/finial_product/sobel_hls/sobel_opt/sobel/hls/config.cmdline
timestamp: 29 Dec 2024 10:36:24
VITIS-RUN internal step status: success
------------------------------------------
VITIS-RUN internal step: running vitis_hls
timestamp: 29 Dec 2024 10:36:24
working dir: E:/robot/project/FPGA/finial_product/sobel_hls/sobel_opt
cmd: vitis_hls -nolog -run cosim -work_dir E:/robot/project/FPGA/finial_product/sobel_hls/sobel_opt/sobel -config E:/robot/project/FPGA/finial_product/sobel_hls/sobel_opt/hls_config.cfg -cmdlineconfig E:/robot/project/FPGA/finial_product/sobel_hls/sobel_opt/sobel/hls/config.cmdline
VITIS-RUN internal step status: fail

------------------------------------------
VITIS-RUN command line :
------------------------------------------
E:/vivado/Vitis/2024.1/bin/unwrapped/win64.o/vitis-run.exe --mode hls --cosim --config E:\robot\project\FPGA\finial_product\sobel_hls\sobel_opt\hls_config.cfg --work_dir sobel 
  Options from -O    : 
  Options from *.ini : 
  Options from Hw Platform : 

==========================================
new:  steps log generated by v++ for new launch 
timestamp: 29 Dec 2024 10:40:44
------------------------------------------
VITIS-RUN internal step: writing a config file for vitis_hls: E:/robot/project/FPGA/finial_product/sobel_hls/sobel_opt/sobel/hls/config.cmdline
timestamp: 29 Dec 2024 10:40:44
VITIS-RUN internal step status: success
------------------------------------------
VITIS-RUN internal step: running vitis_hls
timestamp: 29 Dec 2024 10:40:44
working dir: E:/robot/project/FPGA/finial_product/sobel_hls/sobel_opt
cmd: vitis_hls -nolog -run cosim -work_dir E:/robot/project/FPGA/finial_product/sobel_hls/sobel_opt/sobel -config E:/robot/project/FPGA/finial_product/sobel_hls/sobel_opt/hls_config.cfg -cmdlineconfig E:/robot/project/FPGA/finial_product/sobel_hls/sobel_opt/sobel/hls/config.cmdline
VITIS-RUN internal step status: fail

------------------------------------------
VITIS-RUN command line :
------------------------------------------
E:/vivado/Vitis/2024.1/bin/unwrapped/win64.o/vitis-run.exe --mode hls --cosim --config E:\robot\project\FPGA\finial_product\sobel_hls\sobel_opt\hls_config.cfg --work_dir sobel 
  Options from -O    : 
  Options from *.ini : 
  Options from Hw Platform : 

==========================================
new:  steps log generated by v++ for new launch 
timestamp: 29 Dec 2024 10:42:41
------------------------------------------
VITIS-RUN internal step: writing a config file for vitis_hls: E:/robot/project/FPGA/finial_product/sobel_hls/sobel_opt/sobel/hls/config.cmdline
timestamp: 29 Dec 2024 10:42:41
VITIS-RUN internal step status: success
------------------------------------------
VITIS-RUN internal step: running vitis_hls
timestamp: 29 Dec 2024 10:42:41
working dir: E:/robot/project/FPGA/finial_product/sobel_hls/sobel_opt
cmd: vitis_hls -nolog -run cosim -work_dir E:/robot/project/FPGA/finial_product/sobel_hls/sobel_opt/sobel -config E:/robot/project/FPGA/finial_product/sobel_hls/sobel_opt/hls_config.cfg -cmdlineconfig E:/robot/project/FPGA/finial_product/sobel_hls/sobel_opt/sobel/hls/config.cmdline
VITIS-RUN internal step status: fail

------------------------------------------
VITIS-RUN command line :
------------------------------------------
E:/vivado/Vitis/2024.1/bin/unwrapped/win64.o/vitis-run.exe --mode hls --cosim --config E:\robot\project\FPGA\finial_product\sobel_hls\sobel_opt\hls_config.cfg --work_dir sobel 
  Options from -O    : 
  Options from *.ini : 
  Options from Hw Platform : 

==========================================
new:  steps log generated by v++ for new launch 
timestamp: 29 Dec 2024 10:43:58
------------------------------------------
VITIS-RUN internal step: writing a config file for vitis_hls: E:/robot/project/FPGA/finial_product/sobel_hls/sobel_opt/sobel/hls/config.cmdline
timestamp: 29 Dec 2024 10:43:58
VITIS-RUN internal step status: success
------------------------------------------
VITIS-RUN internal step: running vitis_hls
timestamp: 29 Dec 2024 10:43:58
working dir: E:/robot/project/FPGA/finial_product/sobel_hls/sobel_opt
cmd: vitis_hls -nolog -run cosim -work_dir E:/robot/project/FPGA/finial_product/sobel_hls/sobel_opt/sobel -config E:/robot/project/FPGA/finial_product/sobel_hls/sobel_opt/hls_config.cfg -cmdlineconfig E:/robot/project/FPGA/finial_product/sobel_hls/sobel_opt/sobel/hls/config.cmdline
VITIS-RUN internal step status: fail

------------------------------------------
VITIS-RUN command line :
------------------------------------------
E:/vivado/Vitis/2024.1/bin/unwrapped/win64.o/vitis-run.exe --mode hls --package --config E:\robot\project\FPGA\finial_product\sobel_hls\sobel_opt\hls_config.cfg --work_dir sobel 
  Options from -O    : 
  Options from *.ini : 
  Options from Hw Platform : 

==========================================
new:  steps log generated by v++ for new launch 
timestamp: 29 Dec 2024 10:45:30
------------------------------------------
VITIS-RUN internal step: writing a config file for vitis_hls: E:/robot/project/FPGA/finial_product/sobel_hls/sobel_opt/sobel/hls/config.cmdline
timestamp: 29 Dec 2024 10:45:30
VITIS-RUN internal step status: success
------------------------------------------
VITIS-RUN internal step: running vitis_hls
timestamp: 29 Dec 2024 10:45:30
working dir: E:/robot/project/FPGA/finial_product/sobel_hls/sobel_opt
cmd: vitis_hls -nolog -run package -work_dir E:/robot/project/FPGA/finial_product/sobel_hls/sobel_opt/sobel -config E:/robot/project/FPGA/finial_product/sobel_hls/sobel_opt/hls_config.cfg -cmdlineconfig E:/robot/project/FPGA/finial_product/sobel_hls/sobel_opt/sobel/hls/config.cmdline
VITIS-RUN internal step status: success

------------------------------------------
VITIS-RUN command line :
------------------------------------------
E:/vivado/Vitis/2024.1/bin/unwrapped/win64.o/vitis-run.exe --mode hls --impl --config E:\robot\project\FPGA\finial_product\sobel_hls\sobel_opt\hls_config.cfg --work_dir sobel 
  Options from -O    : 
  Options from *.ini : 
  Options from Hw Platform : 

==========================================
new:  steps log generated by v++ for new launch 
timestamp: 29 Dec 2024 10:48:53
------------------------------------------
VITIS-RUN internal step: writing a config file for vitis_hls: E:/robot/project/FPGA/finial_product/sobel_hls/sobel_opt/sobel/hls/config.cmdline
timestamp: 29 Dec 2024 10:48:53
VITIS-RUN internal step status: success
------------------------------------------
VITIS-RUN internal step: running vitis_hls
timestamp: 29 Dec 2024 10:48:53
working dir: E:/robot/project/FPGA/finial_product/sobel_hls/sobel_opt
cmd: vitis_hls -nolog -run vivado -work_dir E:/robot/project/FPGA/finial_product/sobel_hls/sobel_opt/sobel -config E:/robot/project/FPGA/finial_product/sobel_hls/sobel_opt/hls_config.cfg -cmdlineconfig E:/robot/project/FPGA/finial_product/sobel_hls/sobel_opt/sobel/hls/config.cmdline
VITIS-RUN internal step status: success

------------------------------------------
VITIS-RUN command line :
------------------------------------------
E:/vivado/Vitis/2024.1/bin/unwrapped/win64.o/vitis-run.exe --mode hls --csim --config E:\robot\project\FPGA\finial_product\sobel_hls\sobel_opt\hls_config.cfg --work_dir sobel 
  Options from -O    : 
  Options from *.ini : 
  Options from Hw Platform : 

==========================================
new:  steps log generated by v++ for new launch 
timestamp: 31 Dec 2024 10:10:42
------------------------------------------
VITIS-RUN internal step: writing a config file for vitis_hls: E:/robot/project/FPGA/finial_product/sobel_hls/sobel_opt/sobel/hls/config.cmdline
timestamp: 31 Dec 2024 10:10:42
VITIS-RUN internal step status: success
------------------------------------------
VITIS-RUN internal step: running vitis_hls
timestamp: 31 Dec 2024 10:10:42
working dir: E:/robot/project/FPGA/finial_product/sobel_hls/sobel_opt
cmd: vitis_hls -nolog -run csim -work_dir E:/robot/project/FPGA/finial_product/sobel_hls/sobel_opt/sobel -config E:/robot/project/FPGA/finial_product/sobel_hls/sobel_opt/hls_config.cfg -cmdlineconfig E:/robot/project/FPGA/finial_product/sobel_hls/sobel_opt/sobel/hls/config.cmdline
VITIS-RUN internal step status: success

------------------------------------------
V++ command line :
------------------------------------------
E:/vivado/Vitis/2024.1/bin/unwrapped/win64.o/v++.exe -c --mode hls --config E:\robot\project\FPGA\finial_product\sobel_hls\sobel_opt\hls_config.cfg --work_dir sobel 
  Options from -O    : 
  Options from *.ini : 
  Options from Hw Platform : 

==========================================
new:  steps log generated by v++ for new launch 
timestamp: 31 Dec 2024 10:11:23
------------------------------------------
V++ internal step: writing a config file for vitis_hls: E:/robot/project/FPGA/finial_product/sobel_hls/sobel_opt/sobel/hls/config.cmdline
timestamp: 31 Dec 2024 10:11:23
V++ internal step status: success
------------------------------------------
V++ internal step: running vitis_hls
timestamp: 31 Dec 2024 10:11:23
working dir: E:/robot/project/FPGA/finial_product/sobel_hls/sobel_opt
cmd: vitis_hls -nolog -run csynth -work_dir E:/robot/project/FPGA/finial_product/sobel_hls/sobel_opt/sobel -config E:/robot/project/FPGA/finial_product/sobel_hls/sobel_opt/hls_config.cfg -cmdlineconfig E:/robot/project/FPGA/finial_product/sobel_hls/sobel_opt/sobel/hls/config.cmdline
V++ internal step status: success

------------------------------------------
VITIS-RUN command line :
------------------------------------------
E:/vivado/Vitis/2024.1/bin/unwrapped/win64.o/vitis-run.exe --mode hls --csim --config E:\robot\project\FPGA\finial_product\sobel_hls\sobel_opt\hls_config.cfg --work_dir sobel 
  Options from -O    : 
  Options from *.ini : 
  Options from Hw Platform : 

==========================================
new:  steps log generated by v++ for new launch 
timestamp: 31 Dec 2024 10:14:24
------------------------------------------
VITIS-RUN internal step: writing a config file for vitis_hls: E:/robot/project/FPGA/finial_product/sobel_hls/sobel_opt/sobel/hls/config.cmdline
timestamp: 31 Dec 2024 10:14:24
VITIS-RUN internal step status: success
------------------------------------------
VITIS-RUN internal step: running vitis_hls
timestamp: 31 Dec 2024 10:14:24
working dir: E:/robot/project/FPGA/finial_product/sobel_hls/sobel_opt
cmd: vitis_hls -nolog -run csim -work_dir E:/robot/project/FPGA/finial_product/sobel_hls/sobel_opt/sobel -config E:/robot/project/FPGA/finial_product/sobel_hls/sobel_opt/hls_config.cfg -cmdlineconfig E:/robot/project/FPGA/finial_product/sobel_hls/sobel_opt/sobel/hls/config.cmdline
VITIS-RUN internal step status: success

------------------------------------------
V++ command line :
------------------------------------------
E:/vivado/Vitis/2024.1/bin/unwrapped/win64.o/v++.exe -c --mode hls --config E:\robot\project\FPGA\finial_product\sobel_hls\sobel_opt\hls_config.cfg --work_dir sobel 
  Options from -O    : 
  Options from *.ini : 
  Options from Hw Platform : 

==========================================
new:  steps log generated by v++ for new launch 
timestamp: 31 Dec 2024 10:14:40
------------------------------------------
V++ internal step: writing a config file for vitis_hls: E:/robot/project/FPGA/finial_product/sobel_hls/sobel_opt/sobel/hls/config.cmdline
timestamp: 31 Dec 2024 10:14:40
V++ internal step status: success
------------------------------------------
V++ internal step: running vitis_hls
timestamp: 31 Dec 2024 10:14:40
working dir: E:/robot/project/FPGA/finial_product/sobel_hls/sobel_opt
cmd: vitis_hls -nolog -run csynth -work_dir E:/robot/project/FPGA/finial_product/sobel_hls/sobel_opt/sobel -config E:/robot/project/FPGA/finial_product/sobel_hls/sobel_opt/hls_config.cfg -cmdlineconfig E:/robot/project/FPGA/finial_product/sobel_hls/sobel_opt/sobel/hls/config.cmdline
V++ internal step status: success
