#-----------------------------------------------------------
# xsim v2024.1 (64-bit)
# SW Build 5076996 on Wed May 22 18:37:14 MDT 2024
# IP Build 5075265 on Wed May 22 21:45:21 MDT 2024
# SharedData Build 5076995 on Wed May 22 18:29:18 MDT 2024
# Start of session at: Wed Oct 30 16:27:17 2024
# Process ID: 38524
# Current directory: E:/robot/project/FPGA/ZedBoard/HLS_lab/lab3/dct/dct/hls/sim/verilog
# Command line: xsim.exe -mode tcl -source {xsim.dir/dct/xsim_script.tcl}
# Log file: E:/robot/project/FPGA/ZedBoard/HLS_lab/lab3/dct/dct/hls/sim/verilog/xsim.log
# Journal file: E:/robot/project/FPGA/ZedBoard/HLS_lab/lab3/dct/dct/hls/sim/verilog\xsim.jou
# Running On        :nightt_insider
# Platform          :Windows Server 2016 or Windows 10
# Operating System  :22631
# Processor Detail  :AMD Ryzen 7 5800U with Radeon Graphics         
# CPU Frequency     :1896 MHz
# CPU Physical cores:8
# CPU Logical cores :16
# Host memory       :16487 MB
# Swap memory       :18253 MB
# Total Virtual     :34741 MB
# Available Virtual :11145 MB
#-----------------------------------------------------------
source xsim.dir/dct/xsim_script.tcl
# xsim {dct} -autoloadwcfg -tclbatch {dct.tcl}
Time resolution is 1 ps
source dct.tcl
## run all
////////////////////////////////////////////////////////////////////////////////////
// Inter-Transaction Progress: Completed Transaction / Total Transaction
// Intra-Transaction Progress: Measured Latency / Latency Estimation * 100%
//
// RTL Simulation : "Inter-Transaction Progress" ["Intra-Transaction Progress"] @ "Simulation Time"
////////////////////////////////////////////////////////////////////////////////////
// RTL Simulation : 0 / 1 [0.00%] @ "125000"
// RTL Simulation : 1 / 1 [100.00%] @ "4315000"
////////////////////////////////////////////////////////////////////////////////////
$finish called at time : 4375 ns : File "E:/robot/project/FPGA/ZedBoard/HLS_lab/lab3/dct/dct/hls/sim/verilog/dct.autotb.v" Line 268
## quit
INFO: [Common 17-206] Exiting xsim at Wed Oct 30 16:27:22 2024...
