Copyright 1986-2022 Xilinx, Inc. All Rights Reserved. Copyright 2022-2024 Advanced Micro Devices, Inc. All Rights Reserved.
---------------------------------------------------------------------------------------------------------------------------------------------
| Tool Version : Vivado v.2024.1 (win64) Build 5076996 Wed May 22 18:37:14 MDT 2024
| Date         : Wed Oct 30 16:34:09 2024
| Host         : nightt_insider running 64-bit major release  (build 9200)
| Command      : report_timing_summary -file ./report/dct_timing_synth.rpt
| Design       : bd_0_wrapper
| Device       : 7z020-clg484
| Speed File   : -1  PRODUCTION 1.12 2019-11-22
| Design State : Synthesized
---------------------------------------------------------------------------------------------------------------------------------------------

Timing Summary Report

------------------------------------------------------------------------------------------------
| Timer Settings
| --------------
------------------------------------------------------------------------------------------------

  Enable Multi Corner Analysis               :  Yes
  Enable Pessimism Removal                   :  Yes
  Pessimism Removal Resolution               :  Nearest Common Node
  Enable Input Delay Default Clock           :  No
  Enable Preset / Clear Arcs                 :  No
  Disable Flight Delays                      :  No
  Ignore I/O Paths                           :  No
  Timing Early Launch at Borrowing Latches   :  No
  Borrow Time for Max Delay Exceptions       :  Yes
  Merge Timing Exceptions                    :  Yes
  Inter-SLR Compensation                     :  Conservative

  Corner  Analyze    Analyze    
  Name    Max Paths  Min Paths  
  ------  ---------  ---------  
  Slow    Yes        Yes        
  Fast    Yes        Yes        


------------------------------------------------------------------------------------------------
| Report Methodology
| ------------------
------------------------------------------------------------------------------------------------

No report available as report_methodology has not been run prior. Run report_methodology on the current design for the summary of methodology violations.



check_timing report

Table of Contents
-----------------
1. checking no_clock (0)
2. checking constant_clock (0)
3. checking pulse_width_clock (0)
4. checking unconstrained_internal_endpoints (0)
5. checking no_input_delay (18)
6. checking no_output_delay (34)
7. checking multiple_clock (0)
8. checking generated_clocks (0)
9. checking loops (0)
10. checking partial_input_delay (0)
11. checking partial_output_delay (0)
12. checking latch_loops (0)

1. checking no_clock (0)
------------------------
 There are 0 register/latch pins with no clock.


2. checking constant_clock (0)
------------------------------
 There are 0 register/latch pins with constant_clock.


3. checking pulse_width_clock (0)
---------------------------------
 There are 0 register/latch pins which need pulse_width check


4. checking unconstrained_internal_endpoints (0)
------------------------------------------------
 There are 0 pins that are not constrained for maximum delay.

 There are 0 pins that are not constrained for maximum delay due to constant clock.


5. checking no_input_delay (18)
-------------------------------
 There are 18 input ports with no input delay specified. (HIGH)

 There are 0 input ports with no input delay but user has a false path constraint.


6. checking no_output_delay (34)
--------------------------------
 There are 34 ports with no output delay specified. (HIGH)

 There are 0 ports with no output delay but user has a false path constraint

 There are 0 ports with no output delay but with a timing clock defined on it or propagating through it


7. checking multiple_clock (0)
------------------------------
 There are 0 register/latch pins with multiple clocks.


8. checking generated_clocks (0)
--------------------------------
 There are 0 generated clocks that are not connected to a clock source.


9. checking loops (0)
---------------------
 There are 0 combinational loops in the design.


10. checking partial_input_delay (0)
------------------------------------
 There are 0 input ports with partial input delay specified.


11. checking partial_output_delay (0)
-------------------------------------
 There are 0 ports with partial output delay specified.


12. checking latch_loops (0)
----------------------------
 There are 0 combinational latch loops in the design through latch input



------------------------------------------------------------------------------------------------
| Design Timing Summary
| ---------------------
------------------------------------------------------------------------------------------------

    WNS(ns)      TNS(ns)  TNS Failing Endpoints  TNS Total Endpoints      WHS(ns)      THS(ns)  THS Failing Endpoints  THS Total Endpoints     WPWS(ns)     TPWS(ns)  TPWS Failing Endpoints  TPWS Total Endpoints  
    -------      -------  ---------------------  -------------------      -------      -------  ---------------------  -------------------     --------     --------  ----------------------  --------------------  
      5.068        0.000                      0                 2969        0.224        0.000                      0                 2969        3.750        0.000                       0                   667  


All user specified timing constraints are met.


------------------------------------------------------------------------------------------------
| Clock Summary
| -------------
------------------------------------------------------------------------------------------------

Clock   Waveform(ns)       Period(ns)      Frequency(MHz)
-----   ------------       ----------      --------------
ap_clk  {0.000 5.000}      10.000          100.000         


------------------------------------------------------------------------------------------------
| Intra Clock Table
| -----------------
------------------------------------------------------------------------------------------------

Clock             WNS(ns)      TNS(ns)  TNS Failing Endpoints  TNS Total Endpoints      WHS(ns)      THS(ns)  THS Failing Endpoints  THS Total Endpoints     WPWS(ns)     TPWS(ns)  TPWS Failing Endpoints  TPWS Total Endpoints  
-----             -------      -------  ---------------------  -------------------      -------      -------  ---------------------  -------------------     --------     --------  ----------------------  --------------------  
ap_clk              5.068        0.000                      0                 2969        0.224        0.000                      0                 2969        3.750        0.000                       0                   667  


------------------------------------------------------------------------------------------------
| Inter Clock Table
| -----------------
------------------------------------------------------------------------------------------------

From Clock    To Clock          WNS(ns)      TNS(ns)  TNS Failing Endpoints  TNS Total Endpoints      WHS(ns)      THS(ns)  THS Failing Endpoints  THS Total Endpoints  
----------    --------          -------      -------  ---------------------  -------------------      -------      -------  ---------------------  -------------------  


------------------------------------------------------------------------------------------------
| Other Path Groups Table
| -----------------------
------------------------------------------------------------------------------------------------

Path Group    From Clock    To Clock          WNS(ns)      TNS(ns)  TNS Failing Endpoints  TNS Total Endpoints      WHS(ns)      THS(ns)  THS Failing Endpoints  THS Total Endpoints  
----------    ----------    --------          -------      -------  ---------------------  -------------------      -------      -------  ---------------------  -------------------  


------------------------------------------------------------------------------------------------
| Timing Details
| --------------
------------------------------------------------------------------------------------------------


---------------------------------------------------------------------------------------------------
From Clock:  ap_clk
  To Clock:  ap_clk

Setup :            0  Failing Endpoints,  Worst Slack        5.068ns,  Total Violation        0.000ns
Hold  :            0  Failing Endpoints,  Worst Slack        0.224ns,  Total Violation        0.000ns
PW    :            0  Failing Endpoints,  Worst Slack        3.750ns,  Total Violation        0.000ns
---------------------------------------------------------------------------------------------------


Max Delay Paths
--------------------------------------------------------------------------------------
Slack (MET) :             5.068ns  (required time - arrival time)
  Source:                 bd_0_i/hls_inst/inst/grp_dct_Pipeline_Col_DCT_Loop_DCT_Outer_Loop_fu_190/i_fu_82_reg[1]/C
                            (rising edge-triggered cell FDRE clocked by ap_clk  {rise@0.000ns fall@5.000ns period=10.000ns})
  Destination:            bd_0_i/hls_inst/inst/grp_dct_Pipeline_Col_DCT_Loop_DCT_Outer_Loop_fu_190/mac_muladd_16s_15s_13ns_29_4_1_U52/dct_mac_muladd_16s_15s_13ns_29_4_1_DSP48_0_U/p_reg_reg/A[0]
                            (rising edge-triggered cell DSP48E1 clocked by ap_clk  {rise@0.000ns fall@5.000ns period=10.000ns})
  Path Group:             ap_clk
  Path Type:              Setup (Max at Slow Process Corner)
  Requirement:            10.000ns  (ap_clk rise@10.000ns - ap_clk rise@0.000ns)
  Data Path Delay:        4.486ns  (logic 1.218ns (27.153%)  route 3.268ns (72.847%))
  Logic Levels:           3  (LUT3=1 LUT6=1 RAMS32=1)
  Clock Path Skew:        -0.049ns (DCD - SCD + CPR)
    Destination Clock Delay (DCD):    0.924ns = ( 10.924 - 10.000 ) 
    Source Clock Delay      (SCD):    0.973ns
    Clock Pessimism Removal (CPR):    0.000ns
  Clock Uncertainty:      0.035ns  ((TSJ^2 + TIJ^2)^1/2 + DJ) / 2 + PE
    Total System Jitter     (TSJ):    0.071ns
    Total Input Jitter      (TIJ):    0.000ns
    Discrete Jitter          (DJ):    0.000ns
    Phase Error              (PE):    0.000ns

    Location             Delay type                Incr(ns)  Path(ns)    Netlist Resource(s)
  -------------------------------------------------------------------    -------------------
                         (clock ap_clk rise edge)     0.000     0.000 r  
                                                      0.000     0.000 r  ap_clk (IN)
                         net (fo=666, unset)          0.973     0.973    bd_0_i/hls_inst/inst/grp_dct_Pipeline_Col_DCT_Loop_DCT_Outer_Loop_fu_190/ap_clk
                         FDRE                                         r  bd_0_i/hls_inst/inst/grp_dct_Pipeline_Col_DCT_Loop_DCT_Outer_Loop_fu_190/i_fu_82_reg[1]/C
  -------------------------------------------------------------------    -------------------
                         FDRE (Prop_fdre_C_Q)         0.518     1.491 r  bd_0_i/hls_inst/inst/grp_dct_Pipeline_Col_DCT_Loop_DCT_Outer_Loop_fu_190/i_fu_82_reg[1]/Q
                         net (fo=5, unplaced)         0.993     2.484    bd_0_i/hls_inst/inst/grp_dct_Pipeline_Col_DCT_Loop_DCT_Outer_Loop_fu_190/i_fu_82_reg[1]
                         LUT6 (Prop_lut6_I0_O)        0.295     2.779 r  bd_0_i/hls_inst/inst/grp_dct_Pipeline_Col_DCT_Loop_DCT_Outer_Loop_fu_190/zext_ln43_reg_595[1]_i_1/O
                         net (fo=3, unplaced)         0.467     3.246    bd_0_i/hls_inst/inst/grp_dct_Pipeline_Col_DCT_Loop_DCT_Outer_Loop_fu_190/grp_dct_Pipeline_Col_DCT_Loop_DCT_Outer_Loop_fu_190_col_inbuf_7_address0[1]
                         LUT3 (Prop_lut3_I0_O)        0.124     3.370 r  bd_0_i/hls_inst/inst/grp_dct_Pipeline_Col_DCT_Loop_DCT_Outer_Loop_fu_190/ram_reg_0_7_0_0_i_3__1/O
                         net (fo=16, unplaced)        1.008     4.378    bd_0_i/hls_inst/inst/col_inbuf_7_U/ram_reg_0_7_0_0/A1
                         RAMS32 (Prop_rams32_ADR1_O)
                                                      0.281     4.659 r  bd_0_i/hls_inst/inst/col_inbuf_7_U/ram_reg_0_7_0_0/SP/O
                         net (fo=1, unplaced)         0.800     5.459    bd_0_i/hls_inst/inst/grp_dct_Pipeline_Col_DCT_Loop_DCT_Outer_Loop_fu_190/mac_muladd_16s_15s_13ns_29_4_1_U52/dct_mac_muladd_16s_15s_13ns_29_4_1_DSP48_0_U/p_reg_reg_1[0]
                         DSP48E1                                      r  bd_0_i/hls_inst/inst/grp_dct_Pipeline_Col_DCT_Loop_DCT_Outer_Loop_fu_190/mac_muladd_16s_15s_13ns_29_4_1_U52/dct_mac_muladd_16s_15s_13ns_29_4_1_DSP48_0_U/p_reg_reg/A[0]
  -------------------------------------------------------------------    -------------------

                         (clock ap_clk rise edge)    10.000    10.000 r  
                                                      0.000    10.000 r  ap_clk (IN)
                         net (fo=666, unset)          0.924    10.924    bd_0_i/hls_inst/inst/grp_dct_Pipeline_Col_DCT_Loop_DCT_Outer_Loop_fu_190/mac_muladd_16s_15s_13ns_29_4_1_U52/dct_mac_muladd_16s_15s_13ns_29_4_1_DSP48_0_U/ap_clk
                         DSP48E1                                      r  bd_0_i/hls_inst/inst/grp_dct_Pipeline_Col_DCT_Loop_DCT_Outer_Loop_fu_190/mac_muladd_16s_15s_13ns_29_4_1_U52/dct_mac_muladd_16s_15s_13ns_29_4_1_DSP48_0_U/p_reg_reg/CLK
                         clock pessimism              0.000    10.924    
                         clock uncertainty           -0.035    10.889    
                         DSP48E1 (Setup_dsp48e1_CLK_A[0])
                                                     -0.362    10.527    bd_0_i/hls_inst/inst/grp_dct_Pipeline_Col_DCT_Loop_DCT_Outer_Loop_fu_190/mac_muladd_16s_15s_13ns_29_4_1_U52/dct_mac_muladd_16s_15s_13ns_29_4_1_DSP48_0_U/p_reg_reg
  -------------------------------------------------------------------
                         required time                         10.527    
                         arrival time                          -5.459    
  -------------------------------------------------------------------
                         slack                                  5.068    





Min Delay Paths
--------------------------------------------------------------------------------------
Slack (MET) :             0.224ns  (arrival time - required time)
  Source:                 bd_0_i/hls_inst/inst/grp_dct_Pipeline_Col_DCT_Loop_DCT_Outer_Loop_fu_190/ap_enable_reg_pp0_iter3_reg/C
                            (rising edge-triggered cell FDRE clocked by ap_clk  {rise@0.000ns fall@5.000ns period=10.000ns})
  Destination:            bd_0_i/hls_inst/inst/grp_dct_Pipeline_Col_DCT_Loop_DCT_Outer_Loop_fu_190/ap_enable_reg_pp0_iter6_reg_srl3___grp_dct_Pipeline_Row_DCT_Loop_DCT_Outer_Loop_fu_148_ap_enable_reg_pp0_iter6_reg_r/D
                            (rising edge-triggered cell SRL16E clocked by ap_clk  {rise@0.000ns fall@5.000ns period=10.000ns})
  Path Group:             ap_clk
  Path Type:              Hold (Min at Fast Process Corner)
  Requirement:            0.000ns  (ap_clk rise@0.000ns - ap_clk rise@0.000ns)
  Data Path Delay:        0.309ns  (logic 0.164ns (53.002%)  route 0.145ns (46.998%))
  Logic Levels:           0  
  Clock Path Skew:        0.022ns (DCD - SCD - CPR)
    Destination Clock Delay (DCD):    0.432ns
    Source Clock Delay      (SCD):    0.410ns
    Clock Pessimism Removal (CPR):    -0.000ns

    Location             Delay type                Incr(ns)  Path(ns)    Netlist Resource(s)
  -------------------------------------------------------------------    -------------------
                         (clock ap_clk rise edge)     0.000     0.000 r  
                                                      0.000     0.000 r  ap_clk (IN)
                         net (fo=666, unset)          0.410     0.410    bd_0_i/hls_inst/inst/grp_dct_Pipeline_Col_DCT_Loop_DCT_Outer_Loop_fu_190/ap_clk
                         FDRE                                         r  bd_0_i/hls_inst/inst/grp_dct_Pipeline_Col_DCT_Loop_DCT_Outer_Loop_fu_190/ap_enable_reg_pp0_iter3_reg/C
  -------------------------------------------------------------------    -------------------
                         FDRE (Prop_fdre_C_Q)         0.164     0.574 r  bd_0_i/hls_inst/inst/grp_dct_Pipeline_Col_DCT_Loop_DCT_Outer_Loop_fu_190/ap_enable_reg_pp0_iter3_reg/Q
                         net (fo=2, unplaced)         0.145     0.720    bd_0_i/hls_inst/inst/grp_dct_Pipeline_Col_DCT_Loop_DCT_Outer_Loop_fu_190/grp_dct_Pipeline_Col_DCT_Loop_DCT_Outer_Loop_fu_190_col_inbuf_3_ce0
                         SRL16E                                       r  bd_0_i/hls_inst/inst/grp_dct_Pipeline_Col_DCT_Loop_DCT_Outer_Loop_fu_190/ap_enable_reg_pp0_iter6_reg_srl3___grp_dct_Pipeline_Row_DCT_Loop_DCT_Outer_Loop_fu_148_ap_enable_reg_pp0_iter6_reg_r/D
  -------------------------------------------------------------------    -------------------

                         (clock ap_clk rise edge)     0.000     0.000 r  
                                                      0.000     0.000 r  ap_clk (IN)
                         net (fo=666, unset)          0.432     0.432    bd_0_i/hls_inst/inst/grp_dct_Pipeline_Col_DCT_Loop_DCT_Outer_Loop_fu_190/ap_clk
                         SRL16E                                       r  bd_0_i/hls_inst/inst/grp_dct_Pipeline_Col_DCT_Loop_DCT_Outer_Loop_fu_190/ap_enable_reg_pp0_iter6_reg_srl3___grp_dct_Pipeline_Row_DCT_Loop_DCT_Outer_Loop_fu_148_ap_enable_reg_pp0_iter6_reg_r/CLK
                         clock pessimism              0.000     0.432    
                         SRL16E (Hold_srl16e_CLK_D)
                                                      0.064     0.496    bd_0_i/hls_inst/inst/grp_dct_Pipeline_Col_DCT_Loop_DCT_Outer_Loop_fu_190/ap_enable_reg_pp0_iter6_reg_srl3___grp_dct_Pipeline_Row_DCT_Loop_DCT_Outer_Loop_fu_148_ap_enable_reg_pp0_iter6_reg_r
  -------------------------------------------------------------------
                         required time                         -0.496    
                         arrival time                           0.720    
  -------------------------------------------------------------------
                         slack                                  0.224    





Pulse Width Checks
--------------------------------------------------------------------------------------
Clock Name:         ap_clk
Waveform(ns):       { 0.000 5.000 }
Period(ns):         10.000
Sources:            { ap_clk }

Check Type        Corner  Lib Pin      Reference Pin  Required(ns)  Actual(ns)  Slack(ns)  Location  Pin
Min Period        n/a     DSP48E1/CLK  n/a            3.884         10.000      6.116                bd_0_i/hls_inst/inst/grp_dct_Pipeline_Col_DCT_Loop_DCT_Outer_Loop_fu_190/mac_muladd_16s_15s_29s_29_4_1_U53/dct_mac_muladd_16s_15s_29s_29_4_1_DSP48_0_U/m_reg_reg/CLK
Low Pulse Width   Slow    RAMS32/CLK   n/a            1.250         5.000       3.750                bd_0_i/hls_inst/inst/buf_2d_in_10_U/ram_reg_0_7_0_0/SP/CLK
High Pulse Width  Slow    RAMS32/CLK   n/a            1.250         5.000       3.750                bd_0_i/hls_inst/inst/buf_2d_in_10_U/ram_reg_0_7_0_0/SP/CLK



