Copyright 1986-2022 Xilinx, Inc. All Rights Reserved. Copyright 2022-2024 Advanced Micro Devices, Inc. All Rights Reserved.
---------------------------------------------------------------------------------------------------------------------------------------------
| Tool Version : Vivado v.2024.1 (win64) Build 5076996 Wed May 22 18:37:14 MDT 2024
| Date         : Wed Oct 30 16:34:09 2024
| Host         : nightt_insider running 64-bit major release  (build 9200)
| Command      : report_timing -max_paths 10 -file ./report/dct_timing_paths_synth.rpt
| Design       : bd_0_wrapper
| Device       : 7z020-clg484
| Speed File   : -1  PRODUCTION 1.12 2019-11-22
| Design State : Synthesized
---------------------------------------------------------------------------------------------------------------------------------------------

Timing Report

Slack (MET) :             5.068ns  (required time - arrival time)
  Source:                 bd_0_i/hls_inst/inst/grp_dct_Pipeline_Col_DCT_Loop_DCT_Outer_Loop_fu_190/i_fu_82_reg[1]/C
                            (rising edge-triggered cell FDRE clocked by ap_clk  {rise@0.000ns fall@5.000ns period=10.000ns})
  Destination:            bd_0_i/hls_inst/inst/grp_dct_Pipeline_Col_DCT_Loop_DCT_Outer_Loop_fu_190/mac_muladd_16s_15s_13ns_29_4_1_U52/dct_mac_muladd_16s_15s_13ns_29_4_1_DSP48_0_U/p_reg_reg/A[0]
                            (rising edge-triggered cell DSP48E1 clocked by ap_clk  {rise@0.000ns fall@5.000ns period=10.000ns})
  Path Group:             ap_clk
  Path Type:              Setup (Max at Slow Process Corner)
  Requirement:            10.000ns  (ap_clk rise@10.000ns - ap_clk rise@0.000ns)
  Data Path Delay:        4.486ns  (logic 1.218ns (27.153%)  route 3.268ns (72.847%))
  Logic Levels:           3  (LUT3=1 LUT6=1 RAMS32=1)
  Clock Path Skew:        -0.049ns (DCD - SCD + CPR)
    Destination Clock Delay (DCD):    0.924ns = ( 10.924 - 10.000 ) 
    Source Clock Delay      (SCD):    0.973ns
    Clock Pessimism Removal (CPR):    0.000ns
  Clock Uncertainty:      0.035ns  ((TSJ^2 + TIJ^2)^1/2 + DJ) / 2 + PE
    Total System Jitter     (TSJ):    0.071ns
    Total Input Jitter      (TIJ):    0.000ns
    Discrete Jitter          (DJ):    0.000ns
    Phase Error              (PE):    0.000ns

    Location             Delay type                Incr(ns)  Path(ns)    Netlist Resource(s)
  -------------------------------------------------------------------    -------------------
                         (clock ap_clk rise edge)     0.000     0.000 r  
                                                      0.000     0.000 r  ap_clk (IN)
                         net (fo=666, unset)          0.973     0.973    bd_0_i/hls_inst/inst/grp_dct_Pipeline_Col_DCT_Loop_DCT_Outer_Loop_fu_190/ap_clk
                         FDRE                                         r  bd_0_i/hls_inst/inst/grp_dct_Pipeline_Col_DCT_Loop_DCT_Outer_Loop_fu_190/i_fu_82_reg[1]/C
  -------------------------------------------------------------------    -------------------
                         FDRE (Prop_fdre_C_Q)         0.518     1.491 r  bd_0_i/hls_inst/inst/grp_dct_Pipeline_Col_DCT_Loop_DCT_Outer_Loop_fu_190/i_fu_82_reg[1]/Q
                         net (fo=5, unplaced)         0.993     2.484    bd_0_i/hls_inst/inst/grp_dct_Pipeline_Col_DCT_Loop_DCT_Outer_Loop_fu_190/i_fu_82_reg[1]
                         LUT6 (Prop_lut6_I0_O)        0.295     2.779 r  bd_0_i/hls_inst/inst/grp_dct_Pipeline_Col_DCT_Loop_DCT_Outer_Loop_fu_190/zext_ln43_reg_595[1]_i_1/O
                         net (fo=3, unplaced)         0.467     3.246    bd_0_i/hls_inst/inst/grp_dct_Pipeline_Col_DCT_Loop_DCT_Outer_Loop_fu_190/grp_dct_Pipeline_Col_DCT_Loop_DCT_Outer_Loop_fu_190_col_inbuf_7_address0[1]
                         LUT3 (Prop_lut3_I0_O)        0.124     3.370 r  bd_0_i/hls_inst/inst/grp_dct_Pipeline_Col_DCT_Loop_DCT_Outer_Loop_fu_190/ram_reg_0_7_0_0_i_3__1/O
                         net (fo=16, unplaced)        1.008     4.378    bd_0_i/hls_inst/inst/col_inbuf_7_U/ram_reg_0_7_0_0/A1
                         RAMS32 (Prop_rams32_ADR1_O)
                                                      0.281     4.659 r  bd_0_i/hls_inst/inst/col_inbuf_7_U/ram_reg_0_7_0_0/SP/O
                         net (fo=1, unplaced)         0.800     5.459    bd_0_i/hls_inst/inst/grp_dct_Pipeline_Col_DCT_Loop_DCT_Outer_Loop_fu_190/mac_muladd_16s_15s_13ns_29_4_1_U52/dct_mac_muladd_16s_15s_13ns_29_4_1_DSP48_0_U/p_reg_reg_1[0]
                         DSP48E1                                      r  bd_0_i/hls_inst/inst/grp_dct_Pipeline_Col_DCT_Loop_DCT_Outer_Loop_fu_190/mac_muladd_16s_15s_13ns_29_4_1_U52/dct_mac_muladd_16s_15s_13ns_29_4_1_DSP48_0_U/p_reg_reg/A[0]
  -------------------------------------------------------------------    -------------------

                         (clock ap_clk rise edge)    10.000    10.000 r  
                                                      0.000    10.000 r  ap_clk (IN)
                         net (fo=666, unset)          0.924    10.924    bd_0_i/hls_inst/inst/grp_dct_Pipeline_Col_DCT_Loop_DCT_Outer_Loop_fu_190/mac_muladd_16s_15s_13ns_29_4_1_U52/dct_mac_muladd_16s_15s_13ns_29_4_1_DSP48_0_U/ap_clk
                         DSP48E1                                      r  bd_0_i/hls_inst/inst/grp_dct_Pipeline_Col_DCT_Loop_DCT_Outer_Loop_fu_190/mac_muladd_16s_15s_13ns_29_4_1_U52/dct_mac_muladd_16s_15s_13ns_29_4_1_DSP48_0_U/p_reg_reg/CLK
                         clock pessimism              0.000    10.924    
                         clock uncertainty           -0.035    10.889    
                         DSP48E1 (Setup_dsp48e1_CLK_A[0])
                                                     -0.362    10.527    bd_0_i/hls_inst/inst/grp_dct_Pipeline_Col_DCT_Loop_DCT_Outer_Loop_fu_190/mac_muladd_16s_15s_13ns_29_4_1_U52/dct_mac_muladd_16s_15s_13ns_29_4_1_DSP48_0_U/p_reg_reg
  -------------------------------------------------------------------
                         required time                         10.527    
                         arrival time                          -5.459    
  -------------------------------------------------------------------
                         slack                                  5.068    

Slack (MET) :             5.068ns  (required time - arrival time)
  Source:                 bd_0_i/hls_inst/inst/grp_dct_Pipeline_Col_DCT_Loop_DCT_Outer_Loop_fu_190/i_fu_82_reg[1]/C
                            (rising edge-triggered cell FDRE clocked by ap_clk  {rise@0.000ns fall@5.000ns period=10.000ns})
  Destination:            bd_0_i/hls_inst/inst/grp_dct_Pipeline_Col_DCT_Loop_DCT_Outer_Loop_fu_190/mac_muladd_16s_15s_13ns_29_4_1_U52/dct_mac_muladd_16s_15s_13ns_29_4_1_DSP48_0_U/p_reg_reg/A[10]
                            (rising edge-triggered cell DSP48E1 clocked by ap_clk  {rise@0.000ns fall@5.000ns period=10.000ns})
  Path Group:             ap_clk
  Path Type:              Setup (Max at Slow Process Corner)
  Requirement:            10.000ns  (ap_clk rise@10.000ns - ap_clk rise@0.000ns)
  Data Path Delay:        4.486ns  (logic 1.218ns (27.153%)  route 3.268ns (72.847%))
  Logic Levels:           3  (LUT3=1 LUT6=1 RAMS32=1)
  Clock Path Skew:        -0.049ns (DCD - SCD + CPR)
    Destination Clock Delay (DCD):    0.924ns = ( 10.924 - 10.000 ) 
    Source Clock Delay      (SCD):    0.973ns
    Clock Pessimism Removal (CPR):    0.000ns
  Clock Uncertainty:      0.035ns  ((TSJ^2 + TIJ^2)^1/2 + DJ) / 2 + PE
    Total System Jitter     (TSJ):    0.071ns
    Total Input Jitter      (TIJ):    0.000ns
    Discrete Jitter          (DJ):    0.000ns
    Phase Error              (PE):    0.000ns

    Location             Delay type                Incr(ns)  Path(ns)    Netlist Resource(s)
  -------------------------------------------------------------------    -------------------
                         (clock ap_clk rise edge)     0.000     0.000 r  
                                                      0.000     0.000 r  ap_clk (IN)
                         net (fo=666, unset)          0.973     0.973    bd_0_i/hls_inst/inst/grp_dct_Pipeline_Col_DCT_Loop_DCT_Outer_Loop_fu_190/ap_clk
                         FDRE                                         r  bd_0_i/hls_inst/inst/grp_dct_Pipeline_Col_DCT_Loop_DCT_Outer_Loop_fu_190/i_fu_82_reg[1]/C
  -------------------------------------------------------------------    -------------------
                         FDRE (Prop_fdre_C_Q)         0.518     1.491 r  bd_0_i/hls_inst/inst/grp_dct_Pipeline_Col_DCT_Loop_DCT_Outer_Loop_fu_190/i_fu_82_reg[1]/Q
                         net (fo=5, unplaced)         0.993     2.484    bd_0_i/hls_inst/inst/grp_dct_Pipeline_Col_DCT_Loop_DCT_Outer_Loop_fu_190/i_fu_82_reg[1]
                         LUT6 (Prop_lut6_I0_O)        0.295     2.779 r  bd_0_i/hls_inst/inst/grp_dct_Pipeline_Col_DCT_Loop_DCT_Outer_Loop_fu_190/zext_ln43_reg_595[1]_i_1/O
                         net (fo=3, unplaced)         0.467     3.246    bd_0_i/hls_inst/inst/grp_dct_Pipeline_Col_DCT_Loop_DCT_Outer_Loop_fu_190/grp_dct_Pipeline_Col_DCT_Loop_DCT_Outer_Loop_fu_190_col_inbuf_7_address0[1]
                         LUT3 (Prop_lut3_I0_O)        0.124     3.370 r  bd_0_i/hls_inst/inst/grp_dct_Pipeline_Col_DCT_Loop_DCT_Outer_Loop_fu_190/ram_reg_0_7_0_0_i_3__1/O
                         net (fo=16, unplaced)        1.008     4.378    bd_0_i/hls_inst/inst/col_inbuf_7_U/ram_reg_0_7_10_10/A1
                         RAMS32 (Prop_rams32_ADR1_O)
                                                      0.281     4.659 r  bd_0_i/hls_inst/inst/col_inbuf_7_U/ram_reg_0_7_10_10/SP/O
                         net (fo=1, unplaced)         0.800     5.459    bd_0_i/hls_inst/inst/grp_dct_Pipeline_Col_DCT_Loop_DCT_Outer_Loop_fu_190/mac_muladd_16s_15s_13ns_29_4_1_U52/dct_mac_muladd_16s_15s_13ns_29_4_1_DSP48_0_U/p_reg_reg_1[10]
                         DSP48E1                                      r  bd_0_i/hls_inst/inst/grp_dct_Pipeline_Col_DCT_Loop_DCT_Outer_Loop_fu_190/mac_muladd_16s_15s_13ns_29_4_1_U52/dct_mac_muladd_16s_15s_13ns_29_4_1_DSP48_0_U/p_reg_reg/A[10]
  -------------------------------------------------------------------    -------------------

                         (clock ap_clk rise edge)    10.000    10.000 r  
                                                      0.000    10.000 r  ap_clk (IN)
                         net (fo=666, unset)          0.924    10.924    bd_0_i/hls_inst/inst/grp_dct_Pipeline_Col_DCT_Loop_DCT_Outer_Loop_fu_190/mac_muladd_16s_15s_13ns_29_4_1_U52/dct_mac_muladd_16s_15s_13ns_29_4_1_DSP48_0_U/ap_clk
                         DSP48E1                                      r  bd_0_i/hls_inst/inst/grp_dct_Pipeline_Col_DCT_Loop_DCT_Outer_Loop_fu_190/mac_muladd_16s_15s_13ns_29_4_1_U52/dct_mac_muladd_16s_15s_13ns_29_4_1_DSP48_0_U/p_reg_reg/CLK
                         clock pessimism              0.000    10.924    
                         clock uncertainty           -0.035    10.889    
                         DSP48E1 (Setup_dsp48e1_CLK_A[10])
                                                     -0.362    10.527    bd_0_i/hls_inst/inst/grp_dct_Pipeline_Col_DCT_Loop_DCT_Outer_Loop_fu_190/mac_muladd_16s_15s_13ns_29_4_1_U52/dct_mac_muladd_16s_15s_13ns_29_4_1_DSP48_0_U/p_reg_reg
  -------------------------------------------------------------------
                         required time                         10.527    
                         arrival time                          -5.459    
  -------------------------------------------------------------------
                         slack                                  5.068    

Slack (MET) :             5.068ns  (required time - arrival time)
  Source:                 bd_0_i/hls_inst/inst/grp_dct_Pipeline_Col_DCT_Loop_DCT_Outer_Loop_fu_190/i_fu_82_reg[1]/C
                            (rising edge-triggered cell FDRE clocked by ap_clk  {rise@0.000ns fall@5.000ns period=10.000ns})
  Destination:            bd_0_i/hls_inst/inst/grp_dct_Pipeline_Col_DCT_Loop_DCT_Outer_Loop_fu_190/mac_muladd_16s_15s_13ns_29_4_1_U52/dct_mac_muladd_16s_15s_13ns_29_4_1_DSP48_0_U/p_reg_reg/A[11]
                            (rising edge-triggered cell DSP48E1 clocked by ap_clk  {rise@0.000ns fall@5.000ns period=10.000ns})
  Path Group:             ap_clk
  Path Type:              Setup (Max at Slow Process Corner)
  Requirement:            10.000ns  (ap_clk rise@10.000ns - ap_clk rise@0.000ns)
  Data Path Delay:        4.486ns  (logic 1.218ns (27.153%)  route 3.268ns (72.847%))
  Logic Levels:           3  (LUT3=1 LUT6=1 RAMS32=1)
  Clock Path Skew:        -0.049ns (DCD - SCD + CPR)
    Destination Clock Delay (DCD):    0.924ns = ( 10.924 - 10.000 ) 
    Source Clock Delay      (SCD):    0.973ns
    Clock Pessimism Removal (CPR):    0.000ns
  Clock Uncertainty:      0.035ns  ((TSJ^2 + TIJ^2)^1/2 + DJ) / 2 + PE
    Total System Jitter     (TSJ):    0.071ns
    Total Input Jitter      (TIJ):    0.000ns
    Discrete Jitter          (DJ):    0.000ns
    Phase Error              (PE):    0.000ns

    Location             Delay type                Incr(ns)  Path(ns)    Netlist Resource(s)
  -------------------------------------------------------------------    -------------------
                         (clock ap_clk rise edge)     0.000     0.000 r  
                                                      0.000     0.000 r  ap_clk (IN)
                         net (fo=666, unset)          0.973     0.973    bd_0_i/hls_inst/inst/grp_dct_Pipeline_Col_DCT_Loop_DCT_Outer_Loop_fu_190/ap_clk
                         FDRE                                         r  bd_0_i/hls_inst/inst/grp_dct_Pipeline_Col_DCT_Loop_DCT_Outer_Loop_fu_190/i_fu_82_reg[1]/C
  -------------------------------------------------------------------    -------------------
                         FDRE (Prop_fdre_C_Q)         0.518     1.491 r  bd_0_i/hls_inst/inst/grp_dct_Pipeline_Col_DCT_Loop_DCT_Outer_Loop_fu_190/i_fu_82_reg[1]/Q
                         net (fo=5, unplaced)         0.993     2.484    bd_0_i/hls_inst/inst/grp_dct_Pipeline_Col_DCT_Loop_DCT_Outer_Loop_fu_190/i_fu_82_reg[1]
                         LUT6 (Prop_lut6_I0_O)        0.295     2.779 r  bd_0_i/hls_inst/inst/grp_dct_Pipeline_Col_DCT_Loop_DCT_Outer_Loop_fu_190/zext_ln43_reg_595[1]_i_1/O
                         net (fo=3, unplaced)         0.467     3.246    bd_0_i/hls_inst/inst/grp_dct_Pipeline_Col_DCT_Loop_DCT_Outer_Loop_fu_190/grp_dct_Pipeline_Col_DCT_Loop_DCT_Outer_Loop_fu_190_col_inbuf_7_address0[1]
                         LUT3 (Prop_lut3_I0_O)        0.124     3.370 r  bd_0_i/hls_inst/inst/grp_dct_Pipeline_Col_DCT_Loop_DCT_Outer_Loop_fu_190/ram_reg_0_7_0_0_i_3__1/O
                         net (fo=16, unplaced)        1.008     4.378    bd_0_i/hls_inst/inst/col_inbuf_7_U/ram_reg_0_7_11_11/A1
                         RAMS32 (Prop_rams32_ADR1_O)
                                                      0.281     4.659 r  bd_0_i/hls_inst/inst/col_inbuf_7_U/ram_reg_0_7_11_11/SP/O
                         net (fo=1, unplaced)         0.800     5.459    bd_0_i/hls_inst/inst/grp_dct_Pipeline_Col_DCT_Loop_DCT_Outer_Loop_fu_190/mac_muladd_16s_15s_13ns_29_4_1_U52/dct_mac_muladd_16s_15s_13ns_29_4_1_DSP48_0_U/p_reg_reg_1[11]
                         DSP48E1                                      r  bd_0_i/hls_inst/inst/grp_dct_Pipeline_Col_DCT_Loop_DCT_Outer_Loop_fu_190/mac_muladd_16s_15s_13ns_29_4_1_U52/dct_mac_muladd_16s_15s_13ns_29_4_1_DSP48_0_U/p_reg_reg/A[11]
  -------------------------------------------------------------------    -------------------

                         (clock ap_clk rise edge)    10.000    10.000 r  
                                                      0.000    10.000 r  ap_clk (IN)
                         net (fo=666, unset)          0.924    10.924    bd_0_i/hls_inst/inst/grp_dct_Pipeline_Col_DCT_Loop_DCT_Outer_Loop_fu_190/mac_muladd_16s_15s_13ns_29_4_1_U52/dct_mac_muladd_16s_15s_13ns_29_4_1_DSP48_0_U/ap_clk
                         DSP48E1                                      r  bd_0_i/hls_inst/inst/grp_dct_Pipeline_Col_DCT_Loop_DCT_Outer_Loop_fu_190/mac_muladd_16s_15s_13ns_29_4_1_U52/dct_mac_muladd_16s_15s_13ns_29_4_1_DSP48_0_U/p_reg_reg/CLK
                         clock pessimism              0.000    10.924    
                         clock uncertainty           -0.035    10.889    
                         DSP48E1 (Setup_dsp48e1_CLK_A[11])
                                                     -0.362    10.527    bd_0_i/hls_inst/inst/grp_dct_Pipeline_Col_DCT_Loop_DCT_Outer_Loop_fu_190/mac_muladd_16s_15s_13ns_29_4_1_U52/dct_mac_muladd_16s_15s_13ns_29_4_1_DSP48_0_U/p_reg_reg
  -------------------------------------------------------------------
                         required time                         10.527    
                         arrival time                          -5.459    
  -------------------------------------------------------------------
                         slack                                  5.068    

Slack (MET) :             5.068ns  (required time - arrival time)
  Source:                 bd_0_i/hls_inst/inst/grp_dct_Pipeline_Col_DCT_Loop_DCT_Outer_Loop_fu_190/i_fu_82_reg[1]/C
                            (rising edge-triggered cell FDRE clocked by ap_clk  {rise@0.000ns fall@5.000ns period=10.000ns})
  Destination:            bd_0_i/hls_inst/inst/grp_dct_Pipeline_Col_DCT_Loop_DCT_Outer_Loop_fu_190/mac_muladd_16s_15s_13ns_29_4_1_U52/dct_mac_muladd_16s_15s_13ns_29_4_1_DSP48_0_U/p_reg_reg/A[12]
                            (rising edge-triggered cell DSP48E1 clocked by ap_clk  {rise@0.000ns fall@5.000ns period=10.000ns})
  Path Group:             ap_clk
  Path Type:              Setup (Max at Slow Process Corner)
  Requirement:            10.000ns  (ap_clk rise@10.000ns - ap_clk rise@0.000ns)
  Data Path Delay:        4.486ns  (logic 1.218ns (27.153%)  route 3.268ns (72.847%))
  Logic Levels:           3  (LUT3=1 LUT6=1 RAMS32=1)
  Clock Path Skew:        -0.049ns (DCD - SCD + CPR)
    Destination Clock Delay (DCD):    0.924ns = ( 10.924 - 10.000 ) 
    Source Clock Delay      (SCD):    0.973ns
    Clock Pessimism Removal (CPR):    0.000ns
  Clock Uncertainty:      0.035ns  ((TSJ^2 + TIJ^2)^1/2 + DJ) / 2 + PE
    Total System Jitter     (TSJ):    0.071ns
    Total Input Jitter      (TIJ):    0.000ns
    Discrete Jitter          (DJ):    0.000ns
    Phase Error              (PE):    0.000ns

    Location             Delay type                Incr(ns)  Path(ns)    Netlist Resource(s)
  -------------------------------------------------------------------    -------------------
                         (clock ap_clk rise edge)     0.000     0.000 r  
                                                      0.000     0.000 r  ap_clk (IN)
                         net (fo=666, unset)          0.973     0.973    bd_0_i/hls_inst/inst/grp_dct_Pipeline_Col_DCT_Loop_DCT_Outer_Loop_fu_190/ap_clk
                         FDRE                                         r  bd_0_i/hls_inst/inst/grp_dct_Pipeline_Col_DCT_Loop_DCT_Outer_Loop_fu_190/i_fu_82_reg[1]/C
  -------------------------------------------------------------------    -------------------
                         FDRE (Prop_fdre_C_Q)         0.518     1.491 r  bd_0_i/hls_inst/inst/grp_dct_Pipeline_Col_DCT_Loop_DCT_Outer_Loop_fu_190/i_fu_82_reg[1]/Q
                         net (fo=5, unplaced)         0.993     2.484    bd_0_i/hls_inst/inst/grp_dct_Pipeline_Col_DCT_Loop_DCT_Outer_Loop_fu_190/i_fu_82_reg[1]
                         LUT6 (Prop_lut6_I0_O)        0.295     2.779 r  bd_0_i/hls_inst/inst/grp_dct_Pipeline_Col_DCT_Loop_DCT_Outer_Loop_fu_190/zext_ln43_reg_595[1]_i_1/O
                         net (fo=3, unplaced)         0.467     3.246    bd_0_i/hls_inst/inst/grp_dct_Pipeline_Col_DCT_Loop_DCT_Outer_Loop_fu_190/grp_dct_Pipeline_Col_DCT_Loop_DCT_Outer_Loop_fu_190_col_inbuf_7_address0[1]
                         LUT3 (Prop_lut3_I0_O)        0.124     3.370 r  bd_0_i/hls_inst/inst/grp_dct_Pipeline_Col_DCT_Loop_DCT_Outer_Loop_fu_190/ram_reg_0_7_0_0_i_3__1/O
                         net (fo=16, unplaced)        1.008     4.378    bd_0_i/hls_inst/inst/col_inbuf_7_U/ram_reg_0_7_12_12/A1
                         RAMS32 (Prop_rams32_ADR1_O)
                                                      0.281     4.659 r  bd_0_i/hls_inst/inst/col_inbuf_7_U/ram_reg_0_7_12_12/SP/O
                         net (fo=1, unplaced)         0.800     5.459    bd_0_i/hls_inst/inst/grp_dct_Pipeline_Col_DCT_Loop_DCT_Outer_Loop_fu_190/mac_muladd_16s_15s_13ns_29_4_1_U52/dct_mac_muladd_16s_15s_13ns_29_4_1_DSP48_0_U/p_reg_reg_1[12]
                         DSP48E1                                      r  bd_0_i/hls_inst/inst/grp_dct_Pipeline_Col_DCT_Loop_DCT_Outer_Loop_fu_190/mac_muladd_16s_15s_13ns_29_4_1_U52/dct_mac_muladd_16s_15s_13ns_29_4_1_DSP48_0_U/p_reg_reg/A[12]
  -------------------------------------------------------------------    -------------------

                         (clock ap_clk rise edge)    10.000    10.000 r  
                                                      0.000    10.000 r  ap_clk (IN)
                         net (fo=666, unset)          0.924    10.924    bd_0_i/hls_inst/inst/grp_dct_Pipeline_Col_DCT_Loop_DCT_Outer_Loop_fu_190/mac_muladd_16s_15s_13ns_29_4_1_U52/dct_mac_muladd_16s_15s_13ns_29_4_1_DSP48_0_U/ap_clk
                         DSP48E1                                      r  bd_0_i/hls_inst/inst/grp_dct_Pipeline_Col_DCT_Loop_DCT_Outer_Loop_fu_190/mac_muladd_16s_15s_13ns_29_4_1_U52/dct_mac_muladd_16s_15s_13ns_29_4_1_DSP48_0_U/p_reg_reg/CLK
                         clock pessimism              0.000    10.924    
                         clock uncertainty           -0.035    10.889    
                         DSP48E1 (Setup_dsp48e1_CLK_A[12])
                                                     -0.362    10.527    bd_0_i/hls_inst/inst/grp_dct_Pipeline_Col_DCT_Loop_DCT_Outer_Loop_fu_190/mac_muladd_16s_15s_13ns_29_4_1_U52/dct_mac_muladd_16s_15s_13ns_29_4_1_DSP48_0_U/p_reg_reg
  -------------------------------------------------------------------
                         required time                         10.527    
                         arrival time                          -5.459    
  -------------------------------------------------------------------
                         slack                                  5.068    

Slack (MET) :             5.068ns  (required time - arrival time)
  Source:                 bd_0_i/hls_inst/inst/grp_dct_Pipeline_Col_DCT_Loop_DCT_Outer_Loop_fu_190/i_fu_82_reg[1]/C
                            (rising edge-triggered cell FDRE clocked by ap_clk  {rise@0.000ns fall@5.000ns period=10.000ns})
  Destination:            bd_0_i/hls_inst/inst/grp_dct_Pipeline_Col_DCT_Loop_DCT_Outer_Loop_fu_190/mac_muladd_16s_15s_13ns_29_4_1_U52/dct_mac_muladd_16s_15s_13ns_29_4_1_DSP48_0_U/p_reg_reg/A[13]
                            (rising edge-triggered cell DSP48E1 clocked by ap_clk  {rise@0.000ns fall@5.000ns period=10.000ns})
  Path Group:             ap_clk
  Path Type:              Setup (Max at Slow Process Corner)
  Requirement:            10.000ns  (ap_clk rise@10.000ns - ap_clk rise@0.000ns)
  Data Path Delay:        4.486ns  (logic 1.218ns (27.153%)  route 3.268ns (72.847%))
  Logic Levels:           3  (LUT3=1 LUT6=1 RAMS32=1)
  Clock Path Skew:        -0.049ns (DCD - SCD + CPR)
    Destination Clock Delay (DCD):    0.924ns = ( 10.924 - 10.000 ) 
    Source Clock Delay      (SCD):    0.973ns
    Clock Pessimism Removal (CPR):    0.000ns
  Clock Uncertainty:      0.035ns  ((TSJ^2 + TIJ^2)^1/2 + DJ) / 2 + PE
    Total System Jitter     (TSJ):    0.071ns
    Total Input Jitter      (TIJ):    0.000ns
    Discrete Jitter          (DJ):    0.000ns
    Phase Error              (PE):    0.000ns

    Location             Delay type                Incr(ns)  Path(ns)    Netlist Resource(s)
  -------------------------------------------------------------------    -------------------
                         (clock ap_clk rise edge)     0.000     0.000 r  
                                                      0.000     0.000 r  ap_clk (IN)
                         net (fo=666, unset)          0.973     0.973    bd_0_i/hls_inst/inst/grp_dct_Pipeline_Col_DCT_Loop_DCT_Outer_Loop_fu_190/ap_clk
                         FDRE                                         r  bd_0_i/hls_inst/inst/grp_dct_Pipeline_Col_DCT_Loop_DCT_Outer_Loop_fu_190/i_fu_82_reg[1]/C
  -------------------------------------------------------------------    -------------------
                         FDRE (Prop_fdre_C_Q)         0.518     1.491 r  bd_0_i/hls_inst/inst/grp_dct_Pipeline_Col_DCT_Loop_DCT_Outer_Loop_fu_190/i_fu_82_reg[1]/Q
                         net (fo=5, unplaced)         0.993     2.484    bd_0_i/hls_inst/inst/grp_dct_Pipeline_Col_DCT_Loop_DCT_Outer_Loop_fu_190/i_fu_82_reg[1]
                         LUT6 (Prop_lut6_I0_O)        0.295     2.779 r  bd_0_i/hls_inst/inst/grp_dct_Pipeline_Col_DCT_Loop_DCT_Outer_Loop_fu_190/zext_ln43_reg_595[1]_i_1/O
                         net (fo=3, unplaced)         0.467     3.246    bd_0_i/hls_inst/inst/grp_dct_Pipeline_Col_DCT_Loop_DCT_Outer_Loop_fu_190/grp_dct_Pipeline_Col_DCT_Loop_DCT_Outer_Loop_fu_190_col_inbuf_7_address0[1]
                         LUT3 (Prop_lut3_I0_O)        0.124     3.370 r  bd_0_i/hls_inst/inst/grp_dct_Pipeline_Col_DCT_Loop_DCT_Outer_Loop_fu_190/ram_reg_0_7_0_0_i_3__1/O
                         net (fo=16, unplaced)        1.008     4.378    bd_0_i/hls_inst/inst/col_inbuf_7_U/ram_reg_0_7_13_13/A1
                         RAMS32 (Prop_rams32_ADR1_O)
                                                      0.281     4.659 r  bd_0_i/hls_inst/inst/col_inbuf_7_U/ram_reg_0_7_13_13/SP/O
                         net (fo=1, unplaced)         0.800     5.459    bd_0_i/hls_inst/inst/grp_dct_Pipeline_Col_DCT_Loop_DCT_Outer_Loop_fu_190/mac_muladd_16s_15s_13ns_29_4_1_U52/dct_mac_muladd_16s_15s_13ns_29_4_1_DSP48_0_U/p_reg_reg_1[13]
                         DSP48E1                                      r  bd_0_i/hls_inst/inst/grp_dct_Pipeline_Col_DCT_Loop_DCT_Outer_Loop_fu_190/mac_muladd_16s_15s_13ns_29_4_1_U52/dct_mac_muladd_16s_15s_13ns_29_4_1_DSP48_0_U/p_reg_reg/A[13]
  -------------------------------------------------------------------    -------------------

                         (clock ap_clk rise edge)    10.000    10.000 r  
                                                      0.000    10.000 r  ap_clk (IN)
                         net (fo=666, unset)          0.924    10.924    bd_0_i/hls_inst/inst/grp_dct_Pipeline_Col_DCT_Loop_DCT_Outer_Loop_fu_190/mac_muladd_16s_15s_13ns_29_4_1_U52/dct_mac_muladd_16s_15s_13ns_29_4_1_DSP48_0_U/ap_clk
                         DSP48E1                                      r  bd_0_i/hls_inst/inst/grp_dct_Pipeline_Col_DCT_Loop_DCT_Outer_Loop_fu_190/mac_muladd_16s_15s_13ns_29_4_1_U52/dct_mac_muladd_16s_15s_13ns_29_4_1_DSP48_0_U/p_reg_reg/CLK
                         clock pessimism              0.000    10.924    
                         clock uncertainty           -0.035    10.889    
                         DSP48E1 (Setup_dsp48e1_CLK_A[13])
                                                     -0.362    10.527    bd_0_i/hls_inst/inst/grp_dct_Pipeline_Col_DCT_Loop_DCT_Outer_Loop_fu_190/mac_muladd_16s_15s_13ns_29_4_1_U52/dct_mac_muladd_16s_15s_13ns_29_4_1_DSP48_0_U/p_reg_reg
  -------------------------------------------------------------------
                         required time                         10.527    
                         arrival time                          -5.459    
  -------------------------------------------------------------------
                         slack                                  5.068    

Slack (MET) :             5.068ns  (required time - arrival time)
  Source:                 bd_0_i/hls_inst/inst/grp_dct_Pipeline_Col_DCT_Loop_DCT_Outer_Loop_fu_190/i_fu_82_reg[1]/C
                            (rising edge-triggered cell FDRE clocked by ap_clk  {rise@0.000ns fall@5.000ns period=10.000ns})
  Destination:            bd_0_i/hls_inst/inst/grp_dct_Pipeline_Col_DCT_Loop_DCT_Outer_Loop_fu_190/mac_muladd_16s_15s_13ns_29_4_1_U52/dct_mac_muladd_16s_15s_13ns_29_4_1_DSP48_0_U/p_reg_reg/A[14]
                            (rising edge-triggered cell DSP48E1 clocked by ap_clk  {rise@0.000ns fall@5.000ns period=10.000ns})
  Path Group:             ap_clk
  Path Type:              Setup (Max at Slow Process Corner)
  Requirement:            10.000ns  (ap_clk rise@10.000ns - ap_clk rise@0.000ns)
  Data Path Delay:        4.486ns  (logic 1.218ns (27.153%)  route 3.268ns (72.847%))
  Logic Levels:           3  (LUT3=1 LUT6=1 RAMS32=1)
  Clock Path Skew:        -0.049ns (DCD - SCD + CPR)
    Destination Clock Delay (DCD):    0.924ns = ( 10.924 - 10.000 ) 
    Source Clock Delay      (SCD):    0.973ns
    Clock Pessimism Removal (CPR):    0.000ns
  Clock Uncertainty:      0.035ns  ((TSJ^2 + TIJ^2)^1/2 + DJ) / 2 + PE
    Total System Jitter     (TSJ):    0.071ns
    Total Input Jitter      (TIJ):    0.000ns
    Discrete Jitter          (DJ):    0.000ns
    Phase Error              (PE):    0.000ns

    Location             Delay type                Incr(ns)  Path(ns)    Netlist Resource(s)
  -------------------------------------------------------------------    -------------------
                         (clock ap_clk rise edge)     0.000     0.000 r  
                                                      0.000     0.000 r  ap_clk (IN)
                         net (fo=666, unset)          0.973     0.973    bd_0_i/hls_inst/inst/grp_dct_Pipeline_Col_DCT_Loop_DCT_Outer_Loop_fu_190/ap_clk
                         FDRE                                         r  bd_0_i/hls_inst/inst/grp_dct_Pipeline_Col_DCT_Loop_DCT_Outer_Loop_fu_190/i_fu_82_reg[1]/C
  -------------------------------------------------------------------    -------------------
                         FDRE (Prop_fdre_C_Q)         0.518     1.491 r  bd_0_i/hls_inst/inst/grp_dct_Pipeline_Col_DCT_Loop_DCT_Outer_Loop_fu_190/i_fu_82_reg[1]/Q
                         net (fo=5, unplaced)         0.993     2.484    bd_0_i/hls_inst/inst/grp_dct_Pipeline_Col_DCT_Loop_DCT_Outer_Loop_fu_190/i_fu_82_reg[1]
                         LUT6 (Prop_lut6_I0_O)        0.295     2.779 r  bd_0_i/hls_inst/inst/grp_dct_Pipeline_Col_DCT_Loop_DCT_Outer_Loop_fu_190/zext_ln43_reg_595[1]_i_1/O
                         net (fo=3, unplaced)         0.467     3.246    bd_0_i/hls_inst/inst/grp_dct_Pipeline_Col_DCT_Loop_DCT_Outer_Loop_fu_190/grp_dct_Pipeline_Col_DCT_Loop_DCT_Outer_Loop_fu_190_col_inbuf_7_address0[1]
                         LUT3 (Prop_lut3_I0_O)        0.124     3.370 r  bd_0_i/hls_inst/inst/grp_dct_Pipeline_Col_DCT_Loop_DCT_Outer_Loop_fu_190/ram_reg_0_7_0_0_i_3__1/O
                         net (fo=16, unplaced)        1.008     4.378    bd_0_i/hls_inst/inst/col_inbuf_7_U/ram_reg_0_7_14_14/A1
                         RAMS32 (Prop_rams32_ADR1_O)
                                                      0.281     4.659 r  bd_0_i/hls_inst/inst/col_inbuf_7_U/ram_reg_0_7_14_14/SP/O
                         net (fo=1, unplaced)         0.800     5.459    bd_0_i/hls_inst/inst/grp_dct_Pipeline_Col_DCT_Loop_DCT_Outer_Loop_fu_190/mac_muladd_16s_15s_13ns_29_4_1_U52/dct_mac_muladd_16s_15s_13ns_29_4_1_DSP48_0_U/p_reg_reg_1[14]
                         DSP48E1                                      r  bd_0_i/hls_inst/inst/grp_dct_Pipeline_Col_DCT_Loop_DCT_Outer_Loop_fu_190/mac_muladd_16s_15s_13ns_29_4_1_U52/dct_mac_muladd_16s_15s_13ns_29_4_1_DSP48_0_U/p_reg_reg/A[14]
  -------------------------------------------------------------------    -------------------

                         (clock ap_clk rise edge)    10.000    10.000 r  
                                                      0.000    10.000 r  ap_clk (IN)
                         net (fo=666, unset)          0.924    10.924    bd_0_i/hls_inst/inst/grp_dct_Pipeline_Col_DCT_Loop_DCT_Outer_Loop_fu_190/mac_muladd_16s_15s_13ns_29_4_1_U52/dct_mac_muladd_16s_15s_13ns_29_4_1_DSP48_0_U/ap_clk
                         DSP48E1                                      r  bd_0_i/hls_inst/inst/grp_dct_Pipeline_Col_DCT_Loop_DCT_Outer_Loop_fu_190/mac_muladd_16s_15s_13ns_29_4_1_U52/dct_mac_muladd_16s_15s_13ns_29_4_1_DSP48_0_U/p_reg_reg/CLK
                         clock pessimism              0.000    10.924    
                         clock uncertainty           -0.035    10.889    
                         DSP48E1 (Setup_dsp48e1_CLK_A[14])
                                                     -0.362    10.527    bd_0_i/hls_inst/inst/grp_dct_Pipeline_Col_DCT_Loop_DCT_Outer_Loop_fu_190/mac_muladd_16s_15s_13ns_29_4_1_U52/dct_mac_muladd_16s_15s_13ns_29_4_1_DSP48_0_U/p_reg_reg
  -------------------------------------------------------------------
                         required time                         10.527    
                         arrival time                          -5.459    
  -------------------------------------------------------------------
                         slack                                  5.068    

Slack (MET) :             5.068ns  (required time - arrival time)
  Source:                 bd_0_i/hls_inst/inst/grp_dct_Pipeline_Col_DCT_Loop_DCT_Outer_Loop_fu_190/i_fu_82_reg[1]/C
                            (rising edge-triggered cell FDRE clocked by ap_clk  {rise@0.000ns fall@5.000ns period=10.000ns})
  Destination:            bd_0_i/hls_inst/inst/grp_dct_Pipeline_Col_DCT_Loop_DCT_Outer_Loop_fu_190/mac_muladd_16s_15s_13ns_29_4_1_U52/dct_mac_muladd_16s_15s_13ns_29_4_1_DSP48_0_U/p_reg_reg/A[15]
                            (rising edge-triggered cell DSP48E1 clocked by ap_clk  {rise@0.000ns fall@5.000ns period=10.000ns})
  Path Group:             ap_clk
  Path Type:              Setup (Max at Slow Process Corner)
  Requirement:            10.000ns  (ap_clk rise@10.000ns - ap_clk rise@0.000ns)
  Data Path Delay:        4.486ns  (logic 1.218ns (27.153%)  route 3.268ns (72.847%))
  Logic Levels:           3  (LUT3=1 LUT6=1 RAMS32=1)
  Clock Path Skew:        -0.049ns (DCD - SCD + CPR)
    Destination Clock Delay (DCD):    0.924ns = ( 10.924 - 10.000 ) 
    Source Clock Delay      (SCD):    0.973ns
    Clock Pessimism Removal (CPR):    0.000ns
  Clock Uncertainty:      0.035ns  ((TSJ^2 + TIJ^2)^1/2 + DJ) / 2 + PE
    Total System Jitter     (TSJ):    0.071ns
    Total Input Jitter      (TIJ):    0.000ns
    Discrete Jitter          (DJ):    0.000ns
    Phase Error              (PE):    0.000ns

    Location             Delay type                Incr(ns)  Path(ns)    Netlist Resource(s)
  -------------------------------------------------------------------    -------------------
                         (clock ap_clk rise edge)     0.000     0.000 r  
                                                      0.000     0.000 r  ap_clk (IN)
                         net (fo=666, unset)          0.973     0.973    bd_0_i/hls_inst/inst/grp_dct_Pipeline_Col_DCT_Loop_DCT_Outer_Loop_fu_190/ap_clk
                         FDRE                                         r  bd_0_i/hls_inst/inst/grp_dct_Pipeline_Col_DCT_Loop_DCT_Outer_Loop_fu_190/i_fu_82_reg[1]/C
  -------------------------------------------------------------------    -------------------
                         FDRE (Prop_fdre_C_Q)         0.518     1.491 r  bd_0_i/hls_inst/inst/grp_dct_Pipeline_Col_DCT_Loop_DCT_Outer_Loop_fu_190/i_fu_82_reg[1]/Q
                         net (fo=5, unplaced)         0.993     2.484    bd_0_i/hls_inst/inst/grp_dct_Pipeline_Col_DCT_Loop_DCT_Outer_Loop_fu_190/i_fu_82_reg[1]
                         LUT6 (Prop_lut6_I0_O)        0.295     2.779 r  bd_0_i/hls_inst/inst/grp_dct_Pipeline_Col_DCT_Loop_DCT_Outer_Loop_fu_190/zext_ln43_reg_595[1]_i_1/O
                         net (fo=3, unplaced)         0.467     3.246    bd_0_i/hls_inst/inst/grp_dct_Pipeline_Col_DCT_Loop_DCT_Outer_Loop_fu_190/grp_dct_Pipeline_Col_DCT_Loop_DCT_Outer_Loop_fu_190_col_inbuf_7_address0[1]
                         LUT3 (Prop_lut3_I0_O)        0.124     3.370 r  bd_0_i/hls_inst/inst/grp_dct_Pipeline_Col_DCT_Loop_DCT_Outer_Loop_fu_190/ram_reg_0_7_0_0_i_3__1/O
                         net (fo=16, unplaced)        1.008     4.378    bd_0_i/hls_inst/inst/col_inbuf_7_U/ram_reg_0_7_15_15/A1
                         RAMS32 (Prop_rams32_ADR1_O)
                                                      0.281     4.659 r  bd_0_i/hls_inst/inst/col_inbuf_7_U/ram_reg_0_7_15_15/SP/O
                         net (fo=15, unplaced)        0.800     5.459    bd_0_i/hls_inst/inst/grp_dct_Pipeline_Col_DCT_Loop_DCT_Outer_Loop_fu_190/mac_muladd_16s_15s_13ns_29_4_1_U52/dct_mac_muladd_16s_15s_13ns_29_4_1_DSP48_0_U/p_reg_reg_1[15]
                         DSP48E1                                      r  bd_0_i/hls_inst/inst/grp_dct_Pipeline_Col_DCT_Loop_DCT_Outer_Loop_fu_190/mac_muladd_16s_15s_13ns_29_4_1_U52/dct_mac_muladd_16s_15s_13ns_29_4_1_DSP48_0_U/p_reg_reg/A[15]
  -------------------------------------------------------------------    -------------------

                         (clock ap_clk rise edge)    10.000    10.000 r  
                                                      0.000    10.000 r  ap_clk (IN)
                         net (fo=666, unset)          0.924    10.924    bd_0_i/hls_inst/inst/grp_dct_Pipeline_Col_DCT_Loop_DCT_Outer_Loop_fu_190/mac_muladd_16s_15s_13ns_29_4_1_U52/dct_mac_muladd_16s_15s_13ns_29_4_1_DSP48_0_U/ap_clk
                         DSP48E1                                      r  bd_0_i/hls_inst/inst/grp_dct_Pipeline_Col_DCT_Loop_DCT_Outer_Loop_fu_190/mac_muladd_16s_15s_13ns_29_4_1_U52/dct_mac_muladd_16s_15s_13ns_29_4_1_DSP48_0_U/p_reg_reg/CLK
                         clock pessimism              0.000    10.924    
                         clock uncertainty           -0.035    10.889    
                         DSP48E1 (Setup_dsp48e1_CLK_A[15])
                                                     -0.362    10.527    bd_0_i/hls_inst/inst/grp_dct_Pipeline_Col_DCT_Loop_DCT_Outer_Loop_fu_190/mac_muladd_16s_15s_13ns_29_4_1_U52/dct_mac_muladd_16s_15s_13ns_29_4_1_DSP48_0_U/p_reg_reg
  -------------------------------------------------------------------
                         required time                         10.527    
                         arrival time                          -5.459    
  -------------------------------------------------------------------
                         slack                                  5.068    

Slack (MET) :             5.068ns  (required time - arrival time)
  Source:                 bd_0_i/hls_inst/inst/grp_dct_Pipeline_Col_DCT_Loop_DCT_Outer_Loop_fu_190/i_fu_82_reg[1]/C
                            (rising edge-triggered cell FDRE clocked by ap_clk  {rise@0.000ns fall@5.000ns period=10.000ns})
  Destination:            bd_0_i/hls_inst/inst/grp_dct_Pipeline_Col_DCT_Loop_DCT_Outer_Loop_fu_190/mac_muladd_16s_15s_13ns_29_4_1_U52/dct_mac_muladd_16s_15s_13ns_29_4_1_DSP48_0_U/p_reg_reg/A[16]
                            (rising edge-triggered cell DSP48E1 clocked by ap_clk  {rise@0.000ns fall@5.000ns period=10.000ns})
  Path Group:             ap_clk
  Path Type:              Setup (Max at Slow Process Corner)
  Requirement:            10.000ns  (ap_clk rise@10.000ns - ap_clk rise@0.000ns)
  Data Path Delay:        4.486ns  (logic 1.218ns (27.153%)  route 3.268ns (72.847%))
  Logic Levels:           3  (LUT3=1 LUT6=1 RAMS32=1)
  Clock Path Skew:        -0.049ns (DCD - SCD + CPR)
    Destination Clock Delay (DCD):    0.924ns = ( 10.924 - 10.000 ) 
    Source Clock Delay      (SCD):    0.973ns
    Clock Pessimism Removal (CPR):    0.000ns
  Clock Uncertainty:      0.035ns  ((TSJ^2 + TIJ^2)^1/2 + DJ) / 2 + PE
    Total System Jitter     (TSJ):    0.071ns
    Total Input Jitter      (TIJ):    0.000ns
    Discrete Jitter          (DJ):    0.000ns
    Phase Error              (PE):    0.000ns

    Location             Delay type                Incr(ns)  Path(ns)    Netlist Resource(s)
  -------------------------------------------------------------------    -------------------
                         (clock ap_clk rise edge)     0.000     0.000 r  
                                                      0.000     0.000 r  ap_clk (IN)
                         net (fo=666, unset)          0.973     0.973    bd_0_i/hls_inst/inst/grp_dct_Pipeline_Col_DCT_Loop_DCT_Outer_Loop_fu_190/ap_clk
                         FDRE                                         r  bd_0_i/hls_inst/inst/grp_dct_Pipeline_Col_DCT_Loop_DCT_Outer_Loop_fu_190/i_fu_82_reg[1]/C
  -------------------------------------------------------------------    -------------------
                         FDRE (Prop_fdre_C_Q)         0.518     1.491 r  bd_0_i/hls_inst/inst/grp_dct_Pipeline_Col_DCT_Loop_DCT_Outer_Loop_fu_190/i_fu_82_reg[1]/Q
                         net (fo=5, unplaced)         0.993     2.484    bd_0_i/hls_inst/inst/grp_dct_Pipeline_Col_DCT_Loop_DCT_Outer_Loop_fu_190/i_fu_82_reg[1]
                         LUT6 (Prop_lut6_I0_O)        0.295     2.779 r  bd_0_i/hls_inst/inst/grp_dct_Pipeline_Col_DCT_Loop_DCT_Outer_Loop_fu_190/zext_ln43_reg_595[1]_i_1/O
                         net (fo=3, unplaced)         0.467     3.246    bd_0_i/hls_inst/inst/grp_dct_Pipeline_Col_DCT_Loop_DCT_Outer_Loop_fu_190/grp_dct_Pipeline_Col_DCT_Loop_DCT_Outer_Loop_fu_190_col_inbuf_7_address0[1]
                         LUT3 (Prop_lut3_I0_O)        0.124     3.370 r  bd_0_i/hls_inst/inst/grp_dct_Pipeline_Col_DCT_Loop_DCT_Outer_Loop_fu_190/ram_reg_0_7_0_0_i_3__1/O
                         net (fo=16, unplaced)        1.008     4.378    bd_0_i/hls_inst/inst/col_inbuf_7_U/ram_reg_0_7_15_15/A1
                         RAMS32 (Prop_rams32_ADR1_O)
                                                      0.281     4.659 r  bd_0_i/hls_inst/inst/col_inbuf_7_U/ram_reg_0_7_15_15/SP/O
                         net (fo=15, unplaced)        0.800     5.459    bd_0_i/hls_inst/inst/grp_dct_Pipeline_Col_DCT_Loop_DCT_Outer_Loop_fu_190/mac_muladd_16s_15s_13ns_29_4_1_U52/dct_mac_muladd_16s_15s_13ns_29_4_1_DSP48_0_U/p_reg_reg_1[15]
                         DSP48E1                                      r  bd_0_i/hls_inst/inst/grp_dct_Pipeline_Col_DCT_Loop_DCT_Outer_Loop_fu_190/mac_muladd_16s_15s_13ns_29_4_1_U52/dct_mac_muladd_16s_15s_13ns_29_4_1_DSP48_0_U/p_reg_reg/A[16]
  -------------------------------------------------------------------    -------------------

                         (clock ap_clk rise edge)    10.000    10.000 r  
                                                      0.000    10.000 r  ap_clk (IN)
                         net (fo=666, unset)          0.924    10.924    bd_0_i/hls_inst/inst/grp_dct_Pipeline_Col_DCT_Loop_DCT_Outer_Loop_fu_190/mac_muladd_16s_15s_13ns_29_4_1_U52/dct_mac_muladd_16s_15s_13ns_29_4_1_DSP48_0_U/ap_clk
                         DSP48E1                                      r  bd_0_i/hls_inst/inst/grp_dct_Pipeline_Col_DCT_Loop_DCT_Outer_Loop_fu_190/mac_muladd_16s_15s_13ns_29_4_1_U52/dct_mac_muladd_16s_15s_13ns_29_4_1_DSP48_0_U/p_reg_reg/CLK
                         clock pessimism              0.000    10.924    
                         clock uncertainty           -0.035    10.889    
                         DSP48E1 (Setup_dsp48e1_CLK_A[16])
                                                     -0.362    10.527    bd_0_i/hls_inst/inst/grp_dct_Pipeline_Col_DCT_Loop_DCT_Outer_Loop_fu_190/mac_muladd_16s_15s_13ns_29_4_1_U52/dct_mac_muladd_16s_15s_13ns_29_4_1_DSP48_0_U/p_reg_reg
  -------------------------------------------------------------------
                         required time                         10.527    
                         arrival time                          -5.459    
  -------------------------------------------------------------------
                         slack                                  5.068    

Slack (MET) :             5.068ns  (required time - arrival time)
  Source:                 bd_0_i/hls_inst/inst/grp_dct_Pipeline_Col_DCT_Loop_DCT_Outer_Loop_fu_190/i_fu_82_reg[1]/C
                            (rising edge-triggered cell FDRE clocked by ap_clk  {rise@0.000ns fall@5.000ns period=10.000ns})
  Destination:            bd_0_i/hls_inst/inst/grp_dct_Pipeline_Col_DCT_Loop_DCT_Outer_Loop_fu_190/mac_muladd_16s_15s_13ns_29_4_1_U52/dct_mac_muladd_16s_15s_13ns_29_4_1_DSP48_0_U/p_reg_reg/A[17]
                            (rising edge-triggered cell DSP48E1 clocked by ap_clk  {rise@0.000ns fall@5.000ns period=10.000ns})
  Path Group:             ap_clk
  Path Type:              Setup (Max at Slow Process Corner)
  Requirement:            10.000ns  (ap_clk rise@10.000ns - ap_clk rise@0.000ns)
  Data Path Delay:        4.486ns  (logic 1.218ns (27.153%)  route 3.268ns (72.847%))
  Logic Levels:           3  (LUT3=1 LUT6=1 RAMS32=1)
  Clock Path Skew:        -0.049ns (DCD - SCD + CPR)
    Destination Clock Delay (DCD):    0.924ns = ( 10.924 - 10.000 ) 
    Source Clock Delay      (SCD):    0.973ns
    Clock Pessimism Removal (CPR):    0.000ns
  Clock Uncertainty:      0.035ns  ((TSJ^2 + TIJ^2)^1/2 + DJ) / 2 + PE
    Total System Jitter     (TSJ):    0.071ns
    Total Input Jitter      (TIJ):    0.000ns
    Discrete Jitter          (DJ):    0.000ns
    Phase Error              (PE):    0.000ns

    Location             Delay type                Incr(ns)  Path(ns)    Netlist Resource(s)
  -------------------------------------------------------------------    -------------------
                         (clock ap_clk rise edge)     0.000     0.000 r  
                                                      0.000     0.000 r  ap_clk (IN)
                         net (fo=666, unset)          0.973     0.973    bd_0_i/hls_inst/inst/grp_dct_Pipeline_Col_DCT_Loop_DCT_Outer_Loop_fu_190/ap_clk
                         FDRE                                         r  bd_0_i/hls_inst/inst/grp_dct_Pipeline_Col_DCT_Loop_DCT_Outer_Loop_fu_190/i_fu_82_reg[1]/C
  -------------------------------------------------------------------    -------------------
                         FDRE (Prop_fdre_C_Q)         0.518     1.491 r  bd_0_i/hls_inst/inst/grp_dct_Pipeline_Col_DCT_Loop_DCT_Outer_Loop_fu_190/i_fu_82_reg[1]/Q
                         net (fo=5, unplaced)         0.993     2.484    bd_0_i/hls_inst/inst/grp_dct_Pipeline_Col_DCT_Loop_DCT_Outer_Loop_fu_190/i_fu_82_reg[1]
                         LUT6 (Prop_lut6_I0_O)        0.295     2.779 r  bd_0_i/hls_inst/inst/grp_dct_Pipeline_Col_DCT_Loop_DCT_Outer_Loop_fu_190/zext_ln43_reg_595[1]_i_1/O
                         net (fo=3, unplaced)         0.467     3.246    bd_0_i/hls_inst/inst/grp_dct_Pipeline_Col_DCT_Loop_DCT_Outer_Loop_fu_190/grp_dct_Pipeline_Col_DCT_Loop_DCT_Outer_Loop_fu_190_col_inbuf_7_address0[1]
                         LUT3 (Prop_lut3_I0_O)        0.124     3.370 r  bd_0_i/hls_inst/inst/grp_dct_Pipeline_Col_DCT_Loop_DCT_Outer_Loop_fu_190/ram_reg_0_7_0_0_i_3__1/O
                         net (fo=16, unplaced)        1.008     4.378    bd_0_i/hls_inst/inst/col_inbuf_7_U/ram_reg_0_7_15_15/A1
                         RAMS32 (Prop_rams32_ADR1_O)
                                                      0.281     4.659 r  bd_0_i/hls_inst/inst/col_inbuf_7_U/ram_reg_0_7_15_15/SP/O
                         net (fo=15, unplaced)        0.800     5.459    bd_0_i/hls_inst/inst/grp_dct_Pipeline_Col_DCT_Loop_DCT_Outer_Loop_fu_190/mac_muladd_16s_15s_13ns_29_4_1_U52/dct_mac_muladd_16s_15s_13ns_29_4_1_DSP48_0_U/p_reg_reg_1[15]
                         DSP48E1                                      r  bd_0_i/hls_inst/inst/grp_dct_Pipeline_Col_DCT_Loop_DCT_Outer_Loop_fu_190/mac_muladd_16s_15s_13ns_29_4_1_U52/dct_mac_muladd_16s_15s_13ns_29_4_1_DSP48_0_U/p_reg_reg/A[17]
  -------------------------------------------------------------------    -------------------

                         (clock ap_clk rise edge)    10.000    10.000 r  
                                                      0.000    10.000 r  ap_clk (IN)
                         net (fo=666, unset)          0.924    10.924    bd_0_i/hls_inst/inst/grp_dct_Pipeline_Col_DCT_Loop_DCT_Outer_Loop_fu_190/mac_muladd_16s_15s_13ns_29_4_1_U52/dct_mac_muladd_16s_15s_13ns_29_4_1_DSP48_0_U/ap_clk
                         DSP48E1                                      r  bd_0_i/hls_inst/inst/grp_dct_Pipeline_Col_DCT_Loop_DCT_Outer_Loop_fu_190/mac_muladd_16s_15s_13ns_29_4_1_U52/dct_mac_muladd_16s_15s_13ns_29_4_1_DSP48_0_U/p_reg_reg/CLK
                         clock pessimism              0.000    10.924    
                         clock uncertainty           -0.035    10.889    
                         DSP48E1 (Setup_dsp48e1_CLK_A[17])
                                                     -0.362    10.527    bd_0_i/hls_inst/inst/grp_dct_Pipeline_Col_DCT_Loop_DCT_Outer_Loop_fu_190/mac_muladd_16s_15s_13ns_29_4_1_U52/dct_mac_muladd_16s_15s_13ns_29_4_1_DSP48_0_U/p_reg_reg
  -------------------------------------------------------------------
                         required time                         10.527    
                         arrival time                          -5.459    
  -------------------------------------------------------------------
                         slack                                  5.068    

Slack (MET) :             5.068ns  (required time - arrival time)
  Source:                 bd_0_i/hls_inst/inst/grp_dct_Pipeline_Col_DCT_Loop_DCT_Outer_Loop_fu_190/i_fu_82_reg[1]/C
                            (rising edge-triggered cell FDRE clocked by ap_clk  {rise@0.000ns fall@5.000ns period=10.000ns})
  Destination:            bd_0_i/hls_inst/inst/grp_dct_Pipeline_Col_DCT_Loop_DCT_Outer_Loop_fu_190/mac_muladd_16s_15s_13ns_29_4_1_U52/dct_mac_muladd_16s_15s_13ns_29_4_1_DSP48_0_U/p_reg_reg/A[18]
                            (rising edge-triggered cell DSP48E1 clocked by ap_clk  {rise@0.000ns fall@5.000ns period=10.000ns})
  Path Group:             ap_clk
  Path Type:              Setup (Max at Slow Process Corner)
  Requirement:            10.000ns  (ap_clk rise@10.000ns - ap_clk rise@0.000ns)
  Data Path Delay:        4.486ns  (logic 1.218ns (27.153%)  route 3.268ns (72.847%))
  Logic Levels:           3  (LUT3=1 LUT6=1 RAMS32=1)
  Clock Path Skew:        -0.049ns (DCD - SCD + CPR)
    Destination Clock Delay (DCD):    0.924ns = ( 10.924 - 10.000 ) 
    Source Clock Delay      (SCD):    0.973ns
    Clock Pessimism Removal (CPR):    0.000ns
  Clock Uncertainty:      0.035ns  ((TSJ^2 + TIJ^2)^1/2 + DJ) / 2 + PE
    Total System Jitter     (TSJ):    0.071ns
    Total Input Jitter      (TIJ):    0.000ns
    Discrete Jitter          (DJ):    0.000ns
    Phase Error              (PE):    0.000ns

    Location             Delay type                Incr(ns)  Path(ns)    Netlist Resource(s)
  -------------------------------------------------------------------    -------------------
                         (clock ap_clk rise edge)     0.000     0.000 r  
                                                      0.000     0.000 r  ap_clk (IN)
                         net (fo=666, unset)          0.973     0.973    bd_0_i/hls_inst/inst/grp_dct_Pipeline_Col_DCT_Loop_DCT_Outer_Loop_fu_190/ap_clk
                         FDRE                                         r  bd_0_i/hls_inst/inst/grp_dct_Pipeline_Col_DCT_Loop_DCT_Outer_Loop_fu_190/i_fu_82_reg[1]/C
  -------------------------------------------------------------------    -------------------
                         FDRE (Prop_fdre_C_Q)         0.518     1.491 r  bd_0_i/hls_inst/inst/grp_dct_Pipeline_Col_DCT_Loop_DCT_Outer_Loop_fu_190/i_fu_82_reg[1]/Q
                         net (fo=5, unplaced)         0.993     2.484    bd_0_i/hls_inst/inst/grp_dct_Pipeline_Col_DCT_Loop_DCT_Outer_Loop_fu_190/i_fu_82_reg[1]
                         LUT6 (Prop_lut6_I0_O)        0.295     2.779 r  bd_0_i/hls_inst/inst/grp_dct_Pipeline_Col_DCT_Loop_DCT_Outer_Loop_fu_190/zext_ln43_reg_595[1]_i_1/O
                         net (fo=3, unplaced)         0.467     3.246    bd_0_i/hls_inst/inst/grp_dct_Pipeline_Col_DCT_Loop_DCT_Outer_Loop_fu_190/grp_dct_Pipeline_Col_DCT_Loop_DCT_Outer_Loop_fu_190_col_inbuf_7_address0[1]
                         LUT3 (Prop_lut3_I0_O)        0.124     3.370 r  bd_0_i/hls_inst/inst/grp_dct_Pipeline_Col_DCT_Loop_DCT_Outer_Loop_fu_190/ram_reg_0_7_0_0_i_3__1/O
                         net (fo=16, unplaced)        1.008     4.378    bd_0_i/hls_inst/inst/col_inbuf_7_U/ram_reg_0_7_15_15/A1
                         RAMS32 (Prop_rams32_ADR1_O)
                                                      0.281     4.659 r  bd_0_i/hls_inst/inst/col_inbuf_7_U/ram_reg_0_7_15_15/SP/O
                         net (fo=15, unplaced)        0.800     5.459    bd_0_i/hls_inst/inst/grp_dct_Pipeline_Col_DCT_Loop_DCT_Outer_Loop_fu_190/mac_muladd_16s_15s_13ns_29_4_1_U52/dct_mac_muladd_16s_15s_13ns_29_4_1_DSP48_0_U/p_reg_reg_1[15]
                         DSP48E1                                      r  bd_0_i/hls_inst/inst/grp_dct_Pipeline_Col_DCT_Loop_DCT_Outer_Loop_fu_190/mac_muladd_16s_15s_13ns_29_4_1_U52/dct_mac_muladd_16s_15s_13ns_29_4_1_DSP48_0_U/p_reg_reg/A[18]
  -------------------------------------------------------------------    -------------------

                         (clock ap_clk rise edge)    10.000    10.000 r  
                                                      0.000    10.000 r  ap_clk (IN)
                         net (fo=666, unset)          0.924    10.924    bd_0_i/hls_inst/inst/grp_dct_Pipeline_Col_DCT_Loop_DCT_Outer_Loop_fu_190/mac_muladd_16s_15s_13ns_29_4_1_U52/dct_mac_muladd_16s_15s_13ns_29_4_1_DSP48_0_U/ap_clk
                         DSP48E1                                      r  bd_0_i/hls_inst/inst/grp_dct_Pipeline_Col_DCT_Loop_DCT_Outer_Loop_fu_190/mac_muladd_16s_15s_13ns_29_4_1_U52/dct_mac_muladd_16s_15s_13ns_29_4_1_DSP48_0_U/p_reg_reg/CLK
                         clock pessimism              0.000    10.924    
                         clock uncertainty           -0.035    10.889    
                         DSP48E1 (Setup_dsp48e1_CLK_A[18])
                                                     -0.362    10.527    bd_0_i/hls_inst/inst/grp_dct_Pipeline_Col_DCT_Loop_DCT_Outer_Loop_fu_190/mac_muladd_16s_15s_13ns_29_4_1_U52/dct_mac_muladd_16s_15s_13ns_29_4_1_DSP48_0_U/p_reg_reg
  -------------------------------------------------------------------
                         required time                         10.527    
                         arrival time                          -5.459    
  -------------------------------------------------------------------
                         slack                                  5.068    




