Copyright 1986-2022 Xilinx, Inc. All Rights Reserved. Copyright 2022-2024 Advanced Micro Devices, Inc. All Rights Reserved.
---------------------------------------------------------------------------------------------------------------------------------------------
| Tool Version : Vivado v.2024.1 (win64) Build 5076996 Wed May 22 18:37:14 MDT 2024
| Date         : Wed Oct 30 16:36:42 2024
| Host         : nightt_insider running 64-bit major release  (build 9200)
| Command      : report_timing -max_paths 10 -file ./report/dct_timing_paths_routed.rpt
| Design       : bd_0_wrapper
| Device       : 7z020-clg484
| Speed File   : -1  PRODUCTION 1.12 2019-11-22
| Design State : Routed
---------------------------------------------------------------------------------------------------------------------------------------------

Timing Report

Slack (MET) :             3.334ns  (required time - arrival time)
  Source:                 bd_0_i/hls_inst/inst/ap_CS_fsm_reg[7]/C
                            (rising edge-triggered cell FDRE clocked by ap_clk  {rise@0.000ns fall@5.000ns period=10.000ns})
  Destination:            bd_0_i/hls_inst/inst/grp_dct_Pipeline_Col_DCT_Loop_DCT_Outer_Loop_fu_190/mac_muladd_16s_15s_29s_29_4_1_U55/dct_mac_muladd_16s_15s_29s_29_4_1_DSP48_0_U/m_reg_reg/A[12]
                            (rising edge-triggered cell DSP48E1 clocked by ap_clk  {rise@0.000ns fall@5.000ns period=10.000ns})
  Path Group:             ap_clk
  Path Type:              Setup (Max at Slow Process Corner)
  Requirement:            10.000ns  (ap_clk rise@10.000ns - ap_clk rise@0.000ns)
  Data Path Delay:        6.220ns  (logic 0.690ns (11.093%)  route 5.530ns (88.907%))
  Logic Levels:           2  (LUT3=1 RAMS32=1)
  Clock Path Skew:        -0.049ns (DCD - SCD + CPR)
    Destination Clock Delay (DCD):    0.924ns = ( 10.924 - 10.000 ) 
    Source Clock Delay      (SCD):    0.973ns
    Clock Pessimism Removal (CPR):    0.000ns
  Clock Uncertainty:      0.035ns  ((TSJ^2 + TIJ^2)^1/2 + DJ) / 2 + PE
    Total System Jitter     (TSJ):    0.071ns
    Total Input Jitter      (TIJ):    0.000ns
    Discrete Jitter          (DJ):    0.000ns
    Phase Error              (PE):    0.000ns

    Location             Delay type                Incr(ns)  Path(ns)    Netlist Resource(s)
  -------------------------------------------------------------------    -------------------
                         (clock ap_clk rise edge)     0.000     0.000 r  
                                                      0.000     0.000 r  ap_clk (IN)
                         net (fo=666, unset)          0.973     0.973    bd_0_i/hls_inst/inst/ap_clk
    SLICE_X15Y29         FDRE                                         r  bd_0_i/hls_inst/inst/ap_CS_fsm_reg[7]/C
  -------------------------------------------------------------------    -------------------
    SLICE_X15Y29         FDRE (Prop_fdre_C_Q)         0.456     1.429 r  bd_0_i/hls_inst/inst/ap_CS_fsm_reg[7]/Q
                         net (fo=98, routed)          0.986     2.415    bd_0_i/hls_inst/inst/grp_dct_Pipeline_Col_DCT_Loop_DCT_Outer_Loop_fu_190/m_reg_reg_3[3]
    SLICE_X15Y26         LUT3 (Prop_lut3_I1_O)        0.124     2.539 r  bd_0_i/hls_inst/inst/grp_dct_Pipeline_Col_DCT_Loop_DCT_Outer_Loop_fu_190/ram_reg_0_7_0_0_i_3/O
                         net (fo=64, routed)          3.855     6.394    bd_0_i/hls_inst/inst/col_inbuf_1_U/ram_reg_0_7_12_12/A1
    SLICE_X22Y17         RAMS32 (Prop_rams32_ADR1_O)
                                                      0.110     6.504 r  bd_0_i/hls_inst/inst/col_inbuf_1_U/ram_reg_0_7_12_12/SP/O
                         net (fo=1, routed)           0.689     7.193    bd_0_i/hls_inst/inst/grp_dct_Pipeline_Col_DCT_Loop_DCT_Outer_Loop_fu_190/mac_muladd_16s_15s_29s_29_4_1_U55/dct_mac_muladd_16s_15s_29s_29_4_1_DSP48_0_U/q00[12]
    DSP48_X1Y6           DSP48E1                                      r  bd_0_i/hls_inst/inst/grp_dct_Pipeline_Col_DCT_Loop_DCT_Outer_Loop_fu_190/mac_muladd_16s_15s_29s_29_4_1_U55/dct_mac_muladd_16s_15s_29s_29_4_1_DSP48_0_U/m_reg_reg/A[12]
  -------------------------------------------------------------------    -------------------

                         (clock ap_clk rise edge)    10.000    10.000 r  
                                                      0.000    10.000 r  ap_clk (IN)
                         net (fo=666, unset)          0.924    10.924    bd_0_i/hls_inst/inst/grp_dct_Pipeline_Col_DCT_Loop_DCT_Outer_Loop_fu_190/mac_muladd_16s_15s_29s_29_4_1_U55/dct_mac_muladd_16s_15s_29s_29_4_1_DSP48_0_U/ap_clk
    DSP48_X1Y6           DSP48E1                                      r  bd_0_i/hls_inst/inst/grp_dct_Pipeline_Col_DCT_Loop_DCT_Outer_Loop_fu_190/mac_muladd_16s_15s_29s_29_4_1_U55/dct_mac_muladd_16s_15s_29s_29_4_1_DSP48_0_U/m_reg_reg/CLK
                         clock pessimism              0.000    10.924    
                         clock uncertainty           -0.035    10.889    
    DSP48_X1Y6           DSP48E1 (Setup_dsp48e1_CLK_A[12])
                                                     -0.362    10.527    bd_0_i/hls_inst/inst/grp_dct_Pipeline_Col_DCT_Loop_DCT_Outer_Loop_fu_190/mac_muladd_16s_15s_29s_29_4_1_U55/dct_mac_muladd_16s_15s_29s_29_4_1_DSP48_0_U/m_reg_reg
  -------------------------------------------------------------------
                         required time                         10.527    
                         arrival time                          -7.193    
  -------------------------------------------------------------------
                         slack                                  3.334    

Slack (MET) :             3.455ns  (required time - arrival time)
  Source:                 bd_0_i/hls_inst/inst/ap_CS_fsm_reg[7]/C
                            (rising edge-triggered cell FDRE clocked by ap_clk  {rise@0.000ns fall@5.000ns period=10.000ns})
  Destination:            bd_0_i/hls_inst/inst/grp_dct_Pipeline_Col_DCT_Loop_DCT_Outer_Loop_fu_190/mac_muladd_16s_15s_29s_29_4_1_U55/dct_mac_muladd_16s_15s_29s_29_4_1_DSP48_0_U/m_reg_reg/A[0]
                            (rising edge-triggered cell DSP48E1 clocked by ap_clk  {rise@0.000ns fall@5.000ns period=10.000ns})
  Path Group:             ap_clk
  Path Type:              Setup (Max at Slow Process Corner)
  Requirement:            10.000ns  (ap_clk rise@10.000ns - ap_clk rise@0.000ns)
  Data Path Delay:        6.099ns  (logic 0.704ns (11.542%)  route 5.395ns (88.458%))
  Logic Levels:           2  (LUT3=1 RAMS32=1)
  Clock Path Skew:        -0.049ns (DCD - SCD + CPR)
    Destination Clock Delay (DCD):    0.924ns = ( 10.924 - 10.000 ) 
    Source Clock Delay      (SCD):    0.973ns
    Clock Pessimism Removal (CPR):    0.000ns
  Clock Uncertainty:      0.035ns  ((TSJ^2 + TIJ^2)^1/2 + DJ) / 2 + PE
    Total System Jitter     (TSJ):    0.071ns
    Total Input Jitter      (TIJ):    0.000ns
    Discrete Jitter          (DJ):    0.000ns
    Phase Error              (PE):    0.000ns

    Location             Delay type                Incr(ns)  Path(ns)    Netlist Resource(s)
  -------------------------------------------------------------------    -------------------
                         (clock ap_clk rise edge)     0.000     0.000 r  
                                                      0.000     0.000 r  ap_clk (IN)
                         net (fo=666, unset)          0.973     0.973    bd_0_i/hls_inst/inst/ap_clk
    SLICE_X15Y29         FDRE                                         r  bd_0_i/hls_inst/inst/ap_CS_fsm_reg[7]/C
  -------------------------------------------------------------------    -------------------
    SLICE_X15Y29         FDRE (Prop_fdre_C_Q)         0.456     1.429 r  bd_0_i/hls_inst/inst/ap_CS_fsm_reg[7]/Q
                         net (fo=98, routed)          0.986     2.415    bd_0_i/hls_inst/inst/grp_dct_Pipeline_Col_DCT_Loop_DCT_Outer_Loop_fu_190/m_reg_reg_3[3]
    SLICE_X15Y26         LUT3 (Prop_lut3_I1_O)        0.124     2.539 r  bd_0_i/hls_inst/inst/grp_dct_Pipeline_Col_DCT_Loop_DCT_Outer_Loop_fu_190/ram_reg_0_7_0_0_i_3/O
                         net (fo=64, routed)          3.855     6.394    bd_0_i/hls_inst/inst/col_inbuf_1_U/ram_reg_0_7_0_0/A1
    SLICE_X22Y17         RAMS32 (Prop_rams32_ADR1_O)
                                                      0.124     6.518 r  bd_0_i/hls_inst/inst/col_inbuf_1_U/ram_reg_0_7_0_0/SP/O
                         net (fo=1, routed)           0.554     7.072    bd_0_i/hls_inst/inst/grp_dct_Pipeline_Col_DCT_Loop_DCT_Outer_Loop_fu_190/mac_muladd_16s_15s_29s_29_4_1_U55/dct_mac_muladd_16s_15s_29s_29_4_1_DSP48_0_U/q00[0]
    DSP48_X1Y6           DSP48E1                                      r  bd_0_i/hls_inst/inst/grp_dct_Pipeline_Col_DCT_Loop_DCT_Outer_Loop_fu_190/mac_muladd_16s_15s_29s_29_4_1_U55/dct_mac_muladd_16s_15s_29s_29_4_1_DSP48_0_U/m_reg_reg/A[0]
  -------------------------------------------------------------------    -------------------

                         (clock ap_clk rise edge)    10.000    10.000 r  
                                                      0.000    10.000 r  ap_clk (IN)
                         net (fo=666, unset)          0.924    10.924    bd_0_i/hls_inst/inst/grp_dct_Pipeline_Col_DCT_Loop_DCT_Outer_Loop_fu_190/mac_muladd_16s_15s_29s_29_4_1_U55/dct_mac_muladd_16s_15s_29s_29_4_1_DSP48_0_U/ap_clk
    DSP48_X1Y6           DSP48E1                                      r  bd_0_i/hls_inst/inst/grp_dct_Pipeline_Col_DCT_Loop_DCT_Outer_Loop_fu_190/mac_muladd_16s_15s_29s_29_4_1_U55/dct_mac_muladd_16s_15s_29s_29_4_1_DSP48_0_U/m_reg_reg/CLK
                         clock pessimism              0.000    10.924    
                         clock uncertainty           -0.035    10.889    
    DSP48_X1Y6           DSP48E1 (Setup_dsp48e1_CLK_A[0])
                                                     -0.362    10.527    bd_0_i/hls_inst/inst/grp_dct_Pipeline_Col_DCT_Loop_DCT_Outer_Loop_fu_190/mac_muladd_16s_15s_29s_29_4_1_U55/dct_mac_muladd_16s_15s_29s_29_4_1_DSP48_0_U/m_reg_reg
  -------------------------------------------------------------------
                         required time                         10.527    
                         arrival time                          -7.072    
  -------------------------------------------------------------------
                         slack                                  3.455    

Slack (MET) :             3.474ns  (required time - arrival time)
  Source:                 bd_0_i/hls_inst/inst/ap_CS_fsm_reg[3]/C
                            (rising edge-triggered cell FDRE clocked by ap_clk  {rise@0.000ns fall@5.000ns period=10.000ns})
  Destination:            bd_0_i/hls_inst/inst/grp_dct_Pipeline_Row_DCT_Loop_DCT_Outer_Loop_fu_148/mac_muladd_16s_15s_29s_29_4_1_U17/dct_mac_muladd_16s_15s_29s_29_4_1_DSP48_0_U/m_reg_reg/A[20]
                            (rising edge-triggered cell DSP48E1 clocked by ap_clk  {rise@0.000ns fall@5.000ns period=10.000ns})
  Path Group:             ap_clk
  Path Type:              Setup (Max at Slow Process Corner)
  Requirement:            10.000ns  (ap_clk rise@10.000ns - ap_clk rise@0.000ns)
  Data Path Delay:        6.080ns  (logic 0.720ns (11.842%)  route 5.360ns (88.158%))
  Logic Levels:           2  (LUT3=1 RAMS32=1)
  Clock Path Skew:        -0.049ns (DCD - SCD + CPR)
    Destination Clock Delay (DCD):    0.924ns = ( 10.924 - 10.000 ) 
    Source Clock Delay      (SCD):    0.973ns
    Clock Pessimism Removal (CPR):    0.000ns
  Clock Uncertainty:      0.035ns  ((TSJ^2 + TIJ^2)^1/2 + DJ) / 2 + PE
    Total System Jitter     (TSJ):    0.071ns
    Total Input Jitter      (TIJ):    0.000ns
    Discrete Jitter          (DJ):    0.000ns
    Phase Error              (PE):    0.000ns

    Location             Delay type                Incr(ns)  Path(ns)    Netlist Resource(s)
  -------------------------------------------------------------------    -------------------
                         (clock ap_clk rise edge)     0.000     0.000 r  
                                                      0.000     0.000 r  ap_clk (IN)
                         net (fo=666, unset)          0.973     0.973    bd_0_i/hls_inst/inst/ap_clk
    SLICE_X17Y30         FDRE                                         r  bd_0_i/hls_inst/inst/ap_CS_fsm_reg[3]/C
  -------------------------------------------------------------------    -------------------
    SLICE_X17Y30         FDRE (Prop_fdre_C_Q)         0.456     1.429 r  bd_0_i/hls_inst/inst/ap_CS_fsm_reg[3]/Q
                         net (fo=21, routed)          1.167     2.596    bd_0_i/hls_inst/inst/grp_dct_Pipeline_Row_DCT_Loop_DCT_Outer_Loop_fu_148/p_reg_reg_9[2]
    SLICE_X17Y25         LUT3 (Prop_lut3_I1_O)        0.154     2.750 r  bd_0_i/hls_inst/inst/grp_dct_Pipeline_Row_DCT_Loop_DCT_Outer_Loop_fu_148/ram_reg_0_7_0_0_i_3__2/O
                         net (fo=64, routed)          3.114     5.864    bd_0_i/hls_inst/inst/buf_2d_in_10_U/ram_reg_0_7_15_15/A1
    SLICE_X14Y13         RAMS32 (Prop_rams32_ADR1_O)
                                                      0.110     5.974 r  bd_0_i/hls_inst/inst/buf_2d_in_10_U/ram_reg_0_7_15_15/SP/O
                         net (fo=15, routed)          1.079     7.053    bd_0_i/hls_inst/inst/grp_dct_Pipeline_Row_DCT_Loop_DCT_Outer_Loop_fu_148/mac_muladd_16s_15s_29s_29_4_1_U17/dct_mac_muladd_16s_15s_29s_29_4_1_DSP48_0_U/m_reg_reg_0[15]
    DSP48_X0Y4           DSP48E1                                      r  bd_0_i/hls_inst/inst/grp_dct_Pipeline_Row_DCT_Loop_DCT_Outer_Loop_fu_148/mac_muladd_16s_15s_29s_29_4_1_U17/dct_mac_muladd_16s_15s_29s_29_4_1_DSP48_0_U/m_reg_reg/A[20]
  -------------------------------------------------------------------    -------------------

                         (clock ap_clk rise edge)    10.000    10.000 r  
                                                      0.000    10.000 r  ap_clk (IN)
                         net (fo=666, unset)          0.924    10.924    bd_0_i/hls_inst/inst/grp_dct_Pipeline_Row_DCT_Loop_DCT_Outer_Loop_fu_148/mac_muladd_16s_15s_29s_29_4_1_U17/dct_mac_muladd_16s_15s_29s_29_4_1_DSP48_0_U/ap_clk
    DSP48_X0Y4           DSP48E1                                      r  bd_0_i/hls_inst/inst/grp_dct_Pipeline_Row_DCT_Loop_DCT_Outer_Loop_fu_148/mac_muladd_16s_15s_29s_29_4_1_U17/dct_mac_muladd_16s_15s_29s_29_4_1_DSP48_0_U/m_reg_reg/CLK
                         clock pessimism              0.000    10.924    
                         clock uncertainty           -0.035    10.889    
    DSP48_X0Y4           DSP48E1 (Setup_dsp48e1_CLK_A[20])
                                                     -0.362    10.527    bd_0_i/hls_inst/inst/grp_dct_Pipeline_Row_DCT_Loop_DCT_Outer_Loop_fu_148/mac_muladd_16s_15s_29s_29_4_1_U17/dct_mac_muladd_16s_15s_29s_29_4_1_DSP48_0_U/m_reg_reg
  -------------------------------------------------------------------
                         required time                         10.527    
                         arrival time                          -7.053    
  -------------------------------------------------------------------
                         slack                                  3.474    

Slack (MET) :             3.474ns  (required time - arrival time)
  Source:                 bd_0_i/hls_inst/inst/ap_CS_fsm_reg[3]/C
                            (rising edge-triggered cell FDRE clocked by ap_clk  {rise@0.000ns fall@5.000ns period=10.000ns})
  Destination:            bd_0_i/hls_inst/inst/grp_dct_Pipeline_Row_DCT_Loop_DCT_Outer_Loop_fu_148/mac_muladd_16s_15s_29s_29_4_1_U17/dct_mac_muladd_16s_15s_29s_29_4_1_DSP48_0_U/m_reg_reg/A[21]
                            (rising edge-triggered cell DSP48E1 clocked by ap_clk  {rise@0.000ns fall@5.000ns period=10.000ns})
  Path Group:             ap_clk
  Path Type:              Setup (Max at Slow Process Corner)
  Requirement:            10.000ns  (ap_clk rise@10.000ns - ap_clk rise@0.000ns)
  Data Path Delay:        6.080ns  (logic 0.720ns (11.842%)  route 5.360ns (88.158%))
  Logic Levels:           2  (LUT3=1 RAMS32=1)
  Clock Path Skew:        -0.049ns (DCD - SCD + CPR)
    Destination Clock Delay (DCD):    0.924ns = ( 10.924 - 10.000 ) 
    Source Clock Delay      (SCD):    0.973ns
    Clock Pessimism Removal (CPR):    0.000ns
  Clock Uncertainty:      0.035ns  ((TSJ^2 + TIJ^2)^1/2 + DJ) / 2 + PE
    Total System Jitter     (TSJ):    0.071ns
    Total Input Jitter      (TIJ):    0.000ns
    Discrete Jitter          (DJ):    0.000ns
    Phase Error              (PE):    0.000ns

    Location             Delay type                Incr(ns)  Path(ns)    Netlist Resource(s)
  -------------------------------------------------------------------    -------------------
                         (clock ap_clk rise edge)     0.000     0.000 r  
                                                      0.000     0.000 r  ap_clk (IN)
                         net (fo=666, unset)          0.973     0.973    bd_0_i/hls_inst/inst/ap_clk
    SLICE_X17Y30         FDRE                                         r  bd_0_i/hls_inst/inst/ap_CS_fsm_reg[3]/C
  -------------------------------------------------------------------    -------------------
    SLICE_X17Y30         FDRE (Prop_fdre_C_Q)         0.456     1.429 r  bd_0_i/hls_inst/inst/ap_CS_fsm_reg[3]/Q
                         net (fo=21, routed)          1.167     2.596    bd_0_i/hls_inst/inst/grp_dct_Pipeline_Row_DCT_Loop_DCT_Outer_Loop_fu_148/p_reg_reg_9[2]
    SLICE_X17Y25         LUT3 (Prop_lut3_I1_O)        0.154     2.750 r  bd_0_i/hls_inst/inst/grp_dct_Pipeline_Row_DCT_Loop_DCT_Outer_Loop_fu_148/ram_reg_0_7_0_0_i_3__2/O
                         net (fo=64, routed)          3.114     5.864    bd_0_i/hls_inst/inst/buf_2d_in_10_U/ram_reg_0_7_15_15/A1
    SLICE_X14Y13         RAMS32 (Prop_rams32_ADR1_O)
                                                      0.110     5.974 r  bd_0_i/hls_inst/inst/buf_2d_in_10_U/ram_reg_0_7_15_15/SP/O
                         net (fo=15, routed)          1.079     7.053    bd_0_i/hls_inst/inst/grp_dct_Pipeline_Row_DCT_Loop_DCT_Outer_Loop_fu_148/mac_muladd_16s_15s_29s_29_4_1_U17/dct_mac_muladd_16s_15s_29s_29_4_1_DSP48_0_U/m_reg_reg_0[15]
    DSP48_X0Y4           DSP48E1                                      r  bd_0_i/hls_inst/inst/grp_dct_Pipeline_Row_DCT_Loop_DCT_Outer_Loop_fu_148/mac_muladd_16s_15s_29s_29_4_1_U17/dct_mac_muladd_16s_15s_29s_29_4_1_DSP48_0_U/m_reg_reg/A[21]
  -------------------------------------------------------------------    -------------------

                         (clock ap_clk rise edge)    10.000    10.000 r  
                                                      0.000    10.000 r  ap_clk (IN)
                         net (fo=666, unset)          0.924    10.924    bd_0_i/hls_inst/inst/grp_dct_Pipeline_Row_DCT_Loop_DCT_Outer_Loop_fu_148/mac_muladd_16s_15s_29s_29_4_1_U17/dct_mac_muladd_16s_15s_29s_29_4_1_DSP48_0_U/ap_clk
    DSP48_X0Y4           DSP48E1                                      r  bd_0_i/hls_inst/inst/grp_dct_Pipeline_Row_DCT_Loop_DCT_Outer_Loop_fu_148/mac_muladd_16s_15s_29s_29_4_1_U17/dct_mac_muladd_16s_15s_29s_29_4_1_DSP48_0_U/m_reg_reg/CLK
                         clock pessimism              0.000    10.924    
                         clock uncertainty           -0.035    10.889    
    DSP48_X0Y4           DSP48E1 (Setup_dsp48e1_CLK_A[21])
                                                     -0.362    10.527    bd_0_i/hls_inst/inst/grp_dct_Pipeline_Row_DCT_Loop_DCT_Outer_Loop_fu_148/mac_muladd_16s_15s_29s_29_4_1_U17/dct_mac_muladd_16s_15s_29s_29_4_1_DSP48_0_U/m_reg_reg
  -------------------------------------------------------------------
                         required time                         10.527    
                         arrival time                          -7.053    
  -------------------------------------------------------------------
                         slack                                  3.474    

Slack (MET) :             3.474ns  (required time - arrival time)
  Source:                 bd_0_i/hls_inst/inst/ap_CS_fsm_reg[3]/C
                            (rising edge-triggered cell FDRE clocked by ap_clk  {rise@0.000ns fall@5.000ns period=10.000ns})
  Destination:            bd_0_i/hls_inst/inst/grp_dct_Pipeline_Row_DCT_Loop_DCT_Outer_Loop_fu_148/mac_muladd_16s_15s_29s_29_4_1_U17/dct_mac_muladd_16s_15s_29s_29_4_1_DSP48_0_U/m_reg_reg/A[22]
                            (rising edge-triggered cell DSP48E1 clocked by ap_clk  {rise@0.000ns fall@5.000ns period=10.000ns})
  Path Group:             ap_clk
  Path Type:              Setup (Max at Slow Process Corner)
  Requirement:            10.000ns  (ap_clk rise@10.000ns - ap_clk rise@0.000ns)
  Data Path Delay:        6.080ns  (logic 0.720ns (11.842%)  route 5.360ns (88.158%))
  Logic Levels:           2  (LUT3=1 RAMS32=1)
  Clock Path Skew:        -0.049ns (DCD - SCD + CPR)
    Destination Clock Delay (DCD):    0.924ns = ( 10.924 - 10.000 ) 
    Source Clock Delay      (SCD):    0.973ns
    Clock Pessimism Removal (CPR):    0.000ns
  Clock Uncertainty:      0.035ns  ((TSJ^2 + TIJ^2)^1/2 + DJ) / 2 + PE
    Total System Jitter     (TSJ):    0.071ns
    Total Input Jitter      (TIJ):    0.000ns
    Discrete Jitter          (DJ):    0.000ns
    Phase Error              (PE):    0.000ns

    Location             Delay type                Incr(ns)  Path(ns)    Netlist Resource(s)
  -------------------------------------------------------------------    -------------------
                         (clock ap_clk rise edge)     0.000     0.000 r  
                                                      0.000     0.000 r  ap_clk (IN)
                         net (fo=666, unset)          0.973     0.973    bd_0_i/hls_inst/inst/ap_clk
    SLICE_X17Y30         FDRE                                         r  bd_0_i/hls_inst/inst/ap_CS_fsm_reg[3]/C
  -------------------------------------------------------------------    -------------------
    SLICE_X17Y30         FDRE (Prop_fdre_C_Q)         0.456     1.429 r  bd_0_i/hls_inst/inst/ap_CS_fsm_reg[3]/Q
                         net (fo=21, routed)          1.167     2.596    bd_0_i/hls_inst/inst/grp_dct_Pipeline_Row_DCT_Loop_DCT_Outer_Loop_fu_148/p_reg_reg_9[2]
    SLICE_X17Y25         LUT3 (Prop_lut3_I1_O)        0.154     2.750 r  bd_0_i/hls_inst/inst/grp_dct_Pipeline_Row_DCT_Loop_DCT_Outer_Loop_fu_148/ram_reg_0_7_0_0_i_3__2/O
                         net (fo=64, routed)          3.114     5.864    bd_0_i/hls_inst/inst/buf_2d_in_10_U/ram_reg_0_7_15_15/A1
    SLICE_X14Y13         RAMS32 (Prop_rams32_ADR1_O)
                                                      0.110     5.974 r  bd_0_i/hls_inst/inst/buf_2d_in_10_U/ram_reg_0_7_15_15/SP/O
                         net (fo=15, routed)          1.079     7.053    bd_0_i/hls_inst/inst/grp_dct_Pipeline_Row_DCT_Loop_DCT_Outer_Loop_fu_148/mac_muladd_16s_15s_29s_29_4_1_U17/dct_mac_muladd_16s_15s_29s_29_4_1_DSP48_0_U/m_reg_reg_0[15]
    DSP48_X0Y4           DSP48E1                                      r  bd_0_i/hls_inst/inst/grp_dct_Pipeline_Row_DCT_Loop_DCT_Outer_Loop_fu_148/mac_muladd_16s_15s_29s_29_4_1_U17/dct_mac_muladd_16s_15s_29s_29_4_1_DSP48_0_U/m_reg_reg/A[22]
  -------------------------------------------------------------------    -------------------

                         (clock ap_clk rise edge)    10.000    10.000 r  
                                                      0.000    10.000 r  ap_clk (IN)
                         net (fo=666, unset)          0.924    10.924    bd_0_i/hls_inst/inst/grp_dct_Pipeline_Row_DCT_Loop_DCT_Outer_Loop_fu_148/mac_muladd_16s_15s_29s_29_4_1_U17/dct_mac_muladd_16s_15s_29s_29_4_1_DSP48_0_U/ap_clk
    DSP48_X0Y4           DSP48E1                                      r  bd_0_i/hls_inst/inst/grp_dct_Pipeline_Row_DCT_Loop_DCT_Outer_Loop_fu_148/mac_muladd_16s_15s_29s_29_4_1_U17/dct_mac_muladd_16s_15s_29s_29_4_1_DSP48_0_U/m_reg_reg/CLK
                         clock pessimism              0.000    10.924    
                         clock uncertainty           -0.035    10.889    
    DSP48_X0Y4           DSP48E1 (Setup_dsp48e1_CLK_A[22])
                                                     -0.362    10.527    bd_0_i/hls_inst/inst/grp_dct_Pipeline_Row_DCT_Loop_DCT_Outer_Loop_fu_148/mac_muladd_16s_15s_29s_29_4_1_U17/dct_mac_muladd_16s_15s_29s_29_4_1_DSP48_0_U/m_reg_reg
  -------------------------------------------------------------------
                         required time                         10.527    
                         arrival time                          -7.053    
  -------------------------------------------------------------------
                         slack                                  3.474    

Slack (MET) :             3.474ns  (required time - arrival time)
  Source:                 bd_0_i/hls_inst/inst/ap_CS_fsm_reg[3]/C
                            (rising edge-triggered cell FDRE clocked by ap_clk  {rise@0.000ns fall@5.000ns period=10.000ns})
  Destination:            bd_0_i/hls_inst/inst/grp_dct_Pipeline_Row_DCT_Loop_DCT_Outer_Loop_fu_148/mac_muladd_16s_15s_29s_29_4_1_U17/dct_mac_muladd_16s_15s_29s_29_4_1_DSP48_0_U/m_reg_reg/A[23]
                            (rising edge-triggered cell DSP48E1 clocked by ap_clk  {rise@0.000ns fall@5.000ns period=10.000ns})
  Path Group:             ap_clk
  Path Type:              Setup (Max at Slow Process Corner)
  Requirement:            10.000ns  (ap_clk rise@10.000ns - ap_clk rise@0.000ns)
  Data Path Delay:        6.080ns  (logic 0.720ns (11.842%)  route 5.360ns (88.158%))
  Logic Levels:           2  (LUT3=1 RAMS32=1)
  Clock Path Skew:        -0.049ns (DCD - SCD + CPR)
    Destination Clock Delay (DCD):    0.924ns = ( 10.924 - 10.000 ) 
    Source Clock Delay      (SCD):    0.973ns
    Clock Pessimism Removal (CPR):    0.000ns
  Clock Uncertainty:      0.035ns  ((TSJ^2 + TIJ^2)^1/2 + DJ) / 2 + PE
    Total System Jitter     (TSJ):    0.071ns
    Total Input Jitter      (TIJ):    0.000ns
    Discrete Jitter          (DJ):    0.000ns
    Phase Error              (PE):    0.000ns

    Location             Delay type                Incr(ns)  Path(ns)    Netlist Resource(s)
  -------------------------------------------------------------------    -------------------
                         (clock ap_clk rise edge)     0.000     0.000 r  
                                                      0.000     0.000 r  ap_clk (IN)
                         net (fo=666, unset)          0.973     0.973    bd_0_i/hls_inst/inst/ap_clk
    SLICE_X17Y30         FDRE                                         r  bd_0_i/hls_inst/inst/ap_CS_fsm_reg[3]/C
  -------------------------------------------------------------------    -------------------
    SLICE_X17Y30         FDRE (Prop_fdre_C_Q)         0.456     1.429 r  bd_0_i/hls_inst/inst/ap_CS_fsm_reg[3]/Q
                         net (fo=21, routed)          1.167     2.596    bd_0_i/hls_inst/inst/grp_dct_Pipeline_Row_DCT_Loop_DCT_Outer_Loop_fu_148/p_reg_reg_9[2]
    SLICE_X17Y25         LUT3 (Prop_lut3_I1_O)        0.154     2.750 r  bd_0_i/hls_inst/inst/grp_dct_Pipeline_Row_DCT_Loop_DCT_Outer_Loop_fu_148/ram_reg_0_7_0_0_i_3__2/O
                         net (fo=64, routed)          3.114     5.864    bd_0_i/hls_inst/inst/buf_2d_in_10_U/ram_reg_0_7_15_15/A1
    SLICE_X14Y13         RAMS32 (Prop_rams32_ADR1_O)
                                                      0.110     5.974 r  bd_0_i/hls_inst/inst/buf_2d_in_10_U/ram_reg_0_7_15_15/SP/O
                         net (fo=15, routed)          1.079     7.053    bd_0_i/hls_inst/inst/grp_dct_Pipeline_Row_DCT_Loop_DCT_Outer_Loop_fu_148/mac_muladd_16s_15s_29s_29_4_1_U17/dct_mac_muladd_16s_15s_29s_29_4_1_DSP48_0_U/m_reg_reg_0[15]
    DSP48_X0Y4           DSP48E1                                      r  bd_0_i/hls_inst/inst/grp_dct_Pipeline_Row_DCT_Loop_DCT_Outer_Loop_fu_148/mac_muladd_16s_15s_29s_29_4_1_U17/dct_mac_muladd_16s_15s_29s_29_4_1_DSP48_0_U/m_reg_reg/A[23]
  -------------------------------------------------------------------    -------------------

                         (clock ap_clk rise edge)    10.000    10.000 r  
                                                      0.000    10.000 r  ap_clk (IN)
                         net (fo=666, unset)          0.924    10.924    bd_0_i/hls_inst/inst/grp_dct_Pipeline_Row_DCT_Loop_DCT_Outer_Loop_fu_148/mac_muladd_16s_15s_29s_29_4_1_U17/dct_mac_muladd_16s_15s_29s_29_4_1_DSP48_0_U/ap_clk
    DSP48_X0Y4           DSP48E1                                      r  bd_0_i/hls_inst/inst/grp_dct_Pipeline_Row_DCT_Loop_DCT_Outer_Loop_fu_148/mac_muladd_16s_15s_29s_29_4_1_U17/dct_mac_muladd_16s_15s_29s_29_4_1_DSP48_0_U/m_reg_reg/CLK
                         clock pessimism              0.000    10.924    
                         clock uncertainty           -0.035    10.889    
    DSP48_X0Y4           DSP48E1 (Setup_dsp48e1_CLK_A[23])
                                                     -0.362    10.527    bd_0_i/hls_inst/inst/grp_dct_Pipeline_Row_DCT_Loop_DCT_Outer_Loop_fu_148/mac_muladd_16s_15s_29s_29_4_1_U17/dct_mac_muladd_16s_15s_29s_29_4_1_DSP48_0_U/m_reg_reg
  -------------------------------------------------------------------
                         required time                         10.527    
                         arrival time                          -7.053    
  -------------------------------------------------------------------
                         slack                                  3.474    

Slack (MET) :             3.487ns  (required time - arrival time)
  Source:                 bd_0_i/hls_inst/inst/ap_CS_fsm_reg[7]/C
                            (rising edge-triggered cell FDRE clocked by ap_clk  {rise@0.000ns fall@5.000ns period=10.000ns})
  Destination:            bd_0_i/hls_inst/inst/grp_dct_Pipeline_Col_DCT_Loop_DCT_Outer_Loop_fu_190/mac_muladd_16s_15s_29s_29_4_1_U55/dct_mac_muladd_16s_15s_29s_29_4_1_DSP48_0_U/p_reg_reg/A[12]
                            (rising edge-triggered cell DSP48E1 clocked by ap_clk  {rise@0.000ns fall@5.000ns period=10.000ns})
  Path Group:             ap_clk
  Path Type:              Setup (Max at Slow Process Corner)
  Requirement:            10.000ns  (ap_clk rise@10.000ns - ap_clk rise@0.000ns)
  Data Path Delay:        6.067ns  (logic 3.287ns (54.176%)  route 2.780ns (45.824%))
  Logic Levels:           2  (LUT3=1 RAMS32=1)
  Clock Path Skew:        -0.049ns (DCD - SCD + CPR)
    Destination Clock Delay (DCD):    0.924ns = ( 10.924 - 10.000 ) 
    Source Clock Delay      (SCD):    0.973ns
    Clock Pessimism Removal (CPR):    0.000ns
  Clock Uncertainty:      0.035ns  ((TSJ^2 + TIJ^2)^1/2 + DJ) / 2 + PE
    Total System Jitter     (TSJ):    0.071ns
    Total Input Jitter      (TIJ):    0.000ns
    Discrete Jitter          (DJ):    0.000ns
    Phase Error              (PE):    0.000ns

    Location             Delay type                Incr(ns)  Path(ns)    Netlist Resource(s)
  -------------------------------------------------------------------    -------------------
                         (clock ap_clk rise edge)     0.000     0.000 r  
                                                      0.000     0.000 r  ap_clk (IN)
                         net (fo=666, unset)          0.973     0.973    bd_0_i/hls_inst/inst/ap_clk
    SLICE_X15Y29         FDRE                                         r  bd_0_i/hls_inst/inst/ap_CS_fsm_reg[7]/C
  -------------------------------------------------------------------    -------------------
    SLICE_X15Y29         FDRE (Prop_fdre_C_Q)         0.456     1.429 r  bd_0_i/hls_inst/inst/ap_CS_fsm_reg[7]/Q
                         net (fo=98, routed)          0.986     2.415    bd_0_i/hls_inst/inst/grp_dct_Pipeline_Col_DCT_Loop_DCT_Outer_Loop_fu_190/m_reg_reg_3[3]
    SLICE_X15Y26         LUT3 (Prop_lut3_I1_O)        0.124     2.539 r  bd_0_i/hls_inst/inst/grp_dct_Pipeline_Col_DCT_Loop_DCT_Outer_Loop_fu_190/ram_reg_0_7_0_0_i_3/O
                         net (fo=64, routed)          1.398     3.937    bd_0_i/hls_inst/inst/col_inbuf_U/ram_reg_0_7_12_12/A1
    SLICE_X22Y18         RAMS32 (Prop_rams32_ADR1_O)
                                                      2.707     6.644 r  bd_0_i/hls_inst/inst/col_inbuf_U/ram_reg_0_7_12_12/SP/O
                         net (fo=1, routed)           0.396     7.040    bd_0_i/hls_inst/inst/grp_dct_Pipeline_Col_DCT_Loop_DCT_Outer_Loop_fu_190/mac_muladd_16s_15s_29s_29_4_1_U55/dct_mac_muladd_16s_15s_29s_29_4_1_DSP48_0_U/A[12]
    DSP48_X1Y7           DSP48E1                                      r  bd_0_i/hls_inst/inst/grp_dct_Pipeline_Col_DCT_Loop_DCT_Outer_Loop_fu_190/mac_muladd_16s_15s_29s_29_4_1_U55/dct_mac_muladd_16s_15s_29s_29_4_1_DSP48_0_U/p_reg_reg/A[12]
  -------------------------------------------------------------------    -------------------

                         (clock ap_clk rise edge)    10.000    10.000 r  
                                                      0.000    10.000 r  ap_clk (IN)
                         net (fo=666, unset)          0.924    10.924    bd_0_i/hls_inst/inst/grp_dct_Pipeline_Col_DCT_Loop_DCT_Outer_Loop_fu_190/mac_muladd_16s_15s_29s_29_4_1_U55/dct_mac_muladd_16s_15s_29s_29_4_1_DSP48_0_U/ap_clk
    DSP48_X1Y7           DSP48E1                                      r  bd_0_i/hls_inst/inst/grp_dct_Pipeline_Col_DCT_Loop_DCT_Outer_Loop_fu_190/mac_muladd_16s_15s_29s_29_4_1_U55/dct_mac_muladd_16s_15s_29s_29_4_1_DSP48_0_U/p_reg_reg/CLK
                         clock pessimism              0.000    10.924    
                         clock uncertainty           -0.035    10.889    
    DSP48_X1Y7           DSP48E1 (Setup_dsp48e1_CLK_A[12])
                                                     -0.362    10.527    bd_0_i/hls_inst/inst/grp_dct_Pipeline_Col_DCT_Loop_DCT_Outer_Loop_fu_190/mac_muladd_16s_15s_29s_29_4_1_U55/dct_mac_muladd_16s_15s_29s_29_4_1_DSP48_0_U/p_reg_reg
  -------------------------------------------------------------------
                         required time                         10.527    
                         arrival time                          -7.040    
  -------------------------------------------------------------------
                         slack                                  3.487    

Slack (MET) :             3.580ns  (required time - arrival time)
  Source:                 bd_0_i/hls_inst/inst/ap_CS_fsm_reg[3]/C
                            (rising edge-triggered cell FDRE clocked by ap_clk  {rise@0.000ns fall@5.000ns period=10.000ns})
  Destination:            bd_0_i/hls_inst/inst/grp_dct_Pipeline_Row_DCT_Loop_DCT_Outer_Loop_fu_148/mac_muladd_16s_15s_29s_29_4_1_U17/dct_mac_muladd_16s_15s_29s_29_4_1_DSP48_0_U/m_reg_reg/A[2]
                            (rising edge-triggered cell DSP48E1 clocked by ap_clk  {rise@0.000ns fall@5.000ns period=10.000ns})
  Path Group:             ap_clk
  Path Type:              Setup (Max at Slow Process Corner)
  Requirement:            10.000ns  (ap_clk rise@10.000ns - ap_clk rise@0.000ns)
  Data Path Delay:        5.974ns  (logic 0.956ns (16.002%)  route 5.018ns (83.998%))
  Logic Levels:           2  (LUT3=1 RAMS32=1)
  Clock Path Skew:        -0.049ns (DCD - SCD + CPR)
    Destination Clock Delay (DCD):    0.924ns = ( 10.924 - 10.000 ) 
    Source Clock Delay      (SCD):    0.973ns
    Clock Pessimism Removal (CPR):    0.000ns
  Clock Uncertainty:      0.035ns  ((TSJ^2 + TIJ^2)^1/2 + DJ) / 2 + PE
    Total System Jitter     (TSJ):    0.071ns
    Total Input Jitter      (TIJ):    0.000ns
    Discrete Jitter          (DJ):    0.000ns
    Phase Error              (PE):    0.000ns

    Location             Delay type                Incr(ns)  Path(ns)    Netlist Resource(s)
  -------------------------------------------------------------------    -------------------
                         (clock ap_clk rise edge)     0.000     0.000 r  
                                                      0.000     0.000 r  ap_clk (IN)
                         net (fo=666, unset)          0.973     0.973    bd_0_i/hls_inst/inst/ap_clk
    SLICE_X17Y30         FDRE                                         r  bd_0_i/hls_inst/inst/ap_CS_fsm_reg[3]/C
  -------------------------------------------------------------------    -------------------
    SLICE_X17Y30         FDRE (Prop_fdre_C_Q)         0.456     1.429 r  bd_0_i/hls_inst/inst/ap_CS_fsm_reg[3]/Q
                         net (fo=21, routed)          0.996     2.425    bd_0_i/hls_inst/inst/grp_dct_Pipeline_Row_DCT_Loop_DCT_Outer_Loop_fu_148/p_reg_reg_9[2]
    SLICE_X20Y29         LUT3 (Prop_lut3_I1_O)        0.152     2.577 r  bd_0_i/hls_inst/inst/grp_dct_Pipeline_Row_DCT_Loop_DCT_Outer_Loop_fu_148/ram_reg_0_7_0_0_i_4__2/O
                         net (fo=64, routed)          3.266     5.843    bd_0_i/hls_inst/inst/buf_2d_in_10_U/ram_reg_0_7_2_2/A2
    SLICE_X16Y11         RAMS32 (Prop_rams32_ADR2_O)
                                                      0.348     6.191 r  bd_0_i/hls_inst/inst/buf_2d_in_10_U/ram_reg_0_7_2_2/SP/O
                         net (fo=1, routed)           0.757     6.947    bd_0_i/hls_inst/inst/grp_dct_Pipeline_Row_DCT_Loop_DCT_Outer_Loop_fu_148/mac_muladd_16s_15s_29s_29_4_1_U17/dct_mac_muladd_16s_15s_29s_29_4_1_DSP48_0_U/m_reg_reg_0[2]
    DSP48_X0Y4           DSP48E1                                      r  bd_0_i/hls_inst/inst/grp_dct_Pipeline_Row_DCT_Loop_DCT_Outer_Loop_fu_148/mac_muladd_16s_15s_29s_29_4_1_U17/dct_mac_muladd_16s_15s_29s_29_4_1_DSP48_0_U/m_reg_reg/A[2]
  -------------------------------------------------------------------    -------------------

                         (clock ap_clk rise edge)    10.000    10.000 r  
                                                      0.000    10.000 r  ap_clk (IN)
                         net (fo=666, unset)          0.924    10.924    bd_0_i/hls_inst/inst/grp_dct_Pipeline_Row_DCT_Loop_DCT_Outer_Loop_fu_148/mac_muladd_16s_15s_29s_29_4_1_U17/dct_mac_muladd_16s_15s_29s_29_4_1_DSP48_0_U/ap_clk
    DSP48_X0Y4           DSP48E1                                      r  bd_0_i/hls_inst/inst/grp_dct_Pipeline_Row_DCT_Loop_DCT_Outer_Loop_fu_148/mac_muladd_16s_15s_29s_29_4_1_U17/dct_mac_muladd_16s_15s_29s_29_4_1_DSP48_0_U/m_reg_reg/CLK
                         clock pessimism              0.000    10.924    
                         clock uncertainty           -0.035    10.889    
    DSP48_X0Y4           DSP48E1 (Setup_dsp48e1_CLK_A[2])
                                                     -0.362    10.527    bd_0_i/hls_inst/inst/grp_dct_Pipeline_Row_DCT_Loop_DCT_Outer_Loop_fu_148/mac_muladd_16s_15s_29s_29_4_1_U17/dct_mac_muladd_16s_15s_29s_29_4_1_DSP48_0_U/m_reg_reg
  -------------------------------------------------------------------
                         required time                         10.527    
                         arrival time                          -6.947    
  -------------------------------------------------------------------
                         slack                                  3.580    

Slack (MET) :             3.603ns  (required time - arrival time)
  Source:                 bd_0_i/hls_inst/inst/ap_CS_fsm_reg[3]/C
                            (rising edge-triggered cell FDRE clocked by ap_clk  {rise@0.000ns fall@5.000ns period=10.000ns})
  Destination:            bd_0_i/hls_inst/inst/grp_dct_Pipeline_Row_DCT_Loop_DCT_Outer_Loop_fu_148/mac_muladd_16s_15s_29s_29_4_1_U17/dct_mac_muladd_16s_15s_29s_29_4_1_DSP48_0_U/m_reg_reg/A[10]
                            (rising edge-triggered cell DSP48E1 clocked by ap_clk  {rise@0.000ns fall@5.000ns period=10.000ns})
  Path Group:             ap_clk
  Path Type:              Setup (Max at Slow Process Corner)
  Requirement:            10.000ns  (ap_clk rise@10.000ns - ap_clk rise@0.000ns)
  Data Path Delay:        5.951ns  (logic 0.993ns (16.686%)  route 4.958ns (83.314%))
  Logic Levels:           2  (LUT3=1 RAMS32=1)
  Clock Path Skew:        -0.049ns (DCD - SCD + CPR)
    Destination Clock Delay (DCD):    0.924ns = ( 10.924 - 10.000 ) 
    Source Clock Delay      (SCD):    0.973ns
    Clock Pessimism Removal (CPR):    0.000ns
  Clock Uncertainty:      0.035ns  ((TSJ^2 + TIJ^2)^1/2 + DJ) / 2 + PE
    Total System Jitter     (TSJ):    0.071ns
    Total Input Jitter      (TIJ):    0.000ns
    Discrete Jitter          (DJ):    0.000ns
    Phase Error              (PE):    0.000ns

    Location             Delay type                Incr(ns)  Path(ns)    Netlist Resource(s)
  -------------------------------------------------------------------    -------------------
                         (clock ap_clk rise edge)     0.000     0.000 r  
                                                      0.000     0.000 r  ap_clk (IN)
                         net (fo=666, unset)          0.973     0.973    bd_0_i/hls_inst/inst/ap_clk
    SLICE_X17Y30         FDRE                                         r  bd_0_i/hls_inst/inst/ap_CS_fsm_reg[3]/C
  -------------------------------------------------------------------    -------------------
    SLICE_X17Y30         FDRE (Prop_fdre_C_Q)         0.456     1.429 r  bd_0_i/hls_inst/inst/ap_CS_fsm_reg[3]/Q
                         net (fo=21, routed)          0.996     2.425    bd_0_i/hls_inst/inst/grp_dct_Pipeline_Row_DCT_Loop_DCT_Outer_Loop_fu_148/p_reg_reg_9[2]
    SLICE_X20Y29         LUT3 (Prop_lut3_I1_O)        0.152     2.577 r  bd_0_i/hls_inst/inst/grp_dct_Pipeline_Row_DCT_Loop_DCT_Outer_Loop_fu_148/ram_reg_0_7_0_0_i_4__2/O
                         net (fo=64, routed)          3.256     5.833    bd_0_i/hls_inst/inst/buf_2d_in_10_U/ram_reg_0_7_10_10/A2
    SLICE_X14Y12         RAMS32 (Prop_rams32_ADR2_O)
                                                      0.385     6.218 r  bd_0_i/hls_inst/inst/buf_2d_in_10_U/ram_reg_0_7_10_10/SP/O
                         net (fo=1, routed)           0.707     6.924    bd_0_i/hls_inst/inst/grp_dct_Pipeline_Row_DCT_Loop_DCT_Outer_Loop_fu_148/mac_muladd_16s_15s_29s_29_4_1_U17/dct_mac_muladd_16s_15s_29s_29_4_1_DSP48_0_U/m_reg_reg_0[10]
    DSP48_X0Y4           DSP48E1                                      r  bd_0_i/hls_inst/inst/grp_dct_Pipeline_Row_DCT_Loop_DCT_Outer_Loop_fu_148/mac_muladd_16s_15s_29s_29_4_1_U17/dct_mac_muladd_16s_15s_29s_29_4_1_DSP48_0_U/m_reg_reg/A[10]
  -------------------------------------------------------------------    -------------------

                         (clock ap_clk rise edge)    10.000    10.000 r  
                                                      0.000    10.000 r  ap_clk (IN)
                         net (fo=666, unset)          0.924    10.924    bd_0_i/hls_inst/inst/grp_dct_Pipeline_Row_DCT_Loop_DCT_Outer_Loop_fu_148/mac_muladd_16s_15s_29s_29_4_1_U17/dct_mac_muladd_16s_15s_29s_29_4_1_DSP48_0_U/ap_clk
    DSP48_X0Y4           DSP48E1                                      r  bd_0_i/hls_inst/inst/grp_dct_Pipeline_Row_DCT_Loop_DCT_Outer_Loop_fu_148/mac_muladd_16s_15s_29s_29_4_1_U17/dct_mac_muladd_16s_15s_29s_29_4_1_DSP48_0_U/m_reg_reg/CLK
                         clock pessimism              0.000    10.924    
                         clock uncertainty           -0.035    10.889    
    DSP48_X0Y4           DSP48E1 (Setup_dsp48e1_CLK_A[10])
                                                     -0.362    10.527    bd_0_i/hls_inst/inst/grp_dct_Pipeline_Row_DCT_Loop_DCT_Outer_Loop_fu_148/mac_muladd_16s_15s_29s_29_4_1_U17/dct_mac_muladd_16s_15s_29s_29_4_1_DSP48_0_U/m_reg_reg
  -------------------------------------------------------------------
                         required time                         10.527    
                         arrival time                          -6.924    
  -------------------------------------------------------------------
                         slack                                  3.603    

Slack (MET) :             3.605ns  (required time - arrival time)
  Source:                 bd_0_i/hls_inst/inst/ap_CS_fsm_reg[3]/C
                            (rising edge-triggered cell FDRE clocked by ap_clk  {rise@0.000ns fall@5.000ns period=10.000ns})
  Destination:            bd_0_i/hls_inst/inst/grp_dct_Pipeline_Row_DCT_Loop_DCT_Outer_Loop_fu_148/mac_muladd_16s_15s_29s_29_4_1_U17/dct_mac_muladd_16s_15s_29s_29_4_1_DSP48_0_U/m_reg_reg/A[1]
                            (rising edge-triggered cell DSP48E1 clocked by ap_clk  {rise@0.000ns fall@5.000ns period=10.000ns})
  Path Group:             ap_clk
  Path Type:              Setup (Max at Slow Process Corner)
  Requirement:            10.000ns  (ap_clk rise@10.000ns - ap_clk rise@0.000ns)
  Data Path Delay:        5.949ns  (logic 0.947ns (15.919%)  route 5.002ns (84.081%))
  Logic Levels:           2  (LUT3=1 RAMS32=1)
  Clock Path Skew:        -0.049ns (DCD - SCD + CPR)
    Destination Clock Delay (DCD):    0.924ns = ( 10.924 - 10.000 ) 
    Source Clock Delay      (SCD):    0.973ns
    Clock Pessimism Removal (CPR):    0.000ns
  Clock Uncertainty:      0.035ns  ((TSJ^2 + TIJ^2)^1/2 + DJ) / 2 + PE
    Total System Jitter     (TSJ):    0.071ns
    Total Input Jitter      (TIJ):    0.000ns
    Discrete Jitter          (DJ):    0.000ns
    Phase Error              (PE):    0.000ns

    Location             Delay type                Incr(ns)  Path(ns)    Netlist Resource(s)
  -------------------------------------------------------------------    -------------------
                         (clock ap_clk rise edge)     0.000     0.000 r  
                                                      0.000     0.000 r  ap_clk (IN)
                         net (fo=666, unset)          0.973     0.973    bd_0_i/hls_inst/inst/ap_clk
    SLICE_X17Y30         FDRE                                         r  bd_0_i/hls_inst/inst/ap_CS_fsm_reg[3]/C
  -------------------------------------------------------------------    -------------------
    SLICE_X17Y30         FDRE (Prop_fdre_C_Q)         0.456     1.429 r  bd_0_i/hls_inst/inst/ap_CS_fsm_reg[3]/Q
                         net (fo=21, routed)          0.996     2.425    bd_0_i/hls_inst/inst/grp_dct_Pipeline_Row_DCT_Loop_DCT_Outer_Loop_fu_148/p_reg_reg_9[2]
    SLICE_X20Y29         LUT3 (Prop_lut3_I1_O)        0.152     2.577 r  bd_0_i/hls_inst/inst/grp_dct_Pipeline_Row_DCT_Loop_DCT_Outer_Loop_fu_148/ram_reg_0_7_0_0_i_4__2/O
                         net (fo=64, routed)          3.405     5.982    bd_0_i/hls_inst/inst/buf_2d_in_10_U/ram_reg_0_7_1_1/A2
    SLICE_X14Y13         RAMS32 (Prop_rams32_ADR2_O)
                                                      0.339     6.321 r  bd_0_i/hls_inst/inst/buf_2d_in_10_U/ram_reg_0_7_1_1/SP/O
                         net (fo=1, routed)           0.601     6.922    bd_0_i/hls_inst/inst/grp_dct_Pipeline_Row_DCT_Loop_DCT_Outer_Loop_fu_148/mac_muladd_16s_15s_29s_29_4_1_U17/dct_mac_muladd_16s_15s_29s_29_4_1_DSP48_0_U/m_reg_reg_0[1]
    DSP48_X0Y4           DSP48E1                                      r  bd_0_i/hls_inst/inst/grp_dct_Pipeline_Row_DCT_Loop_DCT_Outer_Loop_fu_148/mac_muladd_16s_15s_29s_29_4_1_U17/dct_mac_muladd_16s_15s_29s_29_4_1_DSP48_0_U/m_reg_reg/A[1]
  -------------------------------------------------------------------    -------------------

                         (clock ap_clk rise edge)    10.000    10.000 r  
                                                      0.000    10.000 r  ap_clk (IN)
                         net (fo=666, unset)          0.924    10.924    bd_0_i/hls_inst/inst/grp_dct_Pipeline_Row_DCT_Loop_DCT_Outer_Loop_fu_148/mac_muladd_16s_15s_29s_29_4_1_U17/dct_mac_muladd_16s_15s_29s_29_4_1_DSP48_0_U/ap_clk
    DSP48_X0Y4           DSP48E1                                      r  bd_0_i/hls_inst/inst/grp_dct_Pipeline_Row_DCT_Loop_DCT_Outer_Loop_fu_148/mac_muladd_16s_15s_29s_29_4_1_U17/dct_mac_muladd_16s_15s_29s_29_4_1_DSP48_0_U/m_reg_reg/CLK
                         clock pessimism              0.000    10.924    
                         clock uncertainty           -0.035    10.889    
    DSP48_X0Y4           DSP48E1 (Setup_dsp48e1_CLK_A[1])
                                                     -0.362    10.527    bd_0_i/hls_inst/inst/grp_dct_Pipeline_Row_DCT_Loop_DCT_Outer_Loop_fu_148/mac_muladd_16s_15s_29s_29_4_1_U17/dct_mac_muladd_16s_15s_29s_29_4_1_DSP48_0_U/m_reg_reg
  -------------------------------------------------------------------
                         required time                         10.527    
                         arrival time                          -6.922    
  -------------------------------------------------------------------
                         slack                                  3.605    




