#-----------------------------------------------------------
# Vivado v2024.1 (64-bit)
# SW Build 5076996 on Wed May 22 18:37:14 MDT 2024
# IP Build 5075265 on Wed May 22 21:45:21 MDT 2024
# SharedData Build 5076995 on Wed May 22 18:29:18 MDT 2024
# Start of session at: Thu Nov 21 14:43:54 2024
# Process ID: 8756
# Current directory: E:/robot/project/FPGA/sample/UART_PS/UART_IP
# Command line: vivado.exe -gui_launcher_event rodinguilauncherevent32876 E:\robot\project\FPGA\sample\UART_PS\UART_IP\UART_IP.xpr
# Log file: E:/robot/project/FPGA/sample/UART_PS/UART_IP/vivado.log
# Journal file: E:/robot/project/FPGA/sample/UART_PS/UART_IP\vivado.jou
# Running On        :nightt_insider
# Platform          :Windows Server 2016 or Windows 10
# Operating System  :22631
# Processor Detail  :AMD Ryzen 7 5800U with Radeon Graphics         
# CPU Frequency     :1896 MHz
# CPU Physical cores:8
# CPU Logical cores :16
# Host memory       :16487 MB
# Swap memory       :24168 MB
# Total Virtual     :40656 MB
# Available Virtual :7916 MB
#-----------------------------------------------------------
start_gui
open_project E:/robot/project/FPGA/sample/UART_PS/UART_IP/UART_IP.xpr
update_compile_order -fileset sources_1
launch_runs impl_1 -to_step write_bitstream -jobs 16
wait_on_run impl_1
open_run impl_1
