

================================================================
== Vitis HLS Report for 'fir_wrap_Pipeline_VITIS_LOOP_19_1'
================================================================
* Date:           Thu Oct 24 17:34:18 2024

* Version:        2024.1 (Build 5069499 on May 21 2024)
* Project:        fir_hoisting
* Solution:       hoisting (Vivado IP Flow Target)
* Product family: zynq
* Target device:  xc7z020-clg484-1


================================================================
== Performance Estimates
================================================================
+ Timing: 
    * Summary: 
    +--------+---------+----------+------------+
    |  Clock |  Target | Estimated| Uncertainty|
    +--------+---------+----------+------------+
    |ap_clk  |  5.00 ns|  3.950 ns|     1.35 ns|
    +--------+---------+----------+------------+

+ Latency: 
    * Summary: 
    +---------+---------+----------+----------+-----+-----+-----------------------------------------------+
    |  Latency (cycles) |  Latency (absolute) |  Interval |                    Pipeline                   |
    |   min   |   max   |    min   |    max   | min | max |                      Type                     |
    +---------+---------+----------+----------+-----+-----+-----------------------------------------------+
    |      205|      205|  1.025 us|  1.025 us|  198|  198|  loop auto-rewind stp(delay=0 clock cycles(s))|
    +---------+---------+----------+----------+-----+-----+-----------------------------------------------+

    + Detail: 
        * Instance: 
        N/A

        * Loop: 
        +-------------------+---------+---------+----------+-----------+-----------+------+----------+
        |                   |  Latency (cycles) | Iteration|  Initiation Interval  | Trip |          |
        |     Loop Name     |   min   |   max   |  Latency |  achieved |   target  | Count| Pipelined|
        +-------------------+---------+---------+----------+-----------+-----------+------+----------+
        |- VITIS_LOOP_19_1  |      203|      203|        10|          2|          1|    98|       yes|
        +-------------------+---------+---------+----------+-----------+-----------+------+----------+



================================================================
== Utilization Estimates
================================================================
* Summary: 
+-----------------+---------+-----+--------+-------+-----+
|       Name      | BRAM_18K| DSP |   FF   |  LUT  | URAM|
+-----------------+---------+-----+--------+-------+-----+
|DSP              |        -|    -|       -|      -|    -|
|Expression       |        -|    -|       0|     69|    -|
|FIFO             |        -|    -|       -|      -|    -|
|Instance         |        -|    -|       -|      -|    -|
|Memory           |        -|    -|       -|      -|    -|
|Multiplexer      |        -|    -|       0|     68|    -|
|Register         |        -|    -|     264|     32|    -|
+-----------------+---------+-----+--------+-------+-----+
|Total            |        0|    0|     264|    169|    0|
+-----------------+---------+-----+--------+-------+-----+
|Available        |      280|  220|  106400|  53200|    0|
+-----------------+---------+-----+--------+-------+-----+
|Utilization (%)  |        0|    0|      ~0|     ~0|    0|
+-----------------+---------+-----+--------+-------+-----+

+ Detail: 
    * Instance: 
    N/A

    * DSP: 
    N/A

    * Memory: 
    N/A

    * FIFO: 
    N/A

    * Expression: 
    +---------------------+----------+----+---+----+------------+------------+
    |    Variable Name    | Operation| DSP| FF| LUT| Bitwidth P0| Bitwidth P1|
    +---------------------+----------+----+---+----+------------+------------+
    |acc_1_fu_131_p2      |         +|   0|  0|  39|          32|          32|
    |add_ln21_fu_110_p2   |         +|   0|  0|  14|           7|           2|
    |icmp_ln19_fu_104_p2  |      icmp|   0|  0|  14|           7|           1|
    |ap_enable_pp0        |       xor|   0|  0|   2|           1|           2|
    +---------------------+----------+----+---+----+------------+------------+
    |Total                |          |   0|  0|  69|          47|          37|
    +---------------------+----------+----+---+----+------------+------------+

    * Multiplexer: 
    +-------------------------+----+-----------+-----+-----------+
    |           Name          | LUT| Input Size| Bits| Total Bits|
    +-------------------------+----+-----------+-----+-----------+
    |acc_fu_34                |   9|          2|   32|         64|
    |ap_NS_fsm                |  14|          3|    1|          3|
    |ap_done_int              |   9|          2|    1|          2|
    |ap_enable_reg_pp0_iter0  |   9|          2|    1|          2|
    |ap_enable_reg_pp0_iter1  |   9|          2|    1|          2|
    |ap_sig_allocacmp_i_2     |   9|          2|    7|         14|
    |i_fu_38                  |   9|          2|    7|         14|
    +-------------------------+----+-----------+-----+-----------+
    |Total                    |  68|         15|   50|        101|
    +-------------------------+----+-----------+-----+-----------+

    * Register: 
    +----------------------------------+----+----+-----+-----------+
    |               Name               | FF | LUT| Bits| Const Bits|
    +----------------------------------+----+----+-----+-----------+
    |acc_1_reg_205                     |  32|   0|   32|          0|
    |acc_fu_34                         |  32|   0|   32|          0|
    |add_ln21_reg_168                  |   7|   0|    7|          0|
    |ap_CS_fsm                         |   2|   0|    2|          0|
    |ap_done_reg                       |   1|   0|    1|          0|
    |ap_enable_reg_pp0_iter0_reg       |   1|   0|    1|          0|
    |ap_enable_reg_pp0_iter1           |   1|   0|    1|          0|
    |ap_enable_reg_pp0_iter2           |   1|   0|    1|          0|
    |ap_enable_reg_pp0_iter3           |   1|   0|    1|          0|
    |ap_enable_reg_pp0_iter4           |   1|   0|    1|          0|
    |ap_loop_exit_ready_pp0_iter1_reg  |   1|   0|    1|          0|
    |ap_loop_exit_ready_pp0_iter2_reg  |   1|   0|    1|          0|
    |ap_loop_exit_ready_pp0_iter3_reg  |   1|   0|    1|          0|
    |c_load_reg_195                    |  32|   0|   32|          0|
    |i_2_reg_159                       |   7|   0|    7|          0|
    |i_fu_38                           |   7|   0|    7|          0|
    |icmp_ln19_reg_164                 |   1|   0|    1|          0|
    |mul_ln22_reg_200                  |  32|   0|   32|          0|
    |shift_reg_load_reg_189            |  32|   0|   32|          0|
    |zext_ln19_reg_174                 |   7|   0|   64|         57|
    |icmp_ln19_reg_164                 |  64|  32|    1|          0|
    +----------------------------------+----+----+-----+-----------+
    |Total                             | 264|  32|  258|         57|
    +----------------------------------+----+----+-----+-----------+



================================================================
== Interface
================================================================
* Summary: 
+--------------------+-----+-----+------------+-----------------------------------+--------------+
|      RTL Ports     | Dir | Bits|  Protocol  |           Source Object           |    C Type    |
+--------------------+-----+-----+------------+-----------------------------------+--------------+
|ap_clk              |   in|    1|  ap_ctrl_hs|  fir_wrap_Pipeline_VITIS_LOOP_19_1|  return value|
|ap_rst              |   in|    1|  ap_ctrl_hs|  fir_wrap_Pipeline_VITIS_LOOP_19_1|  return value|
|ap_start            |   in|    1|  ap_ctrl_hs|  fir_wrap_Pipeline_VITIS_LOOP_19_1|  return value|
|ap_done             |  out|    1|  ap_ctrl_hs|  fir_wrap_Pipeline_VITIS_LOOP_19_1|  return value|
|ap_idle             |  out|    1|  ap_ctrl_hs|  fir_wrap_Pipeline_VITIS_LOOP_19_1|  return value|
|ap_ready            |  out|    1|  ap_ctrl_hs|  fir_wrap_Pipeline_VITIS_LOOP_19_1|  return value|
|grp_fu_199_p_din0   |  out|   32|  ap_ctrl_hs|  fir_wrap_Pipeline_VITIS_LOOP_19_1|  return value|
|grp_fu_199_p_din1   |  out|   32|  ap_ctrl_hs|  fir_wrap_Pipeline_VITIS_LOOP_19_1|  return value|
|grp_fu_199_p_dout0  |   in|   32|  ap_ctrl_hs|  fir_wrap_Pipeline_VITIS_LOOP_19_1|  return value|
|grp_fu_199_p_ce     |  out|    1|  ap_ctrl_hs|  fir_wrap_Pipeline_VITIS_LOOP_19_1|  return value|
|acc_out             |  out|   32|      ap_vld|                            acc_out|       pointer|
|acc_out_ap_vld      |  out|    1|      ap_vld|                            acc_out|       pointer|
|shift_reg_address0  |  out|    7|   ap_memory|                          shift_reg|         array|
|shift_reg_ce0       |  out|    1|   ap_memory|                          shift_reg|         array|
|shift_reg_we0       |  out|    1|   ap_memory|                          shift_reg|         array|
|shift_reg_d0        |  out|   32|   ap_memory|                          shift_reg|         array|
|shift_reg_address1  |  out|    7|   ap_memory|                          shift_reg|         array|
|shift_reg_ce1       |  out|    1|   ap_memory|                          shift_reg|         array|
|shift_reg_q1        |   in|   32|   ap_memory|                          shift_reg|         array|
|c_address0          |  out|    7|   ap_memory|                                  c|         array|
|c_ce0               |  out|    1|   ap_memory|                                  c|         array|
|c_q0                |   in|   32|   ap_memory|                                  c|         array|
+--------------------+-----+-----+------------+-----------------------------------+--------------+

