

================================================================
== Vitis HLS Report for 'fir_wrap_Pipeline_VITIS_LOOP_41_1'
================================================================
* Date:           Thu Oct 24 17:34:18 2024

* Version:        2024.1 (Build 5069499 on May 21 2024)
* Project:        fir_hoisting
* Solution:       hoisting (Vivado IP Flow Target)
* Product family: zynq
* Target device:  xc7z020-clg484-1


================================================================
== Performance Estimates
================================================================
+ Timing: 
    * Summary: 
    +--------+---------+----------+------------+
    |  Clock |  Target | Estimated| Uncertainty|
    +--------+---------+----------+------------+
    |ap_clk  |  5.00 ns|  3.650 ns|     1.35 ns|
    +--------+---------+----------+------------+

+ Latency: 
    * Summary: 
    +---------+---------+----------+----------+-----+-----+-----------------------------------------------+
    |  Latency (cycles) |  Latency (absolute) |  Interval |                    Pipeline                   |
    |   min   |   max   |    min   |    max   | min | max |                      Type                     |
    +---------+---------+----------+----------+-----+-----+-----------------------------------------------+
    |      102|      102|  0.510 us|  0.510 us|  100|  100|  loop auto-rewind stp(delay=0 clock cycles(s))|
    +---------+---------+----------+----------+-----+-----+-----------------------------------------------+

    + Detail: 
        * Instance: 
        N/A

        * Loop: 
        +-------------------+---------+---------+----------+-----------+-----------+------+----------+
        |                   |  Latency (cycles) | Iteration|  Initiation Interval  | Trip |          |
        |     Loop Name     |   min   |   max   |  Latency |  achieved |   target  | Count| Pipelined|
        +-------------------+---------+---------+----------+-----------+-----------+------+----------+
        |- VITIS_LOOP_41_1  |      100|      100|         3|          1|          1|    99|       yes|
        +-------------------+---------+---------+----------+-----------+-----------+------+----------+



================================================================
== Utilization Estimates
================================================================
* Summary: 
+-----------------+---------+-----+--------+-------+-----+
|       Name      | BRAM_18K| DSP |   FF   |  LUT  | URAM|
+-----------------+---------+-----+--------+-------+-----+
|DSP              |        -|    -|       -|      -|    -|
|Expression       |        -|    -|       0|     32|    -|
|FIFO             |        -|    -|       -|      -|    -|
|Instance         |        -|    -|       -|      -|    -|
|Memory           |        -|    -|       -|      -|    -|
|Multiplexer      |        -|    -|       0|     50|    -|
|Register         |        -|    -|      65|      -|    -|
+-----------------+---------+-----+--------+-------+-----+
|Total            |        0|    0|      65|     82|    0|
+-----------------+---------+-----+--------+-------+-----+
|Available        |      280|  220|  106400|  53200|    0|
+-----------------+---------+-----+--------+-------+-----+
|Utilization (%)  |        0|    0|      ~0|     ~0|    0|
+-----------------+---------+-----+--------+-------+-----+

+ Detail: 
    * Instance: 
    N/A

    * DSP: 
    N/A

    * Memory: 
    N/A

    * FIFO: 
    N/A

    * Expression: 
    +---------------------------+----------+----+---+----+------------+------------+
    |       Variable Name       | Operation| DSP| FF| LUT| Bitwidth P0| Bitwidth P1|
    +---------------------------+----------+----+---+----+------------+------------+
    |add_ln41_fu_96_p2          |         +|   0|  0|  14|           7|           1|
    |ap_block_pp0_stage0_11001  |       and|   0|  0|   2|           1|           1|
    |icmp_ln41_fu_90_p2         |      icmp|   0|  0|  14|           7|           6|
    |ap_enable_pp0              |       xor|   0|  0|   2|           1|           2|
    +---------------------------+----------+----+---+----+------------+------------+
    |Total                      |          |   0|  0|  32|          16|          10|
    +---------------------------+----------+----+---+----+------------+------------+

    * Multiplexer: 
    +-------------------------+----+-----------+-----+-----------+
    |           Name          | LUT| Input Size| Bits| Total Bits|
    +-------------------------+----+-----------+-----+-----------+
    |ap_done_int              |   9|          2|    1|          2|
    |ap_enable_reg_pp0_iter1  |   9|          2|    1|          2|
    |ap_sig_allocacmp_i_1     |  14|          3|    7|         21|
    |gmem_blk_n_R             |   9|          2|    1|          2|
    |i_fu_50                  |   9|          2|    7|         14|
    +-------------------------+----+-----------+-----+-----------+
    |Total                    |  50|         11|   17|         41|
    +-------------------------+----+-----------+-----+-----------+

    * Register: 
    +----------------------------------+----+----+-----+-----------+
    |               Name               | FF | LUT| Bits| Const Bits|
    +----------------------------------+----+----+-----+-----------+
    |add_ln41_reg_137                  |   7|   0|    7|          0|
    |ap_CS_fsm                         |   1|   0|    1|          0|
    |ap_done_reg                       |   1|   0|    1|          0|
    |ap_enable_reg_pp0_iter1           |   1|   0|    1|          0|
    |ap_enable_reg_pp0_iter2           |   1|   0|    1|          0|
    |ap_loop_exit_ready_pp0_iter1_reg  |   1|   0|    1|          0|
    |gmem_addr_read_reg_142            |  32|   0|   32|          0|
    |i_1_reg_128                       |   7|   0|    7|          0|
    |i_1_reg_128_pp0_iter1_reg         |   7|   0|    7|          0|
    |i_fu_50                           |   7|   0|    7|          0|
    +----------------------------------+----+----+-----+-----------+
    |Total                             |  65|   0|   65|          0|
    +----------------------------------+----+----+-----+-----------+



================================================================
== Interface
================================================================
* Summary: 
+---------------------+-----+-----+------------+-----------------------------------+--------------+
|      RTL Ports      | Dir | Bits|  Protocol  |           Source Object           |    C Type    |
+---------------------+-----+-----+------------+-----------------------------------+--------------+
|ap_clk               |   in|    1|  ap_ctrl_hs|  fir_wrap_Pipeline_VITIS_LOOP_41_1|  return value|
|ap_rst               |   in|    1|  ap_ctrl_hs|  fir_wrap_Pipeline_VITIS_LOOP_41_1|  return value|
|ap_start             |   in|    1|  ap_ctrl_hs|  fir_wrap_Pipeline_VITIS_LOOP_41_1|  return value|
|ap_done              |  out|    1|  ap_ctrl_hs|  fir_wrap_Pipeline_VITIS_LOOP_41_1|  return value|
|ap_idle              |  out|    1|  ap_ctrl_hs|  fir_wrap_Pipeline_VITIS_LOOP_41_1|  return value|
|ap_ready             |  out|    1|  ap_ctrl_hs|  fir_wrap_Pipeline_VITIS_LOOP_41_1|  return value|
|m_axi_gmem_AWVALID   |  out|    1|       m_axi|                               gmem|       pointer|
|m_axi_gmem_AWREADY   |   in|    1|       m_axi|                               gmem|       pointer|
|m_axi_gmem_AWADDR    |  out|   64|       m_axi|                               gmem|       pointer|
|m_axi_gmem_AWID      |  out|    1|       m_axi|                               gmem|       pointer|
|m_axi_gmem_AWLEN     |  out|   32|       m_axi|                               gmem|       pointer|
|m_axi_gmem_AWSIZE    |  out|    3|       m_axi|                               gmem|       pointer|
|m_axi_gmem_AWBURST   |  out|    2|       m_axi|                               gmem|       pointer|
|m_axi_gmem_AWLOCK    |  out|    2|       m_axi|                               gmem|       pointer|
|m_axi_gmem_AWCACHE   |  out|    4|       m_axi|                               gmem|       pointer|
|m_axi_gmem_AWPROT    |  out|    3|       m_axi|                               gmem|       pointer|
|m_axi_gmem_AWQOS     |  out|    4|       m_axi|                               gmem|       pointer|
|m_axi_gmem_AWREGION  |  out|    4|       m_axi|                               gmem|       pointer|
|m_axi_gmem_AWUSER    |  out|    1|       m_axi|                               gmem|       pointer|
|m_axi_gmem_WVALID    |  out|    1|       m_axi|                               gmem|       pointer|
|m_axi_gmem_WREADY    |   in|    1|       m_axi|                               gmem|       pointer|
|m_axi_gmem_WDATA     |  out|   32|       m_axi|                               gmem|       pointer|
|m_axi_gmem_WSTRB     |  out|    4|       m_axi|                               gmem|       pointer|
|m_axi_gmem_WLAST     |  out|    1|       m_axi|                               gmem|       pointer|
|m_axi_gmem_WID       |  out|    1|       m_axi|                               gmem|       pointer|
|m_axi_gmem_WUSER     |  out|    1|       m_axi|                               gmem|       pointer|
|m_axi_gmem_ARVALID   |  out|    1|       m_axi|                               gmem|       pointer|
|m_axi_gmem_ARREADY   |   in|    1|       m_axi|                               gmem|       pointer|
|m_axi_gmem_ARADDR    |  out|   64|       m_axi|                               gmem|       pointer|
|m_axi_gmem_ARID      |  out|    1|       m_axi|                               gmem|       pointer|
|m_axi_gmem_ARLEN     |  out|   32|       m_axi|                               gmem|       pointer|
|m_axi_gmem_ARSIZE    |  out|    3|       m_axi|                               gmem|       pointer|
|m_axi_gmem_ARBURST   |  out|    2|       m_axi|                               gmem|       pointer|
|m_axi_gmem_ARLOCK    |  out|    2|       m_axi|                               gmem|       pointer|
|m_axi_gmem_ARCACHE   |  out|    4|       m_axi|                               gmem|       pointer|
|m_axi_gmem_ARPROT    |  out|    3|       m_axi|                               gmem|       pointer|
|m_axi_gmem_ARQOS     |  out|    4|       m_axi|                               gmem|       pointer|
|m_axi_gmem_ARREGION  |  out|    4|       m_axi|                               gmem|       pointer|
|m_axi_gmem_ARUSER    |  out|    1|       m_axi|                               gmem|       pointer|
|m_axi_gmem_RVALID    |   in|    1|       m_axi|                               gmem|       pointer|
|m_axi_gmem_RREADY    |  out|    1|       m_axi|                               gmem|       pointer|
|m_axi_gmem_RDATA     |   in|   32|       m_axi|                               gmem|       pointer|
|m_axi_gmem_RLAST     |   in|    1|       m_axi|                               gmem|       pointer|
|m_axi_gmem_RID       |   in|    1|       m_axi|                               gmem|       pointer|
|m_axi_gmem_RFIFONUM  |   in|    9|       m_axi|                               gmem|       pointer|
|m_axi_gmem_RUSER     |   in|    1|       m_axi|                               gmem|       pointer|
|m_axi_gmem_RRESP     |   in|    2|       m_axi|                               gmem|       pointer|
|m_axi_gmem_BVALID    |   in|    1|       m_axi|                               gmem|       pointer|
|m_axi_gmem_BREADY    |  out|    1|       m_axi|                               gmem|       pointer|
|m_axi_gmem_BRESP     |   in|    2|       m_axi|                               gmem|       pointer|
|m_axi_gmem_BID       |   in|    1|       m_axi|                               gmem|       pointer|
|m_axi_gmem_BUSER     |   in|    1|       m_axi|                               gmem|       pointer|
|sext_ln41            |   in|   62|     ap_none|                          sext_ln41|        scalar|
|c_address0           |  out|    7|   ap_memory|                                  c|         array|
|c_ce0                |  out|    1|   ap_memory|                                  c|         array|
|c_we0                |  out|    1|   ap_memory|                                  c|         array|
|c_d0                 |  out|   32|   ap_memory|                                  c|         array|
+---------------------+-----+-----+------------+-----------------------------------+--------------+

