

================================================================
== Vitis HLS Report for 'fir_wrap'
================================================================
* Date:           Thu Oct 24 17:34:18 2024

* Version:        2024.1 (Build 5069499 on May 21 2024)
* Project:        fir_hoisting
* Solution:       hoisting (Vivado IP Flow Target)
* Product family: zynq
* Target device:  xc7z020-clg484-1


================================================================
== Performance Estimates
================================================================
+ Timing: 
    * Summary: 
    +--------+---------+----------+------------+
    |  Clock |  Target | Estimated| Uncertainty|
    +--------+---------+----------+------------+
    |ap_clk  |  5.00 ns|  3.950 ns|     1.35 ns|
    +--------+---------+----------+------------+

+ Latency: 
    * Summary: 
    +---------+---------+----------+----------+-------+-------+---------+
    |  Latency (cycles) |  Latency (absolute) |    Interval   | Pipeline|
    |   min   |   max   |    min   |    max   |  min  |  max  |   Type  |
    +---------+---------+----------+----------+-------+-------+---------+
    |    21726|    21726|  0.109 ms|  0.109 ms|  21727|  21727|       no|
    +---------+---------+----------+----------+-------+-------+---------+

    + Detail: 
        * Instance: 
        +----------------------------------------------+-----------------------------------+---------+---------+----------+----------+-----+-----+-----------------------------------------------+
        |                                              |                                   |  Latency (cycles) |  Latency (absolute) |  Interval |                    Pipeline                   |
        |                   Instance                   |               Module              |   min   |   max   |    min   |    max   | min | max |                      Type                     |
        +----------------------------------------------+-----------------------------------+---------+---------+----------+----------+-----+-----+-----------------------------------------------+
        |grp_fir_wrap_Pipeline_VITIS_LOOP_41_1_fu_181  |fir_wrap_Pipeline_VITIS_LOOP_41_1  |      102|      102|  0.510 us|  0.510 us|  100|  100|  loop auto-rewind stp(delay=0 clock cycles(s))|
        |grp_fir_wrap_Pipeline_VITIS_LOOP_19_1_fu_190  |fir_wrap_Pipeline_VITIS_LOOP_19_1  |      205|      205|  1.025 us|  1.025 us|  198|  198|  loop auto-rewind stp(delay=0 clock cycles(s))|
        +----------------------------------------------+-----------------------------------+---------+---------+----------+----------+-----+-----+-----------------------------------------------+

        * Loop: 
        +-------------------+---------+---------+----------+-----------+-----------+------+----------+
        |                   |  Latency (cycles) | Iteration|  Initiation Interval  | Trip |          |
        |     Loop Name     |   min   |   max   |  Latency |  achieved |   target  | Count| Pipelined|
        +-------------------+---------+---------+----------+-----------+-----------+------+----------+
        |- VITIS_LOOP_47_2  |    21600|    21600|       216|          -|          -|   100|        no|
        +-------------------+---------+---------+----------+-----------+-----------+------+----------+



================================================================
== Utilization Estimates
================================================================
* Summary: 
+-----------------+---------+-----+--------+-------+-----+
|       Name      | BRAM_18K| DSP |   FF   |  LUT  | URAM|
+-----------------+---------+-----+--------+-------+-----+
|DSP              |        -|    -|       -|      -|    -|
|Expression       |        -|    -|       0|    188|    -|
|FIFO             |        -|    -|       -|      -|    -|
|Instance         |        4|    3|    1652|   1463|    -|
|Memory           |        2|    -|       0|      0|    0|
|Multiplexer      |        -|    -|       0|    391|    -|
|Register         |        -|    -|     511|      -|    -|
+-----------------+---------+-----+--------+-------+-----+
|Total            |        6|    3|    2163|   2042|    0|
+-----------------+---------+-----+--------+-------+-----+
|Available        |      280|  220|  106400|  53200|    0|
+-----------------+---------+-----+--------+-------+-----+
|Utilization (%)  |        2|    1|       2|      3|    0|
+-----------------+---------+-----+--------+-------+-----+

+ Detail: 
    * Instance: 
    +----------------------------------------------+-----------------------------------+---------+----+-----+-----+-----+
    |                   Instance                   |               Module              | BRAM_18K| DSP|  FF | LUT | URAM|
    +----------------------------------------------+-----------------------------------+---------+----+-----+-----+-----+
    |CTRL_s_axi_U                                  |CTRL_s_axi                         |        0|   0|  284|  488|    0|
    |grp_fir_wrap_Pipeline_VITIS_LOOP_19_1_fu_190  |fir_wrap_Pipeline_VITIS_LOOP_19_1  |        0|   0|  264|  169|    0|
    |grp_fir_wrap_Pipeline_VITIS_LOOP_41_1_fu_181  |fir_wrap_Pipeline_VITIS_LOOP_41_1  |        0|   0|   65|   82|    0|
    |gmem_m_axi_U                                  |gmem_m_axi                         |        4|   0|  824|  723|    0|
    |mul_32s_32s_32_5_1_U8                         |mul_32s_32s_32_5_1                 |        0|   3|  215|    1|    0|
    +----------------------------------------------+-----------------------------------+---------+----+-----+-----+-----+
    |Total                                         |                                   |        4|   3| 1652| 1463|    0|
    +----------------------------------------------+-----------------------------------+---------+----+-----+-----+-----+

    * DSP: 
    N/A

    * Memory: 
    +-------------+-------------------------+---------+---+----+-----+------+-----+------+-------------+
    |    Memory   |          Module         | BRAM_18K| FF| LUT| URAM| Words| Bits| Banks| W*Bits*Banks|
    +-------------+-------------------------+---------+---+----+-----+------+-----+------+-------------+
    |c_U          |c_RAM_AUTO_1R1W          |        1|  0|   0|    0|    99|   32|     1|         3168|
    |shift_reg_U  |shift_reg_RAM_AUTO_1R1W  |        1|  0|   0|    0|    99|   32|     1|         3168|
    +-------------+-------------------------+---------+---+----+-----+------+-----+------+-------------+
    |Total        |                         |        2|  0|   0|    0|   198|   64|     2|         6336|
    +-------------+-------------------------+---------+---+----+-----+------+-----+------+-------------+

    * FIFO: 
    N/A

    * Expression: 
    +-----------------------+----------+----+---+----+------------+------------+
    |     Variable Name     | Operation| DSP| FF| LUT| Bitwidth P0| Bitwidth P1|
    +-----------------------+----------+----+---+----+------------+------------+
    |acc_fu_314_p2          |         +|   0|  0|  39|          32|          32|
    |add_ln47_fu_301_p2     |         +|   0|  0|  38|          31|           1|
    |icmp_ln47_1_fu_296_p2  |      icmp|   0|  0|  39|          32|          32|
    |icmp_ln47_fu_272_p2    |      icmp|   0|  0|  39|          32|           1|
    |ap_block_state12_io    |        or|   0|  0|   2|           1|           1|
    |empty_21_fu_277_p3     |    select|   0|  0|  31|           1|          31|
    +-----------------------+----------+----+---+----+------------+------------+
    |Total                  |          |   0|  0| 188|         129|          98|
    +-----------------------+----------+----+---+----+------------+------------+

    * Multiplexer: 
    +--------------------+-----+-----------+-----+-----------+
    |        Name        | LUT | Input Size| Bits| Total Bits|
    +--------------------+-----+-----------+-----+-----------+
    |ap_NS_fsm           |  159|         36|    1|         36|
    |c_address0          |   14|          3|    7|         21|
    |c_ce0               |   14|          3|    1|          3|
    |c_we0               |    9|          2|    1|          2|
    |gmem_ARADDR         |   20|          4|   64|        256|
    |gmem_ARLEN          |   20|          4|   32|        128|
    |gmem_ARVALID        |   14|          3|    1|          3|
    |gmem_RREADY         |   14|          3|    1|          3|
    |gmem_blk_n_AR       |    9|          2|    1|          2|
    |gmem_blk_n_AW       |    9|          2|    1|          2|
    |gmem_blk_n_B        |    9|          2|    1|          2|
    |gmem_blk_n_R        |    9|          2|    1|          2|
    |gmem_blk_n_W        |    9|          2|    1|          2|
    |grp_fu_199_ce       |    9|          2|    1|          2|
    |grp_fu_199_p0       |   14|          3|   32|         96|
    |grp_fu_199_p1       |   14|          3|   32|         96|
    |i_1_fu_104          |    9|          2|   31|         62|
    |shift_reg_address0  |    9|          2|    7|         14|
    |shift_reg_ce0       |    9|          2|    1|          2|
    |shift_reg_d0        |    9|          2|   32|         64|
    |shift_reg_we0       |    9|          2|    1|          2|
    +--------------------+-----+-----------+-----+-----------+
    |Total               |  391|         86|  250|        800|
    +--------------------+-----+-----------+-----+-----------+

    * Register: 
    +-----------------------------------------------------------+----+----+-----+-----------+
    |                            Name                           | FF | LUT| Bits| Const Bits|
    +-----------------------------------------------------------+----+----+-----+-----------+
    |acc_reg_400                                                |  32|   0|   32|          0|
    |add_ln47_reg_379                                           |  31|   0|   31|          0|
    |ap_CS_fsm                                                  |  35|   0|   35|          0|
    |c_load_reg_390                                             |  32|   0|   32|          0|
    |empty_21_reg_366                                           |  31|   0|   31|          0|
    |gmem_addr_1_read_reg_384                                   |  32|   0|   32|          0|
    |gmem_addr_1_reg_349                                        |  64|   0|   64|          0|
    |gmem_addr_2_reg_355                                        |  64|   0|   64|          0|
    |grp_fir_wrap_Pipeline_VITIS_LOOP_19_1_fu_190_ap_start_reg  |   1|   0|    1|          0|
    |grp_fir_wrap_Pipeline_VITIS_LOOP_41_1_fu_181_ap_start_reg  |   1|   0|    1|          0|
    |i_1_fu_104                                                 |  31|   0|   31|          0|
    |len_read_reg_326                                           |  32|   0|   32|          0|
    |mul_ln25_reg_395                                           |  32|   0|   32|          0|
    |trunc_ln47_reg_344                                         |  31|   0|   31|          0|
    |trunc_ln_reg_338                                           |  62|   0|   62|          0|
    +-----------------------------------------------------------+----+----+-----+-----------+
    |Total                                                      | 511|   0|  511|          0|
    +-----------------------------------------------------------+----+----+-----+-----------+



================================================================
== Interface
================================================================
* Summary: 
+---------------------+-----+-----+------------+--------------+--------------+
|      RTL Ports      | Dir | Bits|  Protocol  | Source Object|    C Type    |
+---------------------+-----+-----+------------+--------------+--------------+
|s_axi_CTRL_AWVALID   |   in|    1|       s_axi|          CTRL|        scalar|
|s_axi_CTRL_AWREADY   |  out|    1|       s_axi|          CTRL|        scalar|
|s_axi_CTRL_AWADDR    |   in|    6|       s_axi|          CTRL|        scalar|
|s_axi_CTRL_WVALID    |   in|    1|       s_axi|          CTRL|        scalar|
|s_axi_CTRL_WREADY    |  out|    1|       s_axi|          CTRL|        scalar|
|s_axi_CTRL_WDATA     |   in|   32|       s_axi|          CTRL|        scalar|
|s_axi_CTRL_WSTRB     |   in|    4|       s_axi|          CTRL|        scalar|
|s_axi_CTRL_ARVALID   |   in|    1|       s_axi|          CTRL|        scalar|
|s_axi_CTRL_ARREADY   |  out|    1|       s_axi|          CTRL|        scalar|
|s_axi_CTRL_ARADDR    |   in|    6|       s_axi|          CTRL|        scalar|
|s_axi_CTRL_RVALID    |  out|    1|       s_axi|          CTRL|        scalar|
|s_axi_CTRL_RREADY    |   in|    1|       s_axi|          CTRL|        scalar|
|s_axi_CTRL_RDATA     |  out|   32|       s_axi|          CTRL|        scalar|
|s_axi_CTRL_RRESP     |  out|    2|       s_axi|          CTRL|        scalar|
|s_axi_CTRL_BVALID    |  out|    1|       s_axi|          CTRL|        scalar|
|s_axi_CTRL_BREADY    |   in|    1|       s_axi|          CTRL|        scalar|
|s_axi_CTRL_BRESP     |  out|    2|       s_axi|          CTRL|        scalar|
|ap_clk               |   in|    1|  ap_ctrl_hs|      fir_wrap|  return value|
|ap_rst_n             |   in|    1|  ap_ctrl_hs|      fir_wrap|  return value|
|interrupt            |  out|    1|  ap_ctrl_hs|      fir_wrap|  return value|
|m_axi_gmem_AWVALID   |  out|    1|       m_axi|          gmem|       pointer|
|m_axi_gmem_AWREADY   |   in|    1|       m_axi|          gmem|       pointer|
|m_axi_gmem_AWADDR    |  out|   64|       m_axi|          gmem|       pointer|
|m_axi_gmem_AWID      |  out|    1|       m_axi|          gmem|       pointer|
|m_axi_gmem_AWLEN     |  out|    8|       m_axi|          gmem|       pointer|
|m_axi_gmem_AWSIZE    |  out|    3|       m_axi|          gmem|       pointer|
|m_axi_gmem_AWBURST   |  out|    2|       m_axi|          gmem|       pointer|
|m_axi_gmem_AWLOCK    |  out|    2|       m_axi|          gmem|       pointer|
|m_axi_gmem_AWCACHE   |  out|    4|       m_axi|          gmem|       pointer|
|m_axi_gmem_AWPROT    |  out|    3|       m_axi|          gmem|       pointer|
|m_axi_gmem_AWQOS     |  out|    4|       m_axi|          gmem|       pointer|
|m_axi_gmem_AWREGION  |  out|    4|       m_axi|          gmem|       pointer|
|m_axi_gmem_AWUSER    |  out|    1|       m_axi|          gmem|       pointer|
|m_axi_gmem_WVALID    |  out|    1|       m_axi|          gmem|       pointer|
|m_axi_gmem_WREADY    |   in|    1|       m_axi|          gmem|       pointer|
|m_axi_gmem_WDATA     |  out|   32|       m_axi|          gmem|       pointer|
|m_axi_gmem_WSTRB     |  out|    4|       m_axi|          gmem|       pointer|
|m_axi_gmem_WLAST     |  out|    1|       m_axi|          gmem|       pointer|
|m_axi_gmem_WID       |  out|    1|       m_axi|          gmem|       pointer|
|m_axi_gmem_WUSER     |  out|    1|       m_axi|          gmem|       pointer|
|m_axi_gmem_ARVALID   |  out|    1|       m_axi|          gmem|       pointer|
|m_axi_gmem_ARREADY   |   in|    1|       m_axi|          gmem|       pointer|
|m_axi_gmem_ARADDR    |  out|   64|       m_axi|          gmem|       pointer|
|m_axi_gmem_ARID      |  out|    1|       m_axi|          gmem|       pointer|
|m_axi_gmem_ARLEN     |  out|    8|       m_axi|          gmem|       pointer|
|m_axi_gmem_ARSIZE    |  out|    3|       m_axi|          gmem|       pointer|
|m_axi_gmem_ARBURST   |  out|    2|       m_axi|          gmem|       pointer|
|m_axi_gmem_ARLOCK    |  out|    2|       m_axi|          gmem|       pointer|
|m_axi_gmem_ARCACHE   |  out|    4|       m_axi|          gmem|       pointer|
|m_axi_gmem_ARPROT    |  out|    3|       m_axi|          gmem|       pointer|
|m_axi_gmem_ARQOS     |  out|    4|       m_axi|          gmem|       pointer|
|m_axi_gmem_ARREGION  |  out|    4|       m_axi|          gmem|       pointer|
|m_axi_gmem_ARUSER    |  out|    1|       m_axi|          gmem|       pointer|
|m_axi_gmem_RVALID    |   in|    1|       m_axi|          gmem|       pointer|
|m_axi_gmem_RREADY    |  out|    1|       m_axi|          gmem|       pointer|
|m_axi_gmem_RDATA     |   in|   32|       m_axi|          gmem|       pointer|
|m_axi_gmem_RLAST     |   in|    1|       m_axi|          gmem|       pointer|
|m_axi_gmem_RID       |   in|    1|       m_axi|          gmem|       pointer|
|m_axi_gmem_RUSER     |   in|    1|       m_axi|          gmem|       pointer|
|m_axi_gmem_RRESP     |   in|    2|       m_axi|          gmem|       pointer|
|m_axi_gmem_BVALID    |   in|    1|       m_axi|          gmem|       pointer|
|m_axi_gmem_BREADY    |  out|    1|       m_axi|          gmem|       pointer|
|m_axi_gmem_BRESP     |   in|    2|       m_axi|          gmem|       pointer|
|m_axi_gmem_BID       |   in|    1|       m_axi|          gmem|       pointer|
|m_axi_gmem_BUSER     |   in|    1|       m_axi|          gmem|       pointer|
+---------------------+-----+-----+------------+--------------+--------------+

