INFO-FLOW: Workspace E:/robot/project/FPGA/finial_product/sobel_hls/sobel_opt/sobel/hls opened at Tue Dec 31 10:14:43 +0800 2024
Execute     send_msg_by_id INFO @200-1505@%s%s default  vivado 
INFO: [HLS 200-1505] Using default flow_target 'vivado'
Execute   apply_ini E:/robot/project/FPGA/finial_product/sobel_hls/sobel_opt/hls_config.cfg 
Execute     send_msg_by_id INFO @200-1465@%s 'syn.file=E:/robot/project/FPGA/finial_product/sobel_hls/source/sobel.hpp' from E:/robot/project/FPGA/finial_product/sobel_hls/sobel_opt/hls_config.cfg(8) 
INFO: [HLS 200-1465] Applying ini 'syn.file=E:/robot/project/FPGA/finial_product/sobel_hls/source/sobel.hpp' from E:/robot/project/FPGA/finial_product/sobel_hls/sobel_opt/hls_config.cfg(8)
Execute     add_files E:/robot/project/FPGA/finial_product/sobel_hls/source/sobel.hpp 
INFO: [HLS 200-10] Adding design file 'E:/robot/project/FPGA/finial_product/sobel_hls/source/sobel.hpp' to the project
Execute     send_msg_by_id INFO @200-1465@%s 'syn.file=E:/robot/project/FPGA/finial_product/sobel_hls/source/sobel_base.cpp' from E:/robot/project/FPGA/finial_product/sobel_hls/sobel_opt/hls_config.cfg(9) 
INFO: [HLS 200-1465] Applying ini 'syn.file=E:/robot/project/FPGA/finial_product/sobel_hls/source/sobel_base.cpp' from E:/robot/project/FPGA/finial_product/sobel_hls/sobel_opt/hls_config.cfg(9)
Execute     add_files E:/robot/project/FPGA/finial_product/sobel_hls/source/sobel_base.cpp 
INFO: [HLS 200-10] Adding design file 'E:/robot/project/FPGA/finial_product/sobel_hls/source/sobel_base.cpp' to the project
Execute     send_msg_by_id INFO @200-1465@%s 'tb.file=E:/robot/project/FPGA/finial_product/sobel_hls/source/sobel_tb.cpp' from E:/robot/project/FPGA/finial_product/sobel_hls/sobel_opt/hls_config.cfg(10) 
INFO: [HLS 200-1465] Applying ini 'tb.file=E:/robot/project/FPGA/finial_product/sobel_hls/source/sobel_tb.cpp' from E:/robot/project/FPGA/finial_product/sobel_hls/sobel_opt/hls_config.cfg(10)
Execute     add_files -tb E:/robot/project/FPGA/finial_product/sobel_hls/source/sobel_tb.cpp 
INFO: [HLS 200-10] Adding test bench file 'E:/robot/project/FPGA/finial_product/sobel_hls/source/sobel_tb.cpp' to the project
Execute     send_msg_by_id INFO @200-1465@%s 'syn.top=sobel' from E:/robot/project/FPGA/finial_product/sobel_hls/sobel_opt/hls_config.cfg(7) 
INFO: [HLS 200-1465] Applying ini 'syn.top=sobel' from E:/robot/project/FPGA/finial_product/sobel_hls/sobel_opt/hls_config.cfg(7)
Execute     set_top sobel 
Execute     send_msg_by_id INFO @200-1465@%s 'flow_target=vivado' from E:/robot/project/FPGA/finial_product/sobel_hls/sobel_opt/hls_config.cfg(4) 
INFO: [HLS 200-1465] Applying ini 'flow_target=vivado' from E:/robot/project/FPGA/finial_product/sobel_hls/sobel_opt/hls_config.cfg(4)
Execute     send_msg_by_id INFO @200-1505@%s%s  vivado 
INFO: [HLS 200-1505] Using flow_target 'vivado'
Execute     send_msg_by_id INFO @200-1465@%s 'part=xc7z020clg400-1' from E:/robot/project/FPGA/finial_product/sobel_hls/sobel_opt/hls_config.cfg(1) 
INFO: [HLS 200-1465] Applying ini 'part=xc7z020clg400-1' from E:/robot/project/FPGA/finial_product/sobel_hls/sobel_opt/hls_config.cfg(1)
Execute     set_part xc7z020clg400-1 
Execute       create_platform xc7z020clg400-1 -board  
DBG:HLSDevice: Trying to load device library: E:/vivado\Vitis_HLS\2024.1\lib\win64.o\xv_hlsvwrap.dll
DBG:HLSDevice: first parts/arch.xml in RDI_DATADIR: E:/vivado/Vivado/2024.1/data/parts/arch.xml
DBG:HLSDevice: init success
INFO: [HLS 200-1611] Setting target device to 'xc7z020-clg400-1'
Command       create_platform done; 1.746 sec.
Execute       source E:/vivado/Vitis_HLS/2024.1/common/technology/xilinx/common/xilinx.gen 
Execute         source E:/vivado/Vitis_HLS/2024.1/common/technology/xilinx/interface/plb46.gen 
Execute         source E:/vivado/Vitis_HLS/2024.1/common/technology/xilinx/interface/axi4.gen 
Execute         source E:/vivado/Vitis_HLS/2024.1/common/technology/xilinx/interface/nativeAXI4.gen 
Execute           source E:/vivado/Vitis_HLS/2024.1/common/technology/xilinx/interface/saxilite.gen 
Execute         source E:/vivado/Vitis_HLS/2024.1/common/technology/xilinx/scripts/xilinxcoregen.gen 
Execute         source E:/vivado/Vitis_HLS/2024.1/common/technology/xilinx/interface/XilEDKCoreGen.gen 
Execute         source E:/vivado/Vitis_HLS/2024.1/common/technology/xilinx/ip/dds_compiler.gen 
Execute         source E:/vivado/Vitis_HLS/2024.1/common/technology/xilinx/ip/util.gen 
Execute         source E:/vivado/Vitis_HLS/2024.1/common/technology/xilinx/ip/xfft.gen 
Execute         source E:/vivado/Vitis_HLS/2024.1/common/technology/xilinx/ip/xfir.gen 
Execute         source E:/vivado/Vitis_HLS/2024.1/common/technology/xilinx/DSP48/dsp48.gen 
Execute       ap_part_info -name xc7z020-clg400-1 -data info 
Execute       config_compile -quiet -complex-mul-dsp=0 
Command     set_part done; 1.909 sec.
Execute     send_msg_by_id INFO @200-1465@%s 'csim.code_analyzer=0' from E:/robot/project/FPGA/finial_product/sobel_hls/sobel_opt/hls_config.cfg(11) 
INFO: [HLS 200-1465] Applying ini 'csim.code_analyzer=0' from E:/robot/project/FPGA/finial_product/sobel_hls/sobel_opt/hls_config.cfg(11)
Execute     config_csim -code_analyzer=0 
Execute     send_msg_by_id INFO @200-1465@%s 'package.output.format=ip_catalog' from E:/robot/project/FPGA/finial_product/sobel_hls/sobel_opt/hls_config.cfg(5) 
INFO: [HLS 200-1465] Applying ini 'package.output.format=ip_catalog' from E:/robot/project/FPGA/finial_product/sobel_hls/sobel_opt/hls_config.cfg(5)
Execute     config_export -format=ip_catalog 
Command   apply_ini done; 1.932 sec.
Execute   apply_ini E:/robot/project/FPGA/finial_product/sobel_hls/sobel_opt/sobel/hls/config.cmdline 
Execute   csynth_design 
Execute     AP::app_get_file_relativeroot [AP::app_get_root] {}
Execute     AP::app_get_file_relativeroot [AP::app_get_root] {}
Execute     AP::app_get_file_relativeroot [AP::app_get_root] {}
INFO-FLOW: Running SLX 'csynth' proc: ::SLX::run_csynth
Execute     elaborate -effort=medium -skip_syncheck=0 -keep_printf=0 -skip_cdt=0 -skip_transform=0 -ng=0 -g=0 -opt_fp=0 -from_csynth_design=1 
INFO: [HLS 200-111] Finished File checks and directory preparation: CPU user time: 2 seconds. CPU system time: 1 seconds. Elapsed time: 3.079 seconds; current allocated memory: 245.648 MB.
Execute       set_directive_top sobel -name=sobel 
Execute       source E:/vivado/Vitis_HLS/2024.1/tps/tcl/tcllib1.11.1/yaml/huddle.tcl 
Execute       source E:/vivado/Vitis_HLS/2024.1/tps/tcl/tcllib1.11.1/yaml/json2huddle.tcl 
INFO: [HLS 200-10] Analyzing design file '../source/sobel_base.cpp' ... 
INFO-FLOW: Compiling one TU...
INFO-FLOW: Handling ../source/sobel_base.cpp as C++
Execute       ap_part_info -name xc7z020-clg400-1 -data info 
INFO-FLOW: Running: GCC PP 39
INFO-FLOW: Source preprocessing
INFO-FLOW: run_clang exec: E:/vivado/Vitis_HLS/2024.1/win64/tools/clang-3.9-csynth/bin/clang ../source/sobel_base.cpp -foptimization-record-file=E:/robot/project/FPGA/finial_product/sobel_hls/sobel_opt/sobel/hls/.autopilot/db/sobel_base.cpp.clang.diag.yml -mllvm -pass-remarks-missed=reflow|pasta|unroll -mllvm -pass-remarks=reflow|pasta|unroll|inline -fno-limit-debug-info --sysroot E:/vivado/Vitis_HLS/2024.1/tps/mingw/8.3.0/win64.o/nt -fhls -fno-exceptions -insert-hls-directive=E:/robot/project/FPGA/finial_product/sobel_hls/sobel_opt/sobel/hls/.autopilot/db/all.directive.json -E -fno-math-errno -c -emit-llvm -mllvm -disable-llvm-optzns -Werror=implicit-function-declaration -Werror=implicit-hls-streams -Werror=return-type -Wpragmas -Wunused-parameter -Wdump-hls-pragmas -Wno-error=dump-hls-pragmas -hls-clock-period=10 -fno-threadsafe-statics -fno-use-cxa-atexit -std=gnu++14 -target fpga64-xilinx-mingw32 -fno-threadsafe-statics -fno-use-cxa-atexit -D__VITIS_HLS__ -DAESL_SYN -D__SYNTHESIS__ -D__HLS_SYN__ -I E:/vivado/Vitis_HLS/2024.1/common/technology/autopilot -I E:/vivado/Vitis_HLS/2024.1/common/technology/autopilot/ap_sysc -include etc/autopilot_ssdm_op.h -D__DSP48E1__ -I /usr/include/x86_64-linux-gnu -o E:/robot/project/FPGA/finial_product/sobel_hls/sobel_opt/sobel/hls/.autopilot/db/sobel_base.pp.0.cpp {-hls-platform-db-name=E:/vivado\Vitis_HLS\2024.1\common/technology\xilinx/common/platform.db} -hls-platform-name=zynq_slow -device-resource-info=BRAM_280.000000_DSP_220.000000_FF_106400.000000_LUT_53200.000000_SLICE_13300.000000_URAM_0.000000 -device-name-info=xc7z020clg400-1 > E:/robot/project/FPGA/finial_product/sobel_hls/sobel_opt/sobel/hls/.autopilot/db/sobel_base.cpp.clang.out.log 2> E:/robot/project/FPGA/finial_product/sobel_hls/sobel_opt/sobel/hls/.autopilot/db/sobel_base.cpp.clang.err.log
INFO-FLOW: Done: GCC PP 39 time: 0.5 seconds per iteration
INFO-FLOW: Source syntax check for synthesis
INFO-FLOW: run_clang exec: E:/vivado/Vitis_HLS/2024.1/win64/tools/clang-3.9-csynth/bin/clang -foptimization-record-file=E:/robot/project/FPGA/finial_product/sobel_hls/sobel_opt/sobel/hls/.autopilot/db/clang.diag.yml -mllvm -pass-remarks-missed=reflow|pasta|unroll -mllvm -pass-remarks=reflow|pasta|unroll|inline -fsyntax-only -fhls -target fpga64-xilinx-linux-gnu E:/robot/project/FPGA/finial_product/sobel_hls/sobel_opt/sobel/hls/.autopilot/db/sobel_base.pp.0.cpp {-hls-platform-db-name=E:/vivado\Vitis_HLS\2024.1\common/technology\xilinx/common/platform.db} -hls-platform-name=zynq_slow -device-resource-info=BRAM_280.000000_DSP_220.000000_FF_106400.000000_LUT_53200.000000_SLICE_13300.000000_URAM_0.000000 -device-name-info=xc7z020clg400-1 > E:/robot/project/FPGA/finial_product/sobel_hls/sobel_opt/sobel/hls/.autopilot/db/clang.out.log 2> E:/robot/project/FPGA/finial_product/sobel_hls/sobel_opt/sobel/hls/.autopilot/db/clang.err.log
Execute       clang_tidy xilinx-systemc-detector -desc systemc-detector E:/robot/project/FPGA/finial_product/sobel_hls/sobel_opt/sobel/hls/.autopilot/db/sobel_base.pp.0.cpp std=gnu++14 -target fpga  -directive=E:/robot/project/FPGA/finial_product/sobel_hls/sobel_opt/sobel/hls/.autopilot/db/.systemc_flag 
INFO-FLOW: exec E:/vivado/Vitis_HLS/2024.1/win64/tools/clang-3.9-csynth/bin/clang-tidy -header-filter=.* --checks=-*,xilinx-systemc-detector -import-directive=E:/robot/project/FPGA/finial_product/sobel_hls/sobel_opt/sobel/hls/.autopilot/db/.systemc_flag -fix-errors E:/robot/project/FPGA/finial_product/sobel_hls/sobel_opt/sobel/hls/.autopilot/db/sobel_base.pp.0.cpp -- -std=gnu++14 -target fpga -fhls -ferror-limit=0
Command       clang_tidy done; 0.622 sec.
INFO-FLOW: Running: clang-tidy CDT preprocess 39
Execute       clang_tidy xilinx-directive2pragma -desc directive2pragma E:/robot/project/FPGA/finial_product/sobel_hls/sobel_opt/sobel/hls/.autopilot/db/sobel_base.pp.0.cpp std=gnu++14 -target fpga  -directive=E:/robot/project/FPGA/finial_product/sobel_hls/sobel_opt/sobel/hls/.autopilot/db/all.directive.json 
INFO-FLOW: exec E:/vivado/Vitis_HLS/2024.1/win64/tools/clang-3.9-csynth/bin/clang-tidy -header-filter=.* --checks=-*,xilinx-directive2pragma -import-directive=E:/robot/project/FPGA/finial_product/sobel_hls/sobel_opt/sobel/hls/.autopilot/db/all.directive.json -fix-errors E:/robot/project/FPGA/finial_product/sobel_hls/sobel_opt/sobel/hls/.autopilot/db/sobel_base.pp.0.cpp -- -std=gnu++14 -target fpga -fhls -ferror-limit=0
Command       clang_tidy done; 1.012 sec.
INFO-FLOW: Done: clang-tidy CDT preprocess 39 time: 1 seconds per iteration
INFO-FLOW: Calling xilinx-label-all-loops ... 
INFO-FLOW: Calling xilinx-aggregate-on-hls-vector ... 
Execute       clang_tidy -errorcheck -desc loop-label xilinx-label-all-loops,xilinx-aggregate-on-hls-vector,,xilinx-warn-mayneed-no-ctor-attribute E:/robot/project/FPGA/finial_product/sobel_hls/sobel_opt/sobel/hls/.autopilot/db/sobel_base.pp.0.cpp std=gnu++14 -target fpga  
INFO-FLOW: run_clang exec: E:/vivado/Vitis_HLS/2024.1/win64/tools/clang-3.9-csynth/bin/clang-tidy -export-fixes=E:/robot/project/FPGA/finial_product/sobel_hls/sobel_opt/sobel/hls/.autopilot/db/sobel_base.pp.0.cpp.clang-tidy.loop-label.diag.yml -header-filter=.* --checks=-*,xilinx-label-all-loops,xilinx-aggregate-on-hls-vector,,xilinx-warn-mayneed-no-ctor-attribute -fix-errors E:/robot/project/FPGA/finial_product/sobel_hls/sobel_opt/sobel/hls/.autopilot/db/sobel_base.pp.0.cpp -- -std=gnu++14 -target fpga -fhls -ferror-limit=0 > E:/robot/project/FPGA/finial_product/sobel_hls/sobel_opt/sobel/hls/.autopilot/db/sobel_base.pp.0.cpp.clang-tidy.loop-label.out.log 2> E:/robot/project/FPGA/finial_product/sobel_hls/sobel_opt/sobel/hls/.autopilot/db/sobel_base.pp.0.cpp.clang-tidy.loop-label.err.log
Execute         source E:/vivado/Vitis_HLS/2024.1/tps/tcl/tcllib1.11.1/yaml/yaml.tcl 
Command       clang_tidy done; 1.371 sec.
INFO-FLOW: run_clang exec: E:/vivado/Vitis_HLS/2024.1/win64/tools/clang-3.9-csynth/bin/xilinx-dataflow-lawyer -export-fixes=E:/robot/project/FPGA/finial_product/sobel_hls/sobel_opt/sobel/hls/.autopilot/db/sobel_base.pp.0.cpp.xilinx-dataflow-lawyer.diag.yml E:/robot/project/FPGA/finial_product/sobel_hls/sobel_opt/sobel/hls/.autopilot/db/sobel_base.pp.0.cpp -- -std=gnu++14 -target fpga -fhls -ferror-limit=0 -fstrict-dataflow > E:/robot/project/FPGA/finial_product/sobel_hls/sobel_opt/sobel/hls/.autopilot/db/sobel_base.pp.0.cpp.xilinx-dataflow-lawyer.out.log 2> E:/robot/project/FPGA/finial_product/sobel_hls/sobel_opt/sobel/hls/.autopilot/db/sobel_base.pp.0.cpp.xilinx-dataflow-lawyer.err.log
Execute       ap_part_info -name xc7z020-clg400-1 -data info 
Command       ap_part_info done; 0.103 sec.
INFO-FLOW: compiling source code to llvm bc
INFO-FLOW: run_clang exec: E:/vivado/Vitis_HLS/2024.1/win64/tools/clang-3.9-csynth/bin/clang -foptimization-record-file=E:/robot/project/FPGA/finial_product/sobel_hls/sobel_opt/sobel/hls/.autopilot/db/sobel_base.pp.0.cpp.clang.diag.yml -mllvm -pass-remarks-missed=reflow|pasta|unroll -mllvm -pass-remarks=reflow|pasta|unroll|inline -fno-limit-debug-info -fhls -flto -fno-exceptions -Wno-error=c++11-narrowing -hls-emit-hint-scope E:/robot/project/FPGA/finial_product/sobel_hls/sobel_opt/sobel/hls/.autopilot/db/sobel_base.pp.0.cpp -fno-math-errno -c -emit-llvm -mllvm -disable-llvm-optzns -Werror=implicit-function-declaration -Werror=implicit-hls-streams -Werror=return-type -Wpragmas -Wunused-parameter -Wdump-hls-pragmas -Wno-error=dump-hls-pragmas -hls-clock-period=10 -fno-threadsafe-statics -fno-use-cxa-atexit -std=gnu++14 -target fpga64-xilinx-linux-gnu -D__VITIS_HLS__ -DAESL_SYN -D__SYNTHESIS__ -D__HLS_SYN__ -I E:/vivado/Vitis_HLS/2024.1/common/technology/autopilot -I E:/vivado/Vitis_HLS/2024.1/common/technology/autopilot/ap_sysc -include etc/autopilot_ssdm_op.h -D__DSP48E1__ -g -o E:/robot/project/FPGA/finial_product/sobel_hls/sobel_opt/sobel/hls/.autopilot/db/sobel_base.bc {-hls-platform-db-name=E:/vivado\Vitis_HLS\2024.1\common/technology\xilinx/common/platform.db} -hls-platform-name=zynq_slow -device-resource-info=BRAM_280.000000_DSP_220.000000_FF_106400.000000_LUT_53200.000000_SLICE_13300.000000_URAM_0.000000 -device-name-info=xc7z020clg400-1 > E:/robot/project/FPGA/finial_product/sobel_hls/sobel_opt/sobel/hls/.autopilot/db/sobel_base.pp.0.cpp.clang.out.log 2> E:/robot/project/FPGA/finial_product/sobel_hls/sobel_opt/sobel/hls/.autopilot/db/sobel_base.pp.0.cpp.clang.err.log
INFO: [HLS 200-111] Finished Source Code Analysis and Preprocessing: CPU user time: 0 seconds. CPU system time: 0 seconds. Elapsed time: 6.197 seconds; current allocated memory: 248.793 MB.
INFO-FLOW: Linking Debug ...
INFO-FLOW: Linking dut bc code.
Execute       run_link_or_opt -out E:/robot/project/FPGA/finial_product/sobel_hls/sobel_opt/sobel/hls/.autopilot/db/a.g.ld.0.bc -args  "E:/robot/project/FPGA/finial_product/sobel_hls/sobel_opt/sobel/hls/.autopilot/db/sobel_base.g.bc"  
INFO-FLOW: run_clang exec: E:/vivado/Vitis_HLS/2024.1/win64/tools/clang-3.9-csynth/bin/llvm-link E:/robot/project/FPGA/finial_product/sobel_hls/sobel_opt/sobel/hls/.autopilot/db/sobel_base.g.bc -o E:/robot/project/FPGA/finial_product/sobel_hls/sobel_opt/sobel/hls/.autopilot/db/a.g.ld.0.bc > E:/robot/project/FPGA/finial_product/sobel_hls/sobel_opt/sobel/hls/.autopilot/db/a.g.ld.0.bc.llvm-link.out.log 2> E:/robot/project/FPGA/finial_product/sobel_hls/sobel_opt/sobel/hls/.autopilot/db/a.g.ld.0.bc.llvm-link.err.log
INFO-FLOW: 
Execute       run_link_or_opt -opt -out E:/robot/project/FPGA/finial_product/sobel_hls/sobel_opt/sobel/hls/.autopilot/db/a.g.ld.1.lower.bc -args E:/robot/project/FPGA/finial_product/sobel_hls/sobel_opt/sobel/hls/.autopilot/db/a.g.ld.0.bc -reflow-lower-math-intrinsics 
INFO-FLOW: run_clang exec: E:/vivado/Vitis_HLS/2024.1/win64/tools/clang-3.9-csynth/bin/opt -pass-remarks-missed=reflow|pasta|unroll -pass-remarks=reflow|pasta|unroll|inline -pass-remarks-output=E:/robot/project/FPGA/finial_product/sobel_hls/sobel_opt/sobel/hls/.autopilot/db/a.g.ld.1.lower.bc.opt.diag.yml E:/robot/project/FPGA/finial_product/sobel_hls/sobel_opt/sobel/hls/.autopilot/db/a.g.ld.0.bc -reflow-lower-math-intrinsics -o E:/robot/project/FPGA/finial_product/sobel_hls/sobel_opt/sobel/hls/.autopilot/db/a.g.ld.1.lower.bc > E:/robot/project/FPGA/finial_product/sobel_hls/sobel_opt/sobel/hls/.autopilot/db/a.g.ld.1.lower.bc.opt.out.log 2> E:/robot/project/FPGA/finial_product/sobel_hls/sobel_opt/sobel/hls/.autopilot/db/a.g.ld.1.lower.bc.opt.err.log
INFO-FLOW: 
INFO-FLOW: Running: gen_design_size_report post-opt
INFO-FLOW: Done: gen_design_size_report post-opt time: 0 seconds per iteration
INFO-FLOW: Linking math bc lib
Execute       run_link_or_opt -out E:/robot/project/FPGA/finial_product/sobel_hls/sobel_opt/sobel/hls/.autopilot/db/a.g.ld.2.m1.bc -args E:/robot/project/FPGA/finial_product/sobel_hls/sobel_opt/sobel/hls/.autopilot/db/a.g.ld.1.lower.bc -only-needed E:/vivado/Vitis_HLS/2024.1/win64/lib/libhlsm_39.bc E:/vivado/Vitis_HLS/2024.1/win64/lib/libhlsmc++_39.bc 
INFO-FLOW: run_clang exec: E:/vivado/Vitis_HLS/2024.1/win64/tools/clang-3.9-csynth/bin/llvm-link E:/robot/project/FPGA/finial_product/sobel_hls/sobel_opt/sobel/hls/.autopilot/db/a.g.ld.1.lower.bc -only-needed E:/vivado/Vitis_HLS/2024.1/win64/lib/libhlsm_39.bc E:/vivado/Vitis_HLS/2024.1/win64/lib/libhlsmc++_39.bc -o E:/robot/project/FPGA/finial_product/sobel_hls/sobel_opt/sobel/hls/.autopilot/db/a.g.ld.2.m1.bc > E:/robot/project/FPGA/finial_product/sobel_hls/sobel_opt/sobel/hls/.autopilot/db/a.g.ld.2.m1.bc.llvm-link.out.log 2> E:/robot/project/FPGA/finial_product/sobel_hls/sobel_opt/sobel/hls/.autopilot/db/a.g.ld.2.m1.bc.llvm-link.err.log
INFO-FLOW: 
Command       run_link_or_opt done; 2.107 sec.
Execute       run_link_or_opt -opt -out E:/robot/project/FPGA/finial_product/sobel_hls/sobel_opt/sobel/hls/.autopilot/db/a.g.ld.3.fpc.bc -args E:/robot/project/FPGA/finial_product/sobel_hls/sobel_opt/sobel/hls/.autopilot/db/a.g.ld.2.m1.bc -reflow-globaldce -hls-top-function-name=sobel -reflow-float-conversion 
INFO-FLOW: run_clang exec: E:/vivado/Vitis_HLS/2024.1/win64/tools/clang-3.9-csynth/bin/opt -pass-remarks-missed=reflow|pasta|unroll -pass-remarks=reflow|pasta|unroll|inline -pass-remarks-output=E:/robot/project/FPGA/finial_product/sobel_hls/sobel_opt/sobel/hls/.autopilot/db/a.g.ld.3.fpc.bc.opt.diag.yml E:/robot/project/FPGA/finial_product/sobel_hls/sobel_opt/sobel/hls/.autopilot/db/a.g.ld.2.m1.bc -reflow-globaldce -hls-top-function-name=sobel -reflow-float-conversion -o E:/robot/project/FPGA/finial_product/sobel_hls/sobel_opt/sobel/hls/.autopilot/db/a.g.ld.3.fpc.bc > E:/robot/project/FPGA/finial_product/sobel_hls/sobel_opt/sobel/hls/.autopilot/db/a.g.ld.3.fpc.bc.opt.out.log 2> E:/robot/project/FPGA/finial_product/sobel_hls/sobel_opt/sobel/hls/.autopilot/db/a.g.ld.3.fpc.bc.opt.err.log
INFO-FLOW: 
INFO-FLOW: Running: gen_design_size_report post-opt
INFO-FLOW: Done: gen_design_size_report post-opt time: 0 seconds per iteration
Command       run_link_or_opt done; 0.92 sec.
Execute       run_link_or_opt -out E:/robot/project/FPGA/finial_product/sobel_hls/sobel_opt/sobel/hls/.autopilot/db/a.g.ld.4.m2.bc -args E:/robot/project/FPGA/finial_product/sobel_hls/sobel_opt/sobel/hls/.autopilot/db/a.g.ld.3.fpc.bc -only-needed E:/vivado/Vitis_HLS/2024.1/win64/lib/libfloatconversion_39.bc 
INFO-FLOW: run_clang exec: E:/vivado/Vitis_HLS/2024.1/win64/tools/clang-3.9-csynth/bin/llvm-link E:/robot/project/FPGA/finial_product/sobel_hls/sobel_opt/sobel/hls/.autopilot/db/a.g.ld.3.fpc.bc -only-needed E:/vivado/Vitis_HLS/2024.1/win64/lib/libfloatconversion_39.bc -o E:/robot/project/FPGA/finial_product/sobel_hls/sobel_opt/sobel/hls/.autopilot/db/a.g.ld.4.m2.bc > E:/robot/project/FPGA/finial_product/sobel_hls/sobel_opt/sobel/hls/.autopilot/db/a.g.ld.4.m2.bc.llvm-link.out.log 2> E:/robot/project/FPGA/finial_product/sobel_hls/sobel_opt/sobel/hls/.autopilot/db/a.g.ld.4.m2.bc.llvm-link.err.log
INFO-FLOW: 
Execute       run_link_or_opt -opt -out E:/robot/project/FPGA/finial_product/sobel_hls/sobel_opt/sobel/hls/.autopilot/db/a.g.ld.5.gdce.bc -args E:/robot/project/FPGA/finial_product/sobel_hls/sobel_opt/sobel/hls/.autopilot/db/a.g.ld.4.m2.bc -reflow-globaldce -hls-top-function-name=sobel 
INFO-FLOW: run_clang exec: E:/vivado/Vitis_HLS/2024.1/win64/tools/clang-3.9-csynth/bin/opt -pass-remarks-missed=reflow|pasta|unroll -pass-remarks=reflow|pasta|unroll|inline -pass-remarks-output=E:/robot/project/FPGA/finial_product/sobel_hls/sobel_opt/sobel/hls/.autopilot/db/a.g.ld.5.gdce.bc.opt.diag.yml E:/robot/project/FPGA/finial_product/sobel_hls/sobel_opt/sobel/hls/.autopilot/db/a.g.ld.4.m2.bc -reflow-globaldce -hls-top-function-name=sobel -o E:/robot/project/FPGA/finial_product/sobel_hls/sobel_opt/sobel/hls/.autopilot/db/a.g.ld.5.gdce.bc > E:/robot/project/FPGA/finial_product/sobel_hls/sobel_opt/sobel/hls/.autopilot/db/a.g.ld.5.gdce.bc.opt.out.log 2> E:/robot/project/FPGA/finial_product/sobel_hls/sobel_opt/sobel/hls/.autopilot/db/a.g.ld.5.gdce.bc.opt.err.log
INFO-FLOW: 
INFO-FLOW: Running: gen_design_size_report post-opt
INFO-FLOW: Done: gen_design_size_report post-opt time: 0 seconds per iteration
Execute       send_msg_by_id INFO @200-777@%s Vivado 
INFO: [HLS 200-777] Using interface defaults for 'Vivado' flow target.
Execute       is_m_axi_addr64 
INFO-FLOW: Doing LTO.
INFO-FLOW: run_clang (background poll_ms 5000) exec: E:/vivado/Vitis_HLS/2024.1/win64/tools/clang-3.9-csynth/bin/clang -foptimization-record-file=E:/robot/project/FPGA/finial_product/sobel_hls/sobel_opt/sobel/hls/.autopilot/db/a.g.ld.0.bc.clang.reflow.diag.yml -mllvm -pass-remarks-missed=reflow|pasta|unroll -mllvm -pass-remarks=reflow|pasta|unroll|inline -fhls -mllvm -hls-top-function-name=sobel -mllvm -hls-db-dir -mllvm E:/robot/project/FPGA/finial_product/sobel_hls/sobel_opt/sobel/hls/.autopilot/db -emit-llvm -c -target fpga64-xilinx-none -mllvm -xcl-xmlinfo=E:/robot/project/FPGA/finial_product/sobel_hls/sobel_opt/sobel/hls/.autopilot/db/kernel.internal.xml -mllvm -top-io-mapping-info=E:/robot/project/FPGA/finial_product/sobel_hls/sobel_opt/sobel/hls/.autopilot/db/top-io-fe.xml -mllvm -hls-bitcode-version=3.1 -mllvm -reflow-enable-slave-interface-default-setting=true -mllvm -gen-kernel-xml=false -mllvm -default-maxi-offset=slave -mllvm -maxi-latency=0 -mllvm -hls-maxi-data-size-in-bits=8 -mllvm -hls-maxi-max-data-size-in-bits=1024 -mllvm -hls-max-widen-size-in-bits=0 -mllvm -xcl-kernel-max-mem-ports=0 -mllvm -maxi-read-trans=16 -mllvm -maxi-write-trans=16 -mllvm -maxi-read-burst-len=16 -mllvm -maxi-write-burst-len=16 -mllvm -reflow-enable-saxi-64bits=0 -mllvm -reflow-basic-block-instr-threshold=200000 -mllvm -reflow-auto-pipeline-threshold=64 -mllvm -reflow-enable-maxi-auto-id-channel=0 -mllvm -enable-fp-thr=0 -mllvm -reflow-bdd-simplify-threshold=1048576 -mllvm -reflow-fanout-threshold=16 -mllvm -reflow-complete-threshold=4 -mllvm -reflow-array-promotion-threshold=64 -mllvm -assume-maxi-align=1 -mllvm -reflow-enable-dataflow-strict-mode-checking=1 -ftime-report -mllvm -time-passes -mllvm -reflow-auto-array-partition-mode=default -mllvm -reflow-enable-auto-small-array-partition=true -mllvm -reflow-enable-auto-array-partition-for-flatten=true -mllvm -reflow-enable-auto-parallel-performance-driven=true -mllvm -reflow-enable-partition-for-automation=true -mllvm -reflow-aggregate-bitwidth-threshold=4096 -mllvm -reflow-reserved-saxilite-registers=0 -mllvm -enable-reflow-auto-loop-pipeline -mllvm -reflow-max-unroll-threshold=409600 -mllvm -auto-unroll-tripcount-threshold=0 -mllvm -reflow-assume-no-address-wrap=true -mllvm -reflow-enable-occurrence-inference=true -mllvm -reflow-emit-hint-scope=true -mllvm -reflow-enable-codegen-with-if=true -mllvm -hls -mllvm -disable-inlined-alloca-merging=true -mllvm -default-clock-period=10 -mllvm -use_read_first_ram_in_loop=1 -mllvm -default-clock-uncertainty=2.7 -x ir E:/robot/project/FPGA/finial_product/sobel_hls/sobel_opt/sobel/hls/.autopilot/db/a.g.ld.5.gdce.bc -o E:/robot/project/FPGA/finial_product/sobel_hls/sobel_opt/sobel/hls/.autopilot/db/a.g.lto.bc {-hls-platform-db-name=E:/vivado\Vitis_HLS\2024.1\common/technology\xilinx/common/platform.db} -hls-platform-name=zynq_slow -device-resource-info=BRAM_280.000000_DSP_220.000000_FF_106400.000000_LUT_53200.000000_SLICE_13300.000000_URAM_0.000000 -device-name-info=xc7z020clg400-1 2> E:/robot/project/FPGA/finial_product/sobel_hls/sobel_opt/sobel/hls/.autopilot/db/a.g.ld.0.bc.clang.reflow.err.log bg_poll_cmd: ::AP::poll_clang_39_closed_source
Execute       send_msg_by_id INFO @200-1995@%s%s%s 194 Compile/Link E:/robot/project/FPGA/finial_product/sobel_hls/sobel_opt/sobel/hls/syn/report/csynth_design_size.rpt 
INFO: [HLS 200-1995] There were 194 instructions in the design after the 'Compile/Link' phase of compilation. See the Design Size Report for more details: E:/robot/project/FPGA/finial_product/sobel_hls/sobel_opt/sobel/hls/syn/report/csynth_design_size.rpt
Execute       send_msg_by_id INFO @200-1995@%s%s%s 140 Unroll/Inline (step 1) E:/robot/project/FPGA/finial_product/sobel_hls/sobel_opt/sobel/hls/syn/report/csynth_design_size.rpt 
INFO: [HLS 200-1995] There were 140 instructions in the design after the 'Unroll/Inline (step 1)' phase of compilation. See the Design Size Report for more details: E:/robot/project/FPGA/finial_product/sobel_hls/sobel_opt/sobel/hls/syn/report/csynth_design_size.rpt
Execute       send_msg_by_id INFO @200-1995@%s%s%s 126 Unroll/Inline (step 2) E:/robot/project/FPGA/finial_product/sobel_hls/sobel_opt/sobel/hls/syn/report/csynth_design_size.rpt 
INFO: [HLS 200-1995] There were 126 instructions in the design after the 'Unroll/Inline (step 2)' phase of compilation. See the Design Size Report for more details: E:/robot/project/FPGA/finial_product/sobel_hls/sobel_opt/sobel/hls/syn/report/csynth_design_size.rpt
Execute       send_msg_by_id INFO @200-1995@%s%s%s 123 Unroll/Inline (step 3) E:/robot/project/FPGA/finial_product/sobel_hls/sobel_opt/sobel/hls/syn/report/csynth_design_size.rpt 
INFO: [HLS 200-1995] There were 123 instructions in the design after the 'Unroll/Inline (step 3)' phase of compilation. See the Design Size Report for more details: E:/robot/project/FPGA/finial_product/sobel_hls/sobel_opt/sobel/hls/syn/report/csynth_design_size.rpt
Execute       send_msg_by_id INFO @200-1995@%s%s%s 110 Unroll/Inline (step 4) E:/robot/project/FPGA/finial_product/sobel_hls/sobel_opt/sobel/hls/syn/report/csynth_design_size.rpt 
INFO: [HLS 200-1995] There were 110 instructions in the design after the 'Unroll/Inline (step 4)' phase of compilation. See the Design Size Report for more details: E:/robot/project/FPGA/finial_product/sobel_hls/sobel_opt/sobel/hls/syn/report/csynth_design_size.rpt
Execute       send_msg_by_id INFO @200-1995@%s%s%s 110 Array/Struct (step 1) E:/robot/project/FPGA/finial_product/sobel_hls/sobel_opt/sobel/hls/syn/report/csynth_design_size.rpt 
INFO: [HLS 200-1995] There were 110 instructions in the design after the 'Array/Struct (step 1)' phase of compilation. See the Design Size Report for more details: E:/robot/project/FPGA/finial_product/sobel_hls/sobel_opt/sobel/hls/syn/report/csynth_design_size.rpt
Execute       send_msg_by_id INFO @200-1995@%s%s%s 110 Array/Struct (step 2) E:/robot/project/FPGA/finial_product/sobel_hls/sobel_opt/sobel/hls/syn/report/csynth_design_size.rpt 
INFO: [HLS 200-1995] There were 110 instructions in the design after the 'Array/Struct (step 2)' phase of compilation. See the Design Size Report for more details: E:/robot/project/FPGA/finial_product/sobel_hls/sobel_opt/sobel/hls/syn/report/csynth_design_size.rpt
Execute       send_msg_by_id INFO @200-1995@%s%s%s 110 Array/Struct (step 3) E:/robot/project/FPGA/finial_product/sobel_hls/sobel_opt/sobel/hls/syn/report/csynth_design_size.rpt 
INFO: [HLS 200-1995] There were 110 instructions in the design after the 'Array/Struct (step 3)' phase of compilation. See the Design Size Report for more details: E:/robot/project/FPGA/finial_product/sobel_hls/sobel_opt/sobel/hls/syn/report/csynth_design_size.rpt
Execute       send_msg_by_id INFO @200-1995@%s%s%s 110 Array/Struct (step 4) E:/robot/project/FPGA/finial_product/sobel_hls/sobel_opt/sobel/hls/syn/report/csynth_design_size.rpt 
INFO: [HLS 200-1995] There were 110 instructions in the design after the 'Array/Struct (step 4)' phase of compilation. See the Design Size Report for more details: E:/robot/project/FPGA/finial_product/sobel_hls/sobel_opt/sobel/hls/syn/report/csynth_design_size.rpt
Execute       send_msg_by_id INFO @200-1995@%s%s%s 119 Array/Struct (step 5) E:/robot/project/FPGA/finial_product/sobel_hls/sobel_opt/sobel/hls/syn/report/csynth_design_size.rpt 
INFO: [HLS 200-1995] There were 119 instructions in the design after the 'Array/Struct (step 5)' phase of compilation. See the Design Size Report for more details: E:/robot/project/FPGA/finial_product/sobel_hls/sobel_opt/sobel/hls/syn/report/csynth_design_size.rpt
Execute       send_msg_by_id INFO @200-1995@%s%s%s 119 Performance (step 1) E:/robot/project/FPGA/finial_product/sobel_hls/sobel_opt/sobel/hls/syn/report/csynth_design_size.rpt 
INFO: [HLS 200-1995] There were 119 instructions in the design after the 'Performance (step 1)' phase of compilation. See the Design Size Report for more details: E:/robot/project/FPGA/finial_product/sobel_hls/sobel_opt/sobel/hls/syn/report/csynth_design_size.rpt
Execute       send_msg_by_id INFO @200-1995@%s%s%s 105 Performance (step 2) E:/robot/project/FPGA/finial_product/sobel_hls/sobel_opt/sobel/hls/syn/report/csynth_design_size.rpt 
INFO: [HLS 200-1995] There were 105 instructions in the design after the 'Performance (step 2)' phase of compilation. See the Design Size Report for more details: E:/robot/project/FPGA/finial_product/sobel_hls/sobel_opt/sobel/hls/syn/report/csynth_design_size.rpt
Execute       send_msg_by_id INFO @200-1995@%s%s%s 104 Performance (step 3) E:/robot/project/FPGA/finial_product/sobel_hls/sobel_opt/sobel/hls/syn/report/csynth_design_size.rpt 
INFO: [HLS 200-1995] There were 104 instructions in the design after the 'Performance (step 3)' phase of compilation. See the Design Size Report for more details: E:/robot/project/FPGA/finial_product/sobel_hls/sobel_opt/sobel/hls/syn/report/csynth_design_size.rpt
Execute       send_msg_by_id INFO @200-1995@%s%s%s 104 Performance (step 4) E:/robot/project/FPGA/finial_product/sobel_hls/sobel_opt/sobel/hls/syn/report/csynth_design_size.rpt 
INFO: [HLS 200-1995] There were 104 instructions in the design after the 'Performance (step 4)' phase of compilation. See the Design Size Report for more details: E:/robot/project/FPGA/finial_product/sobel_hls/sobel_opt/sobel/hls/syn/report/csynth_design_size.rpt
Execute       send_msg_by_id INFO @200-1995@%s%s%s 112 HW Transforms (step 1) E:/robot/project/FPGA/finial_product/sobel_hls/sobel_opt/sobel/hls/syn/report/csynth_design_size.rpt 
INFO: [HLS 200-1995] There were 112 instructions in the design after the 'HW Transforms (step 1)' phase of compilation. See the Design Size Report for more details: E:/robot/project/FPGA/finial_product/sobel_hls/sobel_opt/sobel/hls/syn/report/csynth_design_size.rpt
Execute       send_msg_by_id INFO @200-1995@%s%s%s 114 HW Transforms (step 2) E:/robot/project/FPGA/finial_product/sobel_hls/sobel_opt/sobel/hls/syn/report/csynth_design_size.rpt 
INFO: [HLS 200-1995] There were 114 instructions in the design after the 'HW Transforms (step 2)' phase of compilation. See the Design Size Report for more details: E:/robot/project/FPGA/finial_product/sobel_hls/sobel_opt/sobel/hls/syn/report/csynth_design_size.rpt
Command       send_msg_by_id done; 1.02 sec.
INFO: [HLS 214-178] Inlining function 'Gradient_X(unsigned char (*) [3])' into 'sobel3x3_kernel(unsigned char (*) [3])' (../source/sobel_base.cpp:49:0)
INFO: [HLS 214-178] Inlining function 'Gradient_Y(unsigned char (*) [3])' into 'sobel3x3_kernel(unsigned char (*) [3])' (../source/sobel_base.cpp:49:0)
INFO: [HLS 214-178] Inlining function 'sobel3x3_kernel(unsigned char (*) [3])' into 'sobel(unsigned char*, unsigned char*, int, int)' (../source/sobel_base.cpp:63:0)
INFO: [HLS 214-376] automatically set the pipeline for Loop< VITIS_LOOP_103_2> at ../source/sobel_base.cpp:103:20 
INFO: [HLS 214-291] Loop 'VITIS_LOOP_109_3' is marked as complete unroll implied by the pipeline pragma (../source/sobel_base.cpp:109:25)
INFO: [HLS 214-291] Loop 'VITIS_LOOP_111_4' is marked as complete unroll implied by the pipeline pragma (../source/sobel_base.cpp:111:29)
INFO: [HLS 214-186] Unrolling loop 'VITIS_LOOP_109_3' (../source/sobel_base.cpp:109:25) in function 'sobel' completely with a factor of 3 (../source/sobel_base.cpp:63:0)
INFO: [HLS 214-186] Unrolling loop 'VITIS_LOOP_111_4' (../source/sobel_base.cpp:111:29) in function 'sobel' completely with a factor of 3 (../source/sobel_base.cpp:63:0)
INFO: [HLS 214-115] Multiple burst writes of variable length and bit width 8 in loop 'VITIS_LOOP_103_2'(../source/sobel_base.cpp:103:20) has been inferred on bundle 'gmem'. These burst requests might be further partitioned into multiple requests during RTL generation, based on max_read_burst_length or max_write_burst_length settings. (../source/sobel_base.cpp:103:20)
INFO: [HLS 214-115] Multiple burst reads of length 3 and bit width 8 has been inferred on bundle 'gmem'. These burst requests might be further partitioned into multiple requests during RTL generation, based on max_read_burst_length or max_write_burst_length settings. (../source/sobel_base.cpp:111:29)
INFO-FLOW: DBG:PUTS: copy_raw_kernel_xml ap_link_39: kernel.xml not generated: E:/robot/project/FPGA/finial_product/sobel_hls/sobel_opt/sobel/hls/.autopilot/db/kernel.internal.xml
INFO: [HLS 200-111] Finished Compiling Optimization and Transform: CPU user time: 0 seconds. CPU system time: 0 seconds. Elapsed time: 9.739 seconds; current allocated memory: 250.809 MB.
INFO: [HLS 200-111] Finished Checking Pragmas: CPU user time: 0 seconds. CPU system time: 0 seconds. Elapsed time: 0.003 seconds; current allocated memory: 250.809 MB.
Execute       opt_and_import_c a -opt_level=2 -skip_syncheck=0 -ng=0 -keep_printf=0 
Execute         cleanup_all_models 
INFO: [HLS 200-10] Starting code transformations ...
INFO-FLOW: Running Standard Transforms...
Execute         transform -hls -share-std-xform -demangle-name -inline-byval-memcpy -always-inline -promote-dbg-pointer -interface-preproc -mem2reg -scalarrepl -mem2reg -keep-read-access -instcombine -dce -promote-dbg-pointer -bitop-raise -loop-simplify -indvarspre -indvars -loop-simplify -constprop -instcombine -simplifycfg -indvars -simplifycfg -dce -globaldce -basicaa -simplifycfg -mem2reg -globalopt -global-constprop -deadargelim -instcombine -simplifycfg -scalarrepl -instcombine -reassociate -licm -simplifycfg -loop-simplify -indvars -instcombine -simplifycfg -mem2reg -loop-simplify -indvars -instcombine -gvn -gvn -instcombine -adce -break-crit-edges -simplifycfg -loop-delete -global-array-opt -dce -dse -adce -find-syn-modules -top sobel -deadargelim -mem2reg -instcombine -dce -presyn-prepare -interface-preproc -syn-check -check-rec-only -find-region -simplifycfg -func-extr -function-inline -globaldce -mem2reg -instcombine -dce -gvn -globaldce -adce -adse -constprop -instcombine -bit-constprop -instcombine -dce -simplifycfg -bitop-raise -simplifycfg -dce -loop-delete -reassociate -globalopt -global-privatize -mem2reg -dce -global-constprop -pointer-simplify -constprop -dce -promote-dbg-pointer -norm-name E:/robot/project/FPGA/finial_product/sobel_hls/sobel_opt/sobel/hls/.autopilot/db/a.g.0.bc -o E:/robot/project/FPGA/finial_product/sobel_hls/sobel_opt/sobel/hls/.autopilot/db/a.g.1.bc -f -phase std-opt 
INFO: [HLS 200-111] Finished Standard Transforms: CPU user time: 0 seconds. CPU system time: 0 seconds. Elapsed time: 0.103 seconds; current allocated memory: 256.285 MB.
INFO: [HLS 200-10] Checking synthesizability ...
INFO-FLOW: Checking Synthesizability 1/2..
Execute         transform -hls -syn-check -check-rec-only -scalarrepl -norm-name -dce -mem2reg -instcombine -directive-preproc -mem2reg -dse -dce -dce -pag -array-normalize -instcombine -dce -array-seg-normalize -instcombine -dce -data-pack -instcombine -dce -inst-simplify -array-flatten -instcombine -dce -array-burst -dce -deadargelim -promote-global-argument -simplifycfg -mem2reg -globaldce -dce -deadargelim -dce -instcombine -function-inline -globaldce -dce -doublePtrSimplify -doublePtrElim -dce -doublePtrSimplify -promote-dbg-pointer -dce -scalarrepl -dse -adse -instcombine -ptrLegalization -simplifycfg -dce -instcombine -pointer-simplify -ptrArgReplace -dce -instcombine -resolve-double-ptr -scalarrepl -norm-name -dce -mem2reg -instcombine -ptrLegalization -simplifycfg -deadargelim -instcombine -dce -inst-simplify -directive-preproc -mem2reg -dse -dce -globaldce E:/robot/project/FPGA/finial_product/sobel_hls/sobel_opt/sobel/hls/.autopilot/db/a.g.1.bc -o E:/robot/project/FPGA/finial_product/sobel_hls/sobel_opt/sobel/hls/.autopilot/db/a.g.2.prechk.bc -f 
INFO-FLOW: Checking Synthesizability 2/2..
Execute         transform -syn-check E:/robot/project/FPGA/finial_product/sobel_hls/sobel_opt/sobel/hls/.autopilot/db/a.g.2.prechk.bc -o E:/robot/project/FPGA/finial_product/sobel_hls/sobel_opt/sobel/hls/.autopilot/db/a.g.2.bc -f -phase syn-check 
INFO: [HLS 200-111] Finished Checking Synthesizability: CPU user time: 0 seconds. CPU system time: 0 seconds. Elapsed time: 0.068 seconds; current allocated memory: 258.867 MB.
INFO-FLOW: Compiler optimizing ...
INFO-FLOW: Share syncheck's 1.bc for syn flow: copy E:/robot/project/FPGA/finial_product/sobel_hls/sobel_opt/sobel/hls/.autopilot/db/a.g.1.bc to E:/robot/project/FPGA/finial_product/sobel_hls/sobel_opt/sobel/hls/.autopilot/db/a.o.1.bc
INFO-FLOW: Presyn 1...
Execute         transform -hls -tmp E:/robot/project/FPGA/finial_product/sobel_hls/sobel_opt/sobel/hls/.autopilot/db -interface-port-rename -directive-preproc -mem2reg -dse -dce -scalarrepl -norm-name -deadargelim -mem2reg -instcombine -dce -simplifycfg -dce -resource-proc -clib-intrinsic-prepare -dce -func-buffer -dce -pag -array-normalize -func-legal -instcombine -gvn -constprop -dce -simplifycfg -mem2reg -globaldce -resolve-double-ptr -dce -deadargelim -dce -instcombine -ptrArgReplace -mem2reg -dce -array-seg-normalize -deadargelim -instcombine -dce -directive-preproc -mem2reg -dse -dce -pointer-simplify -dce -port-alignment -dce -interface-preproc -data-pack -instcombine -dce -basicaa -aggr-aa -aggrmodref-aa -aggr-aa -gvn -gvn -basicaa -aggr-aa -aggrmodref-aa -aggr-aa -dse -adse -adce -loop-simplify -indvars -instcombine -gvn -loop-simplify -mem2reg -dce -find-region -instcombine -inst-simplify -interface-preproc -cfgopt -instcombine -indvars -loop-simplify -loop-bound -constprop -instcombine -simplifycfg -indvars -simplifycfg -dce -globaldce -clean-region -attach-range -gvn -inst-simplify -constprop -simplifycfg -dce -pointer-simplify -dce -globalopt -constprop -dce -array-promote -constprop -dce -ptrArgReplace -mem2reg -simplifycfg -dce -instcombine -dce -array-transform-check -array-reshape -instcombine -simplifycfg -dce -ptrArgReplace -deadargelim -mem2reg -instcombine -simplifycfg -dce -indvars -loop-simplify -loop-bound -constprop -instcombine -simplifycfg -indvars -simplifycfg -dce -globaldce -basicaa -aggr-aa -aggrmodref-aa -aggr-aa -dse -duplicate-dataflow-processes -globaldce -instcombine -array-partition -prepare-dynamic-array-partition -instcombine -simplifycfg -dce -ptrArgReplace -global-constprop -deadargelim -mem2reg -func-legal -dce -global-constprop -deadargelim -mem2reg -simplifycfg -dce -merge-param -deadargelim -globalopt -constprop -dce -array-promote -constprop -dce -ptrArgReplace -mem2reg -simplifycfg -dce -mem-intrinsic-preproc -dce -global-internalize -global-privatize -mem2reg -globaldce -lcssa -loop-simplify -phi-select-elim -promote-global-argument -ptrArgReplace -mem2reg -dce -globalopt -mergereturn -simplify-global-access -mem2reg -dce -pointer-simplify -dce -basicaa -aggr-aa -aggrmodref-aa -aggr-aa -functionattrs -basicaa -aggr-aa -aggrmodref-aa -aggr-aa -gvn -gvn -basicaa -aggr-aa -aggrmodref-aa -aggr-aa -dse -adse -adce -dce -norm-name -basicaa -aggr-aa -aggrmodref-aa -aggr-aa -accesses-merge -function-inline -complex-op-raise -inst-simplify -globaldce -func-legal -dce -loop-bound -arraycheck -bitwidthmin2 -bitwidthmin2 -on-by-dataflow -loop-delete -instcombine -simplifycfg -globaldce -dce -gvn -deadargelim -dce -loop-simplify -clean-region -simplifycfg -propagate-stable-arguments -loop-stream -instcombine -simplifycfg -dce -globaldce -duplicate-dataflow-processes -stream-intrinsic-preproc -dce -check-ap-stream -loop-simplify -eliminate-keepreads -extract-dataflow-in-loop -loop-simplify -dce -gvn -deadargelim -dse -duplicate-dataflow-processes -check-dataflow-syntax -legalize-stream-variable -globaldce -legalize-global -extract-subproc -dce -dead-channel-elimination -canonicalize-gep -globaldce -dce -gvn -hls-dead-arg-elim -deadargelim -directive-preproc -canonicalize-dataflow -dce -globaldce -scalar-preprocessing -scalar-propagation2 -scalar-stream -deadargelim -globaldce -mem2reg -check-dataflow-channels -function-stream -dce -globaldce -prop-fifo-spec -internal-stream-gen -canonicalize-gep -globaldce -dce -gvn -deadargelim -mergereturn -indvars -loop-simplify -instcombine -array-stream -array-seg-normalize -array-partition -clean-array-spec -func-legal -instcombine -simplifycfg -dce -bundle-memfifo-ops -deadargelim -directive-preproc -mem2reg -dse -dce -group-axi-access -licm -simplifycfg -dce -loop-delete -hls-display -norm-name E:/robot/project/FPGA/finial_product/sobel_hls/sobel_opt/sobel/hls/.autopilot/db/a.o.1.bc -o E:/robot/project/FPGA/finial_product/sobel_hls/sobel_opt/sobel/hls/.autopilot/db/a.o.1.tmp.bc -f 
INFO-FLOW: Presyn 2...
Execute         transform -hls -keep-callgraph -scalarrepl -mem2reg -port-alignment -attach-range -dce -pipe-mux-gen -indvars -loop-bound -inst-simplify -instcombine -dce -merge-array-access -mem2reg -dce -clean-region -mergereturn -if-conv -instcombine -dce -constprop -basicaa -aggr-aa -aggrmodref-aa -aggr-aa -gvn -gvn -basicaa -aggr-aa -aggrmodref-aa -aggr-aa -dse -adse -adce -scalarrepl -mem2reg -global-constprop -deadargelim -deadargelim -instcombine -dce -simplifycfg -ptrArgReplace -mem2reg -function-inline -globaldce -mem2reg -instcombine -dce -expr-balance -instcombine -dce -bitwidthmin2 -bitwidthmin2 -interface-preproc -directive-preproc -inst-rectify -instcombine -dce -basicaa -aggr-aa -aggrmodref-aa -aggr-aa -functionattrs -constprop -instcombine -bit-constprop -simplify-global-access -globalopt -globaldce -inst-simplify -instcombine -elimdeaddata -dce -loop-delete -simplifycfg -loop-simplify -barrier -norm-name E:/robot/project/FPGA/finial_product/sobel_hls/sobel_opt/sobel/hls/.autopilot/db/a.o.1.tmp.bc -o E:/robot/project/FPGA/finial_product/sobel_hls/sobel_opt/sobel/hls/.autopilot/db/a.o.2.bc -f -phase presyn 
INFO: [XFORM 203-11] Balancing expressions in function 'sobel' (../source/sobel_base.cpp:10:21)...3 expression(s) balanced.
INFO: [HLS 200-111] Finished Loop, function and other optimizations: CPU user time: 0 seconds. CPU system time: 0 seconds. Elapsed time: 0.101 seconds; current allocated memory: 281.227 MB.
Execute         transform -hls -auto-function-inline -globaldce -ptrArgReplace -mem2reg -dce -reset-lda -loop-simplify -indvars -aggr-aa -licm -loop-dep -loop-bound -licm -loop-simplify -loop-sink-hoist -flattenloopnest -array-flatten -gvn -instcombine -dce -array-map -dce -func-legal -gvn -adce -instcombine -cfgopt -simplifycfg-lite -loop-simplify -array-burst -promote-global-argument -dce -array-seg-normalize -basicaa -aggrmodref-aa -globalsmodref-aa -aggr-aa -gvn -gvn -basicaa -aggrmodref-aa -globalsmodref-aa -aggr-aa -dse -adse -adce -licm -inst-simplify -dce -globaldce -instcombine -array-stream -eliminate-keepreads -instcombine -dce -deadargelim -doublePtrSimplify -doublePtrElim -dce -doublePtrSimplify -promote-dbg-pointer -dce -scalarrepl -mem2reg -norm-name -mem2reg -instcombine -dse -adse -adce -ptrLegalization -dce -array-flatten -dce -instcombine -check-doubleptr -loop-rot -constprop -inst-simplify -cfgopt -simplifycfg-lite -loop-simplify -indvars -pointer-simplify -dce -loop-bound -loop-simplify -loop-preproc -constprop -global-constprop -gvn -mem2reg -instcombine -dce -loop-bound -loop-merge -dce -deadargelim -dce -canonicalize-dataflow -dce -deadargelim -globaldce -mem2reg -bram-byte-enable -inst-simplify -inst-rectify -instcombine -adce -deadargelim -load-elim -read-loop-dep -loop-simplify -loop-extract-inner -directive-preproc -bitwidthmin2 -bitwidthmin2 -read-loop-dep -interface-preproc -directive-preproc -interface-gen -bram-byte-enable-spec-prop -mul2addshift -deadargelim -inst-simplify -dce -mem2reg -instcombine -gvn -dce -adse -loop-bound -instcombine -cfgopt -simplifycfg-lite -loop-simplify -clean-region -io-protocol -find-region -mem2reg -bitop-raise -complex-op-raise -inst-simplify -inst-rectify -instcombine -adce -deadargelim -float-op-raise -loop-simplify -phi-opt -bitop-raise -cfgopt -simplifycfg-lite -strip-dead-prototypes -interface-lower -bitop-lower -intrinsic-lower -auto-function-inline -basicaa -aggrmodref-aa -globalsmodref-aa -aggr-aa -inst-simplify -simplifycfg-lite -loop-simplify -mergereturn -inst-simplify -inst-rectify -globaldce -dce -load-elim -bitop-lower -float-op-raise -fma-raise -loop-rewind -pointer-simplify -dce -cfgopt -dce -loop-bound -loop-dep -read-loop-dep -dce -dyn-mem-reuse -dce -recurrence-min -dce -share-scalar-alloca -deadargelim -dce -check-stream -norm-name -legalize -inst-clarity -bitwidth -dce -validate-dataflow -dump-loop-dep-to-ir -check-all-ssdm -dump-complexity-metric E:/robot/project/FPGA/finial_product/sobel_hls/sobel_opt/sobel/hls/.autopilot/db/a.o.2.bc -o E:/robot/project/FPGA/finial_product/sobel_hls/sobel_opt/sobel/hls/.autopilot/db/a.o.3.bc -f -phase build-ssdm 
INFO: [HLS 200-2061] Successfully converted nested loops 'VITIS_LOOP_100_1'(../source/sobel_base.cpp:100:21) and 'VITIS_LOOP_103_2'(../source/sobel_base.cpp:103:20) in function 'sobel' into perfectly nested loops.
INFO: [XFORM 203-541] Flattening a loop nest 'VITIS_LOOP_100_1' (../source/sobel_base.cpp:100:21) in function 'sobel'.
Execute           auto_get_db
INFO-FLOW: Building ssdm...
Execute         transform -hls -cdfg-build E:/robot/project/FPGA/finial_product/sobel_hls/sobel_opt/sobel/hls/.autopilot/db/a.o.3.bc -o E:/robot/project/FPGA/finial_product/sobel_hls/sobel_opt/sobel/hls/.autopilot/db/a.o.3.bc -f -phase build-ssdm 
INFO: [HLS 200-111] Finished Architecture Synthesis: CPU user time: 0 seconds. CPU system time: 0 seconds. Elapsed time: 0.1 seconds; current allocated memory: 285.582 MB.
INFO-FLOW: Finish building internal data model.
Command       opt_and_import_c done; 0.378 sec.
Command     elaborate done; 16.341 sec.
Execute     ap_eval exec zip -j E:/robot/project/FPGA/finial_product/sobel_hls/sobel_opt/sobel/hls/.autopilot/db/dut.hcp $dbDir/a.o.3.bc $dbDir/${topname}.rtl_wrap.cfg.tcl $dbDir/apatb_${topname}.cpp $dbDir/apatb_${topname}_util.cpp $dbDir/apatb_${topname}_ir.ll $dbDir/mapper_${topname}.cpp $dbDir/top-io-fe.xml $dbDir/kernel.internal.xml $workdir/../hls.app 
Execute     autosyn -from_csynth_design=1 
INFO: [HLS 200-10] Starting hardware synthesis ...
INFO-FLOW: Synthesizing C/C++ design ...
INFO: [HLS 200-10] Synthesizing 'sobel' ...
Execute       ap_set_top_model sobel 
Execute       get_model_list sobel -filter all-wo-channel -topdown 
Execute       preproc_iomode -model sobel 
Execute       preproc_iomode -model sobel_Pipeline_VITIS_LOOP_100_1_VITIS_LOOP_103_2 
Execute       create_clock 
Execute         ap_set_clock -name default -period 10 -unit ns -default=false 
INFO: [SYN 201-201] Setting up clock 'default' with a period of 10ns.
Execute       get_model_list sobel -filter all-wo-channel 
INFO-FLOW: Model list for configure: sobel_Pipeline_VITIS_LOOP_100_1_VITIS_LOOP_103_2 sobel
INFO-FLOW: Configuring Module : sobel_Pipeline_VITIS_LOOP_100_1_VITIS_LOOP_103_2 ...
Execute       set_default_model sobel_Pipeline_VITIS_LOOP_100_1_VITIS_LOOP_103_2 
Execute       apply_spec_resource_limit sobel_Pipeline_VITIS_LOOP_100_1_VITIS_LOOP_103_2 
INFO-FLOW: Configuring Module : sobel ...
Execute       set_default_model sobel 
Execute       apply_spec_resource_limit sobel 
INFO-FLOW: Model list for preprocess: sobel_Pipeline_VITIS_LOOP_100_1_VITIS_LOOP_103_2 sobel
INFO-FLOW: Preprocessing Module: sobel_Pipeline_VITIS_LOOP_100_1_VITIS_LOOP_103_2 ...
Execute       set_default_model sobel_Pipeline_VITIS_LOOP_100_1_VITIS_LOOP_103_2 
Execute       cdfg_preprocess -model sobel_Pipeline_VITIS_LOOP_100_1_VITIS_LOOP_103_2 
Execute       rtl_gen_preprocess sobel_Pipeline_VITIS_LOOP_100_1_VITIS_LOOP_103_2 
INFO-FLOW: Preprocessing Module: sobel ...
Execute       set_default_model sobel 
Execute       cdfg_preprocess -model sobel 
Execute       rtl_gen_preprocess sobel 
INFO-FLOW: Model list for synthesis: sobel_Pipeline_VITIS_LOOP_100_1_VITIS_LOOP_103_2 sobel
INFO: [HLS 200-10] ----------------------------------------------------------------
INFO: [HLS 200-42] -- Implementing module 'sobel_Pipeline_VITIS_LOOP_100_1_VITIS_LOOP_103_2' 
INFO: [HLS 200-10] ----------------------------------------------------------------
Execute       set_default_model sobel_Pipeline_VITIS_LOOP_100_1_VITIS_LOOP_103_2 
Execute       schedule -model sobel_Pipeline_VITIS_LOOP_100_1_VITIS_LOOP_103_2 
INFO: [SCHED 204-11] Starting scheduling ...
INFO: [SCHED 204-61] Pipelining loop 'VITIS_LOOP_100_1_VITIS_LOOP_103_2'.
WARNING: [HLS 200-880] The II Violation in module 'sobel_Pipeline_VITIS_LOOP_100_1_VITIS_LOOP_103_2' (loop 'VITIS_LOOP_100_1_VITIS_LOOP_103_2'): Unable to enforce a carried dependence constraint (II = 1, distance = 1, offset = 1) between bus read operation ('sobel_kernel', ../source/sobel_base.cpp:114) on port 'gmem' (../source/sobel_base.cpp:114) and bus read operation ('sobel_kernel', ../source/sobel_base.cpp:114) on port 'gmem' (../source/sobel_base.cpp:114).
WARNING: [HLS 200-880] The II Violation in module 'sobel_Pipeline_VITIS_LOOP_100_1_VITIS_LOOP_103_2' (loop 'VITIS_LOOP_100_1_VITIS_LOOP_103_2'): Unable to enforce a carried dependence constraint (II = 2, distance = 1, offset = 1) between bus read operation ('sobel_kernel', ../source/sobel_base.cpp:114) on port 'gmem' (../source/sobel_base.cpp:114) and bus read operation ('sobel_kernel', ../source/sobel_base.cpp:114) on port 'gmem' (../source/sobel_base.cpp:114).
WARNING: [HLS 200-880] The II Violation in module 'sobel_Pipeline_VITIS_LOOP_100_1_VITIS_LOOP_103_2' (loop 'VITIS_LOOP_100_1_VITIS_LOOP_103_2'): Unable to enforce a carried dependence constraint (II = 3, distance = 1, offset = 1) between bus request operation ('empty_24', ../source/sobel_base.cpp:111) on port 'gmem' (../source/sobel_base.cpp:111) and bus request operation ('empty_21', ../source/sobel_base.cpp:111) on port 'gmem' (../source/sobel_base.cpp:111).
WARNING: [HLS 200-880] The II Violation in module 'sobel_Pipeline_VITIS_LOOP_100_1_VITIS_LOOP_103_2' (loop 'VITIS_LOOP_100_1_VITIS_LOOP_103_2'): Unable to enforce a carried dependence constraint (II = 4, distance = 1, offset = 1) between bus request operation ('empty_27', ../source/sobel_base.cpp:111) on port 'gmem' (../source/sobel_base.cpp:111) and bus request operation ('empty_21', ../source/sobel_base.cpp:111) on port 'gmem' (../source/sobel_base.cpp:111).
WARNING: [HLS 200-885] The II Violation in module 'sobel_Pipeline_VITIS_LOOP_100_1_VITIS_LOOP_103_2' (loop 'VITIS_LOOP_100_1_VITIS_LOOP_103_2'): Unable to schedule bus read operation ('sobel_kernel', ../source/sobel_base.cpp:114) on port 'gmem' (../source/sobel_base.cpp:114) due to limited memory ports (II = 7). Please consider using a memory core with more ports or partitioning the array.
WARNING: [HLS 200-885] The II Violation in module 'sobel_Pipeline_VITIS_LOOP_100_1_VITIS_LOOP_103_2' (loop 'VITIS_LOOP_100_1_VITIS_LOOP_103_2'): Unable to schedule bus read operation ('sobel_kernel', ../source/sobel_base.cpp:114) on port 'gmem' (../source/sobel_base.cpp:114) due to limited memory ports (II = 8). Please consider using a memory core with more ports or partitioning the array.
INFO: [HLS 200-1470] Pipelining result : Target II = NA, Final II = 9, Depth = 32, loop 'VITIS_LOOP_100_1_VITIS_LOOP_103_2'
INFO: [SCHED 204-11] Finished scheduling.
Command       schedule done; 1.293 sec.
INFO: [HLS 200-111] Finished Scheduling: CPU user time: 0 seconds. CPU system time: 0 seconds. Elapsed time: 1.443 seconds; current allocated memory: 289.855 MB.
Execute       syn_report -verbosereport -o E:/robot/project/FPGA/finial_product/sobel_hls/sobel_opt/sobel/hls/.autopilot/db/sobel_Pipeline_VITIS_LOOP_100_1_VITIS_LOOP_103_2.verbose.sched.rpt 
Execute         list_part -family xc7z020-clg400-1 
Execute           ap_family_info -name xc7z020-clg400-1 -data names 
Execute           ap_part_info -quiet -name xc7z020-clg400-1 -data family 
Execute       db_write -o E:/robot/project/FPGA/finial_product/sobel_hls/sobel_opt/sobel/hls/.autopilot/db/sobel_Pipeline_VITIS_LOOP_100_1_VITIS_LOOP_103_2.sched.adb -f 
INFO-FLOW: Finish scheduling sobel_Pipeline_VITIS_LOOP_100_1_VITIS_LOOP_103_2.
Execute       set_default_model sobel_Pipeline_VITIS_LOOP_100_1_VITIS_LOOP_103_2 
Execute       bind -model sobel_Pipeline_VITIS_LOOP_100_1_VITIS_LOOP_103_2 
INFO: [BIND 205-100] Starting micro-architecture generation ...
INFO: [BIND 205-101] Performing variable lifetime analysis.
INFO: [BIND 205-101] Exploring resource sharing.
INFO: [BIND 205-101] Binding ...
INFO: [BIND 205-100] Finished micro-architecture generation.
INFO: [HLS 200-111] Finished Binding: CPU user time: 0 seconds. CPU system time: 0 seconds. Elapsed time: 0.099 seconds; current allocated memory: 291.090 MB.
Execute       syn_report -verbosereport -o E:/robot/project/FPGA/finial_product/sobel_hls/sobel_opt/sobel/hls/.autopilot/db/sobel_Pipeline_VITIS_LOOP_100_1_VITIS_LOOP_103_2.verbose.bind.rpt 
Execute         list_part -family xc7z020-clg400-1 
Execute           ap_family_info -name xc7z020-clg400-1 -data names 
Execute           ap_part_info -quiet -name xc7z020-clg400-1 -data family 
Execute       db_write -o E:/robot/project/FPGA/finial_product/sobel_hls/sobel_opt/sobel/hls/.autopilot/db/sobel_Pipeline_VITIS_LOOP_100_1_VITIS_LOOP_103_2.bind.adb -f 
INFO-FLOW: Finish binding sobel_Pipeline_VITIS_LOOP_100_1_VITIS_LOOP_103_2.
INFO: [HLS 200-10] ----------------------------------------------------------------
INFO: [HLS 200-42] -- Implementing module 'sobel' 
INFO: [HLS 200-10] ----------------------------------------------------------------
Execute       set_default_model sobel 
Execute       schedule -model sobel 
INFO: [SCHED 204-11] Starting scheduling ...
INFO: [SCHED 204-11] Finished scheduling.
INFO: [HLS 200-111] Finished Scheduling: CPU user time: 0 seconds. CPU system time: 0 seconds. Elapsed time: 0.098 seconds; current allocated memory: 291.184 MB.
Execute       syn_report -verbosereport -o E:/robot/project/FPGA/finial_product/sobel_hls/sobel_opt/sobel/hls/.autopilot/db/sobel.verbose.sched.rpt 
Execute         list_part -family xc7z020-clg400-1 
Execute           ap_family_info -name xc7z020-clg400-1 -data names 
Execute           ap_part_info -quiet -name xc7z020-clg400-1 -data family 
Execute       db_write -o E:/robot/project/FPGA/finial_product/sobel_hls/sobel_opt/sobel/hls/.autopilot/db/sobel.sched.adb -f 
INFO-FLOW: Finish scheduling sobel.
Execute       set_default_model sobel 
Execute       bind -model sobel 
INFO: [BIND 205-100] Starting micro-architecture generation ...
INFO: [BIND 205-101] Performing variable lifetime analysis.
INFO: [BIND 205-101] Exploring resource sharing.
INFO: [BIND 205-101] Binding ...
INFO: [BIND 205-100] Finished micro-architecture generation.
INFO: [HLS 200-111] Finished Binding: CPU user time: 0 seconds. CPU system time: 0 seconds. Elapsed time: 0.074 seconds; current allocated memory: 291.328 MB.
Execute       syn_report -verbosereport -o E:/robot/project/FPGA/finial_product/sobel_hls/sobel_opt/sobel/hls/.autopilot/db/sobel.verbose.bind.rpt 
Execute         list_part -family xc7z020-clg400-1 
Execute           ap_family_info -name xc7z020-clg400-1 -data names 
Execute           ap_part_info -quiet -name xc7z020-clg400-1 -data family 
Execute       db_write -o E:/robot/project/FPGA/finial_product/sobel_hls/sobel_opt/sobel/hls/.autopilot/db/sobel.bind.adb -f 
INFO-FLOW: Finish binding sobel.
Execute       get_model_list sobel -filter all-wo-channel 
INFO-FLOW: Preprocessing for RTLGen ...
Execute       rtl_gen_preprocess sobel_Pipeline_VITIS_LOOP_100_1_VITIS_LOOP_103_2 
Execute       rtl_gen_preprocess sobel 
INFO-FLOW: Model list for RTL generation: sobel_Pipeline_VITIS_LOOP_100_1_VITIS_LOOP_103_2 sobel
INFO: [HLS 200-10] ----------------------------------------------------------------
INFO: [HLS 200-10] -- Generating RTL for module 'sobel_Pipeline_VITIS_LOOP_100_1_VITIS_LOOP_103_2' 
INFO: [HLS 200-10] ----------------------------------------------------------------
Execute       create_rtl_model sobel_Pipeline_VITIS_LOOP_100_1_VITIS_LOOP_103_2 -top_prefix sobel_ -sub_prefix sobel_ -mg_file E:/robot/project/FPGA/finial_product/sobel_hls/sobel_opt/sobel/hls/.autopilot/db/sobel_Pipeline_VITIS_LOOP_100_1_VITIS_LOOP_103_2.compgen.tcl 
INFO: [HLS 200-1030] Apply Unified Pipeline Control on module 'sobel_Pipeline_VITIS_LOOP_100_1_VITIS_LOOP_103_2' pipeline 'VITIS_LOOP_100_1_VITIS_LOOP_103_2' pipeline type 'loop pipeline'
INFO: [RTGEN 206-100] Generating core module 'mul_31ns_32s_63_2_1': 1 instance(s).
INFO: [RTGEN 206-100] Finished creating RTL model for 'sobel_Pipeline_VITIS_LOOP_100_1_VITIS_LOOP_103_2'.
INFO: [HLS 200-111] Finished Creating RTL model: CPU user time: 0 seconds. CPU system time: 0 seconds. Elapsed time: 0.113 seconds; current allocated memory: 294.066 MB.
Execute       source E:/robot/project/FPGA/finial_product/sobel_hls/sobel_opt/sobel/hls/.autopilot/db/sobel.rtl_wrap.cfg.tcl 
Execute       gen_rtl sobel_Pipeline_VITIS_LOOP_100_1_VITIS_LOOP_103_2 -style xilinx -f -lang vhdl -o E:/robot/project/FPGA/finial_product/sobel_hls/sobel_opt/sobel/hls/syn/vhdl/sobel_sobel_Pipeline_VITIS_LOOP_100_1_VITIS_LOOP_103_2 
Execute       gen_rtl sobel_Pipeline_VITIS_LOOP_100_1_VITIS_LOOP_103_2 -style xilinx -f -lang vlog -o E:/robot/project/FPGA/finial_product/sobel_hls/sobel_opt/sobel/hls/syn/verilog/sobel_sobel_Pipeline_VITIS_LOOP_100_1_VITIS_LOOP_103_2 
Execute       syn_report -csynth -model sobel_Pipeline_VITIS_LOOP_100_1_VITIS_LOOP_103_2 -o E:/robot/project/FPGA/finial_product/sobel_hls/sobel_opt/sobel/hls/syn/report/sobel_Pipeline_VITIS_LOOP_100_1_VITIS_LOOP_103_2_csynth.rpt 
Execute         list_part -family xc7z020-clg400-1 
Execute           ap_family_info -name xc7z020-clg400-1 -data names 
Execute           ap_part_info -quiet -name xc7z020-clg400-1 -data family 
Execute       syn_report -rtlxml -model sobel_Pipeline_VITIS_LOOP_100_1_VITIS_LOOP_103_2 -o E:/robot/project/FPGA/finial_product/sobel_hls/sobel_opt/sobel/hls/syn/report/sobel_Pipeline_VITIS_LOOP_100_1_VITIS_LOOP_103_2_csynth.xml 
Execute         list_part -family xc7z020-clg400-1 
Execute           ap_family_info -name xc7z020-clg400-1 -data names 
Execute           ap_part_info -quiet -name xc7z020-clg400-1 -data family 
Execute       syn_report -verbosereport -model sobel_Pipeline_VITIS_LOOP_100_1_VITIS_LOOP_103_2 -o E:/robot/project/FPGA/finial_product/sobel_hls/sobel_opt/sobel/hls/.autopilot/db/sobel_Pipeline_VITIS_LOOP_100_1_VITIS_LOOP_103_2.verbose.rpt 
Execute         list_part -family xc7z020-clg400-1 
Execute           ap_family_info -name xc7z020-clg400-1 -data names 
Execute           ap_part_info -quiet -name xc7z020-clg400-1 -data family 
Execute       db_write -model sobel_Pipeline_VITIS_LOOP_100_1_VITIS_LOOP_103_2 -f -o E:/robot/project/FPGA/finial_product/sobel_hls/sobel_opt/sobel/hls/.autopilot/db/sobel_Pipeline_VITIS_LOOP_100_1_VITIS_LOOP_103_2.adb 
Execute       db_write -model sobel_Pipeline_VITIS_LOOP_100_1_VITIS_LOOP_103_2 -bindview -o E:/robot/project/FPGA/finial_product/sobel_hls/sobel_opt/sobel/hls/.autopilot/db/design.bindinfo.xml 
Execute       gen_tb_info sobel_Pipeline_VITIS_LOOP_100_1_VITIS_LOOP_103_2 -p E:/robot/project/FPGA/finial_product/sobel_hls/sobel_opt/sobel/hls/.autopilot/db -o E:/robot/project/FPGA/finial_product/sobel_hls/sobel_opt/sobel/hls/.autopilot/db/sobel_Pipeline_VITIS_LOOP_100_1_VITIS_LOOP_103_2 
INFO: [HLS 200-10] ----------------------------------------------------------------
INFO: [HLS 200-10] -- Generating RTL for module 'sobel' 
INFO: [HLS 200-10] ----------------------------------------------------------------
Execute       create_rtl_model sobel -top_prefix  -sub_prefix sobel_ -mg_file E:/robot/project/FPGA/finial_product/sobel_hls/sobel_opt/sobel/hls/.autopilot/db/sobel.compgen.tcl 
WARNING: [RTGEN 206-101] Design contains AXI ports. Reset is fixed to synchronous and active low.
INFO: [RTGEN 206-500] Setting interface mode on port 'sobel/gmem' to 'm_axi'.
INFO: [RTGEN 206-500] Setting interface mode on port 'sobel/src' to 's_axilite & ap_none'.
INFO: [RTGEN 206-500] Setting interface mode on port 'sobel/dst' to 's_axilite & ap_none'.
INFO: [RTGEN 206-500] Setting interface mode on port 'sobel/rows' to 's_axilite & ap_none'.
INFO: [RTGEN 206-500] Setting interface mode on port 'sobel/cols' to 's_axilite & ap_none'.
INFO: [RTGEN 206-500] Setting interface mode on function 'sobel' to 's_axilite & ap_ctrl_hs'.
INFO: [RTGEN 206-100] Bundling port 'src', 'dst', 'rows', 'cols' to AXI-Lite port CTRL.
INFO: [RTGEN 206-100] Generating core module 'mul_32ns_32ns_64_2_1': 1 instance(s).
INFO: [RTGEN 206-100] Finished creating RTL model for 'sobel'.
Command       create_rtl_model done; 0.161 sec.
INFO: [HLS 200-111] Finished Creating RTL model: CPU user time: 0 seconds. CPU system time: 0 seconds. Elapsed time: 0.41 seconds; current allocated memory: 298.547 MB.
Execute       source E:/robot/project/FPGA/finial_product/sobel_hls/sobel_opt/sobel/hls/.autopilot/db/sobel.rtl_wrap.cfg.tcl 
Execute       gen_rtl sobel -istop -style xilinx -f -lang vhdl -o E:/robot/project/FPGA/finial_product/sobel_hls/sobel_opt/sobel/hls/syn/vhdl/sobel 
Execute       gen_rtl sobel -istop -style xilinx -f -lang vlog -o E:/robot/project/FPGA/finial_product/sobel_hls/sobel_opt/sobel/hls/syn/verilog/sobel 
Execute       syn_report -csynth -model sobel -o E:/robot/project/FPGA/finial_product/sobel_hls/sobel_opt/sobel/hls/syn/report/sobel_csynth.rpt 
Execute         list_part -family xc7z020-clg400-1 
Execute           ap_family_info -name xc7z020-clg400-1 -data names 
Execute           ap_part_info -quiet -name xc7z020-clg400-1 -data family 
Execute       syn_report -rtlxml -model sobel -o E:/robot/project/FPGA/finial_product/sobel_hls/sobel_opt/sobel/hls/syn/report/sobel_csynth.xml 
Execute         list_part -family xc7z020-clg400-1 
Execute           ap_family_info -name xc7z020-clg400-1 -data names 
Execute           ap_part_info -quiet -name xc7z020-clg400-1 -data family 
Execute       syn_report -verbosereport -model sobel -o E:/robot/project/FPGA/finial_product/sobel_hls/sobel_opt/sobel/hls/.autopilot/db/sobel.verbose.rpt 
Execute         list_part -family xc7z020-clg400-1 
Execute           ap_family_info -name xc7z020-clg400-1 -data names 
Execute           ap_part_info -quiet -name xc7z020-clg400-1 -data family 
Execute       db_write -model sobel -f -o E:/robot/project/FPGA/finial_product/sobel_hls/sobel_opt/sobel/hls/.autopilot/db/sobel.adb 
Execute       db_write -model sobel -bindview -o E:/robot/project/FPGA/finial_product/sobel_hls/sobel_opt/sobel/hls/.autopilot/db/design.bindinfo.xml 
Execute       gen_tb_info sobel -p E:/robot/project/FPGA/finial_product/sobel_hls/sobel_opt/sobel/hls/.autopilot/db -o E:/robot/project/FPGA/finial_product/sobel_hls/sobel_opt/sobel/hls/.autopilot/db/sobel 
Execute       export_constraint_db -f -tool general -o E:/robot/project/FPGA/finial_product/sobel_hls/sobel_opt/sobel/hls/.autopilot/db/sobel.constraint.tcl 
Execute       syn_report -designview -model sobel -o E:/robot/project/FPGA/finial_product/sobel_hls/sobel_opt/sobel/hls/.autopilot/db/sobel.design.xml 
Execute       syn_report -csynthDesign -model sobel -o E:/robot/project/FPGA/finial_product/sobel_hls/sobel_opt/sobel/hls/syn/report/csynth.rpt -MHOut E:/robot/project/FPGA/finial_product/sobel_hls/sobel_opt/sobel/hls/.autopilot/db/kernel_module_hierarchy.tcl 
Execute         list_part -family xc7z020-clg400-1 
Execute           ap_family_info -name xc7z020-clg400-1 -data names 
Execute           ap_part_info -quiet -name xc7z020-clg400-1 -data family 
Execute       syn_report -wcfg -model sobel -o E:/robot/project/FPGA/finial_product/sobel_hls/sobel_opt/sobel/hls/.autopilot/db/sobel_dataflow_ana.wcfg 
Execute       syn_report -protoinst -model sobel -o E:/robot/project/FPGA/finial_product/sobel_hls/sobel_opt/sobel/hls/.autopilot/db/sobel.protoinst 
Execute       sc_get_clocks sobel 
Execute       sc_get_portdomain sobel 
INFO-FLOW: Model list for RTL component generation: sobel_Pipeline_VITIS_LOOP_100_1_VITIS_LOOP_103_2 sobel
INFO-FLOW: Handling components in module [sobel_Pipeline_VITIS_LOOP_100_1_VITIS_LOOP_103_2] ... 
Execute       source E:/robot/project/FPGA/finial_product/sobel_hls/sobel_opt/sobel/hls/.autopilot/db/sobel_Pipeline_VITIS_LOOP_100_1_VITIS_LOOP_103_2.compgen.tcl 
INFO-FLOW: Found component sobel_mul_31ns_32s_63_2_1.
INFO-FLOW: Append model sobel_mul_31ns_32s_63_2_1
INFO-FLOW: Found component sobel_flow_control_loop_pipe_sequential_init.
INFO-FLOW: Append model sobel_flow_control_loop_pipe_sequential_init
INFO-FLOW: Handling components in module [sobel] ... 
Execute       source E:/robot/project/FPGA/finial_product/sobel_hls/sobel_opt/sobel/hls/.autopilot/db/sobel.compgen.tcl 
INFO-FLOW: Found component sobel_mul_32ns_32ns_64_2_1.
INFO-FLOW: Append model sobel_mul_32ns_32ns_64_2_1
INFO-FLOW: Found component sobel_gmem_m_axi.
INFO-FLOW: Append model sobel_gmem_m_axi
INFO-FLOW: Found component sobel_CTRL_s_axi.
INFO-FLOW: Append model sobel_CTRL_s_axi
INFO-FLOW: Append model sobel_Pipeline_VITIS_LOOP_100_1_VITIS_LOOP_103_2
INFO-FLOW: Append model sobel
INFO-FLOW: Generating RTL model list ...
INFO-FLOW: All models in this session: sobel_mul_31ns_32s_63_2_1 sobel_flow_control_loop_pipe_sequential_init sobel_mul_32ns_32ns_64_2_1 sobel_gmem_m_axi sobel_CTRL_s_axi sobel_Pipeline_VITIS_LOOP_100_1_VITIS_LOOP_103_2 sobel
INFO-FLOW: Generating E:/robot/project/FPGA/finial_product/sobel_hls/sobel_opt/sobel/hls/.autopilot/db/autopilot.rtl.models.txt file...
INFO-FLOW: To file: write model sobel_mul_31ns_32s_63_2_1
INFO-FLOW: To file: write model sobel_flow_control_loop_pipe_sequential_init
INFO-FLOW: To file: write model sobel_mul_32ns_32ns_64_2_1
INFO-FLOW: To file: write model sobel_gmem_m_axi
INFO-FLOW: To file: write model sobel_CTRL_s_axi
INFO-FLOW: To file: write model sobel_Pipeline_VITIS_LOOP_100_1_VITIS_LOOP_103_2
INFO-FLOW: To file: write model sobel
INFO-FLOW: Generating E:/robot/project/FPGA/finial_product/sobel_hls/sobel_opt/sobel/hls/.autopilot/db/autopilot.rtl.models.tcl file...
INFO-FLOW: Finished generating RTL model list.


INFO-FLOW: RTL Generation done.
INFO-FLOW: CAS Generation done.
INFO-FLOW: CBC Generation done.
INFO-FLOW: DBG:PROC: ::AESL_AUTOMG::auto_generate_csynth_design
INFO-FLOW: DBG:PUTS: read_platform_lib E:/robot/project/FPGA/finial_product/sobel_hls/sobel_opt/sobel/hls/.autopilot/db/global.setting.tcl
Execute       source E:/vivado/Vitis_HLS/2024.1/common/technology/generic/autopilot/common.gen 
Execute         source E:/vivado/Vitis_HLS/2024.1/common/technology/generic/autopilot/APCoreGen.gen 
Execute       source E:/vivado/Vitis_HLS/2024.1/common/technology/generic/autopilot/op.gen 
Execute       source E:/vivado/Vitis_HLS/2024.1/common/technology/generic/autopilot/op_simcore.gen 
Execute       source E:/vivado/Vitis_HLS/2024.1/common/technology/generic/autopilot/interface.gen 
Execute       source E:/robot/project/FPGA/finial_product/sobel_hls/sobel_opt/sobel/hls/.autopilot/db/global.setting.tcl 
Execute       source E:/vivado/Vitis_HLS/2024.1/common/technology/xilinx/common/xilinx.gen 
Execute         source E:/vivado/Vitis_HLS/2024.1/common/technology/xilinx/interface/plb46.gen 
Execute         source E:/vivado/Vitis_HLS/2024.1/common/technology/xilinx/interface/axi4.gen 
Execute         source E:/vivado/Vitis_HLS/2024.1/common/technology/xilinx/interface/nativeAXI4.gen 
Execute           source E:/vivado/Vitis_HLS/2024.1/common/technology/xilinx/interface/saxilite.gen 
Execute         source E:/vivado/Vitis_HLS/2024.1/common/technology/xilinx/scripts/xilinxcoregen.gen 
Execute         source E:/vivado/Vitis_HLS/2024.1/common/technology/xilinx/interface/XilEDKCoreGen.gen 
Execute         source E:/vivado/Vitis_HLS/2024.1/common/technology/xilinx/ip/dds_compiler.gen 
Execute         source E:/vivado/Vitis_HLS/2024.1/common/technology/xilinx/ip/util.gen 
Execute         source E:/vivado/Vitis_HLS/2024.1/common/technology/xilinx/ip/xfft.gen 
Execute         source E:/vivado/Vitis_HLS/2024.1/common/technology/xilinx/ip/xfir.gen 
Execute         source E:/vivado/Vitis_HLS/2024.1/common/technology/xilinx/DSP48/dsp48.gen 
INFO-FLOW: DBG:PUTS:   using AESL_AUTOCG::g_clock_period=10.000 (was NA)
INFO-FLOW: DBG:PROC: ::AESL_AUTOMG::generate_ip_cores gen_sim_model='1' gen_fp_models='0' gen_for_export='0' dstSCDir='' dstVhdlDir='E:/robot/project/FPGA/finial_product/sobel_hls/sobel_opt/sobel/hls/.autopilot/db/vhdl' dstVlogDir='E:/robot/project/FPGA/finial_product/sobel_hls/sobel_opt/sobel/hls/.autopilot/db/vlog' tclDir='E:/robot/project/FPGA/finial_product/sobel_hls/sobel_opt/sobel/hls/.autopilot/db' modelList='sobel_mul_31ns_32s_63_2_1
sobel_flow_control_loop_pipe_sequential_init
sobel_mul_32ns_32ns_64_2_1
sobel_gmem_m_axi
sobel_CTRL_s_axi
sobel_Pipeline_VITIS_LOOP_100_1_VITIS_LOOP_103_2
sobel
' expOnly='0'
Execute       source E:/robot/project/FPGA/finial_product/sobel_hls/sobel_opt/sobel/hls/.autopilot/db/global.setting.tcl 
Execute       ap_part_info -name xc7z020-clg400-1 -data names -quiet 
Execute       ap_part_info -name xc7z020-clg400-1 -data info -quiet 
Execute       source E:/robot/project/FPGA/finial_product/sobel_hls/sobel_opt/sobel/hls/.autopilot/db/global.setting.tcl 
Execute       source E:/robot/project/FPGA/finial_product/sobel_hls/sobel_opt/sobel/hls/.autopilot/db/global.setting.tcl 
Execute       source E:/robot/project/FPGA/finial_product/sobel_hls/sobel_opt/sobel/hls/.autopilot/db/sobel_Pipeline_VITIS_LOOP_100_1_VITIS_LOOP_103_2.compgen.tcl 
Execute       source E:/robot/project/FPGA/finial_product/sobel_hls/sobel_opt/sobel/hls/.autopilot/db/sobel.compgen.tcl 
Execute         source ./CTRL.slave.tcl 
INFO: [HLS 200-111] Finished Generating all RTL models: CPU user time: 0 seconds. CPU system time: 0 seconds. Elapsed time: 0.508 seconds; current allocated memory: 301.805 MB.
INFO-FLOW: DBG:PROC: ::HLSREPORTS::create_csynth_xml bind_info_var='bind_info' RtlSubPrefix='sobel_' outfile=''
INFO-FLOW: Running: create_csynth_xml read xml data
INFO-FLOW: Done: create_csynth_xml read xml data time: 0 seconds per iteration
INFO-FLOW: Running: create_csynth_xml bind info
INFO-FLOW: Done: create_csynth_xml bind info time: 0 seconds per iteration
INFO-FLOW: Running: create_csynth_xml config info
INFO-FLOW: Done: create_csynth_xml config info time: 0.2 seconds per iteration
INFO-FLOW: Running: create_csynth_xml write xml
INFO-FLOW: Done: create_csynth_xml write xml time: 0 seconds per iteration
INFO-FLOW: DBG:PUTS:      create_csynth_xml wrote csynth_xml=E:/robot/project/FPGA/finial_product/sobel_hls/sobel_opt/sobel/hls/syn/report/csynth.xml
INFO-FLOW: DBG:PROC: ::AP::DESIGN_DATA::generate_json generate_bd_files='0' generate_xo_files='0' modelList='sobel_mul_31ns_32s_63_2_1
sobel_flow_control_loop_pipe_sequential_init
sobel_mul_32ns_32ns_64_2_1
sobel_gmem_m_axi
sobel_CTRL_s_axi
sobel_Pipeline_VITIS_LOOP_100_1_VITIS_LOOP_103_2
sobel
' rtl_lang='both' bootstrap_tcl='false' outdir='' outfilename=''
Execute       source E:/robot/project/FPGA/finial_product/sobel_hls/sobel_opt/sobel/hls/.autopilot/db/global.setting.tcl 
Execute       source E:/robot/project/FPGA/finial_product/sobel_hls/sobel_opt/sobel/hls/.autopilot/db/global.setting.tcl 
Execute       source E:/robot/project/FPGA/finial_product/sobel_hls/sobel_opt/sobel/hls/.autopilot/db/top-io-be.tcl 
Execute       source E:/robot/project/FPGA/finial_product/sobel_hls/sobel_opt/sobel/hls/.autopilot/db/sobel.tbgen.tcl 
Execute       source E:/robot/project/FPGA/finial_product/sobel_hls/sobel_opt/sobel/hls/.autopilot/db/sobel.compgen.dataonly.tcl 
Execute       source E:/robot/project/FPGA/finial_product/sobel_hls/sobel_opt/sobel/hls/.autopilot/db/sobel.compgen.dataonly.tcl 
Execute       source E:/robot/project/FPGA/finial_product/sobel_hls/sobel_opt/sobel/hls/.autopilot/db/sobel.rtl_wrap.cfg.tcl 
Execute       source E:/robot/project/FPGA/finial_product/sobel_hls/sobel_opt/sobel/hls/.autopilot/db/sobel.compgen.dataonly.tcl 
Execute       source E:/robot/project/FPGA/finial_product/sobel_hls/sobel_opt/sobel/hls/.autopilot/db/sobel_Pipeline_VITIS_LOOP_100_1_VITIS_LOOP_103_2.tbgen.tcl 
Execute       source E:/robot/project/FPGA/finial_product/sobel_hls/sobel_opt/sobel/hls/.autopilot/db/sobel.tbgen.tcl 
Execute       source E:/robot/project/FPGA/finial_product/sobel_hls/sobel_opt/sobel/hls/.autopilot/db/global.setting.tcl 
Execute       ap_part_info -name xc7z020-clg400-1 -data names -quiet 
Execute       ap_part_info -name xc7z020-clg400-1 -data info -quiet 
Execute       source E:/robot/project/FPGA/finial_product/sobel_hls/sobel_opt/sobel/hls/.autopilot/db/sobel.constraint.tcl 
Execute       sc_get_clocks sobel 
Execute       source E:/robot/project/FPGA/finial_product/sobel_hls/sobel_opt/sobel/hls/.autopilot/db/global.setting.tcl 
INFO-FLOW: DBG:PROC: ::HLSREPORTS::add_csynth_report_sections bind_info_dict='adapter_nodes {{BINDTYPE adapter ID {} IMPL {} LATENCY {} OPTYPE {} PRAGMA {} RTLNAME CTRL_s_axi_U SOURCE {} VARIABLE {} LOOP {} BUNDLEDNAME CTRL DSP 0 BRAM 0 URAM 0 STORAGESUBTYPE s_axilite STORAGESIZE {} STORAGEUSAGE interface DISPNAME {bind_adapter }} {BINDTYPE adapter ID {} IMPL {} LATENCY {} OPTYPE {} PRAGMA {} RTLNAME gmem_m_axi_U SOURCE {} VARIABLE {} LOOP {} BUNDLEDNAME gmem DSP 0 BRAM 2 URAM 0 STORAGESUBTYPE m_axi STORAGESIZE {} STORAGEUSAGE interface DISPNAME {bind_adapter }}} cache_nodes {} report_dict {TOPINST sobel MODULE2INSTS {sobel sobel sobel_Pipeline_VITIS_LOOP_100_1_VITIS_LOOP_103_2 grp_sobel_Pipeline_VITIS_LOOP_100_1_VITIS_LOOP_103_2_fu_94} INST2MODULE {sobel sobel grp_sobel_Pipeline_VITIS_LOOP_100_1_VITIS_LOOP_103_2_fu_94 sobel_Pipeline_VITIS_LOOP_100_1_VITIS_LOOP_103_2} INSTDATA {sobel {DEPTH 1 CHILDREN grp_sobel_Pipeline_VITIS_LOOP_100_1_VITIS_LOOP_103_2_fu_94} grp_sobel_Pipeline_VITIS_LOOP_100_1_VITIS_LOOP_103_2_fu_94 {DEPTH 2 CHILDREN {}}} MODULEDATA {sobel_Pipeline_VITIS_LOOP_100_1_VITIS_LOOP_103_2 {BINDINFO {{BINDTYPE op ID {} IMPL auto LATENCY 0 OPTYPE seteq PRAGMA {} RTLNAME icmp_ln100_fu_282_p2 SOURCE ../source/sobel_base.cpp:100 VARIABLE icmp_ln100 LOOP VITIS_LOOP_100_1_VITIS_LOOP_103_2 BUNDLEDNAME {} DSP 0 BRAM 0 URAM 0 STORAGESUBTYPE {} DISPNAME {bind_op seteq} VISIBLE false} {BINDTYPE op ID {} IMPL auto LATENCY 0 OPTYPE setlt PRAGMA {} RTLNAME icmp_ln103_fu_294_p2 SOURCE ../source/sobel_base.cpp:103 VARIABLE icmp_ln103 LOOP VITIS_LOOP_100_1_VITIS_LOOP_103_2 BUNDLEDNAME {} DSP 0 BRAM 0 URAM 0 STORAGESUBTYPE {} DISPNAME {bind_op setlt} VISIBLE false} {BINDTYPE op ID {} IMPL fabric LATENCY 0 OPTYPE add PRAGMA {} RTLNAME add_ln100_fu_331_p2 SOURCE ../source/sobel_base.cpp:100 VARIABLE add_ln100 LOOP VITIS_LOOP_100_1_VITIS_LOOP_103_2 BUNDLEDNAME {} DSP 0 BRAM 0 URAM 0 STORAGESUBTYPE {} DISPNAME {bind_op add} VISIBLE true} {BINDTYPE op ID {} IMPL auto LATENCY 0 OPTYPE xor PRAGMA {} RTLNAME xor_ln100_fu_299_p2 SOURCE ../source/sobel_base.cpp:100 VARIABLE xor_ln100 LOOP VITIS_LOOP_100_1_VITIS_LOOP_103_2 BUNDLEDNAME {} DSP 0 BRAM 0 URAM 0 STORAGESUBTYPE {} DISPNAME {bind_op xor} VISIBLE false} {BINDTYPE op ID {} IMPL auto LATENCY 0 OPTYPE or PRAGMA {} RTLNAME or_ln100_fu_305_p2 SOURCE ../source/sobel_base.cpp:100 VARIABLE or_ln100 LOOP VITIS_LOOP_100_1_VITIS_LOOP_103_2 BUNDLEDNAME {} DSP 0 BRAM 0 URAM 0 STORAGESUBTYPE {} DISPNAME {bind_op or} VISIBLE false} {BINDTYPE op ID {} IMPL auto_sel LATENCY 0 OPTYPE select PRAGMA {} RTLNAME select_ln100_fu_377_p3 SOURCE ../source/sobel_base.cpp:100 VARIABLE select_ln100 LOOP VITIS_LOOP_100_1_VITIS_LOOP_103_2 BUNDLEDNAME {} DSP 0 BRAM 0 URAM 0 STORAGESUBTYPE {} DISPNAME {bind_op select} VISIBLE false} {BINDTYPE op ID {} IMPL fabric LATENCY 0 OPTYPE add PRAGMA {} RTLNAME add_ln100_1_fu_311_p2 SOURCE ../source/sobel_base.cpp:100 VARIABLE add_ln100_1 LOOP VITIS_LOOP_100_1_VITIS_LOOP_103_2 BUNDLEDNAME {} DSP 0 BRAM 0 URAM 0 STORAGESUBTYPE {} DISPNAME {bind_op add} VISIBLE true} {BINDTYPE op ID {} IMPL auto_sel LATENCY 0 OPTYPE select PRAGMA {} RTLNAME select_ln100_1_fu_317_p3 SOURCE ../source/sobel_base.cpp:100 VARIABLE select_ln100_1 LOOP VITIS_LOOP_100_1_VITIS_LOOP_103_2 BUNDLEDNAME {} DSP 0 BRAM 0 URAM 0 STORAGESUBTYPE {} DISPNAME {bind_op select} VISIBLE false} {BINDTYPE op ID {} IMPL auto LATENCY 1 OPTYPE mul PRAGMA {} RTLNAME mul_31ns_32s_63_2_1_U1 SOURCE ../source/sobel_base.cpp:100 VARIABLE mul_ln100 LOOP VITIS_LOOP_100_1_VITIS_LOOP_103_2 BUNDLEDNAME {} DSP 4 BRAM 0 URAM 0 STORAGESUBTYPE {} DISPNAME {bind_op mul} VISIBLE true} {BINDTYPE op ID {} IMPL fabric LATENCY 0 OPTYPE add PRAGMA {} RTLNAME add_ln100_2_fu_387_p2 SOURCE ../source/sobel_base.cpp:100 VARIABLE add_ln100_2 LOOP VITIS_LOOP_100_1_VITIS_LOOP_103_2 BUNDLEDNAME {} DSP 0 BRAM 0 URAM 0 STORAGESUBTYPE {} DISPNAME {bind_op add} VISIBLE true} {BINDTYPE op ID {} IMPL fabric LATENCY 0 OPTYPE add PRAGMA {} RTLNAME add_ln109_2_fu_369_p2 SOURCE ../source/sobel_base.cpp:109 VARIABLE add_ln109_2 LOOP VITIS_LOOP_100_1_VITIS_LOOP_103_2 BUNDLEDNAME {} DSP 0 BRAM 0 URAM 0 STORAGESUBTYPE {} DISPNAME {bind_op add} VISIBLE true} {BINDTYPE op ID {} IMPL fabric LATENCY 0 OPTYPE add PRAGMA {} RTLNAME empty_20_fu_436_p2 SOURCE ../source/sobel_base.cpp:109 VARIABLE empty_20 LOOP VITIS_LOOP_100_1_VITIS_LOOP_103_2 BUNDLEDNAME {} DSP 0 BRAM 0 URAM 0 STORAGESUBTYPE {} DISPNAME {bind_op add} VISIBLE true} {BINDTYPE op ID {} IMPL fabric LATENCY 0 OPTYPE add PRAGMA {} RTLNAME empty_22_fu_447_p2 SOURCE ../source/sobel_base.cpp:109 VARIABLE empty_22 LOOP VITIS_LOOP_100_1_VITIS_LOOP_103_2 BUNDLEDNAME {} DSP 0 BRAM 0 URAM 0 STORAGESUBTYPE {} DISPNAME {bind_op add} VISIBLE true} {BINDTYPE op ID {} IMPL fabric LATENCY 0 OPTYPE add PRAGMA {} RTLNAME empty_23_fu_454_p2 SOURCE ../source/sobel_base.cpp:109 VARIABLE empty_23 LOOP VITIS_LOOP_100_1_VITIS_LOOP_103_2 BUNDLEDNAME {} DSP 0 BRAM 0 URAM 0 STORAGESUBTYPE {} DISPNAME {bind_op add} VISIBLE true} {BINDTYPE op ID {} IMPL fabric LATENCY 0 OPTYPE sub PRAGMA {} RTLNAME S00_fu_509_p2 SOURCE ../source/sobel_base.cpp:13 VARIABLE S00 LOOP VITIS_LOOP_100_1_VITIS_LOOP_103_2 BUNDLEDNAME {} DSP 0 BRAM 0 URAM 0 STORAGESUBTYPE {} DISPNAME {bind_op sub} VISIBLE true} {BINDTYPE op ID {} IMPL fabric LATENCY 0 OPTYPE sub PRAGMA {} RTLNAME neg_fu_582_p2 SOURCE ../source/sobel_base.cpp:14 VARIABLE neg LOOP VITIS_LOOP_100_1_VITIS_LOOP_103_2 BUNDLEDNAME {} DSP 0 BRAM 0 URAM 0 STORAGESUBTYPE {} DISPNAME {bind_op sub} VISIBLE true} {BINDTYPE op ID {} IMPL auto LATENCY 0 OPTYPE setgt PRAGMA {} RTLNAME abscond_fu_588_p2 SOURCE ../source/sobel_base.cpp:17 VARIABLE abscond LOOP VITIS_LOOP_100_1_VITIS_LOOP_103_2 BUNDLEDNAME {} DSP 0 BRAM 0 URAM 0 STORAGESUBTYPE {} DISPNAME {bind_op setgt} VISIBLE false} {BINDTYPE op ID {} IMPL auto_sel LATENCY 0 OPTYPE select PRAGMA {} RTLNAME out_pix_3_fu_594_p3 SOURCE ../source/sobel_base.cpp:17 VARIABLE out_pix_3 LOOP VITIS_LOOP_100_1_VITIS_LOOP_103_2 BUNDLEDNAME {} DSP 0 BRAM 0 URAM 0 STORAGESUBTYPE {} DISPNAME {bind_op select} VISIBLE false} {BINDTYPE op ID {} IMPL auto LATENCY 0 OPTYPE setne PRAGMA {} RTLNAME icmp_ln21_fu_662_p2 SOURCE ../source/sobel_base.cpp:21 VARIABLE icmp_ln21 LOOP VITIS_LOOP_100_1_VITIS_LOOP_103_2 BUNDLEDNAME {} DSP 0 BRAM 0 URAM 0 STORAGESUBTYPE {} DISPNAME {bind_op setne} VISIBLE false} {BINDTYPE op ID {} IMPL auto_sel LATENCY 0 OPTYPE select PRAGMA {} RTLNAME g_x_fu_667_p3 SOURCE ../source/sobel_base.cpp:25 VARIABLE g_x LOOP VITIS_LOOP_100_1_VITIS_LOOP_103_2 BUNDLEDNAME {} DSP 0 BRAM 0 URAM 0 STORAGESUBTYPE {} DISPNAME {bind_op select} VISIBLE false} {BINDTYPE op ID {} IMPL fabric LATENCY 0 OPTYPE add PRAGMA {} RTLNAME add_ln32_1_fu_542_p2 SOURCE ../source/sobel_base.cpp:32 VARIABLE add_ln32_1 LOOP VITIS_LOOP_100_1_VITIS_LOOP_103_2 BUNDLEDNAME {} DSP 0 BRAM 0 URAM 0 STORAGESUBTYPE {} DISPNAME {bind_op add} VISIBLE true} {BINDTYPE op ID {} IMPL fabric LATENCY 0 OPTYPE add PRAGMA {} RTLNAME add_ln32_fu_552_p2 SOURCE ../source/sobel_base.cpp:32 VARIABLE add_ln32 LOOP VITIS_LOOP_100_1_VITIS_LOOP_103_2 BUNDLEDNAME {} DSP 0 BRAM 0 URAM 0 STORAGESUBTYPE {} DISPNAME {bind_op add} VISIBLE true} {BINDTYPE op ID {} IMPL fabric LATENCY 0 OPTYPE add PRAGMA {} RTLNAME add_ln37_fu_636_p2 SOURCE ../source/sobel_base.cpp:37 VARIABLE add_ln37 LOOP VITIS_LOOP_100_1_VITIS_LOOP_103_2 BUNDLEDNAME {} DSP 0 BRAM 0 URAM 0 STORAGESUBTYPE {} DISPNAME {bind_op add} VISIBLE true} {BINDTYPE op ID {} IMPL fabric LATENCY 0 OPTYPE sub PRAGMA {} RTLNAME neg2_fu_674_p2 SOURCE ../source/sobel_base.cpp:34 VARIABLE neg2 LOOP VITIS_LOOP_100_1_VITIS_LOOP_103_2 BUNDLEDNAME {} DSP 0 BRAM 0 URAM 0 STORAGESUBTYPE {} DISPNAME {bind_op sub} VISIBLE true} {BINDTYPE op ID {} IMPL auto LATENCY 0 OPTYPE setgt PRAGMA {} RTLNAME abscond3_fu_656_p2 SOURCE ../source/sobel_base.cpp:37 VARIABLE abscond3 LOOP VITIS_LOOP_100_1_VITIS_LOOP_103_2 BUNDLEDNAME {} DSP 0 BRAM 0 URAM 0 STORAGESUBTYPE {} DISPNAME {bind_op setgt} VISIBLE false} {BINDTYPE op ID {} IMPL auto_sel LATENCY 0 OPTYPE select PRAGMA {} RTLNAME out_pix_6_fu_679_p3 SOURCE ../source/sobel_base.cpp:37 VARIABLE out_pix_6 LOOP VITIS_LOOP_100_1_VITIS_LOOP_103_2 BUNDLEDNAME {} DSP 0 BRAM 0 URAM 0 STORAGESUBTYPE {} DISPNAME {bind_op select} VISIBLE false} {BINDTYPE op ID {} IMPL auto LATENCY 0 OPTYPE setne PRAGMA {} RTLNAME icmp_ln41_fu_699_p2 SOURCE ../source/sobel_base.cpp:41 VARIABLE icmp_ln41 LOOP VITIS_LOOP_100_1_VITIS_LOOP_103_2 BUNDLEDNAME {} DSP 0 BRAM 0 URAM 0 STORAGESUBTYPE {} DISPNAME {bind_op setne} VISIBLE false} {BINDTYPE op ID {} IMPL auto_sel LATENCY 0 OPTYPE select PRAGMA {} RTLNAME g_y_fu_705_p3 SOURCE ../source/sobel_base.cpp:45 VARIABLE g_y LOOP VITIS_LOOP_100_1_VITIS_LOOP_103_2 BUNDLEDNAME {} DSP 0 BRAM 0 URAM 0 STORAGESUBTYPE {} DISPNAME {bind_op select} VISIBLE false} {BINDTYPE op ID {} IMPL fabric LATENCY 0 OPTYPE add PRAGMA {} RTLNAME sobel_1_fu_721_p2 SOURCE ../source/sobel_base.cpp:54 VARIABLE sobel_1 LOOP VITIS_LOOP_100_1_VITIS_LOOP_103_2 BUNDLEDNAME {} DSP 0 BRAM 0 URAM 0 STORAGESUBTYPE {} DISPNAME {bind_op add} VISIBLE true} {BINDTYPE op ID {} IMPL fabric LATENCY 0 OPTYPE add PRAGMA {} RTLNAME temp_fu_727_p2 SOURCE ../source/sobel_base.cpp:54 VARIABLE temp LOOP VITIS_LOOP_100_1_VITIS_LOOP_103_2 BUNDLEDNAME {} DSP 0 BRAM 0 URAM 0 STORAGESUBTYPE {} DISPNAME {bind_op add} VISIBLE true} {BINDTYPE op ID {} IMPL auto_sel LATENCY 0 OPTYPE select PRAGMA {} RTLNAME sobel_2_fu_741_p3 SOURCE ../source/sobel_base.cpp:55 VARIABLE sobel_2 LOOP VITIS_LOOP_100_1_VITIS_LOOP_103_2 BUNDLEDNAME {} DSP 0 BRAM 0 URAM 0 STORAGESUBTYPE {} DISPNAME {bind_op select} VISIBLE false} {BINDTYPE op ID {} IMPL fabric LATENCY 0 OPTYPE add PRAGMA {} RTLNAME add_ln103_fu_325_p2 SOURCE ../source/sobel_base.cpp:103 VARIABLE add_ln103 LOOP VITIS_LOOP_100_1_VITIS_LOOP_103_2 BUNDLEDNAME {} DSP 0 BRAM 0 URAM 0 STORAGESUBTYPE {} DISPNAME {bind_op add} VISIBLE true} {BINDTYPE op ID {} IMPL auto_sel LATENCY 0 OPTYPE select PRAGMA {} RTLNAME select_ln103_fu_340_p3 SOURCE ../source/sobel_base.cpp:103 VARIABLE select_ln103 LOOP VITIS_LOOP_100_1_VITIS_LOOP_103_2 BUNDLEDNAME {} DSP 0 BRAM 0 URAM 0 STORAGESUBTYPE {} DISPNAME {bind_op select} VISIBLE false} {BINDTYPE op ID {} IMPL fabric LATENCY 0 OPTYPE add PRAGMA {} RTLNAME add_ln103_1_fu_422_p2 SOURCE ../source/sobel_base.cpp:103 VARIABLE add_ln103_1 LOOP VITIS_LOOP_100_1_VITIS_LOOP_103_2 BUNDLEDNAME {} DSP 0 BRAM 0 URAM 0 STORAGESUBTYPE {} DISPNAME {bind_op add} VISIBLE true} {BINDTYPE op ID {} IMPL auto LATENCY 0 OPTYPE setlt PRAGMA {} RTLNAME icmp_ln103_1_fu_350_p2 SOURCE ../source/sobel_base.cpp:103 VARIABLE icmp_ln103_1 LOOP VITIS_LOOP_100_1_VITIS_LOOP_103_2 BUNDLEDNAME {} DSP 0 BRAM 0 URAM 0 STORAGESUBTYPE {} DISPNAME {bind_op setlt} VISIBLE false}} AREA {DSP 4 BRAM 0 URAM 0}} sobel {BINDINFO {{BINDTYPE op ID {} IMPL fabric LATENCY 0 OPTYPE add PRAGMA {} RTLNAME sub_fu_112_p2 SOURCE ../source/sobel_base.cpp:62 VARIABLE sub LOOP {} BUNDLEDNAME {} DSP 0 BRAM 0 URAM 0 STORAGESUBTYPE {} DISPNAME {bind_op add} VISIBLE true} {BINDTYPE op ID {} IMPL fabric LATENCY 0 OPTYPE add PRAGMA {} RTLNAME sub2_fu_118_p2 SOURCE ../source/sobel_base.cpp:62 VARIABLE sub2 LOOP {} BUNDLEDNAME {} DSP 0 BRAM 0 URAM 0 STORAGESUBTYPE {} DISPNAME {bind_op add} VISIBLE true} {BINDTYPE op ID {} IMPL auto LATENCY 0 OPTYPE setgt PRAGMA {} RTLNAME icmp_fu_134_p2 SOURCE ../source/sobel_base.cpp:62 VARIABLE icmp LOOP {} BUNDLEDNAME {} DSP 0 BRAM 0 URAM 0 STORAGESUBTYPE {} DISPNAME {bind_op setgt} VISIBLE false} {BINDTYPE op ID {} IMPL fabric LATENCY 0 OPTYPE add PRAGMA {} RTLNAME add_ln100_fu_144_p2 SOURCE ../source/sobel_base.cpp:100 VARIABLE add_ln100 LOOP {} BUNDLEDNAME {} DSP 0 BRAM 0 URAM 0 STORAGESUBTYPE {} DISPNAME {bind_op add} VISIBLE true} {BINDTYPE op ID {} IMPL auto_sel LATENCY 0 OPTYPE select PRAGMA {} RTLNAME empty_fu_150_p3 SOURCE ../source/sobel_base.cpp:62 VARIABLE empty LOOP {} BUNDLEDNAME {} DSP 0 BRAM 0 URAM 0 STORAGESUBTYPE {} DISPNAME {bind_op select} VISIBLE false} {BINDTYPE op ID {} IMPL auto LATENCY 0 OPTYPE setgt PRAGMA {} RTLNAME icmp17_fu_168_p2 SOURCE ../source/sobel_base.cpp:62 VARIABLE icmp17 LOOP {} BUNDLEDNAME {} DSP 0 BRAM 0 URAM 0 STORAGESUBTYPE {} DISPNAME {bind_op setgt} VISIBLE false} {BINDTYPE op ID {} IMPL fabric LATENCY 0 OPTYPE add PRAGMA {} RTLNAME add_ln100_1_fu_174_p2 SOURCE ../source/sobel_base.cpp:100 VARIABLE add_ln100_1 LOOP {} BUNDLEDNAME {} DSP 0 BRAM 0 URAM 0 STORAGESUBTYPE {} DISPNAME {bind_op add} VISIBLE true} {BINDTYPE op ID {} IMPL auto_sel LATENCY 0 OPTYPE select PRAGMA {} RTLNAME select_ln100_fu_180_p3 SOURCE ../source/sobel_base.cpp:100 VARIABLE select_ln100 LOOP {} BUNDLEDNAME {} DSP 0 BRAM 0 URAM 0 STORAGESUBTYPE {} DISPNAME {bind_op select} VISIBLE false} {BINDTYPE op ID {} IMPL fabric LATENCY 0 OPTYPE add PRAGMA {} RTLNAME add_ln100_2_fu_188_p2 SOURCE ../source/sobel_base.cpp:100 VARIABLE add_ln100_2 LOOP {} BUNDLEDNAME {} DSP 0 BRAM 0 URAM 0 STORAGESUBTYPE {} DISPNAME {bind_op add} VISIBLE true} {BINDTYPE op ID {} IMPL auto_sel LATENCY 0 OPTYPE select PRAGMA {} RTLNAME select_ln100_1_fu_194_p3 SOURCE ../source/sobel_base.cpp:100 VARIABLE select_ln100_1 LOOP {} BUNDLEDNAME {} DSP 0 BRAM 0 URAM 0 STORAGESUBTYPE {} DISPNAME {bind_op select} VISIBLE false} {BINDTYPE op ID {} IMPL auto LATENCY 1 OPTYPE mul PRAGMA {} RTLNAME mul_32ns_32ns_64_2_1_U12 SOURCE ../source/sobel_base.cpp:62 VARIABLE mul_ln62 LOOP {} BUNDLEDNAME {} DSP 4 BRAM 0 URAM 0 STORAGESUBTYPE {} DISPNAME {bind_op mul} VISIBLE true}} AREA {DSP 8 BRAM 2 URAM 0}}}}'
INFO-FLOW: DBG:PUTS:      update_csynth_reports json2rpt_hw_sw_interfaces
Execute       send_msg_by_id INFO @200-1603@%s  and missed bursts 
INFO: [HLS 200-1603] Design has inferred MAXI bursts and missed bursts, see Vitis HLS GUI synthesis summary report for detailed information.
INFO-FLOW: Running: gen_csynth_sec_pragma
INFO-FLOW: Done: gen_csynth_sec_pragma time: 0 seconds per iteration
INFO-FLOW: DBG:PUTS:      update_csynth_reports wrote xml
INFO-FLOW: DBG:PUTS:      update_csynth_reports appended to csynth rpt file
INFO: [HLS 200-111] Finished Updating report files: CPU user time: 0 seconds. CPU system time: 0 seconds. Elapsed time: 0.886 seconds; current allocated memory: 307.016 MB.
INFO: [VHDL 208-304] Generating VHDL RTL for sobel.
INFO: [VLOG 209-307] Generating Verilog RTL for sobel.
Execute       syn_report -model sobel -printsummary 
INFO: [HLS 200-790] **** Loop Constraint Status: All loop constraints were NOT satisfied.
INFO: [HLS 200-789] **** Estimated Fmax: 136.99 MHz
Command     autosyn done; 5.307 sec.
Command   csynth_design done; 21.839 sec.
Execute   close_project 
Execute     close_solution 
Execute       cleanup_all 
Execute       cleanup_all 
