

================================================================
== Vitis HLS Report for 'sobel'
================================================================
* Date:           Sun Dec 29 09:48:54 2024

* Version:        2024.1 (Build 5069499 on May 21 2024)
* Project:        sobel
* Solution:       hls (Vivado IP Flow Target)
* Product family: zynq
* Target device:  xc7z020-clg400-1


================================================================
== Performance Estimates
================================================================
+ Timing: 
    * Summary: 
    +--------+----------+----------+------------+
    |  Clock |  Target  | Estimated| Uncertainty|
    +--------+----------+----------+------------+
    |ap_clk  |  10.00 ns|  7.300 ns|     2.70 ns|
    +--------+----------+----------+------------+

+ Latency: 
    * Summary: 
    +---------+---------+----------+-----------+-----+---------+---------+
    |  Latency (cycles) |  Latency (absolute)  |    Interval   | Pipeline|
    |   min   |   max   |    min   |    max    | min |   max   |   Type  |
    +---------+---------+----------+-----------+-----+---------+---------+
    |       35|  8294426|  0.350 us|  82.944 ms|   36|  8294427|       no|
    +---------+---------+----------+-----------+-----+---------+---------+

    + Detail: 
        * Instance: 
        +----------------------------------------------------------+------------------------------------------------+---------+---------+----------+-----------+-----+---------+-----------------------------------------------+
        |                                                          |                                                |  Latency (cycles) |  Latency (absolute)  |    Interval   |                    Pipeline                   |
        |                         Instance                         |                     Module                     |   min   |   max   |    min   |    max    | min |   max   |                      Type                     |
        +----------------------------------------------------------+------------------------------------------------+---------+---------+----------+-----------+-----+---------+-----------------------------------------------+
        |grp_sobel_Pipeline_VITIS_LOOP_77_1_VITIS_LOOP_80_2_fu_94  |sobel_Pipeline_VITIS_LOOP_77_1_VITIS_LOOP_80_2  |       31|  8294422|  0.310 us|  82.944 ms|   18|  8294409|  loop auto-rewind stp(delay=0 clock cycles(s))|
        +----------------------------------------------------------+------------------------------------------------+---------+---------+----------+-----------+-----+---------+-----------------------------------------------+

        * Loop: 
        N/A

============================================================
+ Verbose Summary: Synthesis Manager
============================================================
InlineROM: 1
ExposeGlobal: 0
============================================================
+ Verbose Summary: CDFG Model
============================================================
IsTopModel: 1
ResetActiveHigh: 1
IsCombinational: 0
IsDatapathOnly: 0
HasWiredReturn: 1
HasMFsm: 0
HasVarLatency: 1
IsPipeline: 0
IsRtlPipelined: 0
IsInstanceOverlapped: 0
IsDontTouch: 0
HasImplIP: 0
IsGatedGlobalClock: 0


============================================================
+ Verbose Summary: Schedule
============================================================
* Number of FSM states : 5
* Pipeline : 0
* Dataflow Pipeline: 0

* FSM state transitions: 
1 --> 2 
2 --> 3 
3 --> 4 
4 --> 5 
5 --> 

* FSM state operations: 

State 1 <SV = 0> <Delay = 6.80>
ST_1 : Operation 6 [1/1] (1.00ns)   --->   "%cols_read = read i32 @_ssdm_op_Read.s_axilite.i32, i32 %cols" [../source/sobel_base.cpp:66]   --->   Operation 6 'read' 'cols_read' <Predicate = true> <Delay = 1.00> <CoreInst = "s_axilite">   --->   Core 112 's_axilite' <Latency = 0> <II = 1> <Delay = 1.00> <Adapter> <Opcode : 'read' 'write'>
ST_1 : Operation 7 [1/1] (1.00ns)   --->   "%rows_read = read i32 @_ssdm_op_Read.s_axilite.i32, i32 %rows" [../source/sobel_base.cpp:66]   --->   Operation 7 'read' 'rows_read' <Predicate = true> <Delay = 1.00> <CoreInst = "s_axilite">   --->   Core 112 's_axilite' <Latency = 0> <II = 1> <Delay = 1.00> <Adapter> <Opcode : 'read' 'write'>
ST_1 : Operation 8 [1/1] (1.00ns)   --->   "%dst_read = read i64 @_ssdm_op_Read.s_axilite.i64, i64 %dst" [../source/sobel_base.cpp:66]   --->   Operation 8 'read' 'dst_read' <Predicate = true> <Delay = 1.00> <CoreInst = "s_axilite">   --->   Core 112 's_axilite' <Latency = 0> <II = 1> <Delay = 1.00> <Adapter> <Opcode : 'read' 'write'>
ST_1 : Operation 9 [1/1] (1.00ns)   --->   "%src_read = read i64 @_ssdm_op_Read.s_axilite.i64, i64 %src" [../source/sobel_base.cpp:66]   --->   Operation 9 'read' 'src_read' <Predicate = true> <Delay = 1.00> <CoreInst = "s_axilite">   --->   Core 112 's_axilite' <Latency = 0> <II = 1> <Delay = 1.00> <Adapter> <Opcode : 'read' 'write'>
ST_1 : Operation 10 [1/1] (2.55ns)   --->   "%sub = add i32 %rows_read, i32 4294967295" [../source/sobel_base.cpp:66]   --->   Operation 10 'add' 'sub' <Predicate = true> <Delay = 2.55> <CoreInst = "Adder">   --->   Core 1 'Adder' <Latency = 0> <II = 1> <Delay = 2.55> <FuncUnit> <Opcode : 'add' 'sub'> <InPorts = 2> <OutPorts = 1>
ST_1 : Operation 11 [1/1] (2.55ns)   --->   "%sub2 = add i32 %cols_read, i32 4294967295" [../source/sobel_base.cpp:66]   --->   Operation 11 'add' 'sub2' <Predicate = true> <Delay = 2.55> <CoreInst = "Adder">   --->   Core 1 'Adder' <Latency = 0> <II = 1> <Delay = 2.55> <FuncUnit> <Opcode : 'add' 'sub'> <InPorts = 2> <OutPorts = 1>
ST_1 : Operation 12 [1/1] (0.00ns)   --->   "%tmp = partselect i31 @_ssdm_op_PartSelect.i31.i32.i32.i32, i32 %sub2, i32 1, i32 31" [../source/sobel_base.cpp:66]   --->   Operation 12 'partselect' 'tmp' <Predicate = true> <Delay = 0.00>
ST_1 : Operation 13 [1/1] (2.52ns)   --->   "%icmp = icmp_sgt  i31 %tmp, i31 0" [../source/sobel_base.cpp:66]   --->   Operation 13 'icmp' 'icmp' <Predicate = true> <Delay = 2.52> <CoreInst = "Cmp">   --->   Core 9 'Cmp' <Latency = 0> <II = 1> <Delay = 2.52> <FuncUnit> <Opcode : 'seteq' 'setne' 'setle' 'setge' 'setlt' 'setgt'> <InPorts = 2> <OutPorts = 1>
ST_1 : Operation 14 [1/1] (0.00ns)   --->   "%trunc_ln77 = trunc i32 %sub2" [../source/sobel_base.cpp:77]   --->   Operation 14 'trunc' 'trunc_ln77' <Predicate = true> <Delay = 0.00>
ST_1 : Operation 15 [1/1] (2.52ns)   --->   "%add_ln77 = add i31 %trunc_ln77, i31 2147483647" [../source/sobel_base.cpp:77]   --->   Operation 15 'add' 'add_ln77' <Predicate = true> <Delay = 2.52> <CoreInst = "Adder">   --->   Core 1 'Adder' <Latency = 0> <II = 1> <Delay = 2.52> <FuncUnit> <Opcode : 'add' 'sub'> <InPorts = 2> <OutPorts = 1>
ST_1 : Operation 16 [1/1] (0.73ns)   --->   "%empty = select i1 %icmp, i31 %add_ln77, i31 0" [../source/sobel_base.cpp:66]   --->   Operation 16 'select' 'empty' <Predicate = true> <Delay = 0.73> <CoreInst = "Sel">   --->   Core 73 'Sel' <Latency = 0> <II = 1> <Delay = 0.73> <FuncUnit> <Opcode : 'select'> <InPorts = 3> <OutPorts = 1>
ST_1 : Operation 17 [1/1] (0.00ns)   --->   "%tmp_5 = partselect i31 @_ssdm_op_PartSelect.i31.i32.i32.i32, i32 %sub, i32 1, i32 31" [../source/sobel_base.cpp:66]   --->   Operation 17 'partselect' 'tmp_5' <Predicate = true> <Delay = 0.00>
ST_1 : Operation 18 [1/1] (2.52ns)   --->   "%icmp17 = icmp_sgt  i31 %tmp_5, i31 0" [../source/sobel_base.cpp:66]   --->   Operation 18 'icmp' 'icmp17' <Predicate = true> <Delay = 2.52> <CoreInst = "Cmp">   --->   Core 9 'Cmp' <Latency = 0> <II = 1> <Delay = 2.52> <FuncUnit> <Opcode : 'seteq' 'setne' 'setle' 'setge' 'setlt' 'setgt'> <InPorts = 2> <OutPorts = 1>
ST_1 : Operation 19 [1/1] (2.55ns)   --->   "%add_ln77_1 = add i32 %rows_read, i32 4294967294" [../source/sobel_base.cpp:77]   --->   Operation 19 'add' 'add_ln77_1' <Predicate = true> <Delay = 2.55> <CoreInst = "Adder">   --->   Core 1 'Adder' <Latency = 0> <II = 1> <Delay = 2.55> <FuncUnit> <Opcode : 'add' 'sub'> <InPorts = 2> <OutPorts = 1>
ST_1 : Operation 20 [1/1] (0.69ns)   --->   "%select_ln77 = select i1 %icmp17, i32 %add_ln77_1, i32 0" [../source/sobel_base.cpp:77]   --->   Operation 20 'select' 'select_ln77' <Predicate = true> <Delay = 0.69> <CoreInst = "Sel">   --->   Core 73 'Sel' <Latency = 0> <II = 1> <Delay = 0.69> <FuncUnit> <Opcode : 'select'> <InPorts = 3> <OutPorts = 1>
ST_1 : Operation 21 [1/1] (2.55ns)   --->   "%add_ln77_2 = add i32 %cols_read, i32 4294967294" [../source/sobel_base.cpp:77]   --->   Operation 21 'add' 'add_ln77_2' <Predicate = true> <Delay = 2.55> <CoreInst = "Adder">   --->   Core 1 'Adder' <Latency = 0> <II = 1> <Delay = 2.55> <FuncUnit> <Opcode : 'add' 'sub'> <InPorts = 2> <OutPorts = 1>
ST_1 : Operation 22 [1/1] (0.69ns)   --->   "%select_ln77_1 = select i1 %icmp, i32 %add_ln77_2, i32 0" [../source/sobel_base.cpp:77]   --->   Operation 22 'select' 'select_ln77_1' <Predicate = true> <Delay = 0.69> <CoreInst = "Sel">   --->   Core 73 'Sel' <Latency = 0> <II = 1> <Delay = 0.69> <FuncUnit> <Opcode : 'select'> <InPorts = 3> <OutPorts = 1>

State 2 <SV = 1> <Delay = 6.91>
ST_2 : Operation 23 [1/1] (0.00ns)   --->   "%zext_ln66 = zext i32 %select_ln77" [../source/sobel_base.cpp:66]   --->   Operation 23 'zext' 'zext_ln66' <Predicate = true> <Delay = 0.00>
ST_2 : Operation 24 [1/1] (0.00ns)   --->   "%zext_ln66_1 = zext i32 %select_ln77_1" [../source/sobel_base.cpp:66]   --->   Operation 24 'zext' 'zext_ln66_1' <Predicate = true> <Delay = 0.00>
ST_2 : Operation 25 [2/2] (6.91ns)   --->   "%mul_ln66 = mul i64 %zext_ln66, i64 %zext_ln66_1" [../source/sobel_base.cpp:66]   --->   Operation 25 'mul' 'mul_ln66' <Predicate = true> <Delay = 6.91> <CoreInst = "Multiplier">   --->   Core 3 'Multiplier' <Latency = 1> <II = 1> <Delay = 6.91> <FuncUnit> <Opcode : 'mul'> <InPorts = 2> <OutPorts = 1>

State 3 <SV = 2> <Delay = 6.91>
ST_3 : Operation 26 [1/2] (6.91ns)   --->   "%mul_ln66 = mul i64 %zext_ln66, i64 %zext_ln66_1" [../source/sobel_base.cpp:66]   --->   Operation 26 'mul' 'mul_ln66' <Predicate = true> <Delay = 6.91> <CoreInst = "Multiplier">   --->   Core 3 'Multiplier' <Latency = 1> <II = 1> <Delay = 6.91> <FuncUnit> <Opcode : 'mul'> <InPorts = 2> <OutPorts = 1>

State 4 <SV = 3> <Delay = 0.00>
ST_4 : Operation 27 [2/2] (0.00ns)   --->   "%call_ln66 = call void @sobel_Pipeline_VITIS_LOOP_77_1_VITIS_LOOP_80_2, i8 %gmem, i64 %mul_ln66, i32 %cols_read, i64 %src_read, i32 %cols_read, i32 %cols_read, i32 %sub2, i31 %empty, i64 %dst_read" [../source/sobel_base.cpp:66]   --->   Operation 27 'call' 'call_ln66' <Predicate = true> <Delay = 0.00> <CoreType = "Generic">   --->   Core 0 '' <Latency = 0> <II = 1> <Delay = 1.00> <Generic> <Opcode : >

State 5 <SV = 4> <Delay = 0.00>
ST_5 : Operation 28 [1/1] (0.00ns)   --->   "%spectopmodule_ln66 = spectopmodule void @_ssdm_op_SpecTopModule, void @empty_12" [../source/sobel_base.cpp:66]   --->   Operation 28 'spectopmodule' 'spectopmodule_ln66' <Predicate = true> <Delay = 0.00>
ST_5 : Operation 29 [1/1] (0.00ns)   --->   "%specinterface_ln0 = specinterface void @_ssdm_op_SpecInterface, i8 %gmem, void @empty, i32 0, i32 0, void @empty_0, i32 0, i32 921600, void @empty_1, void @empty_2, void @empty_0, i32 16, i32 16, i32 16, i32 16, void @empty_0, void @empty_0, i32 4294967295, i32 0, i32 0"   --->   Operation 29 'specinterface' 'specinterface_ln0' <Predicate = true> <Delay = 0.00>
ST_5 : Operation 30 [1/1] (0.00ns)   --->   "%specbitsmap_ln0 = specbitsmap void @_ssdm_op_SpecBitsMap, i8 %gmem"   --->   Operation 30 'specbitsmap' 'specbitsmap_ln0' <Predicate = true> <Delay = 0.00>
ST_5 : Operation 31 [1/1] (0.00ns)   --->   "%specinterface_ln0 = specinterface void @_ssdm_op_SpecInterface, i64 %src, void @empty_3, i32 0, i32 0, void @empty_0, i32 0, i32 0, void @empty_4, void @empty_5, void @empty_0, i32 0, i32 0, i32 0, i32 0, void @empty_0, void @empty_6, i32 4294967295, i32 0, i32 0"   --->   Operation 31 'specinterface' 'specinterface_ln0' <Predicate = true> <Delay = 0.00>
ST_5 : Operation 32 [1/1] (0.00ns)   --->   "%specinterface_ln0 = specinterface void @_ssdm_op_SpecInterface, i64 %src, void @empty_7, i32 0, i32 0, void @empty_0, i32 0, i32 0, void @empty_0, void @empty_0, void @empty_0, i32 0, i32 0, i32 0, i32 0, void @empty_0, void @empty_6, i32 4294967295, i32 0, i32 0"   --->   Operation 32 'specinterface' 'specinterface_ln0' <Predicate = true> <Delay = 0.00>
ST_5 : Operation 33 [1/1] (0.00ns)   --->   "%specinterface_ln0 = specinterface void @_ssdm_op_SpecInterface, i64 %dst, void @empty_3, i32 0, i32 0, void @empty_0, i32 0, i32 0, void @empty_4, void @empty_8, void @empty_0, i32 0, i32 0, i32 0, i32 0, void @empty_0, void @empty_6, i32 4294967295, i32 0, i32 0"   --->   Operation 33 'specinterface' 'specinterface_ln0' <Predicate = true> <Delay = 0.00>
ST_5 : Operation 34 [1/1] (0.00ns)   --->   "%specinterface_ln0 = specinterface void @_ssdm_op_SpecInterface, i64 %dst, void @empty_7, i32 0, i32 0, void @empty_0, i32 0, i32 0, void @empty_0, void @empty_0, void @empty_0, i32 0, i32 0, i32 0, i32 0, void @empty_0, void @empty_6, i32 4294967295, i32 0, i32 0"   --->   Operation 34 'specinterface' 'specinterface_ln0' <Predicate = true> <Delay = 0.00>
ST_5 : Operation 35 [1/1] (0.00ns)   --->   "%specbitsmap_ln0 = specbitsmap void @_ssdm_op_SpecBitsMap, i32 %rows"   --->   Operation 35 'specbitsmap' 'specbitsmap_ln0' <Predicate = true> <Delay = 0.00>
ST_5 : Operation 36 [1/1] (0.00ns)   --->   "%specinterface_ln0 = specinterface void @_ssdm_op_SpecInterface, i32 %rows, void @empty_3, i32 4294967295, i32 4294967295, void @empty_9, i32 0, i32 0, void @empty_4, void @empty_10, void @empty_0, i32 0, i32 0, i32 0, i32 0, void @empty_0, void @empty_0, i32 4294967295, i32 0, i32 0"   --->   Operation 36 'specinterface' 'specinterface_ln0' <Predicate = true> <Delay = 0.00>
ST_5 : Operation 37 [1/1] (0.00ns)   --->   "%specinterface_ln0 = specinterface void @_ssdm_op_SpecInterface, i32 %rows, void @empty_7, i32 4294967295, i32 4294967295, void @empty_0, i32 0, i32 0, void @empty_0, void @empty_0, void @empty_0, i32 0, i32 0, i32 0, i32 0, void @empty_0, void @empty_0, i32 4294967295, i32 0, i32 0"   --->   Operation 37 'specinterface' 'specinterface_ln0' <Predicate = true> <Delay = 0.00>
ST_5 : Operation 38 [1/1] (0.00ns)   --->   "%specbitsmap_ln0 = specbitsmap void @_ssdm_op_SpecBitsMap, i32 %cols"   --->   Operation 38 'specbitsmap' 'specbitsmap_ln0' <Predicate = true> <Delay = 0.00>
ST_5 : Operation 39 [1/1] (0.00ns)   --->   "%specinterface_ln0 = specinterface void @_ssdm_op_SpecInterface, i32 %cols, void @empty_3, i32 4294967295, i32 4294967295, void @empty_9, i32 0, i32 0, void @empty_4, void @empty_11, void @empty_0, i32 0, i32 0, i32 0, i32 0, void @empty_0, void @empty_0, i32 4294967295, i32 0, i32 0"   --->   Operation 39 'specinterface' 'specinterface_ln0' <Predicate = true> <Delay = 0.00>
ST_5 : Operation 40 [1/1] (0.00ns)   --->   "%specinterface_ln0 = specinterface void @_ssdm_op_SpecInterface, i32 %cols, void @empty_7, i32 4294967295, i32 4294967295, void @empty_0, i32 0, i32 0, void @empty_0, void @empty_0, void @empty_0, i32 0, i32 0, i32 0, i32 0, void @empty_0, void @empty_0, i32 4294967295, i32 0, i32 0"   --->   Operation 40 'specinterface' 'specinterface_ln0' <Predicate = true> <Delay = 0.00>
ST_5 : Operation 41 [1/1] (0.00ns)   --->   "%specinterface_ln0 = specinterface void @_ssdm_op_SpecInterface, i32 0, void @empty_3, i32 0, i32 0, void @empty_0, i32 0, i32 0, void @empty_4, void @empty_0, void @empty_0, i32 0, i32 0, i32 0, i32 0, void @empty_0, void @empty_0, i32 4294967295, i32 0, i32 0"   --->   Operation 41 'specinterface' 'specinterface_ln0' <Predicate = true> <Delay = 0.00>
ST_5 : Operation 42 [1/2] (0.00ns)   --->   "%call_ln66 = call void @sobel_Pipeline_VITIS_LOOP_77_1_VITIS_LOOP_80_2, i8 %gmem, i64 %mul_ln66, i32 %cols_read, i64 %src_read, i32 %cols_read, i32 %cols_read, i32 %sub2, i31 %empty, i64 %dst_read" [../source/sobel_base.cpp:66]   --->   Operation 42 'call' 'call_ln66' <Predicate = true> <Delay = 0.00> <CoreType = "Generic">   --->   Core 0 '' <Latency = 0> <II = 1> <Delay = 1.00> <Generic> <Opcode : >
ST_5 : Operation 43 [1/1] (0.00ns)   --->   "%ret_ln102 = ret" [../source/sobel_base.cpp:102]   --->   Operation 43 'ret' 'ret_ln102' <Predicate = true> <Delay = 0.00>


============================================================
+ Verbose Summary: Binding
============================================================
STG Binding: 
---------------- STG Properties BEGIN ----------------
- Is combinational: 0
- Is one-state seq: 0
- Is datapath-only: 0
- Is pipelined: 0
- Is top level: 1
Port [ Return ] is wired: 1; IO mode=ap_ctrl_hs:ce=0
Port [ gmem]:  wired=1; compound=1; hidden=0; nouse=0; global=0; static=0; extern=0; dir=2; type=4; pingpong=0; private_global=0; IO mode=m_axi:ce=0
Port [ src]:  wired=1; compound=0; hidden=0; nouse=0; global=0; static=0; extern=0; dir=0; type=0; pingpong=0; private_global=0; IO mode=ap_none:ce=0
Port [ dst]:  wired=1; compound=0; hidden=0; nouse=0; global=0; static=0; extern=0; dir=0; type=0; pingpong=0; private_global=0; IO mode=ap_none:ce=0
Port [ rows]:  wired=1; compound=0; hidden=0; nouse=0; global=0; static=0; extern=0; dir=0; type=0; pingpong=0; private_global=0; IO mode=ap_none:ce=0
Port [ cols]:  wired=1; compound=0; hidden=0; nouse=0; global=0; static=0; extern=0; dir=0; type=0; pingpong=0; private_global=0; IO mode=ap_none:ce=0
---------------- STG Properties END ------------------

---------------- Datapath Model BEGIN ----------------

<LifeTime>
<method=bitvector/>
cols_read          (read         ) [ 001111]
rows_read          (read         ) [ 000000]
dst_read           (read         ) [ 001111]
src_read           (read         ) [ 001111]
sub                (add          ) [ 000000]
sub2               (add          ) [ 001111]
tmp                (partselect   ) [ 000000]
icmp               (icmp         ) [ 000000]
trunc_ln77         (trunc        ) [ 000000]
add_ln77           (add          ) [ 000000]
empty              (select       ) [ 001111]
tmp_5              (partselect   ) [ 000000]
icmp17             (icmp         ) [ 000000]
add_ln77_1         (add          ) [ 000000]
select_ln77        (select       ) [ 001000]
add_ln77_2         (add          ) [ 000000]
select_ln77_1      (select       ) [ 001000]
zext_ln66          (zext         ) [ 000100]
zext_ln66_1        (zext         ) [ 000100]
mul_ln66           (mul          ) [ 000011]
spectopmodule_ln66 (spectopmodule) [ 000000]
specinterface_ln0  (specinterface) [ 000000]
specbitsmap_ln0    (specbitsmap  ) [ 000000]
specinterface_ln0  (specinterface) [ 000000]
specinterface_ln0  (specinterface) [ 000000]
specinterface_ln0  (specinterface) [ 000000]
specinterface_ln0  (specinterface) [ 000000]
specbitsmap_ln0    (specbitsmap  ) [ 000000]
specinterface_ln0  (specinterface) [ 000000]
specinterface_ln0  (specinterface) [ 000000]
specbitsmap_ln0    (specbitsmap  ) [ 000000]
specinterface_ln0  (specinterface) [ 000000]
specinterface_ln0  (specinterface) [ 000000]
specinterface_ln0  (specinterface) [ 000000]
call_ln66          (call         ) [ 000000]
ret_ln102          (ret          ) [ 000000]
</LifeTime>

<model>

<comp_list>
<comp id="0" class="1000" name="gmem">
<pin_list>
<pin id="1" dir="1" index="0" bw="1" slack="0"/>
</pin_list>
<bind>
<StgValue><ssdm name="gmem"/></StgValue>
</bind>
</comp>

<comp id="2" class="1000" name="src">
<pin_list>
<pin id="3" dir="1" index="0" bw="1" slack="0"/>
</pin_list>
<bind>
<StgValue><ssdm name="src"/></StgValue>
</bind>
</comp>

<comp id="4" class="1000" name="dst">
<pin_list>
<pin id="5" dir="1" index="0" bw="1" slack="0"/>
</pin_list>
<bind>
<StgValue><ssdm name="dst"/></StgValue>
</bind>
</comp>

<comp id="6" class="1000" name="rows">
<pin_list>
<pin id="7" dir="1" index="0" bw="1" slack="0"/>
</pin_list>
<bind>
<StgValue><ssdm name="rows"/></StgValue>
</bind>
</comp>

<comp id="8" class="1000" name="cols">
<pin_list>
<pin id="9" dir="1" index="0" bw="1" slack="0"/>
</pin_list>
<bind>
<StgValue><ssdm name="cols"/></StgValue>
</bind>
</comp>

<comp id="10" class="1001" name="const_10">
<pin_list>
<pin id="11" dir="1" index="0" bw="1" slack="0"/>
</pin_list>
<bind>
<StgValue><ssdm name="_ssdm_op_Read.s_axilite.i32"/></StgValue>
</bind>
</comp>

<comp id="12" class="1001" name="const_12">
<pin_list>
<pin id="13" dir="1" index="0" bw="1" slack="0"/>
</pin_list>
<bind>
<StgValue><ssdm name="_ssdm_op_Read.s_axilite.i64"/></StgValue>
</bind>
</comp>

<comp id="14" class="1001" name="const_14">
<pin_list>
<pin id="15" dir="1" index="0" bw="1" slack="0"/>
</pin_list>
<bind>
<StgValue><ssdm name=""/></StgValue>
</bind>
</comp>

<comp id="16" class="1001" name="const_16">
<pin_list>
<pin id="17" dir="1" index="0" bw="1" slack="0"/>
</pin_list>
<bind>
<StgValue><ssdm name="_ssdm_op_PartSelect.i31.i32.i32.i32"/></StgValue>
</bind>
</comp>

<comp id="18" class="1001" name="const_18">
<pin_list>
<pin id="19" dir="1" index="0" bw="1" slack="0"/>
</pin_list>
<bind>
<StgValue><ssdm name=""/></StgValue>
</bind>
</comp>

<comp id="20" class="1001" name="const_20">
<pin_list>
<pin id="21" dir="1" index="0" bw="1" slack="0"/>
</pin_list>
<bind>
<StgValue><ssdm name=""/></StgValue>
</bind>
</comp>

<comp id="22" class="1001" name="const_22">
<pin_list>
<pin id="23" dir="1" index="0" bw="1" slack="0"/>
</pin_list>
<bind>
<StgValue><ssdm name=""/></StgValue>
</bind>
</comp>

<comp id="24" class="1001" name="const_24">
<pin_list>
<pin id="25" dir="1" index="0" bw="1" slack="0"/>
</pin_list>
<bind>
<StgValue><ssdm name=""/></StgValue>
</bind>
</comp>

<comp id="26" class="1001" name="const_26">
<pin_list>
<pin id="27" dir="1" index="0" bw="1" slack="0"/>
</pin_list>
<bind>
<StgValue><ssdm name=""/></StgValue>
</bind>
</comp>

<comp id="28" class="1001" name="const_28">
<pin_list>
<pin id="29" dir="1" index="0" bw="1" slack="0"/>
</pin_list>
<bind>
<StgValue><ssdm name=""/></StgValue>
</bind>
</comp>

<comp id="30" class="1001" name="const_30">
<pin_list>
<pin id="31" dir="1" index="0" bw="1" slack="0"/>
</pin_list>
<bind>
<StgValue><ssdm name="sobel_Pipeline_VITIS_LOOP_77_1_VITIS_LOOP_80_2"/></StgValue>
</bind>
</comp>

<comp id="32" class="1001" name="const_32">
<pin_list>
<pin id="33" dir="1" index="0" bw="1" slack="2147483647"/>
</pin_list>
<bind>
<StgValue><ssdm name="_ssdm_op_SpecTopModule"/></StgValue>
</bind>
</comp>

<comp id="34" class="1001" name="const_34">
<pin_list>
<pin id="35" dir="1" index="0" bw="1" slack="2147483647"/>
</pin_list>
<bind>
<StgValue><ssdm name="empty_12"/></StgValue>
</bind>
</comp>

<comp id="36" class="1001" name="const_36">
<pin_list>
<pin id="37" dir="1" index="0" bw="1" slack="2147483647"/>
</pin_list>
<bind>
<StgValue><ssdm name="_ssdm_op_SpecInterface"/></StgValue>
</bind>
</comp>

<comp id="38" class="1001" name="const_38">
<pin_list>
<pin id="39" dir="1" index="0" bw="1" slack="2147483647"/>
</pin_list>
<bind>
<StgValue><ssdm name="empty"/></StgValue>
</bind>
</comp>

<comp id="40" class="1001" name="const_40">
<pin_list>
<pin id="41" dir="1" index="0" bw="1" slack="2147483647"/>
</pin_list>
<bind>
<StgValue><ssdm name="empty_0"/></StgValue>
</bind>
</comp>

<comp id="42" class="1001" name="const_42">
<pin_list>
<pin id="43" dir="1" index="0" bw="1" slack="2147483647"/>
</pin_list>
<bind>
<StgValue><ssdm name=""/></StgValue>
</bind>
</comp>

<comp id="44" class="1001" name="const_44">
<pin_list>
<pin id="45" dir="1" index="0" bw="1" slack="2147483647"/>
</pin_list>
<bind>
<StgValue><ssdm name="empty_1"/></StgValue>
</bind>
</comp>

<comp id="46" class="1001" name="const_46">
<pin_list>
<pin id="47" dir="1" index="0" bw="1" slack="2147483647"/>
</pin_list>
<bind>
<StgValue><ssdm name="empty_2"/></StgValue>
</bind>
</comp>

<comp id="48" class="1001" name="const_48">
<pin_list>
<pin id="49" dir="1" index="0" bw="1" slack="2147483647"/>
</pin_list>
<bind>
<StgValue><ssdm name=""/></StgValue>
</bind>
</comp>

<comp id="50" class="1001" name="const_50">
<pin_list>
<pin id="51" dir="1" index="0" bw="1" slack="2147483647"/>
</pin_list>
<bind>
<StgValue><ssdm name="_ssdm_op_SpecBitsMap"/></StgValue>
</bind>
</comp>

<comp id="52" class="1001" name="const_52">
<pin_list>
<pin id="53" dir="1" index="0" bw="1" slack="2147483647"/>
</pin_list>
<bind>
<StgValue><ssdm name="empty_3"/></StgValue>
</bind>
</comp>

<comp id="54" class="1001" name="const_54">
<pin_list>
<pin id="55" dir="1" index="0" bw="1" slack="2147483647"/>
</pin_list>
<bind>
<StgValue><ssdm name="empty_4"/></StgValue>
</bind>
</comp>

<comp id="56" class="1001" name="const_56">
<pin_list>
<pin id="57" dir="1" index="0" bw="1" slack="2147483647"/>
</pin_list>
<bind>
<StgValue><ssdm name="empty_5"/></StgValue>
</bind>
</comp>

<comp id="58" class="1001" name="const_58">
<pin_list>
<pin id="59" dir="1" index="0" bw="1" slack="2147483647"/>
</pin_list>
<bind>
<StgValue><ssdm name="empty_6"/></StgValue>
</bind>
</comp>

<comp id="60" class="1001" name="const_60">
<pin_list>
<pin id="61" dir="1" index="0" bw="1" slack="2147483647"/>
</pin_list>
<bind>
<StgValue><ssdm name="empty_7"/></StgValue>
</bind>
</comp>

<comp id="62" class="1001" name="const_62">
<pin_list>
<pin id="63" dir="1" index="0" bw="1" slack="2147483647"/>
</pin_list>
<bind>
<StgValue><ssdm name="empty_8"/></StgValue>
</bind>
</comp>

<comp id="64" class="1001" name="const_64">
<pin_list>
<pin id="65" dir="1" index="0" bw="1" slack="2147483647"/>
</pin_list>
<bind>
<StgValue><ssdm name="empty_9"/></StgValue>
</bind>
</comp>

<comp id="66" class="1001" name="const_66">
<pin_list>
<pin id="67" dir="1" index="0" bw="1" slack="2147483647"/>
</pin_list>
<bind>
<StgValue><ssdm name="empty_10"/></StgValue>
</bind>
</comp>

<comp id="68" class="1001" name="const_68">
<pin_list>
<pin id="69" dir="1" index="0" bw="1" slack="2147483647"/>
</pin_list>
<bind>
<StgValue><ssdm name="empty_11"/></StgValue>
</bind>
</comp>

<comp id="70" class="1004" name="cols_read_read_fu_70">
<pin_list>
<pin id="71" dir="0" index="0" bw="32" slack="0"/>
<pin id="72" dir="0" index="1" bw="32" slack="0"/>
<pin id="73" dir="1" index="2" bw="32" slack="0"/>
</pin_list>
<bind>
<opcode="read(1150) " fcode="read"/>
<opset="cols_read/1 "/>
</bind>
</comp>

<comp id="76" class="1004" name="rows_read_read_fu_76">
<pin_list>
<pin id="77" dir="0" index="0" bw="32" slack="0"/>
<pin id="78" dir="0" index="1" bw="32" slack="0"/>
<pin id="79" dir="1" index="2" bw="32" slack="0"/>
</pin_list>
<bind>
<opcode="read(1150) " fcode="read"/>
<opset="rows_read/1 "/>
</bind>
</comp>

<comp id="82" class="1004" name="dst_read_read_fu_82">
<pin_list>
<pin id="83" dir="0" index="0" bw="64" slack="0"/>
<pin id="84" dir="0" index="1" bw="64" slack="0"/>
<pin id="85" dir="1" index="2" bw="64" slack="3"/>
</pin_list>
<bind>
<opcode="read(1150) " fcode="read"/>
<opset="dst_read/1 "/>
</bind>
</comp>

<comp id="88" class="1004" name="src_read_read_fu_88">
<pin_list>
<pin id="89" dir="0" index="0" bw="64" slack="0"/>
<pin id="90" dir="0" index="1" bw="64" slack="0"/>
<pin id="91" dir="1" index="2" bw="64" slack="3"/>
</pin_list>
<bind>
<opcode="read(1150) " fcode="read"/>
<opset="src_read/1 "/>
</bind>
</comp>

<comp id="94" class="1004" name="grp_sobel_Pipeline_VITIS_LOOP_77_1_VITIS_LOOP_80_2_fu_94">
<pin_list>
<pin id="95" dir="0" index="0" bw="0" slack="0"/>
<pin id="96" dir="0" index="1" bw="8" slack="0"/>
<pin id="97" dir="0" index="2" bw="64" slack="1"/>
<pin id="98" dir="0" index="3" bw="32" slack="3"/>
<pin id="99" dir="0" index="4" bw="64" slack="3"/>
<pin id="100" dir="0" index="5" bw="32" slack="3"/>
<pin id="101" dir="0" index="6" bw="32" slack="3"/>
<pin id="102" dir="0" index="7" bw="32" slack="3"/>
<pin id="103" dir="0" index="8" bw="31" slack="3"/>
<pin id="104" dir="0" index="9" bw="64" slack="3"/>
<pin id="105" dir="1" index="10" bw="0" slack="2147483647"/>
</pin_list>
<bind>
<opcode="call(48) " fcode="call"/>
<opset="call_ln66/4 "/>
</bind>
</comp>

<comp id="108" class="1004" name="grp_fu_108">
<pin_list>
<pin id="109" dir="0" index="0" bw="32" slack="0"/>
<pin id="110" dir="0" index="1" bw="32" slack="0"/>
<pin id="111" dir="1" index="2" bw="64" slack="1"/>
</pin_list>
<bind>
<opcode="mul(12) " fcode="mul"/>
<opset="mul_ln66/2 "/>
</bind>
</comp>

<comp id="112" class="1004" name="sub_fu_112">
<pin_list>
<pin id="113" dir="0" index="0" bw="32" slack="0"/>
<pin id="114" dir="0" index="1" bw="1" slack="0"/>
<pin id="115" dir="1" index="2" bw="32" slack="0"/>
</pin_list>
<bind>
<opcode="add(8) " fcode="add"/>
<opset="sub/1 "/>
</bind>
</comp>

<comp id="118" class="1004" name="sub2_fu_118">
<pin_list>
<pin id="119" dir="0" index="0" bw="32" slack="0"/>
<pin id="120" dir="0" index="1" bw="1" slack="0"/>
<pin id="121" dir="1" index="2" bw="32" slack="0"/>
</pin_list>
<bind>
<opcode="add(8) " fcode="add"/>
<opset="sub2/1 "/>
</bind>
</comp>

<comp id="124" class="1004" name="tmp_fu_124">
<pin_list>
<pin id="125" dir="0" index="0" bw="31" slack="0"/>
<pin id="126" dir="0" index="1" bw="32" slack="0"/>
<pin id="127" dir="0" index="2" bw="1" slack="0"/>
<pin id="128" dir="0" index="3" bw="6" slack="0"/>
<pin id="129" dir="1" index="4" bw="31" slack="0"/>
</pin_list>
<bind>
<opcode="partselect(1002) " fcode="partselect"/>
<opset="tmp/1 "/>
</bind>
</comp>

<comp id="134" class="1004" name="icmp_fu_134">
<pin_list>
<pin id="135" dir="0" index="0" bw="31" slack="0"/>
<pin id="136" dir="0" index="1" bw="1" slack="0"/>
<pin id="137" dir="1" index="2" bw="1" slack="0"/>
</pin_list>
<bind>
<opcode="icmp(45) " fcode="icmp"/>
<opset="icmp/1 "/>
</bind>
</comp>

<comp id="140" class="1004" name="trunc_ln77_fu_140">
<pin_list>
<pin id="141" dir="0" index="0" bw="32" slack="0"/>
<pin id="142" dir="1" index="1" bw="31" slack="0"/>
</pin_list>
<bind>
<opcode="trunc(33) " fcode="trunc"/>
<opset="trunc_ln77/1 "/>
</bind>
</comp>

<comp id="144" class="1004" name="add_ln77_fu_144">
<pin_list>
<pin id="145" dir="0" index="0" bw="31" slack="0"/>
<pin id="146" dir="0" index="1" bw="1" slack="0"/>
<pin id="147" dir="1" index="2" bw="31" slack="0"/>
</pin_list>
<bind>
<opcode="add(8) " fcode="add"/>
<opset="add_ln77/1 "/>
</bind>
</comp>

<comp id="150" class="1004" name="empty_fu_150">
<pin_list>
<pin id="151" dir="0" index="0" bw="1" slack="0"/>
<pin id="152" dir="0" index="1" bw="31" slack="0"/>
<pin id="153" dir="0" index="2" bw="1" slack="0"/>
<pin id="154" dir="1" index="3" bw="31" slack="3"/>
</pin_list>
<bind>
<opcode="select(49) " fcode="select"/>
<opset="empty/1 "/>
</bind>
</comp>

<comp id="158" class="1004" name="tmp_5_fu_158">
<pin_list>
<pin id="159" dir="0" index="0" bw="31" slack="0"/>
<pin id="160" dir="0" index="1" bw="32" slack="0"/>
<pin id="161" dir="0" index="2" bw="1" slack="0"/>
<pin id="162" dir="0" index="3" bw="6" slack="0"/>
<pin id="163" dir="1" index="4" bw="31" slack="0"/>
</pin_list>
<bind>
<opcode="partselect(1002) " fcode="partselect"/>
<opset="tmp_5/1 "/>
</bind>
</comp>

<comp id="168" class="1004" name="icmp17_fu_168">
<pin_list>
<pin id="169" dir="0" index="0" bw="31" slack="0"/>
<pin id="170" dir="0" index="1" bw="1" slack="0"/>
<pin id="171" dir="1" index="2" bw="1" slack="0"/>
</pin_list>
<bind>
<opcode="icmp(45) " fcode="icmp"/>
<opset="icmp17/1 "/>
</bind>
</comp>

<comp id="174" class="1004" name="add_ln77_1_fu_174">
<pin_list>
<pin id="175" dir="0" index="0" bw="32" slack="0"/>
<pin id="176" dir="0" index="1" bw="2" slack="0"/>
<pin id="177" dir="1" index="2" bw="32" slack="0"/>
</pin_list>
<bind>
<opcode="add(8) " fcode="add"/>
<opset="add_ln77_1/1 "/>
</bind>
</comp>

<comp id="180" class="1004" name="select_ln77_fu_180">
<pin_list>
<pin id="181" dir="0" index="0" bw="1" slack="0"/>
<pin id="182" dir="0" index="1" bw="32" slack="0"/>
<pin id="183" dir="0" index="2" bw="1" slack="0"/>
<pin id="184" dir="1" index="3" bw="32" slack="1"/>
</pin_list>
<bind>
<opcode="select(49) " fcode="select"/>
<opset="select_ln77/1 "/>
</bind>
</comp>

<comp id="188" class="1004" name="add_ln77_2_fu_188">
<pin_list>
<pin id="189" dir="0" index="0" bw="32" slack="0"/>
<pin id="190" dir="0" index="1" bw="2" slack="0"/>
<pin id="191" dir="1" index="2" bw="32" slack="0"/>
</pin_list>
<bind>
<opcode="add(8) " fcode="add"/>
<opset="add_ln77_2/1 "/>
</bind>
</comp>

<comp id="194" class="1004" name="select_ln77_1_fu_194">
<pin_list>
<pin id="195" dir="0" index="0" bw="1" slack="0"/>
<pin id="196" dir="0" index="1" bw="32" slack="0"/>
<pin id="197" dir="0" index="2" bw="1" slack="0"/>
<pin id="198" dir="1" index="3" bw="32" slack="1"/>
</pin_list>
<bind>
<opcode="select(49) " fcode="select"/>
<opset="select_ln77_1/1 "/>
</bind>
</comp>

<comp id="202" class="1004" name="zext_ln66_fu_202">
<pin_list>
<pin id="203" dir="0" index="0" bw="32" slack="1"/>
<pin id="204" dir="1" index="1" bw="64" slack="0"/>
</pin_list>
<bind>
<opcode="zext(34) " fcode="zext"/>
<opset="zext_ln66/2 "/>
</bind>
</comp>

<comp id="206" class="1004" name="zext_ln66_1_fu_206">
<pin_list>
<pin id="207" dir="0" index="0" bw="32" slack="1"/>
<pin id="208" dir="1" index="1" bw="64" slack="0"/>
</pin_list>
<bind>
<opcode="zext(34) " fcode="zext"/>
<opset="zext_ln66_1/2 "/>
</bind>
</comp>

<comp id="210" class="1005" name="cols_read_reg_210">
<pin_list>
<pin id="211" dir="0" index="0" bw="32" slack="3"/>
<pin id="212" dir="1" index="1" bw="32" slack="3"/>
</pin_list>
<bind>
<opset="cols_read "/>
</bind>
</comp>

<comp id="217" class="1005" name="dst_read_reg_217">
<pin_list>
<pin id="218" dir="0" index="0" bw="64" slack="3"/>
<pin id="219" dir="1" index="1" bw="64" slack="3"/>
</pin_list>
<bind>
<opset="dst_read "/>
</bind>
</comp>

<comp id="222" class="1005" name="src_read_reg_222">
<pin_list>
<pin id="223" dir="0" index="0" bw="64" slack="3"/>
<pin id="224" dir="1" index="1" bw="64" slack="3"/>
</pin_list>
<bind>
<opset="src_read "/>
</bind>
</comp>

<comp id="227" class="1005" name="sub2_reg_227">
<pin_list>
<pin id="228" dir="0" index="0" bw="32" slack="3"/>
<pin id="229" dir="1" index="1" bw="32" slack="3"/>
</pin_list>
<bind>
<opset="sub2 "/>
</bind>
</comp>

<comp id="232" class="1005" name="empty_reg_232">
<pin_list>
<pin id="233" dir="0" index="0" bw="31" slack="3"/>
<pin id="234" dir="1" index="1" bw="31" slack="3"/>
</pin_list>
<bind>
<opset="empty "/>
</bind>
</comp>

<comp id="237" class="1005" name="select_ln77_reg_237">
<pin_list>
<pin id="238" dir="0" index="0" bw="32" slack="1"/>
<pin id="239" dir="1" index="1" bw="32" slack="1"/>
</pin_list>
<bind>
<opset="select_ln77 "/>
</bind>
</comp>

<comp id="242" class="1005" name="select_ln77_1_reg_242">
<pin_list>
<pin id="243" dir="0" index="0" bw="32" slack="1"/>
<pin id="244" dir="1" index="1" bw="32" slack="1"/>
</pin_list>
<bind>
<opset="select_ln77_1 "/>
</bind>
</comp>

<comp id="247" class="1005" name="zext_ln66_reg_247">
<pin_list>
<pin id="248" dir="0" index="0" bw="64" slack="1"/>
<pin id="249" dir="1" index="1" bw="64" slack="1"/>
</pin_list>
<bind>
<opset="zext_ln66 "/>
</bind>
</comp>

<comp id="252" class="1005" name="zext_ln66_1_reg_252">
<pin_list>
<pin id="253" dir="0" index="0" bw="64" slack="1"/>
<pin id="254" dir="1" index="1" bw="64" slack="1"/>
</pin_list>
<bind>
<opset="zext_ln66_1 "/>
</bind>
</comp>

<comp id="257" class="1005" name="mul_ln66_reg_257">
<pin_list>
<pin id="258" dir="0" index="0" bw="64" slack="1"/>
<pin id="259" dir="1" index="1" bw="64" slack="1"/>
</pin_list>
<bind>
<opset="mul_ln66 "/>
</bind>
</comp>

</comp_list>

<net_list>
<net id="74"><net_src comp="10" pin="0"/><net_sink comp="70" pin=0"/></net>

<net id="75"><net_src comp="8" pin="0"/><net_sink comp="70" pin=1"/></net>

<net id="80"><net_src comp="10" pin="0"/><net_sink comp="76" pin=0"/></net>

<net id="81"><net_src comp="6" pin="0"/><net_sink comp="76" pin=1"/></net>

<net id="86"><net_src comp="12" pin="0"/><net_sink comp="82" pin=0"/></net>

<net id="87"><net_src comp="4" pin="0"/><net_sink comp="82" pin=1"/></net>

<net id="92"><net_src comp="12" pin="0"/><net_sink comp="88" pin=0"/></net>

<net id="93"><net_src comp="2" pin="0"/><net_sink comp="88" pin=1"/></net>

<net id="106"><net_src comp="30" pin="0"/><net_sink comp="94" pin=0"/></net>

<net id="107"><net_src comp="0" pin="0"/><net_sink comp="94" pin=1"/></net>

<net id="116"><net_src comp="76" pin="2"/><net_sink comp="112" pin=0"/></net>

<net id="117"><net_src comp="14" pin="0"/><net_sink comp="112" pin=1"/></net>

<net id="122"><net_src comp="70" pin="2"/><net_sink comp="118" pin=0"/></net>

<net id="123"><net_src comp="14" pin="0"/><net_sink comp="118" pin=1"/></net>

<net id="130"><net_src comp="16" pin="0"/><net_sink comp="124" pin=0"/></net>

<net id="131"><net_src comp="118" pin="2"/><net_sink comp="124" pin=1"/></net>

<net id="132"><net_src comp="18" pin="0"/><net_sink comp="124" pin=2"/></net>

<net id="133"><net_src comp="20" pin="0"/><net_sink comp="124" pin=3"/></net>

<net id="138"><net_src comp="124" pin="4"/><net_sink comp="134" pin=0"/></net>

<net id="139"><net_src comp="22" pin="0"/><net_sink comp="134" pin=1"/></net>

<net id="143"><net_src comp="118" pin="2"/><net_sink comp="140" pin=0"/></net>

<net id="148"><net_src comp="140" pin="1"/><net_sink comp="144" pin=0"/></net>

<net id="149"><net_src comp="24" pin="0"/><net_sink comp="144" pin=1"/></net>

<net id="155"><net_src comp="134" pin="2"/><net_sink comp="150" pin=0"/></net>

<net id="156"><net_src comp="144" pin="2"/><net_sink comp="150" pin=1"/></net>

<net id="157"><net_src comp="22" pin="0"/><net_sink comp="150" pin=2"/></net>

<net id="164"><net_src comp="16" pin="0"/><net_sink comp="158" pin=0"/></net>

<net id="165"><net_src comp="112" pin="2"/><net_sink comp="158" pin=1"/></net>

<net id="166"><net_src comp="18" pin="0"/><net_sink comp="158" pin=2"/></net>

<net id="167"><net_src comp="20" pin="0"/><net_sink comp="158" pin=3"/></net>

<net id="172"><net_src comp="158" pin="4"/><net_sink comp="168" pin=0"/></net>

<net id="173"><net_src comp="22" pin="0"/><net_sink comp="168" pin=1"/></net>

<net id="178"><net_src comp="76" pin="2"/><net_sink comp="174" pin=0"/></net>

<net id="179"><net_src comp="26" pin="0"/><net_sink comp="174" pin=1"/></net>

<net id="185"><net_src comp="168" pin="2"/><net_sink comp="180" pin=0"/></net>

<net id="186"><net_src comp="174" pin="2"/><net_sink comp="180" pin=1"/></net>

<net id="187"><net_src comp="28" pin="0"/><net_sink comp="180" pin=2"/></net>

<net id="192"><net_src comp="70" pin="2"/><net_sink comp="188" pin=0"/></net>

<net id="193"><net_src comp="26" pin="0"/><net_sink comp="188" pin=1"/></net>

<net id="199"><net_src comp="134" pin="2"/><net_sink comp="194" pin=0"/></net>

<net id="200"><net_src comp="188" pin="2"/><net_sink comp="194" pin=1"/></net>

<net id="201"><net_src comp="28" pin="0"/><net_sink comp="194" pin=2"/></net>

<net id="205"><net_src comp="202" pin="1"/><net_sink comp="108" pin=0"/></net>

<net id="209"><net_src comp="206" pin="1"/><net_sink comp="108" pin=1"/></net>

<net id="213"><net_src comp="70" pin="2"/><net_sink comp="210" pin=0"/></net>

<net id="214"><net_src comp="210" pin="1"/><net_sink comp="94" pin=3"/></net>

<net id="215"><net_src comp="210" pin="1"/><net_sink comp="94" pin=5"/></net>

<net id="216"><net_src comp="210" pin="1"/><net_sink comp="94" pin=6"/></net>

<net id="220"><net_src comp="82" pin="2"/><net_sink comp="217" pin=0"/></net>

<net id="221"><net_src comp="217" pin="1"/><net_sink comp="94" pin=9"/></net>

<net id="225"><net_src comp="88" pin="2"/><net_sink comp="222" pin=0"/></net>

<net id="226"><net_src comp="222" pin="1"/><net_sink comp="94" pin=4"/></net>

<net id="230"><net_src comp="118" pin="2"/><net_sink comp="227" pin=0"/></net>

<net id="231"><net_src comp="227" pin="1"/><net_sink comp="94" pin=7"/></net>

<net id="235"><net_src comp="150" pin="3"/><net_sink comp="232" pin=0"/></net>

<net id="236"><net_src comp="232" pin="1"/><net_sink comp="94" pin=8"/></net>

<net id="240"><net_src comp="180" pin="3"/><net_sink comp="237" pin=0"/></net>

<net id="241"><net_src comp="237" pin="1"/><net_sink comp="202" pin=0"/></net>

<net id="245"><net_src comp="194" pin="3"/><net_sink comp="242" pin=0"/></net>

<net id="246"><net_src comp="242" pin="1"/><net_sink comp="206" pin=0"/></net>

<net id="250"><net_src comp="202" pin="1"/><net_sink comp="247" pin=0"/></net>

<net id="251"><net_src comp="247" pin="1"/><net_sink comp="108" pin=0"/></net>

<net id="255"><net_src comp="206" pin="1"/><net_sink comp="252" pin=0"/></net>

<net id="256"><net_src comp="252" pin="1"/><net_sink comp="108" pin=1"/></net>

<net id="260"><net_src comp="108" pin="2"/><net_sink comp="257" pin=0"/></net>

<net id="261"><net_src comp="257" pin="1"/><net_sink comp="94" pin=2"/></net>

</net_list>

</model> 
---------------- Datapath Model END ------------------

* FSMD analyzer results:
  - Output states:
	Port: gmem | {4 5 }
 - Input state : 
	Port: sobel : gmem | {4 5 }
	Port: sobel : src | {1 }
	Port: sobel : dst | {1 }
	Port: sobel : rows | {1 }
	Port: sobel : cols | {1 }
  - Chain level:
	State 1
		tmp : 1
		icmp : 2
		trunc_ln77 : 1
		add_ln77 : 2
		empty : 3
		tmp_5 : 1
		icmp17 : 2
		select_ln77 : 3
		select_ln77_1 : 3
	State 2
		mul_ln66 : 1
	State 3
	State 4
	State 5


============================================================
+ Verbose Summary: Datapath Resource usage 
============================================================

* Functional unit list:
|----------|----------------------------------------------------------|---------|---------|---------|---------|
| Operation|                      Functional Unit                     |   DSP   |  Delay  |    FF   |   LUT   |
|----------|----------------------------------------------------------|---------|---------|---------|---------|
|   call   | grp_sobel_Pipeline_VITIS_LOOP_77_1_VITIS_LOOP_80_2_fu_94 |    4    |  3.176  |   1340  |   1275  |
|----------|----------------------------------------------------------|---------|---------|---------|---------|
|    mul   |                        grp_fu_108                        |    4    |    0    |   165   |    50   |
|----------|----------------------------------------------------------|---------|---------|---------|---------|
|          |                        sub_fu_112                        |    0    |    0    |    0    |    39   |
|          |                        sub2_fu_118                       |    0    |    0    |    0    |    39   |
|    add   |                      add_ln77_fu_144                     |    0    |    0    |    0    |    38   |
|          |                     add_ln77_1_fu_174                    |    0    |    0    |    0    |    39   |
|          |                     add_ln77_2_fu_188                    |    0    |    0    |    0    |    39   |
|----------|----------------------------------------------------------|---------|---------|---------|---------|
|          |                       empty_fu_150                       |    0    |    0    |    0    |    31   |
|  select  |                    select_ln77_fu_180                    |    0    |    0    |    0    |    32   |
|          |                   select_ln77_1_fu_194                   |    0    |    0    |    0    |    32   |
|----------|----------------------------------------------------------|---------|---------|---------|---------|
|   icmp   |                        icmp_fu_134                       |    0    |    0    |    0    |    38   |
|          |                       icmp17_fu_168                      |    0    |    0    |    0    |    38   |
|----------|----------------------------------------------------------|---------|---------|---------|---------|
|          |                   cols_read_read_fu_70                   |    0    |    0    |    0    |    0    |
|   read   |                   rows_read_read_fu_76                   |    0    |    0    |    0    |    0    |
|          |                    dst_read_read_fu_82                   |    0    |    0    |    0    |    0    |
|          |                    src_read_read_fu_88                   |    0    |    0    |    0    |    0    |
|----------|----------------------------------------------------------|---------|---------|---------|---------|
|partselect|                        tmp_fu_124                        |    0    |    0    |    0    |    0    |
|          |                       tmp_5_fu_158                       |    0    |    0    |    0    |    0    |
|----------|----------------------------------------------------------|---------|---------|---------|---------|
|   trunc  |                     trunc_ln77_fu_140                    |    0    |    0    |    0    |    0    |
|----------|----------------------------------------------------------|---------|---------|---------|---------|
|   zext   |                     zext_ln66_fu_202                     |    0    |    0    |    0    |    0    |
|          |                    zext_ln66_1_fu_206                    |    0    |    0    |    0    |    0    |
|----------|----------------------------------------------------------|---------|---------|---------|---------|
|   Total  |                                                          |    8    |  3.176  |   1505  |   1690  |
|----------|----------------------------------------------------------|---------|---------|---------|---------|

Memories:
N/A

* Register list:
+---------------------+--------+
|                     |   FF   |
+---------------------+--------+
|  cols_read_reg_210  |   32   |
|   dst_read_reg_217  |   64   |
|    empty_reg_232    |   31   |
|   mul_ln66_reg_257  |   64   |
|select_ln77_1_reg_242|   32   |
| select_ln77_reg_237 |   32   |
|   src_read_reg_222  |   64   |
|     sub2_reg_227    |   32   |
| zext_ln66_1_reg_252 |   64   |
|  zext_ln66_reg_247  |   64   |
+---------------------+--------+
|        Total        |   479  |
+---------------------+--------+

* Multiplexer (MUX) list: 
|------------|------|------|------|--------||---------||---------||---------|
|    Comp    |  Pin | Size |  BW  | S x BW ||  Delay  ||    FF   ||   LUT   |
|------------|------|------|------|--------||---------||---------||---------|
| grp_fu_108 |  p0  |   2  |  32  |   64   ||    0    ||    9    |
| grp_fu_108 |  p1  |   2  |  32  |   64   ||    0    ||    9    |
|------------|------|------|------|--------||---------||---------||---------|
|    Total   |      |      |      |   128  ||  3.176  ||    0    ||    18   |
|------------|------|------|------|--------||---------||---------||---------|



* Summary:
+-----------+--------+--------+--------+--------+
|           |   DSP  |  Delay |   FF   |   LUT  |
+-----------+--------+--------+--------+--------+
|  Function |    8   |    3   |  1505  |  1690  |
|   Memory  |    -   |    -   |    -   |    -   |
|Multiplexer|    -   |    3   |    0   |   18   |
|  Register |    -   |    -   |   479  |    -   |
+-----------+--------+--------+--------+--------+
|   Total   |    8   |    6   |  1984  |  1708  |
+-----------+--------+--------+--------+--------+
