

================================================================
== Vitis HLS Report for 'sobel_Pipeline_VITIS_LOOP_100_1_VITIS_LOOP_103_2'
================================================================
* Date:           Tue Dec 31 10:15:03 2024

* Version:        2024.1 (Build 5069499 on May 21 2024)
* Project:        sobel
* Solution:       hls (Vivado IP Flow Target)
* Product family: zynq
* Target device:  xc7z020-clg400-1


================================================================
== Performance Estimates
================================================================
+ Timing: 
    * Summary: 
    +--------+----------+----------+------------+
    |  Clock |  Target  | Estimated| Uncertainty|
    +--------+----------+----------+------------+
    |ap_clk  |  10.00 ns|  7.300 ns|     2.70 ns|
    +--------+----------+----------+------------+

+ Latency: 
    * Summary: 
    +---------+---------+----------+-----------+-----+---------+-----------------------------------------------+
    |  Latency (cycles) |  Latency (absolute)  |    Interval   |                    Pipeline                   |
    |   min   |   max   |    min   |    max    | min |   max   |                      Type                     |
    +---------+---------+----------+-----------+-----+---------+-----------------------------------------------+
    |       32|  8294423|  0.320 us|  82.944 ms|   18|  8294409|  loop auto-rewind stp(delay=0 clock cycles(s))|
    +---------+---------+----------+-----------+-----+---------+-----------------------------------------------+

    + Detail: 
        * Instance: 
        N/A

        * Loop: 
        +-------------------------------------+---------+---------+----------+-----------+-----------+------------+----------+
        |                                     |  Latency (cycles) | Iteration|  Initiation Interval  |    Trip    |          |
        |              Loop Name              |   min   |   max   |  Latency |  achieved |   target  |    Count   | Pipelined|
        +-------------------------------------+---------+---------+----------+-----------+-----------+------------+----------+
        |- VITIS_LOOP_100_1_VITIS_LOOP_103_2  |       30|  8294421|        31|          9|          1|  1 ~ 921600|       yes|
        +-------------------------------------+---------+---------+----------+-----------+-----------+------------+----------+

============================================================
+ Verbose Summary: Synthesis Manager
============================================================
InlineROM: 1
ExposeGlobal: 0
============================================================
+ Verbose Summary: CDFG Model
============================================================
IsTopModel: 0
ResetActiveHigh: 1
IsCombinational: 0
IsDatapathOnly: 0
HasWiredReturn: 1
HasMFsm: 2
HasVarLatency: 1
IsPipeline: 0
IsRtlPipelined: 0
IsInstanceOverlapped: 0
IsDontTouch: 0
HasImplIP: 0
IsGatedGlobalClock: 0

+ Individual pipeline summary: 
  * Pipeline-0: initiation interval (II) = 9, depth = 32


============================================================
+ Verbose Summary: Schedule
============================================================
* Number of FSM states : 32
* Pipeline : 1
  Pipeline-0 : II = 9, D = 32, States = { 1 2 3 4 5 6 7 8 9 10 11 12 13 14 15 16 17 18 19 20 21 22 23 24 25 26 27 28 29 30 31 32 }
* Dataflow Pipeline: 0

* FSM state transitions: 
1 --> 2 
2 --> 3 
3 --> 4 
4 --> 5 
5 --> 6 
6 --> 7 
7 --> 8 
8 --> 9 
9 --> 10 
10 --> 11 
11 --> 12 
12 --> 13 
13 --> 14 
14 --> 15 
15 --> 16 
16 --> 17 
17 --> 18 
18 --> 19 
19 --> 20 
20 --> 21 
21 --> 22 
22 --> 23 
23 --> 24 
24 --> 25 
25 --> 26 
26 --> 27 
27 --> 28 
28 --> 29 
29 --> 30 
30 --> 31 
31 --> 32 
32 --> 

* FSM state operations: 

State 1 <SV = 0> <Delay = 1.58>
ST_1 : Operation 34 [1/1] (0.00ns)   --->   "%col = alloca i32 1" [../source/sobel_base.cpp:97]   --->   Operation 34 'alloca' 'col' <Predicate = true> <Delay = 0.00>
ST_1 : Operation 35 [1/1] (0.00ns)   --->   "%indvar3 = alloca i32 1"   --->   Operation 35 'alloca' 'indvar3' <Predicate = true> <Delay = 0.00>
ST_1 : Operation 36 [1/1] (0.00ns)   --->   "%indvar = alloca i32 1"   --->   Operation 36 'alloca' 'indvar' <Predicate = true> <Delay = 0.00>
ST_1 : Operation 37 [1/1] (0.00ns)   --->   "%indvar_flatten = alloca i32 1"   --->   Operation 37 'alloca' 'indvar_flatten' <Predicate = true> <Delay = 0.00>
ST_1 : Operation 38 [1/1] (0.00ns)   --->   "%dst_read = read i64 @_ssdm_op_Read.ap_auto.i64, i64 %dst"   --->   Operation 38 'read' 'dst_read' <Predicate = true> <Delay = 0.00>
ST_1 : Operation 39 [1/1] (0.00ns)   --->   "%zext_ln100_read = read i31 @_ssdm_op_Read.ap_auto.i31, i31 %zext_ln100"   --->   Operation 39 'read' 'zext_ln100_read' <Predicate = true> <Delay = 0.00>
ST_1 : Operation 40 [1/1] (0.00ns)   --->   "%sub2_read = read i32 @_ssdm_op_Read.ap_auto.i32, i32 %sub2"   --->   Operation 40 'read' 'sub2_read' <Predicate = true> <Delay = 0.00>
ST_1 : Operation 41 [1/1] (0.00ns)   --->   "%sext_ln100_read = read i32 @_ssdm_op_Read.ap_auto.i32, i32 %sext_ln100"   --->   Operation 41 'read' 'sext_ln100_read' <Predicate = true> <Delay = 0.00>
ST_1 : Operation 42 [1/1] (0.00ns)   --->   "%cols_cast_read = read i32 @_ssdm_op_Read.ap_auto.i32, i32 %cols_cast"   --->   Operation 42 'read' 'cols_cast_read' <Predicate = true> <Delay = 0.00>
ST_1 : Operation 43 [1/1] (0.00ns)   --->   "%src_read = read i64 @_ssdm_op_Read.ap_auto.i64, i64 %src"   --->   Operation 43 'read' 'src_read' <Predicate = true> <Delay = 0.00>
ST_1 : Operation 44 [1/1] (0.00ns)   --->   "%cols_cast6_read = read i32 @_ssdm_op_Read.ap_auto.i32, i32 %cols_cast6"   --->   Operation 44 'read' 'cols_cast6_read' <Predicate = true> <Delay = 0.00>
ST_1 : Operation 45 [1/1] (0.00ns)   --->   "%mul_ln62_read = read i64 @_ssdm_op_Read.ap_auto.i64, i64 %mul_ln62"   --->   Operation 45 'read' 'mul_ln62_read' <Predicate = true> <Delay = 0.00>
ST_1 : Operation 46 [1/1] (0.00ns)   --->   "%zext_ln100_cast = zext i31 %zext_ln100_read"   --->   Operation 46 'zext' 'zext_ln100_cast' <Predicate = true> <Delay = 0.00>
ST_1 : Operation 47 [1/1] (0.00ns)   --->   "%sext_ln100_cast = sext i32 %sext_ln100_read"   --->   Operation 47 'sext' 'sext_ln100_cast' <Predicate = true> <Delay = 0.00>
ST_1 : Operation 48 [1/1] (0.00ns)   --->   "%cols_cast_cast = sext i32 %cols_cast_read"   --->   Operation 48 'sext' 'cols_cast_cast' <Predicate = true> <Delay = 0.00>
ST_1 : Operation 49 [1/1] (0.00ns)   --->   "%cols_cast6_cast = sext i32 %cols_cast6_read"   --->   Operation 49 'sext' 'cols_cast6_cast' <Predicate = true> <Delay = 0.00>
ST_1 : Operation 50 [1/1] (0.00ns)   --->   "%specinterface_ln0 = specinterface void @_ssdm_op_SpecInterface, i8 %gmem, void @empty, i32 0, i32 0, void @empty_0, i32 0, i32 921600, void @empty_1, void @empty_2, void @empty_0, i32 16, i32 16, i32 16, i32 16, void @empty_0, void @empty_0, i32 4294967295, i32 0, i32 0"   --->   Operation 50 'specinterface' 'specinterface_ln0' <Predicate = true> <Delay = 0.00>
ST_1 : Operation 51 [1/1] (1.58ns)   --->   "%store_ln0 = store i64 0, i64 %indvar_flatten"   --->   Operation 51 'store' 'store_ln0' <Predicate = true> <Delay = 1.58>
ST_1 : Operation 52 [1/1] (1.58ns)   --->   "%store_ln0 = store i31 0, i31 %indvar"   --->   Operation 52 'store' 'store_ln0' <Predicate = true> <Delay = 1.58>
ST_1 : Operation 53 [1/1] (1.58ns)   --->   "%store_ln0 = store i31 0, i31 %indvar3"   --->   Operation 53 'store' 'store_ln0' <Predicate = true> <Delay = 1.58>
ST_1 : Operation 54 [1/1] (1.58ns)   --->   "%store_ln97 = store i31 1, i31 %col" [../source/sobel_base.cpp:97]   --->   Operation 54 'store' 'store_ln97' <Predicate = true> <Delay = 1.58>
ST_1 : Operation 55 [1/1] (1.58ns)   --->   "%br_ln0 = br void %VITIS_LOOP_109_3"   --->   Operation 55 'br' 'br_ln0' <Predicate = true> <Delay = 1.58>

State 2 <SV = 1> <Delay = 3.53>
ST_2 : Operation 56 [1/1] (0.00ns)   --->   "%first_iter_0 = phi i1 1, void %newFuncRoot, i1 0, void %new.latch.VITIS_LOOP_109_3.split"   --->   Operation 56 'phi' 'first_iter_0' <Predicate = true> <Delay = 0.00>
ST_2 : Operation 57 [1/1] (0.00ns)   --->   "%col_1 = load i31 %col" [../source/sobel_base.cpp:103]   --->   Operation 57 'load' 'col_1' <Predicate = true> <Delay = 0.00>
ST_2 : Operation 58 [1/1] (0.00ns)   --->   "%indvar_flatten_load = load i64 %indvar_flatten" [../source/sobel_base.cpp:100]   --->   Operation 58 'load' 'indvar_flatten_load' <Predicate = true> <Delay = 0.00>
ST_2 : Operation 59 [1/1] (0.00ns)   --->   "%specbitsmap_ln0 = specbitsmap void @_ssdm_op_SpecBitsMap, i8 %gmem"   --->   Operation 59 'specbitsmap' 'specbitsmap_ln0' <Predicate = true> <Delay = 0.00>
ST_2 : Operation 60 [1/1] (3.52ns)   --->   "%icmp_ln100 = icmp_eq  i64 %indvar_flatten_load, i64 %mul_ln62_read" [../source/sobel_base.cpp:100]   --->   Operation 60 'icmp' 'icmp_ln100' <Predicate = true> <Delay = 3.52> <CoreInst = "Cmp">   --->   Core 9 'Cmp' <Latency = 0> <II = 1> <Delay = 3.52> <FuncUnit> <Opcode : 'seteq' 'setne' 'setle' 'setge' 'setlt' 'setgt'> <InPorts = 2> <OutPorts = 1>
ST_2 : Operation 61 [1/1] (0.00ns)   --->   "%br_ln100 = br i1 %icmp_ln100, void %for.inc30.loopexit, void %for.end32.loopexit.exitStub" [../source/sobel_base.cpp:100]   --->   Operation 61 'br' 'br_ln100' <Predicate = true> <Delay = 0.00>
ST_2 : Operation 62 [1/1] (0.00ns)   --->   "%indvar_load = load i31 %indvar" [../source/sobel_base.cpp:100]   --->   Operation 62 'load' 'indvar_load' <Predicate = (!icmp_ln100)> <Delay = 0.00>
ST_2 : Operation 63 [1/1] (0.00ns)   --->   "%zext_ln103_1 = zext i31 %col_1" [../source/sobel_base.cpp:103]   --->   Operation 63 'zext' 'zext_ln103_1' <Predicate = (!icmp_ln100)> <Delay = 0.00>
ST_2 : Operation 64 [1/1] (2.55ns)   --->   "%icmp_ln103 = icmp_slt  i32 %zext_ln103_1, i32 %sub2_read" [../source/sobel_base.cpp:103]   --->   Operation 64 'icmp' 'icmp_ln103' <Predicate = (!icmp_ln100)> <Delay = 2.55> <CoreInst = "Cmp">   --->   Core 9 'Cmp' <Latency = 0> <II = 1> <Delay = 2.55> <FuncUnit> <Opcode : 'seteq' 'setne' 'setle' 'setge' 'setlt' 'setgt'> <InPorts = 2> <OutPorts = 1>
ST_2 : Operation 65 [1/1] (0.00ns) (grouped into LUT with out node or_ln100)   --->   "%xor_ln100 = xor i1 %icmp_ln103, i1 1" [../source/sobel_base.cpp:100]   --->   Operation 65 'xor' 'xor_ln100' <Predicate = (!icmp_ln100)> <Delay = 0.00> <CoreInst = "LogicGate">   --->   Core 74 'LogicGate' <Latency = 0> <II = 1> <Delay = 0.97> <FuncUnit> <Opcode : 'and' 'or' 'xor'> <InPorts = 2> <OutPorts = 1>
ST_2 : Operation 66 [1/1] (0.97ns) (out node of the LUT)   --->   "%or_ln100 = or i1 %first_iter_0, i1 %xor_ln100" [../source/sobel_base.cpp:100]   --->   Operation 66 'or' 'or_ln100' <Predicate = (!icmp_ln100)> <Delay = 0.97> <CoreInst = "LogicGate">   --->   Core 74 'LogicGate' <Latency = 0> <II = 1> <Delay = 0.97> <FuncUnit> <Opcode : 'and' 'or' 'xor'> <InPorts = 2> <OutPorts = 1>
ST_2 : Operation 67 [1/1] (2.52ns)   --->   "%add_ln100_1 = add i31 %indvar_load, i31 1" [../source/sobel_base.cpp:100]   --->   Operation 67 'add' 'add_ln100_1' <Predicate = (!icmp_ln100)> <Delay = 2.52> <CoreInst = "Adder">   --->   Core 1 'Adder' <Latency = 0> <II = 1> <Delay = 2.52> <FuncUnit> <Opcode : 'add' 'sub'> <InPorts = 2> <OutPorts = 1>
ST_2 : Operation 68 [1/1] (0.73ns)   --->   "%select_ln100_1 = select i1 %icmp_ln103, i31 %indvar_load, i31 %add_ln100_1" [../source/sobel_base.cpp:100]   --->   Operation 68 'select' 'select_ln100_1' <Predicate = (!icmp_ln100)> <Delay = 0.73> <CoreInst = "Sel">   --->   Core 73 'Sel' <Latency = 0> <II = 1> <Delay = 0.73> <FuncUnit> <Opcode : 'select'> <InPorts = 3> <OutPorts = 1>
ST_2 : Operation 69 [1/1] (0.00ns)   --->   "%br_ln103 = br i1 %or_ln100, void %VITIS_LOOP_109_3.split, void %for.first.iter.VITIS_LOOP_109_3" [../source/sobel_base.cpp:103]   --->   Operation 69 'br' 'br_ln103' <Predicate = (!icmp_ln100)> <Delay = 0.00>
ST_2 : Operation 70 [1/1] (2.52ns)   --->   "%add_ln103 = add i31 %col_1, i31 1" [../source/sobel_base.cpp:103]   --->   Operation 70 'add' 'add_ln103' <Predicate = (!icmp_ln100)> <Delay = 2.52> <CoreInst = "Adder">   --->   Core 1 'Adder' <Latency = 0> <II = 1> <Delay = 2.52> <FuncUnit> <Opcode : 'add' 'sub'> <InPorts = 2> <OutPorts = 1>

State 3 <SV = 2> <Delay = 6.91>
ST_3 : Operation 71 [1/1] (3.52ns)   --->   "%add_ln100 = add i64 %indvar_flatten_load, i64 1" [../source/sobel_base.cpp:100]   --->   Operation 71 'add' 'add_ln100' <Predicate = (!icmp_ln100)> <Delay = 3.52> <CoreInst = "Adder">   --->   Core 1 'Adder' <Latency = 0> <II = 1> <Delay = 3.52> <FuncUnit> <Opcode : 'add' 'sub'> <InPorts = 2> <OutPorts = 1>
ST_3 : Operation 72 [1/1] (0.00ns)   --->   "%zext_ln100_1 = zext i31 %select_ln100_1" [../source/sobel_base.cpp:100]   --->   Operation 72 'zext' 'zext_ln100_1' <Predicate = (!icmp_ln100)> <Delay = 0.00>
ST_3 : Operation 73 [2/2] (6.91ns)   --->   "%mul_ln100 = mul i63 %zext_ln100_1, i63 %cols_cast_cast" [../source/sobel_base.cpp:100]   --->   Operation 73 'mul' 'mul_ln100' <Predicate = (!icmp_ln100)> <Delay = 6.91> <CoreInst = "Multiplier">   --->   Core 3 'Multiplier' <Latency = 1> <II = 1> <Delay = 6.91> <FuncUnit> <Opcode : 'mul'> <InPorts = 2> <OutPorts = 1>
ST_3 : Operation 74 [1/1] (0.73ns)   --->   "%select_ln103 = select i1 %icmp_ln103, i31 %add_ln103, i31 2" [../source/sobel_base.cpp:103]   --->   Operation 74 'select' 'select_ln103' <Predicate = (!icmp_ln100)> <Delay = 0.73> <CoreInst = "Sel">   --->   Core 73 'Sel' <Latency = 0> <II = 1> <Delay = 0.73> <FuncUnit> <Opcode : 'select'> <InPorts = 3> <OutPorts = 1>
ST_3 : Operation 75 [1/1] (0.00ns)   --->   "%zext_ln103_2 = zext i31 %select_ln103" [../source/sobel_base.cpp:103]   --->   Operation 75 'zext' 'zext_ln103_2' <Predicate = (!icmp_ln100)> <Delay = 0.00>
ST_3 : Operation 76 [1/1] (2.55ns)   --->   "%icmp_ln103_1 = icmp_slt  i32 %zext_ln103_2, i32 %sub2_read" [../source/sobel_base.cpp:103]   --->   Operation 76 'icmp' 'icmp_ln103_1' <Predicate = (!icmp_ln100)> <Delay = 2.55> <CoreInst = "Cmp">   --->   Core 9 'Cmp' <Latency = 0> <II = 1> <Delay = 2.55> <FuncUnit> <Opcode : 'seteq' 'setne' 'setle' 'setge' 'setlt' 'setgt'> <InPorts = 2> <OutPorts = 1>
ST_3 : Operation 77 [1/1] (0.00ns)   --->   "%br_ln103 = br i1 %icmp_ln103_1, void %last.iter.VITIS_LOOP_109_3.split, void %new.latch.VITIS_LOOP_109_3.split" [../source/sobel_base.cpp:103]   --->   Operation 77 'br' 'br_ln103' <Predicate = (!icmp_ln100)> <Delay = 0.00>
ST_3 : Operation 78 [1/1] (1.58ns)   --->   "%store_ln100 = store i64 %add_ln100, i64 %indvar_flatten" [../source/sobel_base.cpp:100]   --->   Operation 78 'store' 'store_ln100' <Predicate = (!icmp_ln100)> <Delay = 1.58>
ST_3 : Operation 79 [1/1] (1.58ns)   --->   "%store_ln100 = store i31 %select_ln100_1, i31 %indvar" [../source/sobel_base.cpp:100]   --->   Operation 79 'store' 'store_ln100' <Predicate = (!icmp_ln100)> <Delay = 1.58>
ST_3 : Operation 80 [1/1] (1.58ns)   --->   "%store_ln97 = store i31 %select_ln103, i31 %col" [../source/sobel_base.cpp:97]   --->   Operation 80 'store' 'store_ln97' <Predicate = (!icmp_ln100)> <Delay = 1.58>
ST_3 : Operation 81 [1/1] (0.00ns)   --->   "%br_ln103 = br void %VITIS_LOOP_109_3" [../source/sobel_base.cpp:103]   --->   Operation 81 'br' 'br_ln103' <Predicate = (!icmp_ln100)> <Delay = 0.00>

State 4 <SV = 3> <Delay = 6.91>
ST_4 : Operation 82 [1/2] (6.91ns)   --->   "%mul_ln100 = mul i63 %zext_ln100_1, i63 %cols_cast_cast" [../source/sobel_base.cpp:100]   --->   Operation 82 'mul' 'mul_ln100' <Predicate = (!icmp_ln100)> <Delay = 6.91> <CoreInst = "Multiplier">   --->   Core 3 'Multiplier' <Latency = 1> <II = 1> <Delay = 6.91> <FuncUnit> <Opcode : 'mul'> <InPorts = 2> <OutPorts = 1>
ST_4 : Operation 83 [1/1] (2.55ns)   --->   "%add_ln109_2 = add i33 %cols_cast6_cast, i33 1" [../source/sobel_base.cpp:109]   --->   Operation 83 'add' 'add_ln109_2' <Predicate = (!icmp_ln100)> <Delay = 2.55> <CoreInst = "Adder">   --->   Core 1 'Adder' <Latency = 0> <II = 1> <Delay = 2.55> <FuncUnit> <Opcode : 'add' 'sub'> <InPorts = 2> <OutPorts = 1>

State 5 <SV = 4> <Delay = 6.01>
ST_5 : Operation 84 [1/1] (0.00ns)   --->   "%indvar3_load = load i31 %indvar3" [../source/sobel_base.cpp:100]   --->   Operation 84 'load' 'indvar3_load' <Predicate = (!icmp_ln100 & icmp_ln103)> <Delay = 0.00>
ST_5 : Operation 85 [1/1] (0.00ns)   --->   "%specloopname_ln0 = specloopname void @_ssdm_op_SpecLoopName, void @VITIS_LOOP_100_1_VITIS_LOOP_103_2_str"   --->   Operation 85 'specloopname' 'specloopname_ln0' <Predicate = (!icmp_ln100)> <Delay = 0.00>
ST_5 : Operation 86 [1/1] (0.00ns)   --->   "%speclooptripcount_ln0 = speclooptripcount void @_ssdm_op_SpecLoopTripCount, i64 1, i64 921600, i64 230400"   --->   Operation 86 'speclooptripcount' 'speclooptripcount_ln0' <Predicate = (!icmp_ln100)> <Delay = 0.00>
ST_5 : Operation 87 [1/1] (0.73ns)   --->   "%select_ln100 = select i1 %icmp_ln103, i31 %indvar3_load, i31 0" [../source/sobel_base.cpp:100]   --->   Operation 87 'select' 'select_ln100' <Predicate = (!icmp_ln100)> <Delay = 0.73> <CoreInst = "Sel">   --->   Core 73 'Sel' <Latency = 0> <II = 1> <Delay = 0.73> <FuncUnit> <Opcode : 'select'> <InPorts = 3> <OutPorts = 1>
ST_5 : Operation 88 [1/1] (0.00ns)   --->   "%sext_ln100_1 = sext i63 %mul_ln100" [../source/sobel_base.cpp:100]   --->   Operation 88 'sext' 'sext_ln100_1' <Predicate = (!icmp_ln100)> <Delay = 0.00>
ST_5 : Operation 89 [1/1] (3.52ns)   --->   "%add_ln100_2 = add i64 %sext_ln100_1, i64 %dst_read" [../source/sobel_base.cpp:100]   --->   Operation 89 'add' 'add_ln100_2' <Predicate = (!icmp_ln100)> <Delay = 3.52> <CoreInst = "Adder">   --->   Core 1 'Adder' <Latency = 0> <II = 1> <Delay = 3.52> <FuncUnit> <Opcode : 'add' 'sub'> <InPorts = 2> <OutPorts = 1>
ST_5 : Operation 90 [1/1] (0.00ns)   --->   "%gmem_addr = getelementptr i8 %gmem, i64 %add_ln100_2" [../source/sobel_base.cpp:103]   --->   Operation 90 'getelementptr' 'gmem_addr' <Predicate = (!icmp_ln100 & or_ln100)> <Delay = 0.00>
ST_5 : Operation 91 [1/1] (0.00ns)   --->   "%zext_ln103 = zext i31 %select_ln100" [../source/sobel_base.cpp:103]   --->   Operation 91 'zext' 'zext_ln103' <Predicate = (!icmp_ln100)> <Delay = 0.00>
ST_5 : Operation 92 [1/1] (0.00ns) (grouped into TernaryAdder)   --->   "%add_ln109_1 = add i63 %mul_ln100, i63 %zext_ln103" [../source/sobel_base.cpp:109]   --->   Operation 92 'add' 'add_ln109_1' <Predicate = (!icmp_ln100)> <Delay = 0.00> <CoreInst = "TAddSub">   --->   Core 10 'TAddSub' <Latency = 0> <II = 1> <Delay = 1.87> <IPBlock> <Opcode : '' 'add' 'sub'> <InPorts = 3> <OutPorts = 1> <Sync> <CReg>
ST_5 : Operation 93 [1/1] (0.00ns)   --->   "%sext_ln109 = sext i33 %add_ln109_2" [../source/sobel_base.cpp:109]   --->   Operation 93 'sext' 'sext_ln109' <Predicate = (!icmp_ln100)> <Delay = 0.00>
ST_5 : Operation 94 [1/1] (5.28ns) (root node of TernaryAdder)   --->   "%add_ln109 = add i63 %sext_ln109, i63 %add_ln109_1" [../source/sobel_base.cpp:109]   --->   Operation 94 'add' 'add_ln109' <Predicate = (!icmp_ln100)> <Delay = 5.28> <CoreInst = "TAddSub">   --->   Core 10 'TAddSub' <Latency = 0> <II = 1> <Delay = 1.87> <IPBlock> <Opcode : '' 'add' 'sub'> <InPorts = 3> <OutPorts = 1> <Sync> <CReg>
ST_5 : Operation 95 [1/1] (0.00ns)   --->   "%gmem_addr_4 = getelementptr i8 %gmem, i64 %add_ln100_2" [../source/sobel_base.cpp:103]   --->   Operation 95 'getelementptr' 'gmem_addr_4' <Predicate = (!icmp_ln100)> <Delay = 0.00>
ST_5 : Operation 96 [1/1] (2.52ns)   --->   "%add_ln103_1 = add i31 %select_ln100, i31 1" [../source/sobel_base.cpp:103]   --->   Operation 96 'add' 'add_ln103_1' <Predicate = (!icmp_ln100)> <Delay = 2.52> <CoreInst = "Adder">   --->   Core 1 'Adder' <Latency = 0> <II = 1> <Delay = 2.52> <FuncUnit> <Opcode : 'add' 'sub'> <InPorts = 2> <OutPorts = 1>
ST_5 : Operation 97 [1/1] (1.58ns)   --->   "%store_ln103 = store i31 %add_ln103_1, i31 %indvar3" [../source/sobel_base.cpp:103]   --->   Operation 97 'store' 'store_ln103' <Predicate = (!icmp_ln100)> <Delay = 1.58>

State 6 <SV = 5> <Delay = 7.30>
ST_6 : Operation 98 [1/1] (7.30ns)   --->   "%empty_28 = writereq i1 @_ssdm_op_WriteReq.m_axi.p1i8, i8 %gmem_addr, i64 %zext_ln100_cast" [../source/sobel_base.cpp:103]   --->   Operation 98 'writereq' 'empty_28' <Predicate = (!icmp_ln100 & or_ln100)> <Delay = 7.30> <CoreInst = "m_axi">   --->   Core 111 'm_axi' <Latency = 0> <II = 1> <Delay = 1.00> <Adapter> <Opcode : 'read' 'write' 'readreq' 'writereq' 'writeresp'>
ST_6 : Operation 99 [1/1] (0.00ns)   --->   "%br_ln103 = br void %VITIS_LOOP_109_3.split" [../source/sobel_base.cpp:103]   --->   Operation 99 'br' 'br_ln103' <Predicate = (!icmp_ln100 & or_ln100)> <Delay = 0.00>
ST_6 : Operation 100 [1/1] (0.00ns)   --->   "%add_ln109_cast = sext i63 %add_ln109" [../source/sobel_base.cpp:109]   --->   Operation 100 'sext' 'add_ln109_cast' <Predicate = (!icmp_ln100)> <Delay = 0.00>
ST_6 : Operation 101 [1/1] (3.52ns)   --->   "%empty_20 = add i64 %add_ln109_cast, i64 %src_read" [../source/sobel_base.cpp:109]   --->   Operation 101 'add' 'empty_20' <Predicate = (!icmp_ln100)> <Delay = 3.52> <CoreInst = "Adder">   --->   Core 1 'Adder' <Latency = 0> <II = 1> <Delay = 3.52> <FuncUnit> <Opcode : 'add' 'sub'> <InPorts = 2> <OutPorts = 1>
ST_6 : Operation 102 [1/1] (0.00ns)   --->   "%gmem_addr_1 = getelementptr i8 %gmem, i64 %empty_20" [../source/sobel_base.cpp:111]   --->   Operation 102 'getelementptr' 'gmem_addr_1' <Predicate = (!icmp_ln100)> <Delay = 0.00>
ST_6 : Operation 103 [1/1] (3.49ns)   --->   "%empty_22 = add i63 %add_ln109, i63 %cols_cast_cast" [../source/sobel_base.cpp:109]   --->   Operation 103 'add' 'empty_22' <Predicate = (!icmp_ln100)> <Delay = 3.49> <CoreInst = "Adder">   --->   Core 1 'Adder' <Latency = 0> <II = 1> <Delay = 3.49> <FuncUnit> <Opcode : 'add' 'sub'> <InPorts = 2> <OutPorts = 1>

State 7 <SV = 6> <Delay = 7.30>
ST_7 : Operation 104 [8/8] (7.30ns)   --->   "%empty_21 = readreq i1 @_ssdm_op_ReadReq.m_axi.p1i8, i8 %gmem_addr_1, i64 3" [../source/sobel_base.cpp:111]   --->   Operation 104 'readreq' 'empty_21' <Predicate = (!icmp_ln100)> <Delay = 7.30> <CoreInst = "m_axi">   --->   Core 111 'm_axi' <Latency = 0> <II = 1> <Delay = 1.00> <Adapter> <Opcode : 'read' 'write' 'readreq' 'writereq' 'writeresp'>
ST_7 : Operation 105 [1/1] (0.00ns)   --->   "%p_cast10 = sext i63 %empty_22" [../source/sobel_base.cpp:109]   --->   Operation 105 'sext' 'p_cast10' <Predicate = (!icmp_ln100)> <Delay = 0.00>
ST_7 : Operation 106 [1/1] (3.52ns)   --->   "%empty_23 = add i64 %p_cast10, i64 %src_read" [../source/sobel_base.cpp:109]   --->   Operation 106 'add' 'empty_23' <Predicate = (!icmp_ln100)> <Delay = 3.52> <CoreInst = "Adder">   --->   Core 1 'Adder' <Latency = 0> <II = 1> <Delay = 3.52> <FuncUnit> <Opcode : 'add' 'sub'> <InPorts = 2> <OutPorts = 1>
ST_7 : Operation 107 [1/1] (0.00ns)   --->   "%gmem_addr_2 = getelementptr i8 %gmem, i64 %empty_23" [../source/sobel_base.cpp:111]   --->   Operation 107 'getelementptr' 'gmem_addr_2' <Predicate = (!icmp_ln100)> <Delay = 0.00>
ST_7 : Operation 108 [1/1] (0.00ns) (grouped into TernaryAdder)   --->   "%tmp3 = add i64 %sext_ln100_cast, i64 %src_read"   --->   Operation 108 'add' 'tmp3' <Predicate = (!icmp_ln100)> <Delay = 0.00> <CoreInst = "TAddSub">   --->   Core 10 'TAddSub' <Latency = 0> <II = 1> <Delay = 1.87> <IPBlock> <Opcode : '' 'add' 'sub'> <InPorts = 3> <OutPorts = 1> <Sync> <CReg>
ST_7 : Operation 109 [1/1] (5.30ns) (root node of TernaryAdder)   --->   "%empty_26 = add i64 %tmp3, i64 %p_cast10" [../source/sobel_base.cpp:109]   --->   Operation 109 'add' 'empty_26' <Predicate = (!icmp_ln100)> <Delay = 5.30> <CoreInst = "TAddSub">   --->   Core 10 'TAddSub' <Latency = 0> <II = 1> <Delay = 1.87> <IPBlock> <Opcode : '' 'add' 'sub'> <InPorts = 3> <OutPorts = 1> <Sync> <CReg>
ST_7 : Operation 110 [1/1] (0.00ns)   --->   "%gmem_addr_3 = getelementptr i8 %gmem, i64 %empty_26" [../source/sobel_base.cpp:111]   --->   Operation 110 'getelementptr' 'gmem_addr_3' <Predicate = (!icmp_ln100)> <Delay = 0.00>

State 8 <SV = 7> <Delay = 7.30>
ST_8 : Operation 111 [7/8] (7.30ns)   --->   "%empty_21 = readreq i1 @_ssdm_op_ReadReq.m_axi.p1i8, i8 %gmem_addr_1, i64 3" [../source/sobel_base.cpp:111]   --->   Operation 111 'readreq' 'empty_21' <Predicate = (!icmp_ln100)> <Delay = 7.30> <CoreInst = "m_axi">   --->   Core 111 'm_axi' <Latency = 0> <II = 1> <Delay = 1.00> <Adapter> <Opcode : 'read' 'write' 'readreq' 'writereq' 'writeresp'>

State 9 <SV = 8> <Delay = 7.30>
ST_9 : Operation 112 [6/8] (7.30ns)   --->   "%empty_21 = readreq i1 @_ssdm_op_ReadReq.m_axi.p1i8, i8 %gmem_addr_1, i64 3" [../source/sobel_base.cpp:111]   --->   Operation 112 'readreq' 'empty_21' <Predicate = (!icmp_ln100)> <Delay = 7.30> <CoreInst = "m_axi">   --->   Core 111 'm_axi' <Latency = 0> <II = 1> <Delay = 1.00> <Adapter> <Opcode : 'read' 'write' 'readreq' 'writereq' 'writeresp'>

State 10 <SV = 9> <Delay = 7.30>
ST_10 : Operation 113 [5/8] (7.30ns)   --->   "%empty_21 = readreq i1 @_ssdm_op_ReadReq.m_axi.p1i8, i8 %gmem_addr_1, i64 3" [../source/sobel_base.cpp:111]   --->   Operation 113 'readreq' 'empty_21' <Predicate = (!icmp_ln100)> <Delay = 7.30> <CoreInst = "m_axi">   --->   Core 111 'm_axi' <Latency = 0> <II = 1> <Delay = 1.00> <Adapter> <Opcode : 'read' 'write' 'readreq' 'writereq' 'writeresp'>
ST_10 : Operation 114 [8/8] (7.30ns)   --->   "%empty_24 = readreq i1 @_ssdm_op_ReadReq.m_axi.p1i8, i8 %gmem_addr_2, i64 3" [../source/sobel_base.cpp:111]   --->   Operation 114 'readreq' 'empty_24' <Predicate = (!icmp_ln100)> <Delay = 7.30> <CoreInst = "m_axi">   --->   Core 111 'm_axi' <Latency = 0> <II = 1> <Delay = 1.00> <Adapter> <Opcode : 'read' 'write' 'readreq' 'writereq' 'writeresp'>

State 11 <SV = 10> <Delay = 7.30>
ST_11 : Operation 115 [4/8] (7.30ns)   --->   "%empty_21 = readreq i1 @_ssdm_op_ReadReq.m_axi.p1i8, i8 %gmem_addr_1, i64 3" [../source/sobel_base.cpp:111]   --->   Operation 115 'readreq' 'empty_21' <Predicate = true> <Delay = 7.30> <CoreInst = "m_axi">   --->   Core 111 'm_axi' <Latency = 0> <II = 1> <Delay = 1.00> <Adapter> <Opcode : 'read' 'write' 'readreq' 'writereq' 'writeresp'>
ST_11 : Operation 116 [7/8] (7.30ns)   --->   "%empty_24 = readreq i1 @_ssdm_op_ReadReq.m_axi.p1i8, i8 %gmem_addr_2, i64 3" [../source/sobel_base.cpp:111]   --->   Operation 116 'readreq' 'empty_24' <Predicate = true> <Delay = 7.30> <CoreInst = "m_axi">   --->   Core 111 'm_axi' <Latency = 0> <II = 1> <Delay = 1.00> <Adapter> <Opcode : 'read' 'write' 'readreq' 'writereq' 'writeresp'>

State 12 <SV = 11> <Delay = 7.30>
ST_12 : Operation 117 [3/8] (7.30ns)   --->   "%empty_21 = readreq i1 @_ssdm_op_ReadReq.m_axi.p1i8, i8 %gmem_addr_1, i64 3" [../source/sobel_base.cpp:111]   --->   Operation 117 'readreq' 'empty_21' <Predicate = true> <Delay = 7.30> <CoreInst = "m_axi">   --->   Core 111 'm_axi' <Latency = 0> <II = 1> <Delay = 1.00> <Adapter> <Opcode : 'read' 'write' 'readreq' 'writereq' 'writeresp'>
ST_12 : Operation 118 [6/8] (7.30ns)   --->   "%empty_24 = readreq i1 @_ssdm_op_ReadReq.m_axi.p1i8, i8 %gmem_addr_2, i64 3" [../source/sobel_base.cpp:111]   --->   Operation 118 'readreq' 'empty_24' <Predicate = true> <Delay = 7.30> <CoreInst = "m_axi">   --->   Core 111 'm_axi' <Latency = 0> <II = 1> <Delay = 1.00> <Adapter> <Opcode : 'read' 'write' 'readreq' 'writereq' 'writeresp'>

State 13 <SV = 12> <Delay = 7.30>
ST_13 : Operation 119 [2/8] (7.30ns)   --->   "%empty_21 = readreq i1 @_ssdm_op_ReadReq.m_axi.p1i8, i8 %gmem_addr_1, i64 3" [../source/sobel_base.cpp:111]   --->   Operation 119 'readreq' 'empty_21' <Predicate = true> <Delay = 7.30> <CoreInst = "m_axi">   --->   Core 111 'm_axi' <Latency = 0> <II = 1> <Delay = 1.00> <Adapter> <Opcode : 'read' 'write' 'readreq' 'writereq' 'writeresp'>
ST_13 : Operation 120 [5/8] (7.30ns)   --->   "%empty_24 = readreq i1 @_ssdm_op_ReadReq.m_axi.p1i8, i8 %gmem_addr_2, i64 3" [../source/sobel_base.cpp:111]   --->   Operation 120 'readreq' 'empty_24' <Predicate = true> <Delay = 7.30> <CoreInst = "m_axi">   --->   Core 111 'm_axi' <Latency = 0> <II = 1> <Delay = 1.00> <Adapter> <Opcode : 'read' 'write' 'readreq' 'writereq' 'writeresp'>
ST_13 : Operation 121 [8/8] (7.30ns)   --->   "%empty_27 = readreq i1 @_ssdm_op_ReadReq.m_axi.p1i8, i8 %gmem_addr_3, i64 3" [../source/sobel_base.cpp:111]   --->   Operation 121 'readreq' 'empty_27' <Predicate = true> <Delay = 7.30> <CoreInst = "m_axi">   --->   Core 111 'm_axi' <Latency = 0> <II = 1> <Delay = 1.00> <Adapter> <Opcode : 'read' 'write' 'readreq' 'writereq' 'writeresp'>

State 14 <SV = 13> <Delay = 7.30>
ST_14 : Operation 122 [1/8] (7.30ns)   --->   "%empty_21 = readreq i1 @_ssdm_op_ReadReq.m_axi.p1i8, i8 %gmem_addr_1, i64 3" [../source/sobel_base.cpp:111]   --->   Operation 122 'readreq' 'empty_21' <Predicate = true> <Delay = 7.30> <CoreInst = "m_axi">   --->   Core 111 'm_axi' <Latency = 0> <II = 1> <Delay = 1.00> <Adapter> <Opcode : 'read' 'write' 'readreq' 'writereq' 'writeresp'>
ST_14 : Operation 123 [4/8] (7.30ns)   --->   "%empty_24 = readreq i1 @_ssdm_op_ReadReq.m_axi.p1i8, i8 %gmem_addr_2, i64 3" [../source/sobel_base.cpp:111]   --->   Operation 123 'readreq' 'empty_24' <Predicate = true> <Delay = 7.30> <CoreInst = "m_axi">   --->   Core 111 'm_axi' <Latency = 0> <II = 1> <Delay = 1.00> <Adapter> <Opcode : 'read' 'write' 'readreq' 'writereq' 'writeresp'>
ST_14 : Operation 124 [7/8] (7.30ns)   --->   "%empty_27 = readreq i1 @_ssdm_op_ReadReq.m_axi.p1i8, i8 %gmem_addr_3, i64 3" [../source/sobel_base.cpp:111]   --->   Operation 124 'readreq' 'empty_27' <Predicate = true> <Delay = 7.30> <CoreInst = "m_axi">   --->   Core 111 'm_axi' <Latency = 0> <II = 1> <Delay = 1.00> <Adapter> <Opcode : 'read' 'write' 'readreq' 'writereq' 'writeresp'>

State 15 <SV = 14> <Delay = 7.30>
ST_15 : Operation 125 [1/1] (7.30ns)   --->   "%sobel_kernel = read i8 @_ssdm_op_Read.m_axi.p1i8, i8 %gmem_addr_1" [../source/sobel_base.cpp:114]   --->   Operation 125 'read' 'sobel_kernel' <Predicate = true> <Delay = 7.30> <CoreInst = "m_axi">   --->   Core 111 'm_axi' <Latency = 0> <II = 1> <Delay = 1.00> <Adapter> <Opcode : 'read' 'write' 'readreq' 'writereq' 'writeresp'>
ST_15 : Operation 126 [3/8] (7.30ns)   --->   "%empty_24 = readreq i1 @_ssdm_op_ReadReq.m_axi.p1i8, i8 %gmem_addr_2, i64 3" [../source/sobel_base.cpp:111]   --->   Operation 126 'readreq' 'empty_24' <Predicate = true> <Delay = 7.30> <CoreInst = "m_axi">   --->   Core 111 'm_axi' <Latency = 0> <II = 1> <Delay = 1.00> <Adapter> <Opcode : 'read' 'write' 'readreq' 'writereq' 'writeresp'>
ST_15 : Operation 127 [6/8] (7.30ns)   --->   "%empty_27 = readreq i1 @_ssdm_op_ReadReq.m_axi.p1i8, i8 %gmem_addr_3, i64 3" [../source/sobel_base.cpp:111]   --->   Operation 127 'readreq' 'empty_27' <Predicate = true> <Delay = 7.30> <CoreInst = "m_axi">   --->   Core 111 'm_axi' <Latency = 0> <II = 1> <Delay = 1.00> <Adapter> <Opcode : 'read' 'write' 'readreq' 'writereq' 'writeresp'>

State 16 <SV = 15> <Delay = 7.30>
ST_16 : Operation 128 [1/1] (7.30ns)   --->   "%sobel_kernel_1 = read i8 @_ssdm_op_Read.m_axi.p1i8, i8 %gmem_addr_1" [../source/sobel_base.cpp:114]   --->   Operation 128 'read' 'sobel_kernel_1' <Predicate = true> <Delay = 7.30> <CoreInst = "m_axi">   --->   Core 111 'm_axi' <Latency = 0> <II = 1> <Delay = 1.00> <Adapter> <Opcode : 'read' 'write' 'readreq' 'writereq' 'writeresp'>
ST_16 : Operation 129 [2/8] (7.30ns)   --->   "%empty_24 = readreq i1 @_ssdm_op_ReadReq.m_axi.p1i8, i8 %gmem_addr_2, i64 3" [../source/sobel_base.cpp:111]   --->   Operation 129 'readreq' 'empty_24' <Predicate = true> <Delay = 7.30> <CoreInst = "m_axi">   --->   Core 111 'm_axi' <Latency = 0> <II = 1> <Delay = 1.00> <Adapter> <Opcode : 'read' 'write' 'readreq' 'writereq' 'writeresp'>
ST_16 : Operation 130 [5/8] (7.30ns)   --->   "%empty_27 = readreq i1 @_ssdm_op_ReadReq.m_axi.p1i8, i8 %gmem_addr_3, i64 3" [../source/sobel_base.cpp:111]   --->   Operation 130 'readreq' 'empty_27' <Predicate = true> <Delay = 7.30> <CoreInst = "m_axi">   --->   Core 111 'm_axi' <Latency = 0> <II = 1> <Delay = 1.00> <Adapter> <Opcode : 'read' 'write' 'readreq' 'writereq' 'writeresp'>

State 17 <SV = 16> <Delay = 7.30>
ST_17 : Operation 131 [1/1] (7.30ns)   --->   "%sobel_kernel_2 = read i8 @_ssdm_op_Read.m_axi.p1i8, i8 %gmem_addr_1" [../source/sobel_base.cpp:114]   --->   Operation 131 'read' 'sobel_kernel_2' <Predicate = true> <Delay = 7.30> <CoreInst = "m_axi">   --->   Core 111 'm_axi' <Latency = 0> <II = 1> <Delay = 1.00> <Adapter> <Opcode : 'read' 'write' 'readreq' 'writereq' 'writeresp'>
ST_17 : Operation 132 [1/8] (7.30ns)   --->   "%empty_24 = readreq i1 @_ssdm_op_ReadReq.m_axi.p1i8, i8 %gmem_addr_2, i64 3" [../source/sobel_base.cpp:111]   --->   Operation 132 'readreq' 'empty_24' <Predicate = true> <Delay = 7.30> <CoreInst = "m_axi">   --->   Core 111 'm_axi' <Latency = 0> <II = 1> <Delay = 1.00> <Adapter> <Opcode : 'read' 'write' 'readreq' 'writereq' 'writeresp'>
ST_17 : Operation 133 [4/8] (7.30ns)   --->   "%empty_27 = readreq i1 @_ssdm_op_ReadReq.m_axi.p1i8, i8 %gmem_addr_3, i64 3" [../source/sobel_base.cpp:111]   --->   Operation 133 'readreq' 'empty_27' <Predicate = true> <Delay = 7.30> <CoreInst = "m_axi">   --->   Core 111 'm_axi' <Latency = 0> <II = 1> <Delay = 1.00> <Adapter> <Opcode : 'read' 'write' 'readreq' 'writereq' 'writeresp'>

State 18 <SV = 17> <Delay = 7.30>
ST_18 : Operation 134 [1/1] (7.30ns)   --->   "%sobel_kernel_3 = read i8 @_ssdm_op_Read.m_axi.p1i8, i8 %gmem_addr_2" [../source/sobel_base.cpp:114]   --->   Operation 134 'read' 'sobel_kernel_3' <Predicate = true> <Delay = 7.30> <CoreInst = "m_axi">   --->   Core 111 'm_axi' <Latency = 0> <II = 1> <Delay = 1.00> <Adapter> <Opcode : 'read' 'write' 'readreq' 'writereq' 'writeresp'>
ST_18 : Operation 135 [3/8] (7.30ns)   --->   "%empty_27 = readreq i1 @_ssdm_op_ReadReq.m_axi.p1i8, i8 %gmem_addr_3, i64 3" [../source/sobel_base.cpp:111]   --->   Operation 135 'readreq' 'empty_27' <Predicate = true> <Delay = 7.30> <CoreInst = "m_axi">   --->   Core 111 'm_axi' <Latency = 0> <II = 1> <Delay = 1.00> <Adapter> <Opcode : 'read' 'write' 'readreq' 'writereq' 'writeresp'>

State 19 <SV = 18> <Delay = 7.30>
ST_19 : Operation 136 [1/1] (7.30ns)   --->   "%empty_25 = read i8 @_ssdm_op_Read.m_axi.p1i8, i8 %gmem_addr_2" [../source/sobel_base.cpp:114]   --->   Operation 136 'read' 'empty_25' <Predicate = true> <Delay = 7.30> <CoreInst = "m_axi">   --->   Core 111 'm_axi' <Latency = 0> <II = 1> <Delay = 1.00> <Adapter> <Opcode : 'read' 'write' 'readreq' 'writereq' 'writeresp'>
ST_19 : Operation 137 [2/8] (7.30ns)   --->   "%empty_27 = readreq i1 @_ssdm_op_ReadReq.m_axi.p1i8, i8 %gmem_addr_3, i64 3" [../source/sobel_base.cpp:111]   --->   Operation 137 'readreq' 'empty_27' <Predicate = true> <Delay = 7.30> <CoreInst = "m_axi">   --->   Core 111 'm_axi' <Latency = 0> <II = 1> <Delay = 1.00> <Adapter> <Opcode : 'read' 'write' 'readreq' 'writereq' 'writeresp'>

State 20 <SV = 19> <Delay = 7.30>
ST_20 : Operation 138 [1/1] (7.30ns)   --->   "%sobel_kernel_4 = read i8 @_ssdm_op_Read.m_axi.p1i8, i8 %gmem_addr_2" [../source/sobel_base.cpp:114]   --->   Operation 138 'read' 'sobel_kernel_4' <Predicate = true> <Delay = 7.30> <CoreInst = "m_axi">   --->   Core 111 'm_axi' <Latency = 0> <II = 1> <Delay = 1.00> <Adapter> <Opcode : 'read' 'write' 'readreq' 'writereq' 'writeresp'>
ST_20 : Operation 139 [1/8] (7.30ns)   --->   "%empty_27 = readreq i1 @_ssdm_op_ReadReq.m_axi.p1i8, i8 %gmem_addr_3, i64 3" [../source/sobel_base.cpp:111]   --->   Operation 139 'readreq' 'empty_27' <Predicate = true> <Delay = 7.30> <CoreInst = "m_axi">   --->   Core 111 'm_axi' <Latency = 0> <II = 1> <Delay = 1.00> <Adapter> <Opcode : 'read' 'write' 'readreq' 'writereq' 'writeresp'>

State 21 <SV = 20> <Delay = 7.30>
ST_21 : Operation 140 [1/1] (7.30ns)   --->   "%sobel_kernel_5 = read i8 @_ssdm_op_Read.m_axi.p1i8, i8 %gmem_addr_3" [../source/sobel_base.cpp:114]   --->   Operation 140 'read' 'sobel_kernel_5' <Predicate = true> <Delay = 7.30> <CoreInst = "m_axi">   --->   Core 111 'm_axi' <Latency = 0> <II = 1> <Delay = 1.00> <Adapter> <Opcode : 'read' 'write' 'readreq' 'writereq' 'writeresp'>
ST_21 : Operation 141 [1/1] (0.00ns)   --->   "%M00 = bitconcatenate i9 @_ssdm_op_BitConcatenate.i9.i8.i1, i8 %sobel_kernel_3, i1 0" [../source/sobel_base.cpp:10->../source/sobel_base.cpp:52->../source/sobel_base.cpp:117]   --->   Operation 141 'bitconcatenate' 'M00' <Predicate = true> <Delay = 0.00>
ST_21 : Operation 142 [1/1] (0.00ns)   --->   "%zext_ln10 = zext i9 %M00" [../source/sobel_base.cpp:10->../source/sobel_base.cpp:52->../source/sobel_base.cpp:117]   --->   Operation 142 'zext' 'zext_ln10' <Predicate = true> <Delay = 0.00>
ST_21 : Operation 143 [1/1] (0.00ns)   --->   "%M01 = bitconcatenate i9 @_ssdm_op_BitConcatenate.i9.i8.i1, i8 %sobel_kernel_4, i1 0" [../source/sobel_base.cpp:11->../source/sobel_base.cpp:52->../source/sobel_base.cpp:117]   --->   Operation 143 'bitconcatenate' 'M01' <Predicate = true> <Delay = 0.00>
ST_21 : Operation 144 [1/1] (0.00ns)   --->   "%zext_ln11 = zext i9 %M01" [../source/sobel_base.cpp:11->../source/sobel_base.cpp:52->../source/sobel_base.cpp:117]   --->   Operation 144 'zext' 'zext_ln11' <Predicate = true> <Delay = 0.00>
ST_21 : Operation 145 [1/1] (0.00ns)   --->   "%zext_ln12 = zext i8 %sobel_kernel_2" [../source/sobel_base.cpp:12->../source/sobel_base.cpp:52->../source/sobel_base.cpp:117]   --->   Operation 145 'zext' 'zext_ln12' <Predicate = true> <Delay = 0.00>
ST_21 : Operation 146 [1/1] (0.00ns)   --->   "%zext_ln13 = zext i8 %sobel_kernel" [../source/sobel_base.cpp:13->../source/sobel_base.cpp:52->../source/sobel_base.cpp:117]   --->   Operation 146 'zext' 'zext_ln13' <Predicate = true> <Delay = 0.00>
ST_21 : Operation 147 [1/1] (1.91ns)   --->   "%S00 = sub i9 %zext_ln12, i9 %zext_ln13" [../source/sobel_base.cpp:13->../source/sobel_base.cpp:52->../source/sobel_base.cpp:117]   --->   Operation 147 'sub' 'S00' <Predicate = true> <Delay = 1.91> <CoreInst = "Adder">   --->   Core 1 'Adder' <Latency = 0> <II = 1> <Delay = 1.91> <FuncUnit> <Opcode : 'add' 'sub'> <InPorts = 2> <OutPorts = 1>
ST_21 : Operation 148 [1/1] (0.00ns)   --->   "%sext_ln12 = sext i9 %S00" [../source/sobel_base.cpp:12->../source/sobel_base.cpp:52->../source/sobel_base.cpp:117]   --->   Operation 148 'sext' 'sext_ln12' <Predicate = true> <Delay = 0.00>
ST_21 : Operation 149 [1/1] (0.00ns) (grouped into TernaryAdder)   --->   "%A00 = sub i11 %sext_ln12, i11 %zext_ln10" [../source/sobel_base.cpp:12->../source/sobel_base.cpp:52->../source/sobel_base.cpp:117]   --->   Operation 149 'sub' 'A00' <Predicate = true> <Delay = 0.00> <CoreInst = "TAddSub">   --->   Core 10 'TAddSub' <Latency = 0> <II = 1> <Delay = 1.87> <IPBlock> <Opcode : '' 'add' 'sub'> <InPorts = 3> <OutPorts = 1> <Sync> <CReg>
ST_21 : Operation 150 [1/1] (3.75ns) (root node of TernaryAdder)   --->   "%out_pix_7 = add i11 %A00, i11 %zext_ln11" [../source/sobel_base.cpp:15->../source/sobel_base.cpp:52->../source/sobel_base.cpp:117]   --->   Operation 150 'add' 'out_pix_7' <Predicate = true> <Delay = 3.75> <CoreInst = "TAddSub">   --->   Core 10 'TAddSub' <Latency = 0> <II = 1> <Delay = 1.87> <IPBlock> <Opcode : '' 'add' 'sub'> <InPorts = 3> <OutPorts = 1> <Sync> <CReg>
ST_21 : Operation 151 [1/1] (0.00ns)   --->   "%M00_1 = bitconcatenate i9 @_ssdm_op_BitConcatenate.i9.i8.i1, i8 %sobel_kernel_1, i1 0" [../source/sobel_base.cpp:30->../source/sobel_base.cpp:53->../source/sobel_base.cpp:117]   --->   Operation 151 'bitconcatenate' 'M00_1' <Predicate = true> <Delay = 0.00>
ST_21 : Operation 152 [1/1] (0.00ns)   --->   "%zext_ln30 = zext i9 %M00_1" [../source/sobel_base.cpp:30->../source/sobel_base.cpp:53->../source/sobel_base.cpp:117]   --->   Operation 152 'zext' 'zext_ln30' <Predicate = true> <Delay = 0.00>
ST_21 : Operation 153 [1/1] (1.91ns)   --->   "%add_ln32_1 = add i9 %zext_ln13, i9 %zext_ln12" [../source/sobel_base.cpp:32->../source/sobel_base.cpp:53->../source/sobel_base.cpp:117]   --->   Operation 153 'add' 'add_ln32_1' <Predicate = true> <Delay = 1.91> <CoreInst = "Adder">   --->   Core 1 'Adder' <Latency = 0> <II = 1> <Delay = 1.91> <FuncUnit> <Opcode : 'add' 'sub'> <InPorts = 2> <OutPorts = 1>
ST_21 : Operation 154 [1/1] (0.00ns)   --->   "%zext_ln32 = zext i9 %add_ln32_1" [../source/sobel_base.cpp:32->../source/sobel_base.cpp:53->../source/sobel_base.cpp:117]   --->   Operation 154 'zext' 'zext_ln32' <Predicate = true> <Delay = 0.00>
ST_21 : Operation 155 [1/1] (1.82ns)   --->   "%add_ln32 = add i10 %zext_ln32, i10 %zext_ln30" [../source/sobel_base.cpp:32->../source/sobel_base.cpp:53->../source/sobel_base.cpp:117]   --->   Operation 155 'add' 'add_ln32' <Predicate = true> <Delay = 1.82> <CoreInst = "Adder">   --->   Core 1 'Adder' <Latency = 0> <II = 1> <Delay = 1.82> <FuncUnit> <Opcode : 'add' 'sub'> <InPorts = 2> <OutPorts = 1>

State 22 <SV = 21> <Delay = 7.30>
ST_22 : Operation 156 [1/1] (7.30ns)   --->   "%sobel_kernel_6 = read i8 @_ssdm_op_Read.m_axi.p1i8, i8 %gmem_addr_3" [../source/sobel_base.cpp:114]   --->   Operation 156 'read' 'sobel_kernel_6' <Predicate = true> <Delay = 7.30> <CoreInst = "m_axi">   --->   Core 111 'm_axi' <Latency = 0> <II = 1> <Delay = 1.00> <Adapter> <Opcode : 'read' 'write' 'readreq' 'writereq' 'writeresp'>

State 23 <SV = 22> <Delay = 7.30>
ST_23 : Operation 157 [1/1] (7.30ns)   --->   "%sobel_kernel_7 = read i8 @_ssdm_op_Read.m_axi.p1i8, i8 %gmem_addr_3" [../source/sobel_base.cpp:114]   --->   Operation 157 'read' 'sobel_kernel_7' <Predicate = true> <Delay = 7.30> <CoreInst = "m_axi">   --->   Core 111 'm_axi' <Latency = 0> <II = 1> <Delay = 1.00> <Adapter> <Opcode : 'read' 'write' 'readreq' 'writereq' 'writeresp'>
ST_23 : Operation 200 [1/1] (1.58ns)   --->   "%ret_ln0 = ret"   --->   Operation 200 'ret' 'ret_ln0' <Predicate = (icmp_ln100)> <Delay = 1.58>

State 24 <SV = 23> <Delay = 7.21>
ST_24 : Operation 158 [1/1] (0.00ns)   --->   "%zext_ln12_1 = zext i8 %sobel_kernel_7" [../source/sobel_base.cpp:12->../source/sobel_base.cpp:52->../source/sobel_base.cpp:117]   --->   Operation 158 'zext' 'zext_ln12_1' <Predicate = true> <Delay = 0.00>
ST_24 : Operation 159 [1/1] (0.00ns)   --->   "%zext_ln12_2 = zext i8 %sobel_kernel_7" [../source/sobel_base.cpp:12->../source/sobel_base.cpp:52->../source/sobel_base.cpp:117]   --->   Operation 159 'zext' 'zext_ln12_2' <Predicate = true> <Delay = 0.00>
ST_24 : Operation 160 [1/1] (0.00ns)   --->   "%zext_ln13_1 = zext i8 %sobel_kernel_5" [../source/sobel_base.cpp:13->../source/sobel_base.cpp:52->../source/sobel_base.cpp:117]   --->   Operation 160 'zext' 'zext_ln13_1' <Predicate = true> <Delay = 0.00>
ST_24 : Operation 161 [1/1] (0.00ns) (grouped into TernaryAdder)   --->   "%out_pix_8 = sub i11 %out_pix_7, i11 %zext_ln13_1" [../source/sobel_base.cpp:16->../source/sobel_base.cpp:52->../source/sobel_base.cpp:117]   --->   Operation 161 'sub' 'out_pix_8' <Predicate = true> <Delay = 0.00> <CoreInst = "TAddSub">   --->   Core 10 'TAddSub' <Latency = 0> <II = 1> <Delay = 1.87> <IPBlock> <Opcode : '' 'add' 'sub'> <InPorts = 3> <OutPorts = 1> <Sync> <CReg>
ST_24 : Operation 162 [1/1] (3.75ns) (root node of TernaryAdder)   --->   "%out_pix = add i11 %out_pix_8, i11 %zext_ln12_2" [../source/sobel_base.cpp:17->../source/sobel_base.cpp:52->../source/sobel_base.cpp:117]   --->   Operation 162 'add' 'out_pix' <Predicate = true> <Delay = 3.75> <CoreInst = "TAddSub">   --->   Core 10 'TAddSub' <Latency = 0> <II = 1> <Delay = 1.87> <IPBlock> <Opcode : '' 'add' 'sub'> <InPorts = 3> <OutPorts = 1> <Sync> <CReg>
ST_24 : Operation 163 [1/1] (0.00ns)   --->   "%trunc_ln14 = trunc i11 %out_pix" [../source/sobel_base.cpp:14->../source/sobel_base.cpp:52->../source/sobel_base.cpp:117]   --->   Operation 163 'trunc' 'trunc_ln14' <Predicate = true> <Delay = 0.00>
ST_24 : Operation 164 [1/1] (1.73ns)   --->   "%neg = sub i10 0, i10 %trunc_ln14" [../source/sobel_base.cpp:14->../source/sobel_base.cpp:52->../source/sobel_base.cpp:117]   --->   Operation 164 'sub' 'neg' <Predicate = true> <Delay = 1.73> <CoreInst = "Adder">   --->   Core 1 'Adder' <Latency = 0> <II = 1> <Delay = 1.73> <FuncUnit> <Opcode : 'add' 'sub'> <InPorts = 2> <OutPorts = 1>
ST_24 : Operation 165 [1/1] (1.63ns)   --->   "%abscond = icmp_sgt  i11 %out_pix, i11 0" [../source/sobel_base.cpp:17->../source/sobel_base.cpp:52->../source/sobel_base.cpp:117]   --->   Operation 165 'icmp' 'abscond' <Predicate = true> <Delay = 1.63> <CoreInst = "Cmp">   --->   Core 9 'Cmp' <Latency = 0> <II = 1> <Delay = 1.63> <FuncUnit> <Opcode : 'seteq' 'setne' 'setle' 'setge' 'setlt' 'setgt'> <InPorts = 2> <OutPorts = 1>
ST_24 : Operation 166 [1/1] (0.68ns)   --->   "%out_pix_3 = select i1 %abscond, i10 %trunc_ln14, i10 %neg" [../source/sobel_base.cpp:17->../source/sobel_base.cpp:52->../source/sobel_base.cpp:117]   --->   Operation 166 'select' 'out_pix_3' <Predicate = true> <Delay = 0.68> <CoreInst = "Sel">   --->   Core 73 'Sel' <Latency = 0> <II = 1> <Delay = 0.68> <FuncUnit> <Opcode : 'select'> <InPorts = 3> <OutPorts = 1>
ST_24 : Operation 167 [1/1] (0.00ns)   --->   "%trunc_ln25 = trunc i10 %out_pix_3" [../source/sobel_base.cpp:25->../source/sobel_base.cpp:52->../source/sobel_base.cpp:117]   --->   Operation 167 'trunc' 'trunc_ln25' <Predicate = true> <Delay = 0.00>
ST_24 : Operation 168 [1/1] (0.00ns)   --->   "%tmp = partselect i2 @_ssdm_op_PartSelect.i2.i10.i32.i32, i10 %out_pix_3, i32 8, i32 9" [../source/sobel_base.cpp:21->../source/sobel_base.cpp:52->../source/sobel_base.cpp:117]   --->   Operation 168 'partselect' 'tmp' <Predicate = true> <Delay = 0.00>
ST_24 : Operation 169 [1/1] (0.00ns)   --->   "%M01_1 = bitconcatenate i9 @_ssdm_op_BitConcatenate.i9.i8.i1, i8 %sobel_kernel_6, i1 0" [../source/sobel_base.cpp:31->../source/sobel_base.cpp:53->../source/sobel_base.cpp:117]   --->   Operation 169 'bitconcatenate' 'M01_1' <Predicate = true> <Delay = 0.00>
ST_24 : Operation 170 [1/1] (0.00ns)   --->   "%zext_ln31 = zext i9 %M01_1" [../source/sobel_base.cpp:31->../source/sobel_base.cpp:53->../source/sobel_base.cpp:117]   --->   Operation 170 'zext' 'zext_ln31' <Predicate = true> <Delay = 0.00>
ST_24 : Operation 171 [1/1] (0.00ns)   --->   "%zext_ln35 = zext i10 %add_ln32" [../source/sobel_base.cpp:35->../source/sobel_base.cpp:53->../source/sobel_base.cpp:117]   --->   Operation 171 'zext' 'zext_ln35' <Predicate = true> <Delay = 0.00>
ST_24 : Operation 172 [1/1] (0.00ns) (grouped into TernaryAdder)   --->   "%out_pix_9 = sub i11 %zext_ln13_1, i11 %zext_ln35" [../source/sobel_base.cpp:35->../source/sobel_base.cpp:53->../source/sobel_base.cpp:117]   --->   Operation 172 'sub' 'out_pix_9' <Predicate = true> <Delay = 0.00> <CoreInst = "TAddSub">   --->   Core 10 'TAddSub' <Latency = 0> <II = 1> <Delay = 1.87> <IPBlock> <Opcode : '' 'add' 'sub'> <InPorts = 3> <OutPorts = 1> <Sync> <CReg>
ST_24 : Operation 173 [1/1] (1.82ns)   --->   "%add_ln37 = add i10 %zext_ln31, i10 %zext_ln12_1" [../source/sobel_base.cpp:37->../source/sobel_base.cpp:53->../source/sobel_base.cpp:117]   --->   Operation 173 'add' 'add_ln37' <Predicate = true> <Delay = 1.82> <CoreInst = "Adder">   --->   Core 1 'Adder' <Latency = 0> <II = 1> <Delay = 1.82> <FuncUnit> <Opcode : 'add' 'sub'> <InPorts = 2> <OutPorts = 1>
ST_24 : Operation 174 [1/1] (0.00ns)   --->   "%zext_ln37 = zext i10 %add_ln37" [../source/sobel_base.cpp:37->../source/sobel_base.cpp:53->../source/sobel_base.cpp:117]   --->   Operation 174 'zext' 'zext_ln37' <Predicate = true> <Delay = 0.00>
ST_24 : Operation 175 [1/1] (3.75ns) (root node of TernaryAdder)   --->   "%out_pix_5 = add i11 %zext_ln37, i11 %out_pix_9" [../source/sobel_base.cpp:37->../source/sobel_base.cpp:53->../source/sobel_base.cpp:117]   --->   Operation 175 'add' 'out_pix_5' <Predicate = true> <Delay = 3.75> <CoreInst = "TAddSub">   --->   Core 10 'TAddSub' <Latency = 0> <II = 1> <Delay = 1.87> <IPBlock> <Opcode : '' 'add' 'sub'> <InPorts = 3> <OutPorts = 1> <Sync> <CReg>
ST_24 : Operation 176 [1/1] (0.00ns)   --->   "%trunc_ln34 = trunc i11 %out_pix_5" [../source/sobel_base.cpp:34->../source/sobel_base.cpp:53->../source/sobel_base.cpp:117]   --->   Operation 176 'trunc' 'trunc_ln34' <Predicate = true> <Delay = 0.00>
ST_24 : Operation 177 [1/1] (1.63ns)   --->   "%abscond3 = icmp_sgt  i11 %out_pix_5, i11 0" [../source/sobel_base.cpp:37->../source/sobel_base.cpp:53->../source/sobel_base.cpp:117]   --->   Operation 177 'icmp' 'abscond3' <Predicate = true> <Delay = 1.63> <CoreInst = "Cmp">   --->   Core 9 'Cmp' <Latency = 0> <II = 1> <Delay = 1.63> <FuncUnit> <Opcode : 'seteq' 'setne' 'setle' 'setge' 'setlt' 'setgt'> <InPorts = 2> <OutPorts = 1>

State 25 <SV = 24> <Delay = 7.14>
ST_25 : Operation 178 [1/1] (1.56ns)   --->   "%icmp_ln21 = icmp_ne  i2 %tmp, i2 0" [../source/sobel_base.cpp:21->../source/sobel_base.cpp:52->../source/sobel_base.cpp:117]   --->   Operation 178 'icmp' 'icmp_ln21' <Predicate = true> <Delay = 1.56> <CoreInst = "Cmp">   --->   Core 9 'Cmp' <Latency = 0> <II = 1> <Delay = 1.56> <FuncUnit> <Opcode : 'seteq' 'setne' 'setle' 'setge' 'setlt' 'setgt'> <InPorts = 2> <OutPorts = 1>
ST_25 : Operation 179 [1/1] (1.24ns)   --->   "%g_x = select i1 %icmp_ln21, i8 255, i8 %trunc_ln25" [../source/sobel_base.cpp:25->../source/sobel_base.cpp:52->../source/sobel_base.cpp:117]   --->   Operation 179 'select' 'g_x' <Predicate = true> <Delay = 1.24> <CoreInst = "Sel">   --->   Core 73 'Sel' <Latency = 0> <II = 1> <Delay = 1.24> <FuncUnit> <Opcode : 'select'> <InPorts = 3> <OutPorts = 1>
ST_25 : Operation 180 [1/1] (1.73ns)   --->   "%neg2 = sub i10 0, i10 %trunc_ln34" [../source/sobel_base.cpp:34->../source/sobel_base.cpp:53->../source/sobel_base.cpp:117]   --->   Operation 180 'sub' 'neg2' <Predicate = (!abscond3)> <Delay = 1.73> <CoreInst = "Adder">   --->   Core 1 'Adder' <Latency = 0> <II = 1> <Delay = 1.73> <FuncUnit> <Opcode : 'add' 'sub'> <InPorts = 2> <OutPorts = 1>
ST_25 : Operation 181 [1/1] (0.68ns)   --->   "%out_pix_6 = select i1 %abscond3, i10 %trunc_ln34, i10 %neg2" [../source/sobel_base.cpp:37->../source/sobel_base.cpp:53->../source/sobel_base.cpp:117]   --->   Operation 181 'select' 'out_pix_6' <Predicate = true> <Delay = 0.68> <CoreInst = "Sel">   --->   Core 73 'Sel' <Latency = 0> <II = 1> <Delay = 0.68> <FuncUnit> <Opcode : 'select'> <InPorts = 3> <OutPorts = 1>
ST_25 : Operation 182 [1/1] (0.00ns)   --->   "%trunc_ln45 = trunc i10 %out_pix_6" [../source/sobel_base.cpp:45->../source/sobel_base.cpp:53->../source/sobel_base.cpp:117]   --->   Operation 182 'trunc' 'trunc_ln45' <Predicate = true> <Delay = 0.00>
ST_25 : Operation 183 [1/1] (0.00ns)   --->   "%tmp_1 = partselect i2 @_ssdm_op_PartSelect.i2.i10.i32.i32, i10 %out_pix_6, i32 8, i32 9" [../source/sobel_base.cpp:41->../source/sobel_base.cpp:53->../source/sobel_base.cpp:117]   --->   Operation 183 'partselect' 'tmp_1' <Predicate = true> <Delay = 0.00>
ST_25 : Operation 184 [1/1] (1.56ns)   --->   "%icmp_ln41 = icmp_ne  i2 %tmp_1, i2 0" [../source/sobel_base.cpp:41->../source/sobel_base.cpp:53->../source/sobel_base.cpp:117]   --->   Operation 184 'icmp' 'icmp_ln41' <Predicate = true> <Delay = 1.56> <CoreInst = "Cmp">   --->   Core 9 'Cmp' <Latency = 0> <II = 1> <Delay = 1.56> <FuncUnit> <Opcode : 'seteq' 'setne' 'setle' 'setge' 'setlt' 'setgt'> <InPorts = 2> <OutPorts = 1>
ST_25 : Operation 185 [1/1] (1.24ns)   --->   "%g_y = select i1 %icmp_ln41, i8 255, i8 %trunc_ln45" [../source/sobel_base.cpp:45->../source/sobel_base.cpp:53->../source/sobel_base.cpp:117]   --->   Operation 185 'select' 'g_y' <Predicate = true> <Delay = 1.24> <CoreInst = "Sel">   --->   Core 73 'Sel' <Latency = 0> <II = 1> <Delay = 1.24> <FuncUnit> <Opcode : 'select'> <InPorts = 3> <OutPorts = 1>
ST_25 : Operation 186 [1/1] (0.00ns)   --->   "%zext_ln54 = zext i8 %g_x" [../source/sobel_base.cpp:54->../source/sobel_base.cpp:117]   --->   Operation 186 'zext' 'zext_ln54' <Predicate = true> <Delay = 0.00>
ST_25 : Operation 187 [1/1] (0.00ns)   --->   "%zext_ln54_1 = zext i8 %g_y" [../source/sobel_base.cpp:54->../source/sobel_base.cpp:117]   --->   Operation 187 'zext' 'zext_ln54_1' <Predicate = true> <Delay = 0.00>
ST_25 : Operation 188 [1/1] (1.91ns)   --->   "%sobel_1 = add i8 %g_y, i8 %g_x" [../source/sobel_base.cpp:54->../source/sobel_base.cpp:117]   --->   Operation 188 'add' 'sobel_1' <Predicate = true> <Delay = 1.91> <CoreInst = "Adder">   --->   Core 1 'Adder' <Latency = 0> <II = 1> <Delay = 1.91> <FuncUnit> <Opcode : 'add' 'sub'> <InPorts = 2> <OutPorts = 1>
ST_25 : Operation 189 [1/1] (1.91ns)   --->   "%temp = add i9 %zext_ln54_1, i9 %zext_ln54" [../source/sobel_base.cpp:54->../source/sobel_base.cpp:117]   --->   Operation 189 'add' 'temp' <Predicate = true> <Delay = 1.91> <CoreInst = "Adder">   --->   Core 1 'Adder' <Latency = 0> <II = 1> <Delay = 1.91> <FuncUnit> <Opcode : 'add' 'sub'> <InPorts = 2> <OutPorts = 1>
ST_25 : Operation 190 [1/1] (0.00ns)   --->   "%tmp_2 = bitselect i1 @_ssdm_op_BitSelect.i1.i9.i32, i9 %temp, i32 8" [../source/sobel_base.cpp:55->../source/sobel_base.cpp:117]   --->   Operation 190 'bitselect' 'tmp_2' <Predicate = true> <Delay = 0.00>

State 26 <SV = 25> <Delay = 1.24>
ST_26 : Operation 191 [1/1] (1.24ns)   --->   "%sobel_2 = select i1 %tmp_2, i8 255, i8 %sobel_1" [../source/sobel_base.cpp:55->../source/sobel_base.cpp:117]   --->   Operation 191 'select' 'sobel_2' <Predicate = true> <Delay = 1.24> <CoreInst = "Sel">   --->   Core 73 'Sel' <Latency = 0> <II = 1> <Delay = 1.24> <FuncUnit> <Opcode : 'select'> <InPorts = 3> <OutPorts = 1>

State 27 <SV = 26> <Delay = 7.30>
ST_27 : Operation 192 [1/1] (0.00ns)   --->   "%specpipeline_ln97 = specpipeline void @_ssdm_op_SpecPipeline, i32 4294967295, i32 0, i32 0, i32 0, void @empty_0" [../source/sobel_base.cpp:97]   --->   Operation 192 'specpipeline' 'specpipeline_ln97' <Predicate = true> <Delay = 0.00>
ST_27 : Operation 193 [1/1] (7.30ns)   --->   "%write_ln119 = write void @_ssdm_op_Write.m_axi.p1i8, i8 %gmem_addr_4, i8 %sobel_2, i1 1" [../source/sobel_base.cpp:119]   --->   Operation 193 'write' 'write_ln119' <Predicate = true> <Delay = 7.30> <CoreInst = "m_axi">   --->   Core 111 'm_axi' <Latency = 0> <II = 1> <Delay = 1.00> <Adapter> <Opcode : 'read' 'write' 'readreq' 'writereq' 'writeresp'>

State 28 <SV = 27> <Delay = 7.30>
ST_28 : Operation 194 [5/5] (7.30ns)   --->   "%empty = writeresp i1 @_ssdm_op_WriteResp.m_axi.p1i8, i8 %gmem_addr_4" [../source/sobel_base.cpp:100]   --->   Operation 194 'writeresp' 'empty' <Predicate = (!icmp_ln103_1)> <Delay = 7.30> <CoreInst = "m_axi">   --->   Core 111 'm_axi' <Latency = 0> <II = 1> <Delay = 1.00> <Adapter> <Opcode : 'read' 'write' 'readreq' 'writereq' 'writeresp'>

State 29 <SV = 28> <Delay = 7.30>
ST_29 : Operation 195 [4/5] (7.30ns)   --->   "%empty = writeresp i1 @_ssdm_op_WriteResp.m_axi.p1i8, i8 %gmem_addr_4" [../source/sobel_base.cpp:100]   --->   Operation 195 'writeresp' 'empty' <Predicate = (!icmp_ln103_1)> <Delay = 7.30> <CoreInst = "m_axi">   --->   Core 111 'm_axi' <Latency = 0> <II = 1> <Delay = 1.00> <Adapter> <Opcode : 'read' 'write' 'readreq' 'writereq' 'writeresp'>

State 30 <SV = 29> <Delay = 7.30>
ST_30 : Operation 196 [3/5] (7.30ns)   --->   "%empty = writeresp i1 @_ssdm_op_WriteResp.m_axi.p1i8, i8 %gmem_addr_4" [../source/sobel_base.cpp:100]   --->   Operation 196 'writeresp' 'empty' <Predicate = (!icmp_ln103_1)> <Delay = 7.30> <CoreInst = "m_axi">   --->   Core 111 'm_axi' <Latency = 0> <II = 1> <Delay = 1.00> <Adapter> <Opcode : 'read' 'write' 'readreq' 'writereq' 'writeresp'>

State 31 <SV = 30> <Delay = 7.30>
ST_31 : Operation 197 [2/5] (7.30ns)   --->   "%empty = writeresp i1 @_ssdm_op_WriteResp.m_axi.p1i8, i8 %gmem_addr_4" [../source/sobel_base.cpp:100]   --->   Operation 197 'writeresp' 'empty' <Predicate = (!icmp_ln103_1)> <Delay = 7.30> <CoreInst = "m_axi">   --->   Core 111 'm_axi' <Latency = 0> <II = 1> <Delay = 1.00> <Adapter> <Opcode : 'read' 'write' 'readreq' 'writereq' 'writeresp'>

State 32 <SV = 31> <Delay = 7.30>
ST_32 : Operation 198 [1/5] (7.30ns)   --->   "%empty = writeresp i1 @_ssdm_op_WriteResp.m_axi.p1i8, i8 %gmem_addr_4" [../source/sobel_base.cpp:100]   --->   Operation 198 'writeresp' 'empty' <Predicate = (!icmp_ln103_1)> <Delay = 7.30> <CoreInst = "m_axi">   --->   Core 111 'm_axi' <Latency = 0> <II = 1> <Delay = 1.00> <Adapter> <Opcode : 'read' 'write' 'readreq' 'writereq' 'writeresp'>
ST_32 : Operation 199 [1/1] (0.00ns)   --->   "%br_ln103 = br void %new.latch.VITIS_LOOP_109_3.split" [../source/sobel_base.cpp:103]   --->   Operation 199 'br' 'br_ln103' <Predicate = (!icmp_ln103_1)> <Delay = 0.00>


============================================================
+ Verbose Summary: Timing violations
============================================================
Target clock period: 10.000ns, clock uncertainty: 2.700ns.

 <State 1>: 1.588ns
The critical path consists of the following:
	'alloca' operation 64 bit ('indvar_flatten') [13]  (0.000 ns)
	'store' operation 0 bit ('store_ln0') of constant 0 on local variable 'indvar_flatten' [27]  (1.588 ns)

 <State 2>: 3.530ns
The critical path consists of the following:
	'load' operation 31 bit ('col', ../source/sobel_base.cpp:103) on local variable 'col', ../source/sobel_base.cpp:97 [34]  (0.000 ns)
	'icmp' operation 1 bit ('icmp_ln103', ../source/sobel_base.cpp:103) [43]  (2.552 ns)
	'xor' operation 1 bit ('xor_ln100', ../source/sobel_base.cpp:100) [47]  (0.000 ns)
	'or' operation 1 bit ('or_ln100', ../source/sobel_base.cpp:100) [48]  (0.978 ns)

 <State 3>: 6.912ns
The critical path consists of the following:
	'mul' operation 63 bit ('mul_ln100', ../source/sobel_base.cpp:100) [53]  (6.912 ns)

 <State 4>: 6.912ns
The critical path consists of the following:
	'mul' operation 63 bit ('mul_ln100', ../source/sobel_base.cpp:100) [53]  (6.912 ns)

 <State 5>: 6.015ns
The critical path consists of the following:
	'load' operation 31 bit ('indvar3_load', ../source/sobel_base.cpp:100) on local variable 'indvar3' [40]  (0.000 ns)
	'select' operation 31 bit ('select_ln100', ../source/sobel_base.cpp:100) [49]  (0.733 ns)
	'add' operation 63 bit ('add_ln109_1', ../source/sobel_base.cpp:109) [64]  (0.000 ns)
	'add' operation 63 bit ('add_ln109', ../source/sobel_base.cpp:109) [67]  (5.282 ns)

 <State 6>: 7.300ns
The critical path consists of the following:
	bus request operation ('empty_28', ../source/sobel_base.cpp:103) on port 'gmem' (../source/sobel_base.cpp:103) [59]  (7.300 ns)

 <State 7>: 7.300ns
The critical path consists of the following:
	bus request operation ('empty_21', ../source/sobel_base.cpp:111) on port 'gmem' (../source/sobel_base.cpp:111) [71]  (7.300 ns)

 <State 8>: 7.300ns
The critical path consists of the following:
	bus request operation ('empty_21', ../source/sobel_base.cpp:111) on port 'gmem' (../source/sobel_base.cpp:111) [71]  (7.300 ns)

 <State 9>: 7.300ns
The critical path consists of the following:
	bus request operation ('empty_21', ../source/sobel_base.cpp:111) on port 'gmem' (../source/sobel_base.cpp:111) [71]  (7.300 ns)

 <State 10>: 7.300ns
The critical path consists of the following:
	bus request operation ('empty_21', ../source/sobel_base.cpp:111) on port 'gmem' (../source/sobel_base.cpp:111) [71]  (7.300 ns)

 <State 11>: 7.300ns
The critical path consists of the following:
	bus request operation ('empty_21', ../source/sobel_base.cpp:111) on port 'gmem' (../source/sobel_base.cpp:111) [71]  (7.300 ns)

 <State 12>: 7.300ns
The critical path consists of the following:
	bus request operation ('empty_21', ../source/sobel_base.cpp:111) on port 'gmem' (../source/sobel_base.cpp:111) [71]  (7.300 ns)

 <State 13>: 7.300ns
The critical path consists of the following:
	bus request operation ('empty_21', ../source/sobel_base.cpp:111) on port 'gmem' (../source/sobel_base.cpp:111) [71]  (7.300 ns)

 <State 14>: 7.300ns
The critical path consists of the following:
	bus request operation ('empty_21', ../source/sobel_base.cpp:111) on port 'gmem' (../source/sobel_base.cpp:111) [71]  (7.300 ns)

 <State 15>: 7.300ns
The critical path consists of the following:
	bus read operation ('sobel_kernel', ../source/sobel_base.cpp:114) on port 'gmem' (../source/sobel_base.cpp:114) [72]  (7.300 ns)

 <State 16>: 7.300ns
The critical path consists of the following:
	bus read operation ('sobel_kernel', ../source/sobel_base.cpp:114) on port 'gmem' (../source/sobel_base.cpp:114) [73]  (7.300 ns)

 <State 17>: 7.300ns
The critical path consists of the following:
	bus read operation ('sobel_kernel', ../source/sobel_base.cpp:114) on port 'gmem' (../source/sobel_base.cpp:114) [74]  (7.300 ns)

 <State 18>: 7.300ns
The critical path consists of the following:
	bus read operation ('sobel_kernel', ../source/sobel_base.cpp:114) on port 'gmem' (../source/sobel_base.cpp:114) [80]  (7.300 ns)

 <State 19>: 7.300ns
The critical path consists of the following:
	bus read operation ('sobel_kernel', ../source/sobel_base.cpp:114) on port 'gmem' (../source/sobel_base.cpp:114) [81]  (7.300 ns)

 <State 20>: 7.300ns
The critical path consists of the following:
	bus read operation ('sobel_kernel', ../source/sobel_base.cpp:114) on port 'gmem' (../source/sobel_base.cpp:114) [82]  (7.300 ns)

 <State 21>: 7.300ns
The critical path consists of the following:
	bus read operation ('sobel_kernel', ../source/sobel_base.cpp:114) on port 'gmem' (../source/sobel_base.cpp:114) [87]  (7.300 ns)

 <State 22>: 7.300ns
The critical path consists of the following:
	bus read operation ('sobel_kernel', ../source/sobel_base.cpp:114) on port 'gmem' (../source/sobel_base.cpp:114) [88]  (7.300 ns)

 <State 23>: 7.300ns
The critical path consists of the following:
	bus read operation ('sobel_kernel', ../source/sobel_base.cpp:114) on port 'gmem' (../source/sobel_base.cpp:114) [89]  (7.300 ns)

 <State 24>: 7.219ns
The critical path consists of the following:
	'add' operation 10 bit ('add_ln37', ../source/sobel_base.cpp:37->../source/sobel_base.cpp:53->../source/sobel_base.cpp:117) [122]  (1.823 ns)
	'add' operation 11 bit ('out_pix', ../source/sobel_base.cpp:37->../source/sobel_base.cpp:53->../source/sobel_base.cpp:117) [124]  (3.757 ns)
	'icmp' operation 1 bit ('abscond3', ../source/sobel_base.cpp:37->../source/sobel_base.cpp:53->../source/sobel_base.cpp:117) [127]  (1.639 ns)

 <State 25>: 7.146ns
The critical path consists of the following:
	'sub' operation 10 bit ('neg2', ../source/sobel_base.cpp:34->../source/sobel_base.cpp:53->../source/sobel_base.cpp:117) [126]  (1.731 ns)
	'select' operation 10 bit ('out_pix', ../source/sobel_base.cpp:37->../source/sobel_base.cpp:53->../source/sobel_base.cpp:117) [128]  (0.687 ns)
	'icmp' operation 1 bit ('icmp_ln41', ../source/sobel_base.cpp:41->../source/sobel_base.cpp:53->../source/sobel_base.cpp:117) [131]  (1.565 ns)
	'select' operation 8 bit ('g_y', ../source/sobel_base.cpp:45->../source/sobel_base.cpp:53->../source/sobel_base.cpp:117) [132]  (1.248 ns)
	'add' operation 8 bit ('sobel', ../source/sobel_base.cpp:54->../source/sobel_base.cpp:117) [135]  (1.915 ns)

 <State 26>: 1.248ns
The critical path consists of the following:
	'select' operation 8 bit ('sobel', ../source/sobel_base.cpp:55->../source/sobel_base.cpp:117) [138]  (1.248 ns)

 <State 27>: 7.300ns
The critical path consists of the following:
	bus write operation ('write_ln119', ../source/sobel_base.cpp:119) on port 'gmem' (../source/sobel_base.cpp:119) [140]  (7.300 ns)

 <State 28>: 7.300ns
The critical path consists of the following:
	bus response operation ('empty', ../source/sobel_base.cpp:100) on port 'gmem' (../source/sobel_base.cpp:100) [148]  (7.300 ns)

 <State 29>: 7.300ns
The critical path consists of the following:
	bus response operation ('empty', ../source/sobel_base.cpp:100) on port 'gmem' (../source/sobel_base.cpp:100) [148]  (7.300 ns)

 <State 30>: 7.300ns
The critical path consists of the following:
	bus response operation ('empty', ../source/sobel_base.cpp:100) on port 'gmem' (../source/sobel_base.cpp:100) [148]  (7.300 ns)

 <State 31>: 7.300ns
The critical path consists of the following:
	bus response operation ('empty', ../source/sobel_base.cpp:100) on port 'gmem' (../source/sobel_base.cpp:100) [148]  (7.300 ns)

 <State 32>: 7.300ns
The critical path consists of the following:
	bus response operation ('empty', ../source/sobel_base.cpp:100) on port 'gmem' (../source/sobel_base.cpp:100) [148]  (7.300 ns)


============================================================
+ Verbose Summary: Binding
============================================================
N/A
* FSMD analyzer results:
  - Output states:
 - Input state : 
  - Chain level:
	State 1
	State 2
	State 3
	State 4
	State 5
	State 6
	State 7
	State 8
	State 9
	State 10
	State 11
	State 12
	State 13
	State 14
	State 15
	State 16
	State 17
	State 18
	State 19
	State 20
	State 21
	State 22
	State 23
	State 24
	State 25
	State 26
	State 27
	State 28
	State 29
	State 30
	State 31
	State 32


============================================================
+ Verbose Summary: Datapath Resource usage 
============================================================
N/A
