================================================================
== Vivado RTL Synthesis Results
================================================================
+ General Information:
    * Date:            Thu Oct 24 17:40:28 +0800 2024
    * Version:         2024.1 (Build 5069499 on May 21 2024)
    * Project:         fir_hoisting
    * Solution:        hoisting (Vivado IP Flow Target)
    * Product family:  zynq
    * Target device:   xc7z020-clg484-1


================================================================
== Run Constraints & Options
================================================================
+ Design Constraints & Options:
    * RTL Synthesis target clock:  5 ns
    * C-Synthesis target clock:    5 ns
    * C-Synthesis uncertainty:     27%

+ RTL Synthesis Options:
    * config_export -vivado_synth_strategy:     default
    * config_export -vivado_synth_design_args:  -directive sdx_optimization_effort_high

+ Reporting Options:
    * config_export -vivado_report_level:      2
    * config_export -vivado_max_timing_paths:  10


================================================================
== RTL Synthesis Resource Summary
================================================================
LUT:              1977
FF:               2942
DSP:              3
BRAM:             4
URAM:             0
SRL:              297


================================================================
== RTL Synthesis Timing Summary
================================================================
* Timing was met
+----------------+-------------+
| Timing         | Period (ns) |
+----------------+-------------+
| Target         | 5.000       |
| Post-Synthesis | 4.957       |
+----------------+-------------+


================================================================
== RTL Synthesis Resources
================================================================
+----------------------------------------------------+------+------+-----+------+------+-----+--------+------+---------+----------+--------+
| Name                                               | LUT  | FF   | DSP | BRAM | URAM | SRL | Pragma | Impl | Latency | Variable | Source |
+----------------------------------------------------+------+------+-----+------+------+-----+--------+------+---------+----------+--------+
| inst                                               | 1977 | 2942 | 3   | 4    |      |     |        |      |         |          |        |
|   (inst)                                           | 19   | 476  |     |      |      |     |        |      |         |          |        |
|   CTRL_s_axi_U                                     | 255  | 277  |     |      |      |     |        |      |         |          |        |
|   c_U                                              |      |      |     | 1    |      |     |        |      |         |          |        |
|   gmem_m_axi_U                                     | 1483 | 1923 |     | 2    |      |     |        |      |         |          |        |
|   grp_fir_wrap_Pipeline_VITIS_LOOP_19_1_fu_190     | 155  | 167  |     |      |      |     |        |      |         |          |        |
|     (grp_fir_wrap_Pipeline_VITIS_LOOP_19_1_fu_190) | 125  | 165  |     |      |      |     |        |      |         |          |        |
|   grp_fir_wrap_Pipeline_VITIS_LOOP_41_1_fu_181     | 33   | 65   |     |      |      |     |        |      |         |          |        |
|     (grp_fir_wrap_Pipeline_VITIS_LOOP_41_1_fu_181) | 8    | 63   |     |      |      |     |        |      |         |          |        |
|   mul_32s_32s_32_5_1_U8                            |      | 34   | 3   |      |      |     |        |      |         |          |        |
|   shift_reg_U                                      | 32   |      |     | 1    |      |     |        |      |         |          |        |
+----------------------------------------------------+------+------+-----+------+------+-----+--------+------+---------+----------+--------+


================================================================
== RTL Synthesis Fail Fast
================================================================
+-----------------------------------------------------------+-----------+--------+--------+
| Criteria                                                  | Guideline | Actual | Status |
+-----------------------------------------------------------+-----------+--------+--------+
| LUT                                                       | 70%       | 3.72%  | OK     |
| FD                                                        | 50%       | 2.77%  | OK     |
| LUTRAM+SRL                                                | 25%       | 1.71%  | OK     |
| MUXF7                                                     | 15%       | 0.00%  | OK     |
| DSP                                                       | 80%       | 1.36%  | OK     |
| RAMB/FIFO                                                 | 80%       | 1.43%  | OK     |
| DSP+RAMB+URAM (Avg)                                       | 70%       | 1.40%  | OK     |
| BUFGCE* + BUFGCTRL                                        | 24        | 0      | OK     |
| DONT_TOUCH (cells/nets)                                   | 0         | 0      | OK     |
| MARK_DEBUG (nets)                                         | 0         | 0      | OK     |
| Control Sets                                              | 998       | 83     | OK     |
| Average Fanout for modules > 100k cells                   | 4         | 2.75   | OK     |
| Max Average Fanout for modules > 100k cells               | 4         | 0      | OK     |
| Non-FD high fanout nets > 10k loads                       | 0         | 0      | OK     |
+-----------------------------------------------------------+-----------+--------+--------+
| TIMING-6 (No common primary clock between related clocks) | 0         | 0      | OK     |
| TIMING-7 (No common node between related clocks)          | 0         | 0      | OK     |
| TIMING-8 (No common period between related clocks)        | 0         | 0      | OK     |
| TIMING-14 (LUT on the clock tree)                         | 0         | 0      | OK     |
| TIMING-35 (No common node in paths with the same clock)   | 0         | 0      | OK     |
+-----------------------------------------------------------+-----------+--------+--------+
| Number of paths above max LUT budgeting (0.575ns)         | 0         | 0      | OK     |
| Number of paths above max Net budgeting (0.403ns)         | 0         | 0      | OK     |
+-----------------------------------------------------------+-----------+--------+--------+


================================================================
== RTL Synthesis Timing Paths
================================================================
* Timing was met
+-------+-------+-----------------------------------------------------------+-----------------------------------------------------------------+--------------+------------+----------------+----------------+--------------+
| Path  | SLACK | STARTPOINT PIN                                            | ENDPOINT PIN                                                    | LOGIC LEVELS | MAX FANOUT | DATAPATH DELAY | DATAPATH LOGIC | DATAPATH NET |
|       |       |                                                           |                                                                 |              |            |                |          DELAY |        DELAY |
+-------+-------+-----------------------------------------------------------+-----------------------------------------------------------------+--------------+------------+----------------+----------------+--------------+
| Path1 | 0.043 | gmem_m_axi_U/bus_read/rreq_burst_conv/sect_total_reg[4]/C | gmem_m_axi_U/bus_read/rreq_burst_conv/rs_req/data_p1_reg[10]/CE |            4 |        174 |          4.704 |          1.185 |        3.519 |
| Path2 | 0.043 | gmem_m_axi_U/bus_read/rreq_burst_conv/sect_total_reg[4]/C | gmem_m_axi_U/bus_read/rreq_burst_conv/rs_req/data_p1_reg[11]/CE |            4 |        174 |          4.704 |          1.185 |        3.519 |
| Path3 | 0.043 | gmem_m_axi_U/bus_read/rreq_burst_conv/sect_total_reg[4]/C | gmem_m_axi_U/bus_read/rreq_burst_conv/rs_req/data_p1_reg[12]/CE |            4 |        174 |          4.704 |          1.185 |        3.519 |
| Path4 | 0.043 | gmem_m_axi_U/bus_read/rreq_burst_conv/sect_total_reg[4]/C | gmem_m_axi_U/bus_read/rreq_burst_conv/rs_req/data_p1_reg[13]/CE |            4 |        174 |          4.704 |          1.185 |        3.519 |
| Path5 | 0.043 | gmem_m_axi_U/bus_read/rreq_burst_conv/sect_total_reg[4]/C | gmem_m_axi_U/bus_read/rreq_burst_conv/rs_req/data_p1_reg[14]/CE |            4 |        174 |          4.704 |          1.185 |        3.519 |
+-------+-------+-----------------------------------------------------------+-----------------------------------------------------------------+--------------+------------+----------------+----------------+--------------+

    +--------------------------------------------------------------------+----------------------+
    | Path1 Cells                                                        | Primitive Type       |
    +--------------------------------------------------------------------+----------------------+
    | gmem_m_axi_U/bus_read/rreq_burst_conv/sect_total_reg[4]            | FLOP_LATCH.flop.FDRE |
    | gmem_m_axi_U/bus_read/rreq_burst_conv/rs_req/sect_total[19]_i_5__0 | LUT.others.LUT6      |
    | gmem_m_axi_U/bus_read/rreq_burst_conv/rs_req/sect_total[19]_i_3__0 | LUT.others.LUT4      |
    | gmem_m_axi_U/bus_read/rreq_burst_conv/rs_req/sect_total[19]_i_1__0 | LUT.others.LUT5      |
    | gmem_m_axi_U/bus_read/rreq_burst_conv/rs_req/data_p1[95]_i_1__0    | LUT.others.LUT4      |
    | gmem_m_axi_U/bus_read/rreq_burst_conv/rs_req/data_p1_reg[10]       | FLOP_LATCH.flop.FDRE |
    | gmem_m_axi_U/bus_read/rreq_burst_conv/sect_total_reg[4]            | FLOP_LATCH.flop.FDRE |
    | gmem_m_axi_U/bus_read/rreq_burst_conv/rs_req/sect_total[19]_i_5__0 | LUT.others.LUT6      |
    | gmem_m_axi_U/bus_read/rreq_burst_conv/rs_req/sect_total[19]_i_3__0 | LUT.others.LUT4      |
    | gmem_m_axi_U/bus_read/rreq_burst_conv/rs_req/sect_total[19]_i_1__0 | LUT.others.LUT5      |
    | gmem_m_axi_U/bus_read/rreq_burst_conv/rs_req/data_p1[95]_i_1__0    | LUT.others.LUT4      |
    | gmem_m_axi_U/bus_read/rreq_burst_conv/rs_req/data_p1_reg[11]       | FLOP_LATCH.flop.FDRE |
    | gmem_m_axi_U/bus_read/rreq_burst_conv/sect_total_reg[4]            | FLOP_LATCH.flop.FDRE |
    | gmem_m_axi_U/bus_read/rreq_burst_conv/rs_req/sect_total[19]_i_5__0 | LUT.others.LUT6      |
    | gmem_m_axi_U/bus_read/rreq_burst_conv/rs_req/sect_total[19]_i_3__0 | LUT.others.LUT4      |
    | gmem_m_axi_U/bus_read/rreq_burst_conv/rs_req/sect_total[19]_i_1__0 | LUT.others.LUT5      |
    | gmem_m_axi_U/bus_read/rreq_burst_conv/rs_req/data_p1[95]_i_1__0    | LUT.others.LUT4      |
    | gmem_m_axi_U/bus_read/rreq_burst_conv/rs_req/data_p1_reg[12]       | FLOP_LATCH.flop.FDRE |
    | gmem_m_axi_U/bus_read/rreq_burst_conv/sect_total_reg[4]            | FLOP_LATCH.flop.FDRE |
    | gmem_m_axi_U/bus_read/rreq_burst_conv/rs_req/sect_total[19]_i_5__0 | LUT.others.LUT6      |
    | gmem_m_axi_U/bus_read/rreq_burst_conv/rs_req/sect_total[19]_i_3__0 | LUT.others.LUT4      |
    | gmem_m_axi_U/bus_read/rreq_burst_conv/rs_req/sect_total[19]_i_1__0 | LUT.others.LUT5      |
    | gmem_m_axi_U/bus_read/rreq_burst_conv/rs_req/data_p1[95]_i_1__0    | LUT.others.LUT4      |
    | gmem_m_axi_U/bus_read/rreq_burst_conv/rs_req/data_p1_reg[13]       | FLOP_LATCH.flop.FDRE |
    | gmem_m_axi_U/bus_read/rreq_burst_conv/sect_total_reg[4]            | FLOP_LATCH.flop.FDRE |
    | gmem_m_axi_U/bus_read/rreq_burst_conv/rs_req/sect_total[19]_i_5__0 | LUT.others.LUT6      |
    | gmem_m_axi_U/bus_read/rreq_burst_conv/rs_req/sect_total[19]_i_3__0 | LUT.others.LUT4      |
    | gmem_m_axi_U/bus_read/rreq_burst_conv/rs_req/sect_total[19]_i_1__0 | LUT.others.LUT5      |
    | gmem_m_axi_U/bus_read/rreq_burst_conv/rs_req/data_p1[95]_i_1__0    | LUT.others.LUT4      |
    | gmem_m_axi_U/bus_read/rreq_burst_conv/rs_req/data_p1_reg[14]       | FLOP_LATCH.flop.FDRE |
    +--------------------------------------------------------------------+----------------------+

    +--------------------------------------------------------------------+----------------------+
    | Path2 Cells                                                        | Primitive Type       |
    +--------------------------------------------------------------------+----------------------+
    | gmem_m_axi_U/bus_read/rreq_burst_conv/sect_total_reg[4]            | FLOP_LATCH.flop.FDRE |
    | gmem_m_axi_U/bus_read/rreq_burst_conv/rs_req/sect_total[19]_i_5__0 | LUT.others.LUT6      |
    | gmem_m_axi_U/bus_read/rreq_burst_conv/rs_req/sect_total[19]_i_3__0 | LUT.others.LUT4      |
    | gmem_m_axi_U/bus_read/rreq_burst_conv/rs_req/sect_total[19]_i_1__0 | LUT.others.LUT5      |
    | gmem_m_axi_U/bus_read/rreq_burst_conv/rs_req/data_p1[95]_i_1__0    | LUT.others.LUT4      |
    | gmem_m_axi_U/bus_read/rreq_burst_conv/rs_req/data_p1_reg[10]       | FLOP_LATCH.flop.FDRE |
    | gmem_m_axi_U/bus_read/rreq_burst_conv/sect_total_reg[4]            | FLOP_LATCH.flop.FDRE |
    | gmem_m_axi_U/bus_read/rreq_burst_conv/rs_req/sect_total[19]_i_5__0 | LUT.others.LUT6      |
    | gmem_m_axi_U/bus_read/rreq_burst_conv/rs_req/sect_total[19]_i_3__0 | LUT.others.LUT4      |
    | gmem_m_axi_U/bus_read/rreq_burst_conv/rs_req/sect_total[19]_i_1__0 | LUT.others.LUT5      |
    | gmem_m_axi_U/bus_read/rreq_burst_conv/rs_req/data_p1[95]_i_1__0    | LUT.others.LUT4      |
    | gmem_m_axi_U/bus_read/rreq_burst_conv/rs_req/data_p1_reg[11]       | FLOP_LATCH.flop.FDRE |
    | gmem_m_axi_U/bus_read/rreq_burst_conv/sect_total_reg[4]            | FLOP_LATCH.flop.FDRE |
    | gmem_m_axi_U/bus_read/rreq_burst_conv/rs_req/sect_total[19]_i_5__0 | LUT.others.LUT6      |
    | gmem_m_axi_U/bus_read/rreq_burst_conv/rs_req/sect_total[19]_i_3__0 | LUT.others.LUT4      |
    | gmem_m_axi_U/bus_read/rreq_burst_conv/rs_req/sect_total[19]_i_1__0 | LUT.others.LUT5      |
    | gmem_m_axi_U/bus_read/rreq_burst_conv/rs_req/data_p1[95]_i_1__0    | LUT.others.LUT4      |
    | gmem_m_axi_U/bus_read/rreq_burst_conv/rs_req/data_p1_reg[12]       | FLOP_LATCH.flop.FDRE |
    | gmem_m_axi_U/bus_read/rreq_burst_conv/sect_total_reg[4]            | FLOP_LATCH.flop.FDRE |
    | gmem_m_axi_U/bus_read/rreq_burst_conv/rs_req/sect_total[19]_i_5__0 | LUT.others.LUT6      |
    | gmem_m_axi_U/bus_read/rreq_burst_conv/rs_req/sect_total[19]_i_3__0 | LUT.others.LUT4      |
    | gmem_m_axi_U/bus_read/rreq_burst_conv/rs_req/sect_total[19]_i_1__0 | LUT.others.LUT5      |
    | gmem_m_axi_U/bus_read/rreq_burst_conv/rs_req/data_p1[95]_i_1__0    | LUT.others.LUT4      |
    | gmem_m_axi_U/bus_read/rreq_burst_conv/rs_req/data_p1_reg[13]       | FLOP_LATCH.flop.FDRE |
    | gmem_m_axi_U/bus_read/rreq_burst_conv/sect_total_reg[4]            | FLOP_LATCH.flop.FDRE |
    | gmem_m_axi_U/bus_read/rreq_burst_conv/rs_req/sect_total[19]_i_5__0 | LUT.others.LUT6      |
    | gmem_m_axi_U/bus_read/rreq_burst_conv/rs_req/sect_total[19]_i_3__0 | LUT.others.LUT4      |
    | gmem_m_axi_U/bus_read/rreq_burst_conv/rs_req/sect_total[19]_i_1__0 | LUT.others.LUT5      |
    | gmem_m_axi_U/bus_read/rreq_burst_conv/rs_req/data_p1[95]_i_1__0    | LUT.others.LUT4      |
    | gmem_m_axi_U/bus_read/rreq_burst_conv/rs_req/data_p1_reg[14]       | FLOP_LATCH.flop.FDRE |
    +--------------------------------------------------------------------+----------------------+

    +--------------------------------------------------------------------+----------------------+
    | Path3 Cells                                                        | Primitive Type       |
    +--------------------------------------------------------------------+----------------------+
    | gmem_m_axi_U/bus_read/rreq_burst_conv/sect_total_reg[4]            | FLOP_LATCH.flop.FDRE |
    | gmem_m_axi_U/bus_read/rreq_burst_conv/rs_req/sect_total[19]_i_5__0 | LUT.others.LUT6      |
    | gmem_m_axi_U/bus_read/rreq_burst_conv/rs_req/sect_total[19]_i_3__0 | LUT.others.LUT4      |
    | gmem_m_axi_U/bus_read/rreq_burst_conv/rs_req/sect_total[19]_i_1__0 | LUT.others.LUT5      |
    | gmem_m_axi_U/bus_read/rreq_burst_conv/rs_req/data_p1[95]_i_1__0    | LUT.others.LUT4      |
    | gmem_m_axi_U/bus_read/rreq_burst_conv/rs_req/data_p1_reg[10]       | FLOP_LATCH.flop.FDRE |
    | gmem_m_axi_U/bus_read/rreq_burst_conv/sect_total_reg[4]            | FLOP_LATCH.flop.FDRE |
    | gmem_m_axi_U/bus_read/rreq_burst_conv/rs_req/sect_total[19]_i_5__0 | LUT.others.LUT6      |
    | gmem_m_axi_U/bus_read/rreq_burst_conv/rs_req/sect_total[19]_i_3__0 | LUT.others.LUT4      |
    | gmem_m_axi_U/bus_read/rreq_burst_conv/rs_req/sect_total[19]_i_1__0 | LUT.others.LUT5      |
    | gmem_m_axi_U/bus_read/rreq_burst_conv/rs_req/data_p1[95]_i_1__0    | LUT.others.LUT4      |
    | gmem_m_axi_U/bus_read/rreq_burst_conv/rs_req/data_p1_reg[11]       | FLOP_LATCH.flop.FDRE |
    | gmem_m_axi_U/bus_read/rreq_burst_conv/sect_total_reg[4]            | FLOP_LATCH.flop.FDRE |
    | gmem_m_axi_U/bus_read/rreq_burst_conv/rs_req/sect_total[19]_i_5__0 | LUT.others.LUT6      |
    | gmem_m_axi_U/bus_read/rreq_burst_conv/rs_req/sect_total[19]_i_3__0 | LUT.others.LUT4      |
    | gmem_m_axi_U/bus_read/rreq_burst_conv/rs_req/sect_total[19]_i_1__0 | LUT.others.LUT5      |
    | gmem_m_axi_U/bus_read/rreq_burst_conv/rs_req/data_p1[95]_i_1__0    | LUT.others.LUT4      |
    | gmem_m_axi_U/bus_read/rreq_burst_conv/rs_req/data_p1_reg[12]       | FLOP_LATCH.flop.FDRE |
    | gmem_m_axi_U/bus_read/rreq_burst_conv/sect_total_reg[4]            | FLOP_LATCH.flop.FDRE |
    | gmem_m_axi_U/bus_read/rreq_burst_conv/rs_req/sect_total[19]_i_5__0 | LUT.others.LUT6      |
    | gmem_m_axi_U/bus_read/rreq_burst_conv/rs_req/sect_total[19]_i_3__0 | LUT.others.LUT4      |
    | gmem_m_axi_U/bus_read/rreq_burst_conv/rs_req/sect_total[19]_i_1__0 | LUT.others.LUT5      |
    | gmem_m_axi_U/bus_read/rreq_burst_conv/rs_req/data_p1[95]_i_1__0    | LUT.others.LUT4      |
    | gmem_m_axi_U/bus_read/rreq_burst_conv/rs_req/data_p1_reg[13]       | FLOP_LATCH.flop.FDRE |
    | gmem_m_axi_U/bus_read/rreq_burst_conv/sect_total_reg[4]            | FLOP_LATCH.flop.FDRE |
    | gmem_m_axi_U/bus_read/rreq_burst_conv/rs_req/sect_total[19]_i_5__0 | LUT.others.LUT6      |
    | gmem_m_axi_U/bus_read/rreq_burst_conv/rs_req/sect_total[19]_i_3__0 | LUT.others.LUT4      |
    | gmem_m_axi_U/bus_read/rreq_burst_conv/rs_req/sect_total[19]_i_1__0 | LUT.others.LUT5      |
    | gmem_m_axi_U/bus_read/rreq_burst_conv/rs_req/data_p1[95]_i_1__0    | LUT.others.LUT4      |
    | gmem_m_axi_U/bus_read/rreq_burst_conv/rs_req/data_p1_reg[14]       | FLOP_LATCH.flop.FDRE |
    +--------------------------------------------------------------------+----------------------+

    +--------------------------------------------------------------------+----------------------+
    | Path4 Cells                                                        | Primitive Type       |
    +--------------------------------------------------------------------+----------------------+
    | gmem_m_axi_U/bus_read/rreq_burst_conv/sect_total_reg[4]            | FLOP_LATCH.flop.FDRE |
    | gmem_m_axi_U/bus_read/rreq_burst_conv/rs_req/sect_total[19]_i_5__0 | LUT.others.LUT6      |
    | gmem_m_axi_U/bus_read/rreq_burst_conv/rs_req/sect_total[19]_i_3__0 | LUT.others.LUT4      |
    | gmem_m_axi_U/bus_read/rreq_burst_conv/rs_req/sect_total[19]_i_1__0 | LUT.others.LUT5      |
    | gmem_m_axi_U/bus_read/rreq_burst_conv/rs_req/data_p1[95]_i_1__0    | LUT.others.LUT4      |
    | gmem_m_axi_U/bus_read/rreq_burst_conv/rs_req/data_p1_reg[10]       | FLOP_LATCH.flop.FDRE |
    | gmem_m_axi_U/bus_read/rreq_burst_conv/sect_total_reg[4]            | FLOP_LATCH.flop.FDRE |
    | gmem_m_axi_U/bus_read/rreq_burst_conv/rs_req/sect_total[19]_i_5__0 | LUT.others.LUT6      |
    | gmem_m_axi_U/bus_read/rreq_burst_conv/rs_req/sect_total[19]_i_3__0 | LUT.others.LUT4      |
    | gmem_m_axi_U/bus_read/rreq_burst_conv/rs_req/sect_total[19]_i_1__0 | LUT.others.LUT5      |
    | gmem_m_axi_U/bus_read/rreq_burst_conv/rs_req/data_p1[95]_i_1__0    | LUT.others.LUT4      |
    | gmem_m_axi_U/bus_read/rreq_burst_conv/rs_req/data_p1_reg[11]       | FLOP_LATCH.flop.FDRE |
    | gmem_m_axi_U/bus_read/rreq_burst_conv/sect_total_reg[4]            | FLOP_LATCH.flop.FDRE |
    | gmem_m_axi_U/bus_read/rreq_burst_conv/rs_req/sect_total[19]_i_5__0 | LUT.others.LUT6      |
    | gmem_m_axi_U/bus_read/rreq_burst_conv/rs_req/sect_total[19]_i_3__0 | LUT.others.LUT4      |
    | gmem_m_axi_U/bus_read/rreq_burst_conv/rs_req/sect_total[19]_i_1__0 | LUT.others.LUT5      |
    | gmem_m_axi_U/bus_read/rreq_burst_conv/rs_req/data_p1[95]_i_1__0    | LUT.others.LUT4      |
    | gmem_m_axi_U/bus_read/rreq_burst_conv/rs_req/data_p1_reg[12]       | FLOP_LATCH.flop.FDRE |
    | gmem_m_axi_U/bus_read/rreq_burst_conv/sect_total_reg[4]            | FLOP_LATCH.flop.FDRE |
    | gmem_m_axi_U/bus_read/rreq_burst_conv/rs_req/sect_total[19]_i_5__0 | LUT.others.LUT6      |
    | gmem_m_axi_U/bus_read/rreq_burst_conv/rs_req/sect_total[19]_i_3__0 | LUT.others.LUT4      |
    | gmem_m_axi_U/bus_read/rreq_burst_conv/rs_req/sect_total[19]_i_1__0 | LUT.others.LUT5      |
    | gmem_m_axi_U/bus_read/rreq_burst_conv/rs_req/data_p1[95]_i_1__0    | LUT.others.LUT4      |
    | gmem_m_axi_U/bus_read/rreq_burst_conv/rs_req/data_p1_reg[13]       | FLOP_LATCH.flop.FDRE |
    | gmem_m_axi_U/bus_read/rreq_burst_conv/sect_total_reg[4]            | FLOP_LATCH.flop.FDRE |
    | gmem_m_axi_U/bus_read/rreq_burst_conv/rs_req/sect_total[19]_i_5__0 | LUT.others.LUT6      |
    | gmem_m_axi_U/bus_read/rreq_burst_conv/rs_req/sect_total[19]_i_3__0 | LUT.others.LUT4      |
    | gmem_m_axi_U/bus_read/rreq_burst_conv/rs_req/sect_total[19]_i_1__0 | LUT.others.LUT5      |
    | gmem_m_axi_U/bus_read/rreq_burst_conv/rs_req/data_p1[95]_i_1__0    | LUT.others.LUT4      |
    | gmem_m_axi_U/bus_read/rreq_burst_conv/rs_req/data_p1_reg[14]       | FLOP_LATCH.flop.FDRE |
    +--------------------------------------------------------------------+----------------------+

    +--------------------------------------------------------------------+----------------------+
    | Path5 Cells                                                        | Primitive Type       |
    +--------------------------------------------------------------------+----------------------+
    | gmem_m_axi_U/bus_read/rreq_burst_conv/sect_total_reg[4]            | FLOP_LATCH.flop.FDRE |
    | gmem_m_axi_U/bus_read/rreq_burst_conv/rs_req/sect_total[19]_i_5__0 | LUT.others.LUT6      |
    | gmem_m_axi_U/bus_read/rreq_burst_conv/rs_req/sect_total[19]_i_3__0 | LUT.others.LUT4      |
    | gmem_m_axi_U/bus_read/rreq_burst_conv/rs_req/sect_total[19]_i_1__0 | LUT.others.LUT5      |
    | gmem_m_axi_U/bus_read/rreq_burst_conv/rs_req/data_p1[95]_i_1__0    | LUT.others.LUT4      |
    | gmem_m_axi_U/bus_read/rreq_burst_conv/rs_req/data_p1_reg[10]       | FLOP_LATCH.flop.FDRE |
    | gmem_m_axi_U/bus_read/rreq_burst_conv/sect_total_reg[4]            | FLOP_LATCH.flop.FDRE |
    | gmem_m_axi_U/bus_read/rreq_burst_conv/rs_req/sect_total[19]_i_5__0 | LUT.others.LUT6      |
    | gmem_m_axi_U/bus_read/rreq_burst_conv/rs_req/sect_total[19]_i_3__0 | LUT.others.LUT4      |
    | gmem_m_axi_U/bus_read/rreq_burst_conv/rs_req/sect_total[19]_i_1__0 | LUT.others.LUT5      |
    | gmem_m_axi_U/bus_read/rreq_burst_conv/rs_req/data_p1[95]_i_1__0    | LUT.others.LUT4      |
    | gmem_m_axi_U/bus_read/rreq_burst_conv/rs_req/data_p1_reg[11]       | FLOP_LATCH.flop.FDRE |
    | gmem_m_axi_U/bus_read/rreq_burst_conv/sect_total_reg[4]            | FLOP_LATCH.flop.FDRE |
    | gmem_m_axi_U/bus_read/rreq_burst_conv/rs_req/sect_total[19]_i_5__0 | LUT.others.LUT6      |
    | gmem_m_axi_U/bus_read/rreq_burst_conv/rs_req/sect_total[19]_i_3__0 | LUT.others.LUT4      |
    | gmem_m_axi_U/bus_read/rreq_burst_conv/rs_req/sect_total[19]_i_1__0 | LUT.others.LUT5      |
    | gmem_m_axi_U/bus_read/rreq_burst_conv/rs_req/data_p1[95]_i_1__0    | LUT.others.LUT4      |
    | gmem_m_axi_U/bus_read/rreq_burst_conv/rs_req/data_p1_reg[12]       | FLOP_LATCH.flop.FDRE |
    | gmem_m_axi_U/bus_read/rreq_burst_conv/sect_total_reg[4]            | FLOP_LATCH.flop.FDRE |
    | gmem_m_axi_U/bus_read/rreq_burst_conv/rs_req/sect_total[19]_i_5__0 | LUT.others.LUT6      |
    | gmem_m_axi_U/bus_read/rreq_burst_conv/rs_req/sect_total[19]_i_3__0 | LUT.others.LUT4      |
    | gmem_m_axi_U/bus_read/rreq_burst_conv/rs_req/sect_total[19]_i_1__0 | LUT.others.LUT5      |
    | gmem_m_axi_U/bus_read/rreq_burst_conv/rs_req/data_p1[95]_i_1__0    | LUT.others.LUT4      |
    | gmem_m_axi_U/bus_read/rreq_burst_conv/rs_req/data_p1_reg[13]       | FLOP_LATCH.flop.FDRE |
    | gmem_m_axi_U/bus_read/rreq_burst_conv/sect_total_reg[4]            | FLOP_LATCH.flop.FDRE |
    | gmem_m_axi_U/bus_read/rreq_burst_conv/rs_req/sect_total[19]_i_5__0 | LUT.others.LUT6      |
    | gmem_m_axi_U/bus_read/rreq_burst_conv/rs_req/sect_total[19]_i_3__0 | LUT.others.LUT4      |
    | gmem_m_axi_U/bus_read/rreq_burst_conv/rs_req/sect_total[19]_i_1__0 | LUT.others.LUT5      |
    | gmem_m_axi_U/bus_read/rreq_burst_conv/rs_req/data_p1[95]_i_1__0    | LUT.others.LUT4      |
    | gmem_m_axi_U/bus_read/rreq_burst_conv/rs_req/data_p1_reg[14]       | FLOP_LATCH.flop.FDRE |
    +--------------------------------------------------------------------+----------------------+


================================================================
== RTL Synthesis Vivado Reports
================================================================
+--------------------------+-----------------------------------------------------------------+
| Report Type              | Report Location                                                 |
+--------------------------+-----------------------------------------------------------------+
| design_analysis          | impl/verilog/report/fir_wrap_design_analysis_synth.rpt          |
| failfast                 | impl/verilog/report/fir_wrap_failfast_synth.rpt                 |
| timing                   | impl/verilog/report/fir_wrap_timing_synth.rpt                   |
| timing_paths             | impl/verilog/report/fir_wrap_timing_paths_synth.rpt             |
| utilization              | impl/verilog/report/fir_wrap_utilization_synth.rpt              |
| utilization_hierarchical | impl/verilog/report/fir_wrap_utilization_hierarchical_synth.rpt |
+--------------------------+-----------------------------------------------------------------+


