

Implementation tool: Xilinx Vivado v.2024.1
Project:             fir_hoisting
Solution:            hoisting
Device target:       xc7z020-clg484-1
Report date:         Thu Oct 24 17:40:27 +0800 2024

#=== Post-Implementation Resource usage ===
SLICE:          748
LUT:           1780
FF:            2942
DSP:              3
BRAM:             4
URAM:             0
LATCH:            0
SRL:            158
CLB:              0

#=== Final timing ===
CP required:                     5.000
CP achieved post-synthesis:      4.957
CP achieved post-implementation: 4.971
Timing met
