==============================================================
Vitis HLS - High-Level Synthesis from C, C++ and OpenCL v2024.1 (64-bit)
Tool Version Limit: 2024.05
Copyright 1986-2022 Xilinx, Inc. All Rights Reserved.
Copyright 2022-2024 Advanced Micro Devices, Inc. All Rights Reserved.

==============================================================
INFO: [HLS 200-1505] Using flow_target 'vivado'
INFO: [HLS 200-1510] Running: set_part xc7z020-clg484-1 
INFO: [HLS 200-1611] Setting target device to 'xc7z020-clg484-1'
INFO: [HLS 200-1510] Running: create_clock -period 5 
INFO: [SYN 201-201] Setting up clock 'default' with a period of 5ns.
INFO: [HLS 200-1510] Running: csim_design 
INFO: [SIM 211-2] *************** CSIM start ***************
INFO: [SIM 211-4] CSIM will launch CLANG as the compiler.
INFO: [HLS 200-2036] Building debug C Simulation binaries
INFO: [SIM 211-1] CSim done with 0 errors.
INFO: [SIM 211-3] *************** CSIM finish ***************
INFO: [HLS 200-2161] Finished Command csim_design Elapsed time: 00:00:02; Allocated memory: 0.969 MB.
INFO: [HLS 200-1510] Running: csynth_design 
INFO: [HLS 200-111] Finished File checks and directory preparation: CPU user time: 0 seconds. CPU system time: 0 seconds. Elapsed time: 0.095 seconds; current allocated memory: 242.941 MB.
INFO: [HLS 200-10] Analyzing design file 'fir_hoisting.cpp' ... 
INFO: [HLS 200-111] Finished Source Code Analysis and Preprocessing: CPU user time: 0 seconds. CPU system time: 1 seconds. Elapsed time: 1.861 seconds; current allocated memory: 245.281 MB.
INFO: [HLS 200-777] Using interface defaults for 'Vivado' flow target.
INFO: [HLS 200-1995] There were 73 instructions in the design after the 'Compile/Link' phase of compilation. See the Design Size Report for more details: E:/robot/project/FPGA/ZedBoard/HLS_lab/source/fir/prj/hoisting/kernel/fir_hoisting/hoisting/syn/report/csynth_design_size.rpt
INFO: [HLS 200-1995] There were 66 instructions in the design after the 'Unroll/Inline (step 1)' phase of compilation. See the Design Size Report for more details: E:/robot/project/FPGA/ZedBoard/HLS_lab/source/fir/prj/hoisting/kernel/fir_hoisting/hoisting/syn/report/csynth_design_size.rpt
INFO: [HLS 200-1995] There were 55 instructions in the design after the 'Unroll/Inline (step 2)' phase of compilation. See the Design Size Report for more details: E:/robot/project/FPGA/ZedBoard/HLS_lab/source/fir/prj/hoisting/kernel/fir_hoisting/hoisting/syn/report/csynth_design_size.rpt
INFO: [HLS 200-1995] There were 54 instructions in the design after the 'Unroll/Inline (step 3)' phase of compilation. See the Design Size Report for more details: E:/robot/project/FPGA/ZedBoard/HLS_lab/source/fir/prj/hoisting/kernel/fir_hoisting/hoisting/syn/report/csynth_design_size.rpt
INFO: [HLS 200-1995] There were 51 instructions in the design after the 'Unroll/Inline (step 4)' phase of compilation. See the Design Size Report for more details: E:/robot/project/FPGA/ZedBoard/HLS_lab/source/fir/prj/hoisting/kernel/fir_hoisting/hoisting/syn/report/csynth_design_size.rpt
INFO: [HLS 200-1995] There were 52 instructions in the design after the 'Array/Struct (step 1)' phase of compilation. See the Design Size Report for more details: E:/robot/project/FPGA/ZedBoard/HLS_lab/source/fir/prj/hoisting/kernel/fir_hoisting/hoisting/syn/report/csynth_design_size.rpt
INFO: [HLS 200-1995] There were 52 instructions in the design after the 'Array/Struct (step 2)' phase of compilation. See the Design Size Report for more details: E:/robot/project/FPGA/ZedBoard/HLS_lab/source/fir/prj/hoisting/kernel/fir_hoisting/hoisting/syn/report/csynth_design_size.rpt
INFO: [HLS 200-1995] There were 52 instructions in the design after the 'Array/Struct (step 3)' phase of compilation. See the Design Size Report for more details: E:/robot/project/FPGA/ZedBoard/HLS_lab/source/fir/prj/hoisting/kernel/fir_hoisting/hoisting/syn/report/csynth_design_size.rpt
INFO: [HLS 200-1995] There were 52 instructions in the design after the 'Array/Struct (step 4)' phase of compilation. See the Design Size Report for more details: E:/robot/project/FPGA/ZedBoard/HLS_lab/source/fir/prj/hoisting/kernel/fir_hoisting/hoisting/syn/report/csynth_design_size.rpt
INFO: [HLS 200-1995] There were 61 instructions in the design after the 'Array/Struct (step 5)' phase of compilation. See the Design Size Report for more details: E:/robot/project/FPGA/ZedBoard/HLS_lab/source/fir/prj/hoisting/kernel/fir_hoisting/hoisting/syn/report/csynth_design_size.rpt
INFO: [HLS 200-1995] There were 58 instructions in the design after the 'Performance (step 1)' phase of compilation. See the Design Size Report for more details: E:/robot/project/FPGA/ZedBoard/HLS_lab/source/fir/prj/hoisting/kernel/fir_hoisting/hoisting/syn/report/csynth_design_size.rpt
INFO: [HLS 200-1995] There were 57 instructions in the design after the 'Performance (step 2)' phase of compilation. See the Design Size Report for more details: E:/robot/project/FPGA/ZedBoard/HLS_lab/source/fir/prj/hoisting/kernel/fir_hoisting/hoisting/syn/report/csynth_design_size.rpt
INFO: [HLS 200-1995] There were 57 instructions in the design after the 'Performance (step 3)' phase of compilation. See the Design Size Report for more details: E:/robot/project/FPGA/ZedBoard/HLS_lab/source/fir/prj/hoisting/kernel/fir_hoisting/hoisting/syn/report/csynth_design_size.rpt
INFO: [HLS 200-1995] There were 57 instructions in the design after the 'Performance (step 4)' phase of compilation. See the Design Size Report for more details: E:/robot/project/FPGA/ZedBoard/HLS_lab/source/fir/prj/hoisting/kernel/fir_hoisting/hoisting/syn/report/csynth_design_size.rpt
INFO: [HLS 200-1995] There were 64 instructions in the design after the 'HW Transforms (step 1)' phase of compilation. See the Design Size Report for more details: E:/robot/project/FPGA/ZedBoard/HLS_lab/source/fir/prj/hoisting/kernel/fir_hoisting/hoisting/syn/report/csynth_design_size.rpt
INFO: [HLS 200-1995] There were 72 instructions in the design after the 'HW Transforms (step 2)' phase of compilation. See the Design Size Report for more details: E:/robot/project/FPGA/ZedBoard/HLS_lab/source/fir/prj/hoisting/kernel/fir_hoisting/hoisting/syn/report/csynth_design_size.rpt
INFO: [HLS 214-178] Inlining function 'fir(int*, int)' into 'fir_wrap(int*, int*, int, int*)' (fir_hoisting.cpp:32:0)
INFO: [HLS 214-376] automatically set the pipeline for Loop< VITIS_LOOP_41_1> at fir_hoisting.cpp:41:19 
INFO: [HLS 214-376] automatically set the pipeline for Loop< VITIS_LOOP_19_1> at fir_hoisting.cpp:19:22 
INFO: [HLS 214-437] Automatically disabling loop flattening for loop 'VITIS_LOOP_47_2'. (fir_hoisting.cpp:47:19)
INFO: [HLS 214-115] Multiple burst reads of length 99 and bit width 32 in loop 'VITIS_LOOP_41_1'(fir_hoisting.cpp:41:19) has been inferred on bundle 'gmem'. These burst requests might be further partitioned into multiple requests during RTL generation, based on max_read_burst_length or max_write_burst_length settings. (fir_hoisting.cpp:41:19)
INFO: [HLS 214-115] Multiple burst reads of variable length and bit width 32 in loop 'VITIS_LOOP_47_2'(fir_hoisting.cpp:47:19) has been inferred on bundle 'gmem'. These burst requests might be further partitioned into multiple requests during RTL generation, based on max_read_burst_length or max_write_burst_length settings. (fir_hoisting.cpp:47:19)
INFO: [HLS 214-115] Multiple burst writes of variable length and bit width 32 in loop 'VITIS_LOOP_47_2'(fir_hoisting.cpp:47:19) has been inferred on bundle 'gmem'. These burst requests might be further partitioned into multiple requests during RTL generation, based on max_read_burst_length or max_write_burst_length settings. (fir_hoisting.cpp:47:19)
INFO: [HLS 200-111] Finished Compiling Optimization and Transform: CPU user time: 0 seconds. CPU system time: 0 seconds. Elapsed time: 8.756 seconds; current allocated memory: 247.398 MB.
INFO: [HLS 200-111] Finished Checking Pragmas: CPU user time: 0 seconds. CPU system time: 0 seconds. Elapsed time: 0.003 seconds; current allocated memory: 247.402 MB.
INFO: [HLS 200-10] Starting code transformations ...
INFO: [HLS 200-111] Finished Standard Transforms: CPU user time: 0 seconds. CPU system time: 0 seconds. Elapsed time: 0.073 seconds; current allocated memory: 252.047 MB.
INFO: [HLS 200-10] Checking synthesizability ...
INFO: [HLS 200-111] Finished Checking Synthesizability: CPU user time: 0 seconds. CPU system time: 0 seconds. Elapsed time: 0.036 seconds; current allocated memory: 253.520 MB.
INFO: [HLS 200-111] Finished Loop, function and other optimizations: CPU user time: 0 seconds. CPU system time: 0 seconds. Elapsed time: 0.077 seconds; current allocated memory: 275.168 MB.
INFO: [HLS 200-111] Finished Architecture Synthesis: CPU user time: 0 seconds. CPU system time: 0 seconds. Elapsed time: 0.084 seconds; current allocated memory: 286.719 MB.
INFO: [HLS 200-10] Starting hardware synthesis ...
INFO: [HLS 200-10] Synthesizing 'fir_wrap' ...
INFO: [HLS 200-10] ----------------------------------------------------------------
INFO: [HLS 200-42] -- Implementing module 'fir_wrap_Pipeline_VITIS_LOOP_41_1' 
INFO: [HLS 200-10] ----------------------------------------------------------------
INFO: [SCHED 204-11] Starting scheduling ...
INFO: [SCHED 204-61] Pipelining loop 'VITIS_LOOP_41_1'.
INFO: [HLS 200-1470] Pipelining result : Target II = NA, Final II = 1, Depth = 3, loop 'VITIS_LOOP_41_1'
INFO: [SCHED 204-11] Finished scheduling.
INFO: [HLS 200-111] Finished Scheduling: CPU user time: 0 seconds. CPU system time: 0 seconds. Elapsed time: 0.244 seconds; current allocated memory: 290.703 MB.
INFO: [BIND 205-100] Starting micro-architecture generation ...
INFO: [BIND 205-101] Performing variable lifetime analysis.
INFO: [BIND 205-101] Exploring resource sharing.
INFO: [BIND 205-101] Binding ...
INFO: [BIND 205-100] Finished micro-architecture generation.
INFO: [HLS 200-111] Finished Binding: CPU user time: 0 seconds. CPU system time: 0 seconds. Elapsed time: 0.076 seconds; current allocated memory: 291.863 MB.
INFO: [HLS 200-10] ----------------------------------------------------------------
INFO: [HLS 200-42] -- Implementing module 'fir_wrap_Pipeline_VITIS_LOOP_19_1' 
INFO: [HLS 200-10] ----------------------------------------------------------------
INFO: [SCHED 204-11] Starting scheduling ...
INFO: [SCHED 204-61] Pipelining loop 'VITIS_LOOP_19_1'.
WARNING: [HLS 200-880] The II Violation in module 'fir_wrap_Pipeline_VITIS_LOOP_19_1' (loop 'VITIS_LOOP_19_1'): Unable to enforce a carried dependence constraint (II = 1, distance = 1, offset = 1) between 'store' operation 0 bit ('acc_write_ln15', fir_hoisting.cpp:15->fir_hoisting.cpp:51) of variable 'acc', fir_hoisting.cpp:22->fir_hoisting.cpp:51 on local variable 'acc', fir_hoisting.cpp:15->fir_hoisting.cpp:51 and 'add' operation 32 bit ('acc', fir_hoisting.cpp:22->fir_hoisting.cpp:51).
INFO: [HLS 200-1470] Pipelining result : Target II = NA, Final II = 2, Depth = 10, loop 'VITIS_LOOP_19_1'
WARNING: [HLS 200-871] Estimated clock period (3.950 ns) exceeds the target (target clock period: 5.000 ns, clock uncertainty: 1.350 ns, effective delay budget: 3.650 ns).
WARNING: [HLS 200-1016] The critical path in module 'fir_wrap_Pipeline_VITIS_LOOP_19_1' consists of the following:
	'mul' operation 32 bit ('mul_ln22', fir_hoisting.cpp:22->fir_hoisting.cpp:51) [27]  (3.950 ns)

INFO: [SCHED 204-11] Finished scheduling.
INFO: [HLS 200-111] Finished Scheduling: CPU user time: 0 seconds. CPU system time: 0 seconds. Elapsed time: 0.137 seconds; current allocated memory: 292.008 MB.
INFO: [BIND 205-100] Starting micro-architecture generation ...
INFO: [BIND 205-101] Performing variable lifetime analysis.
INFO: [BIND 205-101] Exploring resource sharing.
INFO: [BIND 205-101] Binding ...
INFO: [BIND 205-100] Finished micro-architecture generation.
INFO: [HLS 200-111] Finished Binding: CPU user time: 0 seconds. CPU system time: 0 seconds. Elapsed time: 0.074 seconds; current allocated memory: 292.035 MB.
INFO: [HLS 200-10] ----------------------------------------------------------------
INFO: [HLS 200-42] -- Implementing module 'fir_wrap' 
INFO: [HLS 200-10] ----------------------------------------------------------------
INFO: [SCHED 204-11] Starting scheduling ...
WARNING: [HLS 200-871] Estimated clock period (3.950 ns) exceeds the target (target clock period: 5.000 ns, clock uncertainty: 1.350 ns, effective delay budget: 3.650 ns).
WARNING: [HLS 200-1016] The critical path in module 'fir_wrap' consists of the following:
	'mul' operation 32 bit ('mul_ln25', fir_hoisting.cpp:25->fir_hoisting.cpp:51) [59]  (3.950 ns)

INFO: [SCHED 204-11] Finished scheduling.
INFO: [HLS 200-111] Finished Scheduling: CPU user time: 0 seconds. CPU system time: 0 seconds. Elapsed time: 0.113 seconds; current allocated memory: 292.098 MB.
INFO: [BIND 205-100] Starting micro-architecture generation ...
INFO: [BIND 205-101] Performing variable lifetime analysis.
INFO: [BIND 205-101] Exploring resource sharing.
INFO: [BIND 205-101] Binding ...
INFO: [BIND 205-100] Finished micro-architecture generation.
INFO: [HLS 200-111] Finished Binding: CPU user time: 0 seconds. CPU system time: 0 seconds. Elapsed time: 0.08 seconds; current allocated memory: 292.250 MB.
INFO: [HLS 200-10] ----------------------------------------------------------------
INFO: [HLS 200-10] -- Generating RTL for module 'fir_wrap_Pipeline_VITIS_LOOP_41_1' 
INFO: [HLS 200-10] ----------------------------------------------------------------
INFO: [HLS 200-1030] Apply Unified Pipeline Control on module 'fir_wrap_Pipeline_VITIS_LOOP_41_1' pipeline 'VITIS_LOOP_41_1' pipeline type 'loop pipeline'
WARNING: [RTGEN 206-101] Setting dangling out port 'fir_wrap_Pipeline_VITIS_LOOP_41_1/m_axi_gmem_ARVALID' to 0.
WARNING: [RTGEN 206-101] Setting dangling out port 'fir_wrap_Pipeline_VITIS_LOOP_41_1/m_axi_gmem_ARADDR' to 0.
WARNING: [RTGEN 206-101] Setting dangling out port 'fir_wrap_Pipeline_VITIS_LOOP_41_1/m_axi_gmem_ARID' to 0.
WARNING: [RTGEN 206-101] Setting dangling out port 'fir_wrap_Pipeline_VITIS_LOOP_41_1/m_axi_gmem_ARLEN' to 0.
WARNING: [RTGEN 206-101] Setting dangling out port 'fir_wrap_Pipeline_VITIS_LOOP_41_1/m_axi_gmem_ARSIZE' to 0.
WARNING: [RTGEN 206-101] Setting dangling out port 'fir_wrap_Pipeline_VITIS_LOOP_41_1/m_axi_gmem_ARBURST' to 0.
WARNING: [RTGEN 206-101] Setting dangling out port 'fir_wrap_Pipeline_VITIS_LOOP_41_1/m_axi_gmem_ARLOCK' to 0.
WARNING: [RTGEN 206-101] Setting dangling out port 'fir_wrap_Pipeline_VITIS_LOOP_41_1/m_axi_gmem_ARCACHE' to 0.
WARNING: [RTGEN 206-101] Setting dangling out port 'fir_wrap_Pipeline_VITIS_LOOP_41_1/m_axi_gmem_ARPROT' to 0.
WARNING: [RTGEN 206-101] Setting dangling out port 'fir_wrap_Pipeline_VITIS_LOOP_41_1/m_axi_gmem_ARQOS' to 0.
WARNING: [RTGEN 206-101] Setting dangling out port 'fir_wrap_Pipeline_VITIS_LOOP_41_1/m_axi_gmem_ARREGION' to 0.
WARNING: [RTGEN 206-101] Setting dangling out port 'fir_wrap_Pipeline_VITIS_LOOP_41_1/m_axi_gmem_ARUSER' to 0.
INFO: [RTGEN 206-100] Finished creating RTL model for 'fir_wrap_Pipeline_VITIS_LOOP_41_1'.
INFO: [HLS 200-111] Finished Creating RTL model: CPU user time: 0 seconds. CPU system time: 0 seconds. Elapsed time: 0.216 seconds; current allocated memory: 293.812 MB.
INFO: [HLS 200-10] ----------------------------------------------------------------
INFO: [HLS 200-10] -- Generating RTL for module 'fir_wrap_Pipeline_VITIS_LOOP_19_1' 
INFO: [HLS 200-10] ----------------------------------------------------------------
INFO: [HLS 200-1030] Apply Unified Pipeline Control on module 'fir_wrap_Pipeline_VITIS_LOOP_19_1' pipeline 'VITIS_LOOP_19_1' pipeline type 'loop pipeline'
INFO: [RTGEN 206-100] Generating core module 'mul_32s_32s_32_5_1': 1 instance(s).
INFO: [RTGEN 206-100] Finished creating RTL model for 'fir_wrap_Pipeline_VITIS_LOOP_19_1'.
INFO: [HLS 200-111] Finished Creating RTL model: CPU user time: 0 seconds. CPU system time: 0 seconds. Elapsed time: 0.154 seconds; current allocated memory: 295.090 MB.
INFO: [HLS 200-10] ----------------------------------------------------------------
INFO: [HLS 200-10] -- Generating RTL for module 'fir_wrap' 
INFO: [HLS 200-10] ----------------------------------------------------------------
WARNING: [RTGEN 206-101] Design contains AXI ports. Reset is fixed to synchronous and active low.
INFO: [RTGEN 206-500] Setting interface mode on port 'fir_wrap/gmem' to 'm_axi'.
INFO: [RTGEN 206-500] Setting interface mode on port 'fir_wrap/y' to 's_axilite & ap_none'.
INFO: [RTGEN 206-500] Setting interface mode on port 'fir_wrap/x' to 's_axilite & ap_none'.
INFO: [RTGEN 206-500] Setting interface mode on port 'fir_wrap/len' to 's_axilite & ap_none'.
INFO: [RTGEN 206-500] Setting interface mode on port 'fir_wrap/coef' to 's_axilite & ap_none'.
INFO: [RTGEN 206-500] Setting interface mode on function 'fir_wrap' to 's_axilite & ap_ctrl_hs'.
INFO: [RTGEN 206-100] Bundling port 'y', 'x', 'len', 'coef' to AXI-Lite port CTRL.
INFO: [RTGEN 206-100] Generating core module 'mul_32s_32s_32_5_1': 1 instance(s).
INFO: [RTGEN 206-100] Finished creating RTL model for 'fir_wrap'.
INFO: [RTMG 210-278] Implementing memory 'fir_wrap_c_RAM_AUTO_1R1W' using auto RAMs.
INFO: [RTMG 210-278] Implementing memory 'fir_wrap_shift_reg_RAM_AUTO_1R1W' using auto RAMs.
INFO: [HLS 200-111] Finished Creating RTL model: CPU user time: 1 seconds. CPU system time: 0 seconds. Elapsed time: 0.361 seconds; current allocated memory: 298.281 MB.
INFO: [HLS 200-111] Finished Generating all RTL models: CPU user time: 0 seconds. CPU system time: 0 seconds. Elapsed time: 0.604 seconds; current allocated memory: 301.824 MB.
INFO: [HLS 200-1603] Design has inferred MAXI bursts and missed bursts, see Vitis HLS GUI synthesis summary report for detailed information.
INFO: [HLS 200-111] Finished Updating report files: CPU user time: 0 seconds. CPU system time: 0 seconds. Elapsed time: 0.823 seconds; current allocated memory: 306.246 MB.
INFO: [VHDL 208-304] Generating VHDL RTL for fir_wrap.
INFO: [VLOG 209-307] Generating Verilog RTL for fir_wrap.
INFO: [HLS 200-790] **** Loop Constraint Status: All loop constraints were NOT satisfied.
INFO: [HLS 200-789] **** Estimated Fmax: 253.16 MHz
INFO: [HLS 200-2161] Finished Command csynth_design Elapsed time: 00:00:14; Allocated memory: 63.531 MB.
INFO: [HLS 200-1510] Running: cosim_design 
INFO: [COSIM 212-47] Using XSIM for RTL simulation.
INFO: [COSIM 212-14] Instrumenting C test bench ...
INFO: [COSIM 212-302] Starting C TB testing ... 
INFO: [COSIM 212-333] Generating C post check test bench ...
INFO: [COSIM 212-12] Generating RTL test bench ...
INFO: [COSIM 212-1] *** C/RTL co-simulation file generation completed. ***
INFO: [COSIM 212-323] Starting verilog simulation. 
INFO: [COSIM 212-15] Starting XSIM ...
INFO: [COSIM 212-316] Starting C post checking ...
INFO: [COSIM 212-1000] *** C/RTL co-simulation finished: PASS ***
INFO: [COSIM 212-211] II is measurable only when transaction number is greater than 1 in RTL simulation. Otherwise, they will be marked as all NA. If user wants to calculate them, please make sure there are at least 2 transactions in RTL simulation.
INFO: [HLS 200-2161] Finished Command cosim_design Elapsed time: 00:00:25; Allocated memory: 5.934 MB.
INFO: [HLS 200-1510] Running: export_design -format ip_catalog -evaluate verilog 
INFO: [IMPL 213-8] Exporting RTL as a Vivado IP.
INFO: [IMPL 213-8] Starting RTL evaluation using Vivado ...
INFO: [HLS 200-802] Generated output file fir_hoisting/hoisting/impl/export.zip
WARNING: [HLS 200-484] The 'export_design -evaluate' command is deprecated and will be removed in a future release.
INFO: [HLS 200-2161] Finished Command export_design Elapsed time: 00:05:43; Allocated memory: 4.570 MB.
