================================================================
== Vivado RTL Synthesis Results
================================================================
+ General Information:
    * Date:            Wed Oct 30 16:36:48 +0800 2024
    * Version:         2024.1 (Build 5069499 on May 21 2024)
    * Project:         dct
    * Solution:        hls (Vivado IP Flow Target)
    * Product family:  zynq
    * Target device:   xc7z020-clg484-1


================================================================
== Run Constraints & Options
================================================================
+ Design Constraints & Options:
    * RTL Synthesis target clock:  10 ns
    * C-Synthesis target clock:    10 ns
    * C-Synthesis uncertainty:     27%

+ RTL Synthesis Options:
    * config_export -vivado_synth_strategy:     default
    * config_export -vivado_synth_design_args:  -directive sdx_optimization_effort_high

+ Reporting Options:
    * config_export -vivado_report_level:      2
    * config_export -vivado_max_timing_paths:  10


================================================================
== RTL Synthesis Resource Summary
================================================================
LUT:              647
FF:               376
DSP:              16
BRAM:             3
URAM:             0
SRL:              16


================================================================
== RTL Synthesis Timing Summary
================================================================
* Timing was met
+----------------+-------------+
| Timing         | Period (ns) |
+----------------+-------------+
| Target         | 10.000      |
| Post-Synthesis | 4.932       |
+----------------+-------------+


================================================================
== RTL Synthesis Resources
================================================================
+-------------------------------------------------------------------------+-----+-----+-----+------+------+-----+--------+------+---------+----------+--------+
| Name                                                                    | LUT | FF  | DSP | BRAM | URAM | SRL | Pragma | Impl | Latency | Variable | Source |
+-------------------------------------------------------------------------+-----+-----+-----+------+------+-----+--------+------+---------+----------+--------+
| inst                                                                    | 647 | 376 | 16  | 3    |      |     |        |      |         |          |        |
|   (inst)                                                                | 1   | 18  |     |      |      |     |        |      |         |          |        |
|   buf_2d_in_10_U                                                        | 16  |     |     |      |      |     |        |      |         |          |        |
|   buf_2d_in_11_U                                                        | 16  |     |     |      |      |     |        |      |         |          |        |
|   buf_2d_in_12_U                                                        | 16  |     |     |      |      |     |        |      |         |          |        |
|   buf_2d_in_13_U                                                        | 16  |     |     |      |      |     |        |      |         |          |        |
|   buf_2d_in_14_U                                                        | 16  |     |     |      |      |     |        |      |         |          |        |
|   buf_2d_in_8_U                                                         | 16  |     |     |      |      |     |        |      |         |          |        |
|   buf_2d_in_9_U                                                         | 16  |     |     |      |      |     |        |      |         |          |        |
|   buf_2d_in_U                                                           | 16  |     |     |      |      |     |        |      |         |          |        |
|   buf_2d_out_U                                                          |     |     |     | 1    |      |     |        |      |         |          |        |
|   col_inbuf_1_U                                                         | 16  |     |     |      |      |     |        |      |         |          |        |
|   col_inbuf_2_U                                                         | 16  |     |     |      |      |     |        |      |         |          |        |
|   col_inbuf_3_U                                                         | 16  |     |     |      |      |     |        |      |         |          |        |
|   col_inbuf_4_U                                                         | 16  |     |     |      |      |     |        |      |         |          |        |
|   col_inbuf_5_U                                                         | 16  |     |     |      |      |     |        |      |         |          |        |
|   col_inbuf_6_U                                                         | 16  |     |     |      |      |     |        |      |         |          |        |
|   col_inbuf_7_U                                                         | 16  |     |     |      |      |     |        |      |         |          |        |
|   col_inbuf_U                                                           | 16  |     |     |      |      |     |        |      |         |          |        |
|   col_outbuf_U                                                          |     |     |     | 1    |      |     |        |      |         |          |        |
|   dct_1d_dct_coeff_table_0_U                                            | 1   | 13  |     |      |      |     |        |      |         |          |        |
|   dct_1d_dct_coeff_table_1_U                                            |     | 11  |     |      |      |     |        |      |         |          |        |
|   dct_1d_dct_coeff_table_2_U                                            | 1   | 12  |     |      |      |     |        |      |         |          |        |
|   dct_1d_dct_coeff_table_3_U                                            | 1   | 10  |     |      |      |     |        |      |         |          |        |
|   grp_dct_Pipeline_Col_DCT_Loop_DCT_Outer_Loop_fu_190                   | 165 | 82  | 8   |      |      |     |        |      |         |          |        |
|     (grp_dct_Pipeline_Col_DCT_Loop_DCT_Outer_Loop_fu_190)               | 124 | 80  |     |      |      |     |        |      |         |          |        |
|     mac_muladd_16s_15s_13ns_29_4_1_U52                                  | 12  |     | 1   |      |      |     |        |      |         |          |        |
|     mac_muladd_16s_15s_29ns_29_4_1_U54                                  | 6   |     | 1   |      |      |     |        |      |         |          |        |
|     mac_muladd_16s_15s_29s_29_4_1_U53                                   | 11  |     | 2   |      |      |     |        |      |         |          |        |
|     mac_muladd_16s_15s_29s_29_4_1_U55                                   |     |     | 2   |      |      |     |        |      |         |          |        |
|     mac_muladd_16s_15s_29s_29_4_1_U56                                   | 1   |     | 2   |      |      |     |        |      |         |          |        |
|   grp_dct_Pipeline_RD_Loop_Row_RD_Loop_Col_fu_126                       | 28  | 36  |     |      |      |     |        |      |         |          |        |
|     (grp_dct_Pipeline_RD_Loop_Row_RD_Loop_Col_fu_126)                   | 16  | 34  |     |      |      |     |        |      |         |          |        |
|     flow_control_loop_pipe_sequential_init_U                            | 12  | 2   |     |      |      |     |        |      |         |          |        |
|   grp_dct_Pipeline_Row_DCT_Loop_DCT_Outer_Loop_fu_148                   | 108 | 86  | 8   |      |      |     |        |      |         |          |        |
|     (grp_dct_Pipeline_Row_DCT_Loop_DCT_Outer_Loop_fu_148)               | 93  | 84  |     |      |      |     |        |      |         |          |        |
|     flow_control_loop_pipe_sequential_init_U                            | 11  | 2   |     |      |      |     |        |      |         |          |        |
|     mac_muladd_16s_15s_13ns_29_4_1_U13                                  |     |     | 1   |      |      |     |        |      |         |          |        |
|     mac_muladd_16s_15s_29ns_29_4_1_U15                                  |     |     | 1   |      |      |     |        |      |         |          |        |
|     mac_muladd_16s_15s_29s_29_4_1_U14                                   | 3   |     | 2   |      |      |     |        |      |         |          |        |
|     mac_muladd_16s_15s_29s_29_4_1_U16                                   |     |     | 2   |      |      |     |        |      |         |          |        |
|     mac_muladd_16s_15s_29s_29_4_1_U17                                   | 1   |     | 2   |      |      |     |        |      |         |          |        |
|   grp_dct_Pipeline_WR_Loop_Row_WR_Loop_Col_fu_225                       | 26  | 33  |     |      |      |     |        |      |         |          |        |
|     (grp_dct_Pipeline_WR_Loop_Row_WR_Loop_Col_fu_225)                   | 14  | 31  |     |      |      |     |        |      |         |          |        |
|     flow_control_loop_pipe_sequential_init_U                            | 12  | 2   |     |      |      |     |        |      |         |          |        |
|   grp_dct_Pipeline_Xpose_Col_Outer_Loop_Xpose_Col_Inner_Loop_fu_219     | 29  | 40  |     |      |      |     |        |      |         |          |        |
|     (grp_dct_Pipeline_Xpose_Col_Outer_Loop_Xpose_Col_Inner_Loop_fu_219) | 18  | 38  |     |      |      |     |        |      |         |          |        |
|     flow_control_loop_pipe_sequential_init_U                            | 11  | 2   |     |      |      |     |        |      |         |          |        |
|   grp_dct_Pipeline_Xpose_Row_Outer_Loop_Xpose_Row_Inner_Loop_fu_177     | 31  | 35  |     |      |      |     |        |      |         |          |        |
|     (grp_dct_Pipeline_Xpose_Row_Outer_Loop_Xpose_Row_Inner_Loop_fu_177) | 20  | 33  |     |      |      |     |        |      |         |          |        |
|     flow_control_loop_pipe_sequential_init_U                            | 11  | 2   |     |      |      |     |        |      |         |          |        |
|   row_outbuf_U                                                          |     |     |     | 1    |      |     |        |      |         |          |        |
+-------------------------------------------------------------------------+-----+-----+-----+------+------+-----+--------+------+---------+----------+--------+


================================================================
== RTL Synthesis Fail Fast
================================================================
+-----------------------------------------------------------+-----------+--------+--------+
| Criteria                                                  | Guideline | Actual | Status |
+-----------------------------------------------------------+-----------+--------+--------+
| LUT                                                       | 70%       | 1.22%  | OK     |
| FD                                                        | 50%       | 0.35%  | OK     |
| LUTRAM+SRL                                                | 25%       | 1.56%  | OK     |
| MUXF7                                                     | 15%       | 0.00%  | OK     |
| DSP                                                       | 80%       | 7.27%  | OK     |
| RAMB/FIFO                                                 | 80%       | 1.07%  | OK     |
| DSP+RAMB+URAM (Avg)                                       | 70%       | 4.17%  | OK     |
| BUFGCE* + BUFGCTRL                                        | 24        | 0      | OK     |
| DONT_TOUCH (cells/nets)                                   | 0         | 0      | OK     |
| MARK_DEBUG (nets)                                         | 0         | 0      | OK     |
| Control Sets                                              | 998       | 34     | OK     |
| Average Fanout for modules > 100k cells                   | 4         | 2.24   | OK     |
| Max Average Fanout for modules > 100k cells               | 4         | 0      | OK     |
| Non-FD high fanout nets > 10k loads                       | 0         | 0      | OK     |
+-----------------------------------------------------------+-----------+--------+--------+
| TIMING-6 (No common primary clock between related clocks) | 0         | 0      | OK     |
| TIMING-7 (No common node between related clocks)          | 0         | 0      | OK     |
| TIMING-8 (No common period between related clocks)        | 0         | 0      | OK     |
| TIMING-14 (LUT on the clock tree)                         | 0         | 0      | OK     |
| TIMING-35 (No common node in paths with the same clock)   | 0         | 0      | OK     |
+-----------------------------------------------------------+-----------+--------+--------+
| Number of paths above max LUT budgeting (0.575ns)         | 0         | 0      | OK     |
| Number of paths above max Net budgeting (0.403ns)         | 0         | 0      | OK     |
+-----------------------------------------------------------+-----------+--------+--------+


================================================================
== RTL Synthesis Timing Paths
================================================================
* Timing was met
+-------+-------+----------------------------------------------------------------------+-----------------------------------------------------------------------------------------------------------------------------------------------------+--------------+------------+----------------+----------------+--------------+
| Path  | SLACK | STARTPOINT PIN                                                       | ENDPOINT PIN                                                                                                                                        | LOGIC LEVELS | MAX FANOUT | DATAPATH DELAY | DATAPATH LOGIC | DATAPATH NET |
|       |       |                                                                      |                                                                                                                                                     |              |            |                |          DELAY |        DELAY |
+-------+-------+----------------------------------------------------------------------+-----------------------------------------------------------------------------------------------------------------------------------------------------+--------------+------------+----------------+----------------+--------------+
| Path1 | 5.068 | grp_dct_Pipeline_Col_DCT_Loop_DCT_Outer_Loop_fu_190/i_fu_82_reg[1]/C | grp_dct_Pipeline_Col_DCT_Loop_DCT_Outer_Loop_fu_190/mac_muladd_16s_15s_13ns_29_4_1_U52/dct_mac_muladd_16s_15s_13ns_29_4_1_DSP48_0_U/p_reg_reg/A[0]  |            3 |         16 |          4.486 |          1.218 |        3.268 |
| Path2 | 5.068 | grp_dct_Pipeline_Col_DCT_Loop_DCT_Outer_Loop_fu_190/i_fu_82_reg[1]/C | grp_dct_Pipeline_Col_DCT_Loop_DCT_Outer_Loop_fu_190/mac_muladd_16s_15s_13ns_29_4_1_U52/dct_mac_muladd_16s_15s_13ns_29_4_1_DSP48_0_U/p_reg_reg/A[10] |            3 |         16 |          4.486 |          1.218 |        3.268 |
| Path3 | 5.068 | grp_dct_Pipeline_Col_DCT_Loop_DCT_Outer_Loop_fu_190/i_fu_82_reg[1]/C | grp_dct_Pipeline_Col_DCT_Loop_DCT_Outer_Loop_fu_190/mac_muladd_16s_15s_13ns_29_4_1_U52/dct_mac_muladd_16s_15s_13ns_29_4_1_DSP48_0_U/p_reg_reg/A[11] |            3 |         16 |          4.486 |          1.218 |        3.268 |
| Path4 | 5.068 | grp_dct_Pipeline_Col_DCT_Loop_DCT_Outer_Loop_fu_190/i_fu_82_reg[1]/C | grp_dct_Pipeline_Col_DCT_Loop_DCT_Outer_Loop_fu_190/mac_muladd_16s_15s_13ns_29_4_1_U52/dct_mac_muladd_16s_15s_13ns_29_4_1_DSP48_0_U/p_reg_reg/A[12] |            3 |         16 |          4.486 |          1.218 |        3.268 |
| Path5 | 5.068 | grp_dct_Pipeline_Col_DCT_Loop_DCT_Outer_Loop_fu_190/i_fu_82_reg[1]/C | grp_dct_Pipeline_Col_DCT_Loop_DCT_Outer_Loop_fu_190/mac_muladd_16s_15s_13ns_29_4_1_U52/dct_mac_muladd_16s_15s_13ns_29_4_1_DSP48_0_U/p_reg_reg/A[13] |            3 |         16 |          4.486 |          1.218 |        3.268 |
+-------+-------+----------------------------------------------------------------------+-----------------------------------------------------------------------------------------------------------------------------------------------------+--------------+------------+----------------+----------------+--------------+

    +-----------------------------------------------------------------------------------------------------------------------------------------------+----------------------+
    | Path1 Cells                                                                                                                                   | Primitive Type       |
    +-----------------------------------------------------------------------------------------------------------------------------------------------+----------------------+
    | grp_dct_Pipeline_Col_DCT_Loop_DCT_Outer_Loop_fu_190/i_fu_82_reg[1]                                                                            | FLOP_LATCH.flop.FDRE |
    | grp_dct_Pipeline_Col_DCT_Loop_DCT_Outer_Loop_fu_190/zext_ln43_reg_595[1]_i_1                                                                  | LUT.others.LUT6      |
    | grp_dct_Pipeline_Col_DCT_Loop_DCT_Outer_Loop_fu_190/ram_reg_0_7_0_0_i_3__1                                                                    | LUT.others.LUT3      |
    | col_inbuf_7_U/ram_reg_0_7_0_0/SP                                                                                                              | DMEM.dram.RAM32X1S   |
    | grp_dct_Pipeline_Col_DCT_Loop_DCT_Outer_Loop_fu_190/mac_muladd_16s_15s_13ns_29_4_1_U52/dct_mac_muladd_16s_15s_13ns_29_4_1_DSP48_0_U/p_reg_reg | MULT.dsp.DSP48E1     |
    | grp_dct_Pipeline_Col_DCT_Loop_DCT_Outer_Loop_fu_190/i_fu_82_reg[1]                                                                            | FLOP_LATCH.flop.FDRE |
    | grp_dct_Pipeline_Col_DCT_Loop_DCT_Outer_Loop_fu_190/zext_ln43_reg_595[1]_i_1                                                                  | LUT.others.LUT6      |
    | grp_dct_Pipeline_Col_DCT_Loop_DCT_Outer_Loop_fu_190/ram_reg_0_7_0_0_i_3__1                                                                    | LUT.others.LUT3      |
    | col_inbuf_7_U/ram_reg_0_7_10_10/SP                                                                                                            | DMEM.dram.RAM32X1S   |
    | grp_dct_Pipeline_Col_DCT_Loop_DCT_Outer_Loop_fu_190/mac_muladd_16s_15s_13ns_29_4_1_U52/dct_mac_muladd_16s_15s_13ns_29_4_1_DSP48_0_U/p_reg_reg | MULT.dsp.DSP48E1     |
    | grp_dct_Pipeline_Col_DCT_Loop_DCT_Outer_Loop_fu_190/i_fu_82_reg[1]                                                                            | FLOP_LATCH.flop.FDRE |
    | grp_dct_Pipeline_Col_DCT_Loop_DCT_Outer_Loop_fu_190/zext_ln43_reg_595[1]_i_1                                                                  | LUT.others.LUT6      |
    | grp_dct_Pipeline_Col_DCT_Loop_DCT_Outer_Loop_fu_190/ram_reg_0_7_0_0_i_3__1                                                                    | LUT.others.LUT3      |
    | col_inbuf_7_U/ram_reg_0_7_11_11/SP                                                                                                            | DMEM.dram.RAM32X1S   |
    | grp_dct_Pipeline_Col_DCT_Loop_DCT_Outer_Loop_fu_190/mac_muladd_16s_15s_13ns_29_4_1_U52/dct_mac_muladd_16s_15s_13ns_29_4_1_DSP48_0_U/p_reg_reg | MULT.dsp.DSP48E1     |
    | grp_dct_Pipeline_Col_DCT_Loop_DCT_Outer_Loop_fu_190/i_fu_82_reg[1]                                                                            | FLOP_LATCH.flop.FDRE |
    | grp_dct_Pipeline_Col_DCT_Loop_DCT_Outer_Loop_fu_190/zext_ln43_reg_595[1]_i_1                                                                  | LUT.others.LUT6      |
    | grp_dct_Pipeline_Col_DCT_Loop_DCT_Outer_Loop_fu_190/ram_reg_0_7_0_0_i_3__1                                                                    | LUT.others.LUT3      |
    | col_inbuf_7_U/ram_reg_0_7_12_12/SP                                                                                                            | DMEM.dram.RAM32X1S   |
    | grp_dct_Pipeline_Col_DCT_Loop_DCT_Outer_Loop_fu_190/mac_muladd_16s_15s_13ns_29_4_1_U52/dct_mac_muladd_16s_15s_13ns_29_4_1_DSP48_0_U/p_reg_reg | MULT.dsp.DSP48E1     |
    | grp_dct_Pipeline_Col_DCT_Loop_DCT_Outer_Loop_fu_190/i_fu_82_reg[1]                                                                            | FLOP_LATCH.flop.FDRE |
    | grp_dct_Pipeline_Col_DCT_Loop_DCT_Outer_Loop_fu_190/zext_ln43_reg_595[1]_i_1                                                                  | LUT.others.LUT6      |
    | grp_dct_Pipeline_Col_DCT_Loop_DCT_Outer_Loop_fu_190/ram_reg_0_7_0_0_i_3__1                                                                    | LUT.others.LUT3      |
    | col_inbuf_7_U/ram_reg_0_7_13_13/SP                                                                                                            | DMEM.dram.RAM32X1S   |
    | grp_dct_Pipeline_Col_DCT_Loop_DCT_Outer_Loop_fu_190/mac_muladd_16s_15s_13ns_29_4_1_U52/dct_mac_muladd_16s_15s_13ns_29_4_1_DSP48_0_U/p_reg_reg | MULT.dsp.DSP48E1     |
    +-----------------------------------------------------------------------------------------------------------------------------------------------+----------------------+

    +-----------------------------------------------------------------------------------------------------------------------------------------------+----------------------+
    | Path2 Cells                                                                                                                                   | Primitive Type       |
    +-----------------------------------------------------------------------------------------------------------------------------------------------+----------------------+
    | grp_dct_Pipeline_Col_DCT_Loop_DCT_Outer_Loop_fu_190/i_fu_82_reg[1]                                                                            | FLOP_LATCH.flop.FDRE |
    | grp_dct_Pipeline_Col_DCT_Loop_DCT_Outer_Loop_fu_190/zext_ln43_reg_595[1]_i_1                                                                  | LUT.others.LUT6      |
    | grp_dct_Pipeline_Col_DCT_Loop_DCT_Outer_Loop_fu_190/ram_reg_0_7_0_0_i_3__1                                                                    | LUT.others.LUT3      |
    | col_inbuf_7_U/ram_reg_0_7_0_0/SP                                                                                                              | DMEM.dram.RAM32X1S   |
    | grp_dct_Pipeline_Col_DCT_Loop_DCT_Outer_Loop_fu_190/mac_muladd_16s_15s_13ns_29_4_1_U52/dct_mac_muladd_16s_15s_13ns_29_4_1_DSP48_0_U/p_reg_reg | MULT.dsp.DSP48E1     |
    | grp_dct_Pipeline_Col_DCT_Loop_DCT_Outer_Loop_fu_190/i_fu_82_reg[1]                                                                            | FLOP_LATCH.flop.FDRE |
    | grp_dct_Pipeline_Col_DCT_Loop_DCT_Outer_Loop_fu_190/zext_ln43_reg_595[1]_i_1                                                                  | LUT.others.LUT6      |
    | grp_dct_Pipeline_Col_DCT_Loop_DCT_Outer_Loop_fu_190/ram_reg_0_7_0_0_i_3__1                                                                    | LUT.others.LUT3      |
    | col_inbuf_7_U/ram_reg_0_7_10_10/SP                                                                                                            | DMEM.dram.RAM32X1S   |
    | grp_dct_Pipeline_Col_DCT_Loop_DCT_Outer_Loop_fu_190/mac_muladd_16s_15s_13ns_29_4_1_U52/dct_mac_muladd_16s_15s_13ns_29_4_1_DSP48_0_U/p_reg_reg | MULT.dsp.DSP48E1     |
    | grp_dct_Pipeline_Col_DCT_Loop_DCT_Outer_Loop_fu_190/i_fu_82_reg[1]                                                                            | FLOP_LATCH.flop.FDRE |
    | grp_dct_Pipeline_Col_DCT_Loop_DCT_Outer_Loop_fu_190/zext_ln43_reg_595[1]_i_1                                                                  | LUT.others.LUT6      |
    | grp_dct_Pipeline_Col_DCT_Loop_DCT_Outer_Loop_fu_190/ram_reg_0_7_0_0_i_3__1                                                                    | LUT.others.LUT3      |
    | col_inbuf_7_U/ram_reg_0_7_11_11/SP                                                                                                            | DMEM.dram.RAM32X1S   |
    | grp_dct_Pipeline_Col_DCT_Loop_DCT_Outer_Loop_fu_190/mac_muladd_16s_15s_13ns_29_4_1_U52/dct_mac_muladd_16s_15s_13ns_29_4_1_DSP48_0_U/p_reg_reg | MULT.dsp.DSP48E1     |
    | grp_dct_Pipeline_Col_DCT_Loop_DCT_Outer_Loop_fu_190/i_fu_82_reg[1]                                                                            | FLOP_LATCH.flop.FDRE |
    | grp_dct_Pipeline_Col_DCT_Loop_DCT_Outer_Loop_fu_190/zext_ln43_reg_595[1]_i_1                                                                  | LUT.others.LUT6      |
    | grp_dct_Pipeline_Col_DCT_Loop_DCT_Outer_Loop_fu_190/ram_reg_0_7_0_0_i_3__1                                                                    | LUT.others.LUT3      |
    | col_inbuf_7_U/ram_reg_0_7_12_12/SP                                                                                                            | DMEM.dram.RAM32X1S   |
    | grp_dct_Pipeline_Col_DCT_Loop_DCT_Outer_Loop_fu_190/mac_muladd_16s_15s_13ns_29_4_1_U52/dct_mac_muladd_16s_15s_13ns_29_4_1_DSP48_0_U/p_reg_reg | MULT.dsp.DSP48E1     |
    | grp_dct_Pipeline_Col_DCT_Loop_DCT_Outer_Loop_fu_190/i_fu_82_reg[1]                                                                            | FLOP_LATCH.flop.FDRE |
    | grp_dct_Pipeline_Col_DCT_Loop_DCT_Outer_Loop_fu_190/zext_ln43_reg_595[1]_i_1                                                                  | LUT.others.LUT6      |
    | grp_dct_Pipeline_Col_DCT_Loop_DCT_Outer_Loop_fu_190/ram_reg_0_7_0_0_i_3__1                                                                    | LUT.others.LUT3      |
    | col_inbuf_7_U/ram_reg_0_7_13_13/SP                                                                                                            | DMEM.dram.RAM32X1S   |
    | grp_dct_Pipeline_Col_DCT_Loop_DCT_Outer_Loop_fu_190/mac_muladd_16s_15s_13ns_29_4_1_U52/dct_mac_muladd_16s_15s_13ns_29_4_1_DSP48_0_U/p_reg_reg | MULT.dsp.DSP48E1     |
    +-----------------------------------------------------------------------------------------------------------------------------------------------+----------------------+

    +-----------------------------------------------------------------------------------------------------------------------------------------------+----------------------+
    | Path3 Cells                                                                                                                                   | Primitive Type       |
    +-----------------------------------------------------------------------------------------------------------------------------------------------+----------------------+
    | grp_dct_Pipeline_Col_DCT_Loop_DCT_Outer_Loop_fu_190/i_fu_82_reg[1]                                                                            | FLOP_LATCH.flop.FDRE |
    | grp_dct_Pipeline_Col_DCT_Loop_DCT_Outer_Loop_fu_190/zext_ln43_reg_595[1]_i_1                                                                  | LUT.others.LUT6      |
    | grp_dct_Pipeline_Col_DCT_Loop_DCT_Outer_Loop_fu_190/ram_reg_0_7_0_0_i_3__1                                                                    | LUT.others.LUT3      |
    | col_inbuf_7_U/ram_reg_0_7_0_0/SP                                                                                                              | DMEM.dram.RAM32X1S   |
    | grp_dct_Pipeline_Col_DCT_Loop_DCT_Outer_Loop_fu_190/mac_muladd_16s_15s_13ns_29_4_1_U52/dct_mac_muladd_16s_15s_13ns_29_4_1_DSP48_0_U/p_reg_reg | MULT.dsp.DSP48E1     |
    | grp_dct_Pipeline_Col_DCT_Loop_DCT_Outer_Loop_fu_190/i_fu_82_reg[1]                                                                            | FLOP_LATCH.flop.FDRE |
    | grp_dct_Pipeline_Col_DCT_Loop_DCT_Outer_Loop_fu_190/zext_ln43_reg_595[1]_i_1                                                                  | LUT.others.LUT6      |
    | grp_dct_Pipeline_Col_DCT_Loop_DCT_Outer_Loop_fu_190/ram_reg_0_7_0_0_i_3__1                                                                    | LUT.others.LUT3      |
    | col_inbuf_7_U/ram_reg_0_7_10_10/SP                                                                                                            | DMEM.dram.RAM32X1S   |
    | grp_dct_Pipeline_Col_DCT_Loop_DCT_Outer_Loop_fu_190/mac_muladd_16s_15s_13ns_29_4_1_U52/dct_mac_muladd_16s_15s_13ns_29_4_1_DSP48_0_U/p_reg_reg | MULT.dsp.DSP48E1     |
    | grp_dct_Pipeline_Col_DCT_Loop_DCT_Outer_Loop_fu_190/i_fu_82_reg[1]                                                                            | FLOP_LATCH.flop.FDRE |
    | grp_dct_Pipeline_Col_DCT_Loop_DCT_Outer_Loop_fu_190/zext_ln43_reg_595[1]_i_1                                                                  | LUT.others.LUT6      |
    | grp_dct_Pipeline_Col_DCT_Loop_DCT_Outer_Loop_fu_190/ram_reg_0_7_0_0_i_3__1                                                                    | LUT.others.LUT3      |
    | col_inbuf_7_U/ram_reg_0_7_11_11/SP                                                                                                            | DMEM.dram.RAM32X1S   |
    | grp_dct_Pipeline_Col_DCT_Loop_DCT_Outer_Loop_fu_190/mac_muladd_16s_15s_13ns_29_4_1_U52/dct_mac_muladd_16s_15s_13ns_29_4_1_DSP48_0_U/p_reg_reg | MULT.dsp.DSP48E1     |
    | grp_dct_Pipeline_Col_DCT_Loop_DCT_Outer_Loop_fu_190/i_fu_82_reg[1]                                                                            | FLOP_LATCH.flop.FDRE |
    | grp_dct_Pipeline_Col_DCT_Loop_DCT_Outer_Loop_fu_190/zext_ln43_reg_595[1]_i_1                                                                  | LUT.others.LUT6      |
    | grp_dct_Pipeline_Col_DCT_Loop_DCT_Outer_Loop_fu_190/ram_reg_0_7_0_0_i_3__1                                                                    | LUT.others.LUT3      |
    | col_inbuf_7_U/ram_reg_0_7_12_12/SP                                                                                                            | DMEM.dram.RAM32X1S   |
    | grp_dct_Pipeline_Col_DCT_Loop_DCT_Outer_Loop_fu_190/mac_muladd_16s_15s_13ns_29_4_1_U52/dct_mac_muladd_16s_15s_13ns_29_4_1_DSP48_0_U/p_reg_reg | MULT.dsp.DSP48E1     |
    | grp_dct_Pipeline_Col_DCT_Loop_DCT_Outer_Loop_fu_190/i_fu_82_reg[1]                                                                            | FLOP_LATCH.flop.FDRE |
    | grp_dct_Pipeline_Col_DCT_Loop_DCT_Outer_Loop_fu_190/zext_ln43_reg_595[1]_i_1                                                                  | LUT.others.LUT6      |
    | grp_dct_Pipeline_Col_DCT_Loop_DCT_Outer_Loop_fu_190/ram_reg_0_7_0_0_i_3__1                                                                    | LUT.others.LUT3      |
    | col_inbuf_7_U/ram_reg_0_7_13_13/SP                                                                                                            | DMEM.dram.RAM32X1S   |
    | grp_dct_Pipeline_Col_DCT_Loop_DCT_Outer_Loop_fu_190/mac_muladd_16s_15s_13ns_29_4_1_U52/dct_mac_muladd_16s_15s_13ns_29_4_1_DSP48_0_U/p_reg_reg | MULT.dsp.DSP48E1     |
    +-----------------------------------------------------------------------------------------------------------------------------------------------+----------------------+

    +-----------------------------------------------------------------------------------------------------------------------------------------------+----------------------+
    | Path4 Cells                                                                                                                                   | Primitive Type       |
    +-----------------------------------------------------------------------------------------------------------------------------------------------+----------------------+
    | grp_dct_Pipeline_Col_DCT_Loop_DCT_Outer_Loop_fu_190/i_fu_82_reg[1]                                                                            | FLOP_LATCH.flop.FDRE |
    | grp_dct_Pipeline_Col_DCT_Loop_DCT_Outer_Loop_fu_190/zext_ln43_reg_595[1]_i_1                                                                  | LUT.others.LUT6      |
    | grp_dct_Pipeline_Col_DCT_Loop_DCT_Outer_Loop_fu_190/ram_reg_0_7_0_0_i_3__1                                                                    | LUT.others.LUT3      |
    | col_inbuf_7_U/ram_reg_0_7_0_0/SP                                                                                                              | DMEM.dram.RAM32X1S   |
    | grp_dct_Pipeline_Col_DCT_Loop_DCT_Outer_Loop_fu_190/mac_muladd_16s_15s_13ns_29_4_1_U52/dct_mac_muladd_16s_15s_13ns_29_4_1_DSP48_0_U/p_reg_reg | MULT.dsp.DSP48E1     |
    | grp_dct_Pipeline_Col_DCT_Loop_DCT_Outer_Loop_fu_190/i_fu_82_reg[1]                                                                            | FLOP_LATCH.flop.FDRE |
    | grp_dct_Pipeline_Col_DCT_Loop_DCT_Outer_Loop_fu_190/zext_ln43_reg_595[1]_i_1                                                                  | LUT.others.LUT6      |
    | grp_dct_Pipeline_Col_DCT_Loop_DCT_Outer_Loop_fu_190/ram_reg_0_7_0_0_i_3__1                                                                    | LUT.others.LUT3      |
    | col_inbuf_7_U/ram_reg_0_7_10_10/SP                                                                                                            | DMEM.dram.RAM32X1S   |
    | grp_dct_Pipeline_Col_DCT_Loop_DCT_Outer_Loop_fu_190/mac_muladd_16s_15s_13ns_29_4_1_U52/dct_mac_muladd_16s_15s_13ns_29_4_1_DSP48_0_U/p_reg_reg | MULT.dsp.DSP48E1     |
    | grp_dct_Pipeline_Col_DCT_Loop_DCT_Outer_Loop_fu_190/i_fu_82_reg[1]                                                                            | FLOP_LATCH.flop.FDRE |
    | grp_dct_Pipeline_Col_DCT_Loop_DCT_Outer_Loop_fu_190/zext_ln43_reg_595[1]_i_1                                                                  | LUT.others.LUT6      |
    | grp_dct_Pipeline_Col_DCT_Loop_DCT_Outer_Loop_fu_190/ram_reg_0_7_0_0_i_3__1                                                                    | LUT.others.LUT3      |
    | col_inbuf_7_U/ram_reg_0_7_11_11/SP                                                                                                            | DMEM.dram.RAM32X1S   |
    | grp_dct_Pipeline_Col_DCT_Loop_DCT_Outer_Loop_fu_190/mac_muladd_16s_15s_13ns_29_4_1_U52/dct_mac_muladd_16s_15s_13ns_29_4_1_DSP48_0_U/p_reg_reg | MULT.dsp.DSP48E1     |
    | grp_dct_Pipeline_Col_DCT_Loop_DCT_Outer_Loop_fu_190/i_fu_82_reg[1]                                                                            | FLOP_LATCH.flop.FDRE |
    | grp_dct_Pipeline_Col_DCT_Loop_DCT_Outer_Loop_fu_190/zext_ln43_reg_595[1]_i_1                                                                  | LUT.others.LUT6      |
    | grp_dct_Pipeline_Col_DCT_Loop_DCT_Outer_Loop_fu_190/ram_reg_0_7_0_0_i_3__1                                                                    | LUT.others.LUT3      |
    | col_inbuf_7_U/ram_reg_0_7_12_12/SP                                                                                                            | DMEM.dram.RAM32X1S   |
    | grp_dct_Pipeline_Col_DCT_Loop_DCT_Outer_Loop_fu_190/mac_muladd_16s_15s_13ns_29_4_1_U52/dct_mac_muladd_16s_15s_13ns_29_4_1_DSP48_0_U/p_reg_reg | MULT.dsp.DSP48E1     |
    | grp_dct_Pipeline_Col_DCT_Loop_DCT_Outer_Loop_fu_190/i_fu_82_reg[1]                                                                            | FLOP_LATCH.flop.FDRE |
    | grp_dct_Pipeline_Col_DCT_Loop_DCT_Outer_Loop_fu_190/zext_ln43_reg_595[1]_i_1                                                                  | LUT.others.LUT6      |
    | grp_dct_Pipeline_Col_DCT_Loop_DCT_Outer_Loop_fu_190/ram_reg_0_7_0_0_i_3__1                                                                    | LUT.others.LUT3      |
    | col_inbuf_7_U/ram_reg_0_7_13_13/SP                                                                                                            | DMEM.dram.RAM32X1S   |
    | grp_dct_Pipeline_Col_DCT_Loop_DCT_Outer_Loop_fu_190/mac_muladd_16s_15s_13ns_29_4_1_U52/dct_mac_muladd_16s_15s_13ns_29_4_1_DSP48_0_U/p_reg_reg | MULT.dsp.DSP48E1     |
    +-----------------------------------------------------------------------------------------------------------------------------------------------+----------------------+

    +-----------------------------------------------------------------------------------------------------------------------------------------------+----------------------+
    | Path5 Cells                                                                                                                                   | Primitive Type       |
    +-----------------------------------------------------------------------------------------------------------------------------------------------+----------------------+
    | grp_dct_Pipeline_Col_DCT_Loop_DCT_Outer_Loop_fu_190/i_fu_82_reg[1]                                                                            | FLOP_LATCH.flop.FDRE |
    | grp_dct_Pipeline_Col_DCT_Loop_DCT_Outer_Loop_fu_190/zext_ln43_reg_595[1]_i_1                                                                  | LUT.others.LUT6      |
    | grp_dct_Pipeline_Col_DCT_Loop_DCT_Outer_Loop_fu_190/ram_reg_0_7_0_0_i_3__1                                                                    | LUT.others.LUT3      |
    | col_inbuf_7_U/ram_reg_0_7_0_0/SP                                                                                                              | DMEM.dram.RAM32X1S   |
    | grp_dct_Pipeline_Col_DCT_Loop_DCT_Outer_Loop_fu_190/mac_muladd_16s_15s_13ns_29_4_1_U52/dct_mac_muladd_16s_15s_13ns_29_4_1_DSP48_0_U/p_reg_reg | MULT.dsp.DSP48E1     |
    | grp_dct_Pipeline_Col_DCT_Loop_DCT_Outer_Loop_fu_190/i_fu_82_reg[1]                                                                            | FLOP_LATCH.flop.FDRE |
    | grp_dct_Pipeline_Col_DCT_Loop_DCT_Outer_Loop_fu_190/zext_ln43_reg_595[1]_i_1                                                                  | LUT.others.LUT6      |
    | grp_dct_Pipeline_Col_DCT_Loop_DCT_Outer_Loop_fu_190/ram_reg_0_7_0_0_i_3__1                                                                    | LUT.others.LUT3      |
    | col_inbuf_7_U/ram_reg_0_7_10_10/SP                                                                                                            | DMEM.dram.RAM32X1S   |
    | grp_dct_Pipeline_Col_DCT_Loop_DCT_Outer_Loop_fu_190/mac_muladd_16s_15s_13ns_29_4_1_U52/dct_mac_muladd_16s_15s_13ns_29_4_1_DSP48_0_U/p_reg_reg | MULT.dsp.DSP48E1     |
    | grp_dct_Pipeline_Col_DCT_Loop_DCT_Outer_Loop_fu_190/i_fu_82_reg[1]                                                                            | FLOP_LATCH.flop.FDRE |
    | grp_dct_Pipeline_Col_DCT_Loop_DCT_Outer_Loop_fu_190/zext_ln43_reg_595[1]_i_1                                                                  | LUT.others.LUT6      |
    | grp_dct_Pipeline_Col_DCT_Loop_DCT_Outer_Loop_fu_190/ram_reg_0_7_0_0_i_3__1                                                                    | LUT.others.LUT3      |
    | col_inbuf_7_U/ram_reg_0_7_11_11/SP                                                                                                            | DMEM.dram.RAM32X1S   |
    | grp_dct_Pipeline_Col_DCT_Loop_DCT_Outer_Loop_fu_190/mac_muladd_16s_15s_13ns_29_4_1_U52/dct_mac_muladd_16s_15s_13ns_29_4_1_DSP48_0_U/p_reg_reg | MULT.dsp.DSP48E1     |
    | grp_dct_Pipeline_Col_DCT_Loop_DCT_Outer_Loop_fu_190/i_fu_82_reg[1]                                                                            | FLOP_LATCH.flop.FDRE |
    | grp_dct_Pipeline_Col_DCT_Loop_DCT_Outer_Loop_fu_190/zext_ln43_reg_595[1]_i_1                                                                  | LUT.others.LUT6      |
    | grp_dct_Pipeline_Col_DCT_Loop_DCT_Outer_Loop_fu_190/ram_reg_0_7_0_0_i_3__1                                                                    | LUT.others.LUT3      |
    | col_inbuf_7_U/ram_reg_0_7_12_12/SP                                                                                                            | DMEM.dram.RAM32X1S   |
    | grp_dct_Pipeline_Col_DCT_Loop_DCT_Outer_Loop_fu_190/mac_muladd_16s_15s_13ns_29_4_1_U52/dct_mac_muladd_16s_15s_13ns_29_4_1_DSP48_0_U/p_reg_reg | MULT.dsp.DSP48E1     |
    | grp_dct_Pipeline_Col_DCT_Loop_DCT_Outer_Loop_fu_190/i_fu_82_reg[1]                                                                            | FLOP_LATCH.flop.FDRE |
    | grp_dct_Pipeline_Col_DCT_Loop_DCT_Outer_Loop_fu_190/zext_ln43_reg_595[1]_i_1                                                                  | LUT.others.LUT6      |
    | grp_dct_Pipeline_Col_DCT_Loop_DCT_Outer_Loop_fu_190/ram_reg_0_7_0_0_i_3__1                                                                    | LUT.others.LUT3      |
    | col_inbuf_7_U/ram_reg_0_7_13_13/SP                                                                                                            | DMEM.dram.RAM32X1S   |
    | grp_dct_Pipeline_Col_DCT_Loop_DCT_Outer_Loop_fu_190/mac_muladd_16s_15s_13ns_29_4_1_U52/dct_mac_muladd_16s_15s_13ns_29_4_1_DSP48_0_U/p_reg_reg | MULT.dsp.DSP48E1     |
    +-----------------------------------------------------------------------------------------------------------------------------------------------+----------------------+


================================================================
== RTL Synthesis Vivado Reports
================================================================
+--------------------------+------------------------------------------------------------+
| Report Type              | Report Location                                            |
+--------------------------+------------------------------------------------------------+
| design_analysis          | impl/verilog/report/dct_design_analysis_synth.rpt          |
| failfast                 | impl/verilog/report/dct_failfast_synth.rpt                 |
| timing                   | impl/verilog/report/dct_timing_synth.rpt                   |
| timing_paths             | impl/verilog/report/dct_timing_paths_synth.rpt             |
| utilization              | impl/verilog/report/dct_utilization_synth.rpt              |
| utilization_hierarchical | impl/verilog/report/dct_utilization_hierarchical_synth.rpt |
+--------------------------+------------------------------------------------------------+


