Copyright 1986-2022 Xilinx, Inc. All Rights Reserved. Copyright 2022-2024 Advanced Micro Devices, Inc. All Rights Reserved.
---------------------------------------------------------------------------------------------------------------------------------------------
| Tool Version : Vivado v.2024.1 (win64) Build 5076996 Wed May 22 18:37:14 MDT 2024
| Date         : Sun Dec 29 10:52:12 2024
| Host         : nightt_insider running 64-bit major release  (build 9200)
| Command      : report_design_analysis -file ./report/sobel_design_analysis_synth.rpt
| Design       : bd_0_wrapper
| Device       : xc7z020
| Design State : Synthesized
---------------------------------------------------------------------------------------------------------------------------------------------

Report Design Analysis

Table of Contents
-----------------
1. Setup Path Characteristics 1-1
2. Logic Level Distribution
3. Placer Final Level Congestion Reporting
4. SLR Net Crossing Reporting

1. Setup Path Characteristics 1-1
---------------------------------

+---------------------------+---------------------------------------------------------------------------------------------------------+
|      Characteristics      |                                                 Path #1                                                 |
+---------------------------+---------------------------------------------------------------------------------------------------------+
| Requirement               | 10.000                                                                                                  |
| Path Delay                | 5.946                                                                                                   |
| Logic Delay               | 3.314(56%)                                                                                              |
| Net Delay                 | 2.632(44%)                                                                                              |
| Clock Skew                | -0.049                                                                                                  |
| Slack                     | 3.446                                                                                                   |
| Clock Uncertainty         | 0.035                                                                                                   |
| Clock Relationship        | Safely Timed                                                                                            |
| Clock Delay Group         | Same Clock                                                                                              |
| Logic Levels              | 11                                                                                                      |
| Routes                    | NA                                                                                                      |
| Logical Path              | FDRE/C-(9)-CARRY4-(1)-CARRY4-CARRY4-CARRY4-CARRY4-CARRY4-CARRY4-CARRY4-LUT2-(1)-CARRY4-LUT2-(35)-FDRE/R |
| Start Point Clock         | ap_clk                                                                                                  |
| End Point Clock           | ap_clk                                                                                                  |
| DSP Block                 | None                                                                                                    |
| RAM Registers             | None-None                                                                                               |
| IO Crossings              | 0                                                                                                       |
| Config Crossings          | 0                                                                                                       |
| SLR Crossings             | 0                                                                                                       |
| PBlocks                   | 0                                                                                                       |
| High Fanout               | 35                                                                                                      |
| Dont Touch                | 0                                                                                                       |
| Mark Debug                | 0                                                                                                       |
| Start Point Pin Primitive | FDRE/C                                                                                                  |
| End Point Pin Primitive   | FDRE/R                                                                                                  |
| Start Point Pin           | int_cols_reg[4]/C                                                                                       |
| End Point Pin             | empty_reg_232_reg[0]/R                                                                                  |
+---------------------------+---------------------------------------------------------------------------------------------------------+
* Bounding box calculated as % of dimensions for the target device (308, 299)


2. Logic Level Distribution
---------------------------

+-----------------+-------------+-----+---+-----+-----+----+---+---+----+----+----+----+----+----+----+----+
| End Point Clock | Requirement |  0  | 3 |  4  |  5  |  6 | 8 | 9 | 10 | 11 | 12 | 13 | 14 | 15 | 16 | 17 |
+-----------------+-------------+-----+---+-----+-----+----+---+---+----+----+----+----+----+----+----+----+
| ap_clk          | 10.000ns    | 260 | 8 | 282 | 237 | 90 | 8 | 8 |  8 | 46 |  8 | 13 | 12 |  9 |  4 |  7 |
+-----------------+-------------+-----+---+-----+-----+----+---+---+----+----+----+----+----+----+----+----+
* Columns represent the logic levels per end point clock
** Distribution is for top worst 1000 paths


3. Placer Final Level Congestion Reporting
------------------------------------------

+-----------+------+-------+------------+--------+---------------+---------------+-----+--------+------+------+------+-----+-------+-----+------------+
| Direction | Type | Level | Congestion | Window | Combined LUTs | Avg LUT Input | LUT | LUTRAM | Flop | MUXF | RAMB | DSP | CARRY | SRL | Cell Names |
+-----------+------+-------+------------+--------+---------------+---------------+-----+--------+------+------+------+-----+-------+-----+------------+
* The design has not been placed, hence congestion data is not available. The command report_design_analysis -congestion should be run only after place_design has completed.


4. SLR Net Crossing Reporting
-----------------------------

+------------+-----------------------------+
| Cell Names | Number of Nets crossing SLR |
+------------+-----------------------------+
* The current part is not an SSI device


