Copyright 1986-2022 Xilinx, Inc. All Rights Reserved. Copyright 2022-2024 Advanced Micro Devices, Inc. All Rights Reserved.
---------------------------------------------------------------------------------------------------------------------------------------------
| Tool Version : Vivado v.2024.1 (win64) Build 5076996 Wed May 22 18:37:14 MDT 2024
| Date         : Sun Dec 29 10:52:11 2024
| Host         : nightt_insider running 64-bit major release  (build 9200)
| Command      : report_timing -max_paths 10 -file ./report/sobel_timing_paths_synth.rpt
| Design       : bd_0_wrapper
| Device       : 7z020-clg400
| Speed File   : -1  PRODUCTION 1.12 2019-11-22
| Design State : Synthesized
---------------------------------------------------------------------------------------------------------------------------------------------

Timing Report

Slack (MET) :             3.446ns  (required time - arrival time)
  Source:                 bd_0_i/hls_inst/inst/CTRL_s_axi_U/int_cols_reg[4]/C
                            (rising edge-triggered cell FDRE clocked by ap_clk  {rise@0.000ns fall@5.000ns period=10.000ns})
  Destination:            bd_0_i/hls_inst/inst/empty_reg_232_reg[0]/R
                            (rising edge-triggered cell FDRE clocked by ap_clk  {rise@0.000ns fall@5.000ns period=10.000ns})
  Path Group:             ap_clk
  Path Type:              Setup (Max at Slow Process Corner)
  Requirement:            10.000ns  (ap_clk rise@10.000ns - ap_clk rise@0.000ns)
  Data Path Delay:        5.946ns  (logic 3.314ns (55.735%)  route 2.632ns (44.265%))
  Logic Levels:           11  (CARRY4=9 LUT2=2)
  Clock Path Skew:        -0.049ns (DCD - SCD + CPR)
    Destination Clock Delay (DCD):    0.924ns = ( 10.924 - 10.000 ) 
    Source Clock Delay      (SCD):    0.973ns
    Clock Pessimism Removal (CPR):    0.000ns
  Clock Uncertainty:      0.035ns  ((TSJ^2 + TIJ^2)^1/2 + DJ) / 2 + PE
    Total System Jitter     (TSJ):    0.071ns
    Total Input Jitter      (TIJ):    0.000ns
    Discrete Jitter          (DJ):    0.000ns
    Phase Error              (PE):    0.000ns

    Location             Delay type                Incr(ns)  Path(ns)    Netlist Resource(s)
  -------------------------------------------------------------------    -------------------
                         (clock ap_clk rise edge)     0.000     0.000 r  
                                                      0.000     0.000 r  ap_clk (IN)
                         net (fo=4044, unset)         0.973     0.973    bd_0_i/hls_inst/inst/CTRL_s_axi_U/ap_clk
                         FDRE                                         r  bd_0_i/hls_inst/inst/CTRL_s_axi_U/int_cols_reg[4]/C
  -------------------------------------------------------------------    -------------------
                         FDRE (Prop_fdre_C_Q)         0.518     1.491 r  bd_0_i/hls_inst/inst/CTRL_s_axi_U/int_cols_reg[4]/Q
                         net (fo=9, unplaced)         0.687     2.178    bd_0_i/hls_inst/inst/CTRL_s_axi_U/int_cols_reg[31]_0[4]
                         CARRY4 (Prop_carry4_DI[3]_CO[3])
                                                      0.567     2.745 r  bd_0_i/hls_inst/inst/CTRL_s_axi_U/sub2_reg_227_reg[4]_i_1/CO[3]
                         net (fo=1, unplaced)         0.009     2.754    bd_0_i/hls_inst/inst/CTRL_s_axi_U/sub2_reg_227_reg[4]_i_1_n_0
                         CARRY4 (Prop_carry4_CI_CO[3])
                                                      0.117     2.871 r  bd_0_i/hls_inst/inst/CTRL_s_axi_U/sub2_reg_227_reg[8]_i_1/CO[3]
                         net (fo=1, unplaced)         0.000     2.871    bd_0_i/hls_inst/inst/CTRL_s_axi_U/sub2_reg_227_reg[8]_i_1_n_0
                         CARRY4 (Prop_carry4_CI_CO[3])
                                                      0.117     2.988 r  bd_0_i/hls_inst/inst/CTRL_s_axi_U/sub2_reg_227_reg[12]_i_1/CO[3]
                         net (fo=1, unplaced)         0.000     2.988    bd_0_i/hls_inst/inst/CTRL_s_axi_U/sub2_reg_227_reg[12]_i_1_n_0
                         CARRY4 (Prop_carry4_CI_CO[3])
                                                      0.117     3.105 r  bd_0_i/hls_inst/inst/CTRL_s_axi_U/sub2_reg_227_reg[16]_i_1/CO[3]
                         net (fo=1, unplaced)         0.000     3.105    bd_0_i/hls_inst/inst/CTRL_s_axi_U/sub2_reg_227_reg[16]_i_1_n_0
                         CARRY4 (Prop_carry4_CI_CO[3])
                                                      0.117     3.222 r  bd_0_i/hls_inst/inst/CTRL_s_axi_U/sub2_reg_227_reg[20]_i_1/CO[3]
                         net (fo=1, unplaced)         0.000     3.222    bd_0_i/hls_inst/inst/CTRL_s_axi_U/sub2_reg_227_reg[20]_i_1_n_0
                         CARRY4 (Prop_carry4_CI_CO[3])
                                                      0.117     3.339 r  bd_0_i/hls_inst/inst/CTRL_s_axi_U/sub2_reg_227_reg[24]_i_1/CO[3]
                         net (fo=1, unplaced)         0.000     3.339    bd_0_i/hls_inst/inst/CTRL_s_axi_U/sub2_reg_227_reg[24]_i_1_n_0
                         CARRY4 (Prop_carry4_CI_CO[3])
                                                      0.117     3.456 r  bd_0_i/hls_inst/inst/CTRL_s_axi_U/sub2_reg_227_reg[28]_i_1/CO[3]
                         net (fo=1, unplaced)         0.000     3.456    bd_0_i/hls_inst/inst/CTRL_s_axi_U/sub2_reg_227_reg[28]_i_1_n_0
                         CARRY4 (Prop_carry4_CI_O[1])
                                                      0.337     3.793 f  bd_0_i/hls_inst/inst/CTRL_s_axi_U/sub2_reg_227_reg[31]_i_1/O[1]
                         net (fo=4, unplaced)         0.635     4.428    bd_0_i/hls_inst/inst/CTRL_s_axi_U/int_cols_reg[30]_0[30]
                         LUT2 (Prop_lut2_I0_O)        0.306     4.734 r  bd_0_i/hls_inst/inst/CTRL_s_axi_U/tmp_product_i_53/O
                         net (fo=1, unplaced)         0.000     4.734    bd_0_i/hls_inst/inst/CTRL_s_axi_U/tmp_product_i_53_n_0
                         CARRY4 (Prop_carry4_S[1]_CO[2])
                                                      0.574     5.308 f  bd_0_i/hls_inst/inst/CTRL_s_axi_U/tmp_product_i_12/CO[2]
                         net (fo=1, unplaced)         0.452     5.760    bd_0_i/hls_inst/inst/CTRL_s_axi_U/p_0_in
                         LUT2 (Prop_lut2_I1_O)        0.310     6.070 r  bd_0_i/hls_inst/inst/CTRL_s_axi_U/tmp_product_i_1__0/O
                         net (fo=35, unplaced)        0.849     6.919    bd_0_i/hls_inst/inst/empty_reg_232
                         FDRE                                         r  bd_0_i/hls_inst/inst/empty_reg_232_reg[0]/R
  -------------------------------------------------------------------    -------------------

                         (clock ap_clk rise edge)    10.000    10.000 r  
                                                      0.000    10.000 r  ap_clk (IN)
                         net (fo=4044, unset)         0.924    10.924    bd_0_i/hls_inst/inst/ap_clk
                         FDRE                                         r  bd_0_i/hls_inst/inst/empty_reg_232_reg[0]/C
                         clock pessimism              0.000    10.924    
                         clock uncertainty           -0.035    10.889    
                         FDRE (Setup_fdre_C_R)       -0.524    10.365    bd_0_i/hls_inst/inst/empty_reg_232_reg[0]
  -------------------------------------------------------------------
                         required time                         10.365    
                         arrival time                          -6.919    
  -------------------------------------------------------------------
                         slack                                  3.446    

Slack (MET) :             3.446ns  (required time - arrival time)
  Source:                 bd_0_i/hls_inst/inst/CTRL_s_axi_U/int_cols_reg[4]/C
                            (rising edge-triggered cell FDRE clocked by ap_clk  {rise@0.000ns fall@5.000ns period=10.000ns})
  Destination:            bd_0_i/hls_inst/inst/empty_reg_232_reg[10]/R
                            (rising edge-triggered cell FDRE clocked by ap_clk  {rise@0.000ns fall@5.000ns period=10.000ns})
  Path Group:             ap_clk
  Path Type:              Setup (Max at Slow Process Corner)
  Requirement:            10.000ns  (ap_clk rise@10.000ns - ap_clk rise@0.000ns)
  Data Path Delay:        5.946ns  (logic 3.314ns (55.735%)  route 2.632ns (44.265%))
  Logic Levels:           11  (CARRY4=9 LUT2=2)
  Clock Path Skew:        -0.049ns (DCD - SCD + CPR)
    Destination Clock Delay (DCD):    0.924ns = ( 10.924 - 10.000 ) 
    Source Clock Delay      (SCD):    0.973ns
    Clock Pessimism Removal (CPR):    0.000ns
  Clock Uncertainty:      0.035ns  ((TSJ^2 + TIJ^2)^1/2 + DJ) / 2 + PE
    Total System Jitter     (TSJ):    0.071ns
    Total Input Jitter      (TIJ):    0.000ns
    Discrete Jitter          (DJ):    0.000ns
    Phase Error              (PE):    0.000ns

    Location             Delay type                Incr(ns)  Path(ns)    Netlist Resource(s)
  -------------------------------------------------------------------    -------------------
                         (clock ap_clk rise edge)     0.000     0.000 r  
                                                      0.000     0.000 r  ap_clk (IN)
                         net (fo=4044, unset)         0.973     0.973    bd_0_i/hls_inst/inst/CTRL_s_axi_U/ap_clk
                         FDRE                                         r  bd_0_i/hls_inst/inst/CTRL_s_axi_U/int_cols_reg[4]/C
  -------------------------------------------------------------------    -------------------
                         FDRE (Prop_fdre_C_Q)         0.518     1.491 r  bd_0_i/hls_inst/inst/CTRL_s_axi_U/int_cols_reg[4]/Q
                         net (fo=9, unplaced)         0.687     2.178    bd_0_i/hls_inst/inst/CTRL_s_axi_U/int_cols_reg[31]_0[4]
                         CARRY4 (Prop_carry4_DI[3]_CO[3])
                                                      0.567     2.745 r  bd_0_i/hls_inst/inst/CTRL_s_axi_U/sub2_reg_227_reg[4]_i_1/CO[3]
                         net (fo=1, unplaced)         0.009     2.754    bd_0_i/hls_inst/inst/CTRL_s_axi_U/sub2_reg_227_reg[4]_i_1_n_0
                         CARRY4 (Prop_carry4_CI_CO[3])
                                                      0.117     2.871 r  bd_0_i/hls_inst/inst/CTRL_s_axi_U/sub2_reg_227_reg[8]_i_1/CO[3]
                         net (fo=1, unplaced)         0.000     2.871    bd_0_i/hls_inst/inst/CTRL_s_axi_U/sub2_reg_227_reg[8]_i_1_n_0
                         CARRY4 (Prop_carry4_CI_CO[3])
                                                      0.117     2.988 r  bd_0_i/hls_inst/inst/CTRL_s_axi_U/sub2_reg_227_reg[12]_i_1/CO[3]
                         net (fo=1, unplaced)         0.000     2.988    bd_0_i/hls_inst/inst/CTRL_s_axi_U/sub2_reg_227_reg[12]_i_1_n_0
                         CARRY4 (Prop_carry4_CI_CO[3])
                                                      0.117     3.105 r  bd_0_i/hls_inst/inst/CTRL_s_axi_U/sub2_reg_227_reg[16]_i_1/CO[3]
                         net (fo=1, unplaced)         0.000     3.105    bd_0_i/hls_inst/inst/CTRL_s_axi_U/sub2_reg_227_reg[16]_i_1_n_0
                         CARRY4 (Prop_carry4_CI_CO[3])
                                                      0.117     3.222 r  bd_0_i/hls_inst/inst/CTRL_s_axi_U/sub2_reg_227_reg[20]_i_1/CO[3]
                         net (fo=1, unplaced)         0.000     3.222    bd_0_i/hls_inst/inst/CTRL_s_axi_U/sub2_reg_227_reg[20]_i_1_n_0
                         CARRY4 (Prop_carry4_CI_CO[3])
                                                      0.117     3.339 r  bd_0_i/hls_inst/inst/CTRL_s_axi_U/sub2_reg_227_reg[24]_i_1/CO[3]
                         net (fo=1, unplaced)         0.000     3.339    bd_0_i/hls_inst/inst/CTRL_s_axi_U/sub2_reg_227_reg[24]_i_1_n_0
                         CARRY4 (Prop_carry4_CI_CO[3])
                                                      0.117     3.456 r  bd_0_i/hls_inst/inst/CTRL_s_axi_U/sub2_reg_227_reg[28]_i_1/CO[3]
                         net (fo=1, unplaced)         0.000     3.456    bd_0_i/hls_inst/inst/CTRL_s_axi_U/sub2_reg_227_reg[28]_i_1_n_0
                         CARRY4 (Prop_carry4_CI_O[1])
                                                      0.337     3.793 f  bd_0_i/hls_inst/inst/CTRL_s_axi_U/sub2_reg_227_reg[31]_i_1/O[1]
                         net (fo=4, unplaced)         0.635     4.428    bd_0_i/hls_inst/inst/CTRL_s_axi_U/int_cols_reg[30]_0[30]
                         LUT2 (Prop_lut2_I0_O)        0.306     4.734 r  bd_0_i/hls_inst/inst/CTRL_s_axi_U/tmp_product_i_53/O
                         net (fo=1, unplaced)         0.000     4.734    bd_0_i/hls_inst/inst/CTRL_s_axi_U/tmp_product_i_53_n_0
                         CARRY4 (Prop_carry4_S[1]_CO[2])
                                                      0.574     5.308 f  bd_0_i/hls_inst/inst/CTRL_s_axi_U/tmp_product_i_12/CO[2]
                         net (fo=1, unplaced)         0.452     5.760    bd_0_i/hls_inst/inst/CTRL_s_axi_U/p_0_in
                         LUT2 (Prop_lut2_I1_O)        0.310     6.070 r  bd_0_i/hls_inst/inst/CTRL_s_axi_U/tmp_product_i_1__0/O
                         net (fo=35, unplaced)        0.849     6.919    bd_0_i/hls_inst/inst/empty_reg_232
                         FDRE                                         r  bd_0_i/hls_inst/inst/empty_reg_232_reg[10]/R
  -------------------------------------------------------------------    -------------------

                         (clock ap_clk rise edge)    10.000    10.000 r  
                                                      0.000    10.000 r  ap_clk (IN)
                         net (fo=4044, unset)         0.924    10.924    bd_0_i/hls_inst/inst/ap_clk
                         FDRE                                         r  bd_0_i/hls_inst/inst/empty_reg_232_reg[10]/C
                         clock pessimism              0.000    10.924    
                         clock uncertainty           -0.035    10.889    
                         FDRE (Setup_fdre_C_R)       -0.524    10.365    bd_0_i/hls_inst/inst/empty_reg_232_reg[10]
  -------------------------------------------------------------------
                         required time                         10.365    
                         arrival time                          -6.919    
  -------------------------------------------------------------------
                         slack                                  3.446    

Slack (MET) :             3.446ns  (required time - arrival time)
  Source:                 bd_0_i/hls_inst/inst/CTRL_s_axi_U/int_cols_reg[4]/C
                            (rising edge-triggered cell FDRE clocked by ap_clk  {rise@0.000ns fall@5.000ns period=10.000ns})
  Destination:            bd_0_i/hls_inst/inst/empty_reg_232_reg[11]/R
                            (rising edge-triggered cell FDRE clocked by ap_clk  {rise@0.000ns fall@5.000ns period=10.000ns})
  Path Group:             ap_clk
  Path Type:              Setup (Max at Slow Process Corner)
  Requirement:            10.000ns  (ap_clk rise@10.000ns - ap_clk rise@0.000ns)
  Data Path Delay:        5.946ns  (logic 3.314ns (55.735%)  route 2.632ns (44.265%))
  Logic Levels:           11  (CARRY4=9 LUT2=2)
  Clock Path Skew:        -0.049ns (DCD - SCD + CPR)
    Destination Clock Delay (DCD):    0.924ns = ( 10.924 - 10.000 ) 
    Source Clock Delay      (SCD):    0.973ns
    Clock Pessimism Removal (CPR):    0.000ns
  Clock Uncertainty:      0.035ns  ((TSJ^2 + TIJ^2)^1/2 + DJ) / 2 + PE
    Total System Jitter     (TSJ):    0.071ns
    Total Input Jitter      (TIJ):    0.000ns
    Discrete Jitter          (DJ):    0.000ns
    Phase Error              (PE):    0.000ns

    Location             Delay type                Incr(ns)  Path(ns)    Netlist Resource(s)
  -------------------------------------------------------------------    -------------------
                         (clock ap_clk rise edge)     0.000     0.000 r  
                                                      0.000     0.000 r  ap_clk (IN)
                         net (fo=4044, unset)         0.973     0.973    bd_0_i/hls_inst/inst/CTRL_s_axi_U/ap_clk
                         FDRE                                         r  bd_0_i/hls_inst/inst/CTRL_s_axi_U/int_cols_reg[4]/C
  -------------------------------------------------------------------    -------------------
                         FDRE (Prop_fdre_C_Q)         0.518     1.491 r  bd_0_i/hls_inst/inst/CTRL_s_axi_U/int_cols_reg[4]/Q
                         net (fo=9, unplaced)         0.687     2.178    bd_0_i/hls_inst/inst/CTRL_s_axi_U/int_cols_reg[31]_0[4]
                         CARRY4 (Prop_carry4_DI[3]_CO[3])
                                                      0.567     2.745 r  bd_0_i/hls_inst/inst/CTRL_s_axi_U/sub2_reg_227_reg[4]_i_1/CO[3]
                         net (fo=1, unplaced)         0.009     2.754    bd_0_i/hls_inst/inst/CTRL_s_axi_U/sub2_reg_227_reg[4]_i_1_n_0
                         CARRY4 (Prop_carry4_CI_CO[3])
                                                      0.117     2.871 r  bd_0_i/hls_inst/inst/CTRL_s_axi_U/sub2_reg_227_reg[8]_i_1/CO[3]
                         net (fo=1, unplaced)         0.000     2.871    bd_0_i/hls_inst/inst/CTRL_s_axi_U/sub2_reg_227_reg[8]_i_1_n_0
                         CARRY4 (Prop_carry4_CI_CO[3])
                                                      0.117     2.988 r  bd_0_i/hls_inst/inst/CTRL_s_axi_U/sub2_reg_227_reg[12]_i_1/CO[3]
                         net (fo=1, unplaced)         0.000     2.988    bd_0_i/hls_inst/inst/CTRL_s_axi_U/sub2_reg_227_reg[12]_i_1_n_0
                         CARRY4 (Prop_carry4_CI_CO[3])
                                                      0.117     3.105 r  bd_0_i/hls_inst/inst/CTRL_s_axi_U/sub2_reg_227_reg[16]_i_1/CO[3]
                         net (fo=1, unplaced)         0.000     3.105    bd_0_i/hls_inst/inst/CTRL_s_axi_U/sub2_reg_227_reg[16]_i_1_n_0
                         CARRY4 (Prop_carry4_CI_CO[3])
                                                      0.117     3.222 r  bd_0_i/hls_inst/inst/CTRL_s_axi_U/sub2_reg_227_reg[20]_i_1/CO[3]
                         net (fo=1, unplaced)         0.000     3.222    bd_0_i/hls_inst/inst/CTRL_s_axi_U/sub2_reg_227_reg[20]_i_1_n_0
                         CARRY4 (Prop_carry4_CI_CO[3])
                                                      0.117     3.339 r  bd_0_i/hls_inst/inst/CTRL_s_axi_U/sub2_reg_227_reg[24]_i_1/CO[3]
                         net (fo=1, unplaced)         0.000     3.339    bd_0_i/hls_inst/inst/CTRL_s_axi_U/sub2_reg_227_reg[24]_i_1_n_0
                         CARRY4 (Prop_carry4_CI_CO[3])
                                                      0.117     3.456 r  bd_0_i/hls_inst/inst/CTRL_s_axi_U/sub2_reg_227_reg[28]_i_1/CO[3]
                         net (fo=1, unplaced)         0.000     3.456    bd_0_i/hls_inst/inst/CTRL_s_axi_U/sub2_reg_227_reg[28]_i_1_n_0
                         CARRY4 (Prop_carry4_CI_O[1])
                                                      0.337     3.793 f  bd_0_i/hls_inst/inst/CTRL_s_axi_U/sub2_reg_227_reg[31]_i_1/O[1]
                         net (fo=4, unplaced)         0.635     4.428    bd_0_i/hls_inst/inst/CTRL_s_axi_U/int_cols_reg[30]_0[30]
                         LUT2 (Prop_lut2_I0_O)        0.306     4.734 r  bd_0_i/hls_inst/inst/CTRL_s_axi_U/tmp_product_i_53/O
                         net (fo=1, unplaced)         0.000     4.734    bd_0_i/hls_inst/inst/CTRL_s_axi_U/tmp_product_i_53_n_0
                         CARRY4 (Prop_carry4_S[1]_CO[2])
                                                      0.574     5.308 f  bd_0_i/hls_inst/inst/CTRL_s_axi_U/tmp_product_i_12/CO[2]
                         net (fo=1, unplaced)         0.452     5.760    bd_0_i/hls_inst/inst/CTRL_s_axi_U/p_0_in
                         LUT2 (Prop_lut2_I1_O)        0.310     6.070 r  bd_0_i/hls_inst/inst/CTRL_s_axi_U/tmp_product_i_1__0/O
                         net (fo=35, unplaced)        0.849     6.919    bd_0_i/hls_inst/inst/empty_reg_232
                         FDRE                                         r  bd_0_i/hls_inst/inst/empty_reg_232_reg[11]/R
  -------------------------------------------------------------------    -------------------

                         (clock ap_clk rise edge)    10.000    10.000 r  
                                                      0.000    10.000 r  ap_clk (IN)
                         net (fo=4044, unset)         0.924    10.924    bd_0_i/hls_inst/inst/ap_clk
                         FDRE                                         r  bd_0_i/hls_inst/inst/empty_reg_232_reg[11]/C
                         clock pessimism              0.000    10.924    
                         clock uncertainty           -0.035    10.889    
                         FDRE (Setup_fdre_C_R)       -0.524    10.365    bd_0_i/hls_inst/inst/empty_reg_232_reg[11]
  -------------------------------------------------------------------
                         required time                         10.365    
                         arrival time                          -6.919    
  -------------------------------------------------------------------
                         slack                                  3.446    

Slack (MET) :             3.446ns  (required time - arrival time)
  Source:                 bd_0_i/hls_inst/inst/CTRL_s_axi_U/int_cols_reg[4]/C
                            (rising edge-triggered cell FDRE clocked by ap_clk  {rise@0.000ns fall@5.000ns period=10.000ns})
  Destination:            bd_0_i/hls_inst/inst/empty_reg_232_reg[12]/R
                            (rising edge-triggered cell FDRE clocked by ap_clk  {rise@0.000ns fall@5.000ns period=10.000ns})
  Path Group:             ap_clk
  Path Type:              Setup (Max at Slow Process Corner)
  Requirement:            10.000ns  (ap_clk rise@10.000ns - ap_clk rise@0.000ns)
  Data Path Delay:        5.946ns  (logic 3.314ns (55.735%)  route 2.632ns (44.265%))
  Logic Levels:           11  (CARRY4=9 LUT2=2)
  Clock Path Skew:        -0.049ns (DCD - SCD + CPR)
    Destination Clock Delay (DCD):    0.924ns = ( 10.924 - 10.000 ) 
    Source Clock Delay      (SCD):    0.973ns
    Clock Pessimism Removal (CPR):    0.000ns
  Clock Uncertainty:      0.035ns  ((TSJ^2 + TIJ^2)^1/2 + DJ) / 2 + PE
    Total System Jitter     (TSJ):    0.071ns
    Total Input Jitter      (TIJ):    0.000ns
    Discrete Jitter          (DJ):    0.000ns
    Phase Error              (PE):    0.000ns

    Location             Delay type                Incr(ns)  Path(ns)    Netlist Resource(s)
  -------------------------------------------------------------------    -------------------
                         (clock ap_clk rise edge)     0.000     0.000 r  
                                                      0.000     0.000 r  ap_clk (IN)
                         net (fo=4044, unset)         0.973     0.973    bd_0_i/hls_inst/inst/CTRL_s_axi_U/ap_clk
                         FDRE                                         r  bd_0_i/hls_inst/inst/CTRL_s_axi_U/int_cols_reg[4]/C
  -------------------------------------------------------------------    -------------------
                         FDRE (Prop_fdre_C_Q)         0.518     1.491 r  bd_0_i/hls_inst/inst/CTRL_s_axi_U/int_cols_reg[4]/Q
                         net (fo=9, unplaced)         0.687     2.178    bd_0_i/hls_inst/inst/CTRL_s_axi_U/int_cols_reg[31]_0[4]
                         CARRY4 (Prop_carry4_DI[3]_CO[3])
                                                      0.567     2.745 r  bd_0_i/hls_inst/inst/CTRL_s_axi_U/sub2_reg_227_reg[4]_i_1/CO[3]
                         net (fo=1, unplaced)         0.009     2.754    bd_0_i/hls_inst/inst/CTRL_s_axi_U/sub2_reg_227_reg[4]_i_1_n_0
                         CARRY4 (Prop_carry4_CI_CO[3])
                                                      0.117     2.871 r  bd_0_i/hls_inst/inst/CTRL_s_axi_U/sub2_reg_227_reg[8]_i_1/CO[3]
                         net (fo=1, unplaced)         0.000     2.871    bd_0_i/hls_inst/inst/CTRL_s_axi_U/sub2_reg_227_reg[8]_i_1_n_0
                         CARRY4 (Prop_carry4_CI_CO[3])
                                                      0.117     2.988 r  bd_0_i/hls_inst/inst/CTRL_s_axi_U/sub2_reg_227_reg[12]_i_1/CO[3]
                         net (fo=1, unplaced)         0.000     2.988    bd_0_i/hls_inst/inst/CTRL_s_axi_U/sub2_reg_227_reg[12]_i_1_n_0
                         CARRY4 (Prop_carry4_CI_CO[3])
                                                      0.117     3.105 r  bd_0_i/hls_inst/inst/CTRL_s_axi_U/sub2_reg_227_reg[16]_i_1/CO[3]
                         net (fo=1, unplaced)         0.000     3.105    bd_0_i/hls_inst/inst/CTRL_s_axi_U/sub2_reg_227_reg[16]_i_1_n_0
                         CARRY4 (Prop_carry4_CI_CO[3])
                                                      0.117     3.222 r  bd_0_i/hls_inst/inst/CTRL_s_axi_U/sub2_reg_227_reg[20]_i_1/CO[3]
                         net (fo=1, unplaced)         0.000     3.222    bd_0_i/hls_inst/inst/CTRL_s_axi_U/sub2_reg_227_reg[20]_i_1_n_0
                         CARRY4 (Prop_carry4_CI_CO[3])
                                                      0.117     3.339 r  bd_0_i/hls_inst/inst/CTRL_s_axi_U/sub2_reg_227_reg[24]_i_1/CO[3]
                         net (fo=1, unplaced)         0.000     3.339    bd_0_i/hls_inst/inst/CTRL_s_axi_U/sub2_reg_227_reg[24]_i_1_n_0
                         CARRY4 (Prop_carry4_CI_CO[3])
                                                      0.117     3.456 r  bd_0_i/hls_inst/inst/CTRL_s_axi_U/sub2_reg_227_reg[28]_i_1/CO[3]
                         net (fo=1, unplaced)         0.000     3.456    bd_0_i/hls_inst/inst/CTRL_s_axi_U/sub2_reg_227_reg[28]_i_1_n_0
                         CARRY4 (Prop_carry4_CI_O[1])
                                                      0.337     3.793 f  bd_0_i/hls_inst/inst/CTRL_s_axi_U/sub2_reg_227_reg[31]_i_1/O[1]
                         net (fo=4, unplaced)         0.635     4.428    bd_0_i/hls_inst/inst/CTRL_s_axi_U/int_cols_reg[30]_0[30]
                         LUT2 (Prop_lut2_I0_O)        0.306     4.734 r  bd_0_i/hls_inst/inst/CTRL_s_axi_U/tmp_product_i_53/O
                         net (fo=1, unplaced)         0.000     4.734    bd_0_i/hls_inst/inst/CTRL_s_axi_U/tmp_product_i_53_n_0
                         CARRY4 (Prop_carry4_S[1]_CO[2])
                                                      0.574     5.308 f  bd_0_i/hls_inst/inst/CTRL_s_axi_U/tmp_product_i_12/CO[2]
                         net (fo=1, unplaced)         0.452     5.760    bd_0_i/hls_inst/inst/CTRL_s_axi_U/p_0_in
                         LUT2 (Prop_lut2_I1_O)        0.310     6.070 r  bd_0_i/hls_inst/inst/CTRL_s_axi_U/tmp_product_i_1__0/O
                         net (fo=35, unplaced)        0.849     6.919    bd_0_i/hls_inst/inst/empty_reg_232
                         FDRE                                         r  bd_0_i/hls_inst/inst/empty_reg_232_reg[12]/R
  -------------------------------------------------------------------    -------------------

                         (clock ap_clk rise edge)    10.000    10.000 r  
                                                      0.000    10.000 r  ap_clk (IN)
                         net (fo=4044, unset)         0.924    10.924    bd_0_i/hls_inst/inst/ap_clk
                         FDRE                                         r  bd_0_i/hls_inst/inst/empty_reg_232_reg[12]/C
                         clock pessimism              0.000    10.924    
                         clock uncertainty           -0.035    10.889    
                         FDRE (Setup_fdre_C_R)       -0.524    10.365    bd_0_i/hls_inst/inst/empty_reg_232_reg[12]
  -------------------------------------------------------------------
                         required time                         10.365    
                         arrival time                          -6.919    
  -------------------------------------------------------------------
                         slack                                  3.446    

Slack (MET) :             3.446ns  (required time - arrival time)
  Source:                 bd_0_i/hls_inst/inst/CTRL_s_axi_U/int_cols_reg[4]/C
                            (rising edge-triggered cell FDRE clocked by ap_clk  {rise@0.000ns fall@5.000ns period=10.000ns})
  Destination:            bd_0_i/hls_inst/inst/empty_reg_232_reg[13]/R
                            (rising edge-triggered cell FDRE clocked by ap_clk  {rise@0.000ns fall@5.000ns period=10.000ns})
  Path Group:             ap_clk
  Path Type:              Setup (Max at Slow Process Corner)
  Requirement:            10.000ns  (ap_clk rise@10.000ns - ap_clk rise@0.000ns)
  Data Path Delay:        5.946ns  (logic 3.314ns (55.735%)  route 2.632ns (44.265%))
  Logic Levels:           11  (CARRY4=9 LUT2=2)
  Clock Path Skew:        -0.049ns (DCD - SCD + CPR)
    Destination Clock Delay (DCD):    0.924ns = ( 10.924 - 10.000 ) 
    Source Clock Delay      (SCD):    0.973ns
    Clock Pessimism Removal (CPR):    0.000ns
  Clock Uncertainty:      0.035ns  ((TSJ^2 + TIJ^2)^1/2 + DJ) / 2 + PE
    Total System Jitter     (TSJ):    0.071ns
    Total Input Jitter      (TIJ):    0.000ns
    Discrete Jitter          (DJ):    0.000ns
    Phase Error              (PE):    0.000ns

    Location             Delay type                Incr(ns)  Path(ns)    Netlist Resource(s)
  -------------------------------------------------------------------    -------------------
                         (clock ap_clk rise edge)     0.000     0.000 r  
                                                      0.000     0.000 r  ap_clk (IN)
                         net (fo=4044, unset)         0.973     0.973    bd_0_i/hls_inst/inst/CTRL_s_axi_U/ap_clk
                         FDRE                                         r  bd_0_i/hls_inst/inst/CTRL_s_axi_U/int_cols_reg[4]/C
  -------------------------------------------------------------------    -------------------
                         FDRE (Prop_fdre_C_Q)         0.518     1.491 r  bd_0_i/hls_inst/inst/CTRL_s_axi_U/int_cols_reg[4]/Q
                         net (fo=9, unplaced)         0.687     2.178    bd_0_i/hls_inst/inst/CTRL_s_axi_U/int_cols_reg[31]_0[4]
                         CARRY4 (Prop_carry4_DI[3]_CO[3])
                                                      0.567     2.745 r  bd_0_i/hls_inst/inst/CTRL_s_axi_U/sub2_reg_227_reg[4]_i_1/CO[3]
                         net (fo=1, unplaced)         0.009     2.754    bd_0_i/hls_inst/inst/CTRL_s_axi_U/sub2_reg_227_reg[4]_i_1_n_0
                         CARRY4 (Prop_carry4_CI_CO[3])
                                                      0.117     2.871 r  bd_0_i/hls_inst/inst/CTRL_s_axi_U/sub2_reg_227_reg[8]_i_1/CO[3]
                         net (fo=1, unplaced)         0.000     2.871    bd_0_i/hls_inst/inst/CTRL_s_axi_U/sub2_reg_227_reg[8]_i_1_n_0
                         CARRY4 (Prop_carry4_CI_CO[3])
                                                      0.117     2.988 r  bd_0_i/hls_inst/inst/CTRL_s_axi_U/sub2_reg_227_reg[12]_i_1/CO[3]
                         net (fo=1, unplaced)         0.000     2.988    bd_0_i/hls_inst/inst/CTRL_s_axi_U/sub2_reg_227_reg[12]_i_1_n_0
                         CARRY4 (Prop_carry4_CI_CO[3])
                                                      0.117     3.105 r  bd_0_i/hls_inst/inst/CTRL_s_axi_U/sub2_reg_227_reg[16]_i_1/CO[3]
                         net (fo=1, unplaced)         0.000     3.105    bd_0_i/hls_inst/inst/CTRL_s_axi_U/sub2_reg_227_reg[16]_i_1_n_0
                         CARRY4 (Prop_carry4_CI_CO[3])
                                                      0.117     3.222 r  bd_0_i/hls_inst/inst/CTRL_s_axi_U/sub2_reg_227_reg[20]_i_1/CO[3]
                         net (fo=1, unplaced)         0.000     3.222    bd_0_i/hls_inst/inst/CTRL_s_axi_U/sub2_reg_227_reg[20]_i_1_n_0
                         CARRY4 (Prop_carry4_CI_CO[3])
                                                      0.117     3.339 r  bd_0_i/hls_inst/inst/CTRL_s_axi_U/sub2_reg_227_reg[24]_i_1/CO[3]
                         net (fo=1, unplaced)         0.000     3.339    bd_0_i/hls_inst/inst/CTRL_s_axi_U/sub2_reg_227_reg[24]_i_1_n_0
                         CARRY4 (Prop_carry4_CI_CO[3])
                                                      0.117     3.456 r  bd_0_i/hls_inst/inst/CTRL_s_axi_U/sub2_reg_227_reg[28]_i_1/CO[3]
                         net (fo=1, unplaced)         0.000     3.456    bd_0_i/hls_inst/inst/CTRL_s_axi_U/sub2_reg_227_reg[28]_i_1_n_0
                         CARRY4 (Prop_carry4_CI_O[1])
                                                      0.337     3.793 f  bd_0_i/hls_inst/inst/CTRL_s_axi_U/sub2_reg_227_reg[31]_i_1/O[1]
                         net (fo=4, unplaced)         0.635     4.428    bd_0_i/hls_inst/inst/CTRL_s_axi_U/int_cols_reg[30]_0[30]
                         LUT2 (Prop_lut2_I0_O)        0.306     4.734 r  bd_0_i/hls_inst/inst/CTRL_s_axi_U/tmp_product_i_53/O
                         net (fo=1, unplaced)         0.000     4.734    bd_0_i/hls_inst/inst/CTRL_s_axi_U/tmp_product_i_53_n_0
                         CARRY4 (Prop_carry4_S[1]_CO[2])
                                                      0.574     5.308 f  bd_0_i/hls_inst/inst/CTRL_s_axi_U/tmp_product_i_12/CO[2]
                         net (fo=1, unplaced)         0.452     5.760    bd_0_i/hls_inst/inst/CTRL_s_axi_U/p_0_in
                         LUT2 (Prop_lut2_I1_O)        0.310     6.070 r  bd_0_i/hls_inst/inst/CTRL_s_axi_U/tmp_product_i_1__0/O
                         net (fo=35, unplaced)        0.849     6.919    bd_0_i/hls_inst/inst/empty_reg_232
                         FDRE                                         r  bd_0_i/hls_inst/inst/empty_reg_232_reg[13]/R
  -------------------------------------------------------------------    -------------------

                         (clock ap_clk rise edge)    10.000    10.000 r  
                                                      0.000    10.000 r  ap_clk (IN)
                         net (fo=4044, unset)         0.924    10.924    bd_0_i/hls_inst/inst/ap_clk
                         FDRE                                         r  bd_0_i/hls_inst/inst/empty_reg_232_reg[13]/C
                         clock pessimism              0.000    10.924    
                         clock uncertainty           -0.035    10.889    
                         FDRE (Setup_fdre_C_R)       -0.524    10.365    bd_0_i/hls_inst/inst/empty_reg_232_reg[13]
  -------------------------------------------------------------------
                         required time                         10.365    
                         arrival time                          -6.919    
  -------------------------------------------------------------------
                         slack                                  3.446    

Slack (MET) :             3.446ns  (required time - arrival time)
  Source:                 bd_0_i/hls_inst/inst/CTRL_s_axi_U/int_cols_reg[4]/C
                            (rising edge-triggered cell FDRE clocked by ap_clk  {rise@0.000ns fall@5.000ns period=10.000ns})
  Destination:            bd_0_i/hls_inst/inst/empty_reg_232_reg[14]/R
                            (rising edge-triggered cell FDRE clocked by ap_clk  {rise@0.000ns fall@5.000ns period=10.000ns})
  Path Group:             ap_clk
  Path Type:              Setup (Max at Slow Process Corner)
  Requirement:            10.000ns  (ap_clk rise@10.000ns - ap_clk rise@0.000ns)
  Data Path Delay:        5.946ns  (logic 3.314ns (55.735%)  route 2.632ns (44.265%))
  Logic Levels:           11  (CARRY4=9 LUT2=2)
  Clock Path Skew:        -0.049ns (DCD - SCD + CPR)
    Destination Clock Delay (DCD):    0.924ns = ( 10.924 - 10.000 ) 
    Source Clock Delay      (SCD):    0.973ns
    Clock Pessimism Removal (CPR):    0.000ns
  Clock Uncertainty:      0.035ns  ((TSJ^2 + TIJ^2)^1/2 + DJ) / 2 + PE
    Total System Jitter     (TSJ):    0.071ns
    Total Input Jitter      (TIJ):    0.000ns
    Discrete Jitter          (DJ):    0.000ns
    Phase Error              (PE):    0.000ns

    Location             Delay type                Incr(ns)  Path(ns)    Netlist Resource(s)
  -------------------------------------------------------------------    -------------------
                         (clock ap_clk rise edge)     0.000     0.000 r  
                                                      0.000     0.000 r  ap_clk (IN)
                         net (fo=4044, unset)         0.973     0.973    bd_0_i/hls_inst/inst/CTRL_s_axi_U/ap_clk
                         FDRE                                         r  bd_0_i/hls_inst/inst/CTRL_s_axi_U/int_cols_reg[4]/C
  -------------------------------------------------------------------    -------------------
                         FDRE (Prop_fdre_C_Q)         0.518     1.491 r  bd_0_i/hls_inst/inst/CTRL_s_axi_U/int_cols_reg[4]/Q
                         net (fo=9, unplaced)         0.687     2.178    bd_0_i/hls_inst/inst/CTRL_s_axi_U/int_cols_reg[31]_0[4]
                         CARRY4 (Prop_carry4_DI[3]_CO[3])
                                                      0.567     2.745 r  bd_0_i/hls_inst/inst/CTRL_s_axi_U/sub2_reg_227_reg[4]_i_1/CO[3]
                         net (fo=1, unplaced)         0.009     2.754    bd_0_i/hls_inst/inst/CTRL_s_axi_U/sub2_reg_227_reg[4]_i_1_n_0
                         CARRY4 (Prop_carry4_CI_CO[3])
                                                      0.117     2.871 r  bd_0_i/hls_inst/inst/CTRL_s_axi_U/sub2_reg_227_reg[8]_i_1/CO[3]
                         net (fo=1, unplaced)         0.000     2.871    bd_0_i/hls_inst/inst/CTRL_s_axi_U/sub2_reg_227_reg[8]_i_1_n_0
                         CARRY4 (Prop_carry4_CI_CO[3])
                                                      0.117     2.988 r  bd_0_i/hls_inst/inst/CTRL_s_axi_U/sub2_reg_227_reg[12]_i_1/CO[3]
                         net (fo=1, unplaced)         0.000     2.988    bd_0_i/hls_inst/inst/CTRL_s_axi_U/sub2_reg_227_reg[12]_i_1_n_0
                         CARRY4 (Prop_carry4_CI_CO[3])
                                                      0.117     3.105 r  bd_0_i/hls_inst/inst/CTRL_s_axi_U/sub2_reg_227_reg[16]_i_1/CO[3]
                         net (fo=1, unplaced)         0.000     3.105    bd_0_i/hls_inst/inst/CTRL_s_axi_U/sub2_reg_227_reg[16]_i_1_n_0
                         CARRY4 (Prop_carry4_CI_CO[3])
                                                      0.117     3.222 r  bd_0_i/hls_inst/inst/CTRL_s_axi_U/sub2_reg_227_reg[20]_i_1/CO[3]
                         net (fo=1, unplaced)         0.000     3.222    bd_0_i/hls_inst/inst/CTRL_s_axi_U/sub2_reg_227_reg[20]_i_1_n_0
                         CARRY4 (Prop_carry4_CI_CO[3])
                                                      0.117     3.339 r  bd_0_i/hls_inst/inst/CTRL_s_axi_U/sub2_reg_227_reg[24]_i_1/CO[3]
                         net (fo=1, unplaced)         0.000     3.339    bd_0_i/hls_inst/inst/CTRL_s_axi_U/sub2_reg_227_reg[24]_i_1_n_0
                         CARRY4 (Prop_carry4_CI_CO[3])
                                                      0.117     3.456 r  bd_0_i/hls_inst/inst/CTRL_s_axi_U/sub2_reg_227_reg[28]_i_1/CO[3]
                         net (fo=1, unplaced)         0.000     3.456    bd_0_i/hls_inst/inst/CTRL_s_axi_U/sub2_reg_227_reg[28]_i_1_n_0
                         CARRY4 (Prop_carry4_CI_O[1])
                                                      0.337     3.793 f  bd_0_i/hls_inst/inst/CTRL_s_axi_U/sub2_reg_227_reg[31]_i_1/O[1]
                         net (fo=4, unplaced)         0.635     4.428    bd_0_i/hls_inst/inst/CTRL_s_axi_U/int_cols_reg[30]_0[30]
                         LUT2 (Prop_lut2_I0_O)        0.306     4.734 r  bd_0_i/hls_inst/inst/CTRL_s_axi_U/tmp_product_i_53/O
                         net (fo=1, unplaced)         0.000     4.734    bd_0_i/hls_inst/inst/CTRL_s_axi_U/tmp_product_i_53_n_0
                         CARRY4 (Prop_carry4_S[1]_CO[2])
                                                      0.574     5.308 f  bd_0_i/hls_inst/inst/CTRL_s_axi_U/tmp_product_i_12/CO[2]
                         net (fo=1, unplaced)         0.452     5.760    bd_0_i/hls_inst/inst/CTRL_s_axi_U/p_0_in
                         LUT2 (Prop_lut2_I1_O)        0.310     6.070 r  bd_0_i/hls_inst/inst/CTRL_s_axi_U/tmp_product_i_1__0/O
                         net (fo=35, unplaced)        0.849     6.919    bd_0_i/hls_inst/inst/empty_reg_232
                         FDRE                                         r  bd_0_i/hls_inst/inst/empty_reg_232_reg[14]/R
  -------------------------------------------------------------------    -------------------

                         (clock ap_clk rise edge)    10.000    10.000 r  
                                                      0.000    10.000 r  ap_clk (IN)
                         net (fo=4044, unset)         0.924    10.924    bd_0_i/hls_inst/inst/ap_clk
                         FDRE                                         r  bd_0_i/hls_inst/inst/empty_reg_232_reg[14]/C
                         clock pessimism              0.000    10.924    
                         clock uncertainty           -0.035    10.889    
                         FDRE (Setup_fdre_C_R)       -0.524    10.365    bd_0_i/hls_inst/inst/empty_reg_232_reg[14]
  -------------------------------------------------------------------
                         required time                         10.365    
                         arrival time                          -6.919    
  -------------------------------------------------------------------
                         slack                                  3.446    

Slack (MET) :             3.446ns  (required time - arrival time)
  Source:                 bd_0_i/hls_inst/inst/CTRL_s_axi_U/int_cols_reg[4]/C
                            (rising edge-triggered cell FDRE clocked by ap_clk  {rise@0.000ns fall@5.000ns period=10.000ns})
  Destination:            bd_0_i/hls_inst/inst/empty_reg_232_reg[15]/R
                            (rising edge-triggered cell FDRE clocked by ap_clk  {rise@0.000ns fall@5.000ns period=10.000ns})
  Path Group:             ap_clk
  Path Type:              Setup (Max at Slow Process Corner)
  Requirement:            10.000ns  (ap_clk rise@10.000ns - ap_clk rise@0.000ns)
  Data Path Delay:        5.946ns  (logic 3.314ns (55.735%)  route 2.632ns (44.265%))
  Logic Levels:           11  (CARRY4=9 LUT2=2)
  Clock Path Skew:        -0.049ns (DCD - SCD + CPR)
    Destination Clock Delay (DCD):    0.924ns = ( 10.924 - 10.000 ) 
    Source Clock Delay      (SCD):    0.973ns
    Clock Pessimism Removal (CPR):    0.000ns
  Clock Uncertainty:      0.035ns  ((TSJ^2 + TIJ^2)^1/2 + DJ) / 2 + PE
    Total System Jitter     (TSJ):    0.071ns
    Total Input Jitter      (TIJ):    0.000ns
    Discrete Jitter          (DJ):    0.000ns
    Phase Error              (PE):    0.000ns

    Location             Delay type                Incr(ns)  Path(ns)    Netlist Resource(s)
  -------------------------------------------------------------------    -------------------
                         (clock ap_clk rise edge)     0.000     0.000 r  
                                                      0.000     0.000 r  ap_clk (IN)
                         net (fo=4044, unset)         0.973     0.973    bd_0_i/hls_inst/inst/CTRL_s_axi_U/ap_clk
                         FDRE                                         r  bd_0_i/hls_inst/inst/CTRL_s_axi_U/int_cols_reg[4]/C
  -------------------------------------------------------------------    -------------------
                         FDRE (Prop_fdre_C_Q)         0.518     1.491 r  bd_0_i/hls_inst/inst/CTRL_s_axi_U/int_cols_reg[4]/Q
                         net (fo=9, unplaced)         0.687     2.178    bd_0_i/hls_inst/inst/CTRL_s_axi_U/int_cols_reg[31]_0[4]
                         CARRY4 (Prop_carry4_DI[3]_CO[3])
                                                      0.567     2.745 r  bd_0_i/hls_inst/inst/CTRL_s_axi_U/sub2_reg_227_reg[4]_i_1/CO[3]
                         net (fo=1, unplaced)         0.009     2.754    bd_0_i/hls_inst/inst/CTRL_s_axi_U/sub2_reg_227_reg[4]_i_1_n_0
                         CARRY4 (Prop_carry4_CI_CO[3])
                                                      0.117     2.871 r  bd_0_i/hls_inst/inst/CTRL_s_axi_U/sub2_reg_227_reg[8]_i_1/CO[3]
                         net (fo=1, unplaced)         0.000     2.871    bd_0_i/hls_inst/inst/CTRL_s_axi_U/sub2_reg_227_reg[8]_i_1_n_0
                         CARRY4 (Prop_carry4_CI_CO[3])
                                                      0.117     2.988 r  bd_0_i/hls_inst/inst/CTRL_s_axi_U/sub2_reg_227_reg[12]_i_1/CO[3]
                         net (fo=1, unplaced)         0.000     2.988    bd_0_i/hls_inst/inst/CTRL_s_axi_U/sub2_reg_227_reg[12]_i_1_n_0
                         CARRY4 (Prop_carry4_CI_CO[3])
                                                      0.117     3.105 r  bd_0_i/hls_inst/inst/CTRL_s_axi_U/sub2_reg_227_reg[16]_i_1/CO[3]
                         net (fo=1, unplaced)         0.000     3.105    bd_0_i/hls_inst/inst/CTRL_s_axi_U/sub2_reg_227_reg[16]_i_1_n_0
                         CARRY4 (Prop_carry4_CI_CO[3])
                                                      0.117     3.222 r  bd_0_i/hls_inst/inst/CTRL_s_axi_U/sub2_reg_227_reg[20]_i_1/CO[3]
                         net (fo=1, unplaced)         0.000     3.222    bd_0_i/hls_inst/inst/CTRL_s_axi_U/sub2_reg_227_reg[20]_i_1_n_0
                         CARRY4 (Prop_carry4_CI_CO[3])
                                                      0.117     3.339 r  bd_0_i/hls_inst/inst/CTRL_s_axi_U/sub2_reg_227_reg[24]_i_1/CO[3]
                         net (fo=1, unplaced)         0.000     3.339    bd_0_i/hls_inst/inst/CTRL_s_axi_U/sub2_reg_227_reg[24]_i_1_n_0
                         CARRY4 (Prop_carry4_CI_CO[3])
                                                      0.117     3.456 r  bd_0_i/hls_inst/inst/CTRL_s_axi_U/sub2_reg_227_reg[28]_i_1/CO[3]
                         net (fo=1, unplaced)         0.000     3.456    bd_0_i/hls_inst/inst/CTRL_s_axi_U/sub2_reg_227_reg[28]_i_1_n_0
                         CARRY4 (Prop_carry4_CI_O[1])
                                                      0.337     3.793 f  bd_0_i/hls_inst/inst/CTRL_s_axi_U/sub2_reg_227_reg[31]_i_1/O[1]
                         net (fo=4, unplaced)         0.635     4.428    bd_0_i/hls_inst/inst/CTRL_s_axi_U/int_cols_reg[30]_0[30]
                         LUT2 (Prop_lut2_I0_O)        0.306     4.734 r  bd_0_i/hls_inst/inst/CTRL_s_axi_U/tmp_product_i_53/O
                         net (fo=1, unplaced)         0.000     4.734    bd_0_i/hls_inst/inst/CTRL_s_axi_U/tmp_product_i_53_n_0
                         CARRY4 (Prop_carry4_S[1]_CO[2])
                                                      0.574     5.308 f  bd_0_i/hls_inst/inst/CTRL_s_axi_U/tmp_product_i_12/CO[2]
                         net (fo=1, unplaced)         0.452     5.760    bd_0_i/hls_inst/inst/CTRL_s_axi_U/p_0_in
                         LUT2 (Prop_lut2_I1_O)        0.310     6.070 r  bd_0_i/hls_inst/inst/CTRL_s_axi_U/tmp_product_i_1__0/O
                         net (fo=35, unplaced)        0.849     6.919    bd_0_i/hls_inst/inst/empty_reg_232
                         FDRE                                         r  bd_0_i/hls_inst/inst/empty_reg_232_reg[15]/R
  -------------------------------------------------------------------    -------------------

                         (clock ap_clk rise edge)    10.000    10.000 r  
                                                      0.000    10.000 r  ap_clk (IN)
                         net (fo=4044, unset)         0.924    10.924    bd_0_i/hls_inst/inst/ap_clk
                         FDRE                                         r  bd_0_i/hls_inst/inst/empty_reg_232_reg[15]/C
                         clock pessimism              0.000    10.924    
                         clock uncertainty           -0.035    10.889    
                         FDRE (Setup_fdre_C_R)       -0.524    10.365    bd_0_i/hls_inst/inst/empty_reg_232_reg[15]
  -------------------------------------------------------------------
                         required time                         10.365    
                         arrival time                          -6.919    
  -------------------------------------------------------------------
                         slack                                  3.446    

Slack (MET) :             3.446ns  (required time - arrival time)
  Source:                 bd_0_i/hls_inst/inst/CTRL_s_axi_U/int_cols_reg[4]/C
                            (rising edge-triggered cell FDRE clocked by ap_clk  {rise@0.000ns fall@5.000ns period=10.000ns})
  Destination:            bd_0_i/hls_inst/inst/empty_reg_232_reg[16]/R
                            (rising edge-triggered cell FDRE clocked by ap_clk  {rise@0.000ns fall@5.000ns period=10.000ns})
  Path Group:             ap_clk
  Path Type:              Setup (Max at Slow Process Corner)
  Requirement:            10.000ns  (ap_clk rise@10.000ns - ap_clk rise@0.000ns)
  Data Path Delay:        5.946ns  (logic 3.314ns (55.735%)  route 2.632ns (44.265%))
  Logic Levels:           11  (CARRY4=9 LUT2=2)
  Clock Path Skew:        -0.049ns (DCD - SCD + CPR)
    Destination Clock Delay (DCD):    0.924ns = ( 10.924 - 10.000 ) 
    Source Clock Delay      (SCD):    0.973ns
    Clock Pessimism Removal (CPR):    0.000ns
  Clock Uncertainty:      0.035ns  ((TSJ^2 + TIJ^2)^1/2 + DJ) / 2 + PE
    Total System Jitter     (TSJ):    0.071ns
    Total Input Jitter      (TIJ):    0.000ns
    Discrete Jitter          (DJ):    0.000ns
    Phase Error              (PE):    0.000ns

    Location             Delay type                Incr(ns)  Path(ns)    Netlist Resource(s)
  -------------------------------------------------------------------    -------------------
                         (clock ap_clk rise edge)     0.000     0.000 r  
                                                      0.000     0.000 r  ap_clk (IN)
                         net (fo=4044, unset)         0.973     0.973    bd_0_i/hls_inst/inst/CTRL_s_axi_U/ap_clk
                         FDRE                                         r  bd_0_i/hls_inst/inst/CTRL_s_axi_U/int_cols_reg[4]/C
  -------------------------------------------------------------------    -------------------
                         FDRE (Prop_fdre_C_Q)         0.518     1.491 r  bd_0_i/hls_inst/inst/CTRL_s_axi_U/int_cols_reg[4]/Q
                         net (fo=9, unplaced)         0.687     2.178    bd_0_i/hls_inst/inst/CTRL_s_axi_U/int_cols_reg[31]_0[4]
                         CARRY4 (Prop_carry4_DI[3]_CO[3])
                                                      0.567     2.745 r  bd_0_i/hls_inst/inst/CTRL_s_axi_U/sub2_reg_227_reg[4]_i_1/CO[3]
                         net (fo=1, unplaced)         0.009     2.754    bd_0_i/hls_inst/inst/CTRL_s_axi_U/sub2_reg_227_reg[4]_i_1_n_0
                         CARRY4 (Prop_carry4_CI_CO[3])
                                                      0.117     2.871 r  bd_0_i/hls_inst/inst/CTRL_s_axi_U/sub2_reg_227_reg[8]_i_1/CO[3]
                         net (fo=1, unplaced)         0.000     2.871    bd_0_i/hls_inst/inst/CTRL_s_axi_U/sub2_reg_227_reg[8]_i_1_n_0
                         CARRY4 (Prop_carry4_CI_CO[3])
                                                      0.117     2.988 r  bd_0_i/hls_inst/inst/CTRL_s_axi_U/sub2_reg_227_reg[12]_i_1/CO[3]
                         net (fo=1, unplaced)         0.000     2.988    bd_0_i/hls_inst/inst/CTRL_s_axi_U/sub2_reg_227_reg[12]_i_1_n_0
                         CARRY4 (Prop_carry4_CI_CO[3])
                                                      0.117     3.105 r  bd_0_i/hls_inst/inst/CTRL_s_axi_U/sub2_reg_227_reg[16]_i_1/CO[3]
                         net (fo=1, unplaced)         0.000     3.105    bd_0_i/hls_inst/inst/CTRL_s_axi_U/sub2_reg_227_reg[16]_i_1_n_0
                         CARRY4 (Prop_carry4_CI_CO[3])
                                                      0.117     3.222 r  bd_0_i/hls_inst/inst/CTRL_s_axi_U/sub2_reg_227_reg[20]_i_1/CO[3]
                         net (fo=1, unplaced)         0.000     3.222    bd_0_i/hls_inst/inst/CTRL_s_axi_U/sub2_reg_227_reg[20]_i_1_n_0
                         CARRY4 (Prop_carry4_CI_CO[3])
                                                      0.117     3.339 r  bd_0_i/hls_inst/inst/CTRL_s_axi_U/sub2_reg_227_reg[24]_i_1/CO[3]
                         net (fo=1, unplaced)         0.000     3.339    bd_0_i/hls_inst/inst/CTRL_s_axi_U/sub2_reg_227_reg[24]_i_1_n_0
                         CARRY4 (Prop_carry4_CI_CO[3])
                                                      0.117     3.456 r  bd_0_i/hls_inst/inst/CTRL_s_axi_U/sub2_reg_227_reg[28]_i_1/CO[3]
                         net (fo=1, unplaced)         0.000     3.456    bd_0_i/hls_inst/inst/CTRL_s_axi_U/sub2_reg_227_reg[28]_i_1_n_0
                         CARRY4 (Prop_carry4_CI_O[1])
                                                      0.337     3.793 f  bd_0_i/hls_inst/inst/CTRL_s_axi_U/sub2_reg_227_reg[31]_i_1/O[1]
                         net (fo=4, unplaced)         0.635     4.428    bd_0_i/hls_inst/inst/CTRL_s_axi_U/int_cols_reg[30]_0[30]
                         LUT2 (Prop_lut2_I0_O)        0.306     4.734 r  bd_0_i/hls_inst/inst/CTRL_s_axi_U/tmp_product_i_53/O
                         net (fo=1, unplaced)         0.000     4.734    bd_0_i/hls_inst/inst/CTRL_s_axi_U/tmp_product_i_53_n_0
                         CARRY4 (Prop_carry4_S[1]_CO[2])
                                                      0.574     5.308 f  bd_0_i/hls_inst/inst/CTRL_s_axi_U/tmp_product_i_12/CO[2]
                         net (fo=1, unplaced)         0.452     5.760    bd_0_i/hls_inst/inst/CTRL_s_axi_U/p_0_in
                         LUT2 (Prop_lut2_I1_O)        0.310     6.070 r  bd_0_i/hls_inst/inst/CTRL_s_axi_U/tmp_product_i_1__0/O
                         net (fo=35, unplaced)        0.849     6.919    bd_0_i/hls_inst/inst/empty_reg_232
                         FDRE                                         r  bd_0_i/hls_inst/inst/empty_reg_232_reg[16]/R
  -------------------------------------------------------------------    -------------------

                         (clock ap_clk rise edge)    10.000    10.000 r  
                                                      0.000    10.000 r  ap_clk (IN)
                         net (fo=4044, unset)         0.924    10.924    bd_0_i/hls_inst/inst/ap_clk
                         FDRE                                         r  bd_0_i/hls_inst/inst/empty_reg_232_reg[16]/C
                         clock pessimism              0.000    10.924    
                         clock uncertainty           -0.035    10.889    
                         FDRE (Setup_fdre_C_R)       -0.524    10.365    bd_0_i/hls_inst/inst/empty_reg_232_reg[16]
  -------------------------------------------------------------------
                         required time                         10.365    
                         arrival time                          -6.919    
  -------------------------------------------------------------------
                         slack                                  3.446    

Slack (MET) :             3.446ns  (required time - arrival time)
  Source:                 bd_0_i/hls_inst/inst/CTRL_s_axi_U/int_cols_reg[4]/C
                            (rising edge-triggered cell FDRE clocked by ap_clk  {rise@0.000ns fall@5.000ns period=10.000ns})
  Destination:            bd_0_i/hls_inst/inst/empty_reg_232_reg[17]/R
                            (rising edge-triggered cell FDRE clocked by ap_clk  {rise@0.000ns fall@5.000ns period=10.000ns})
  Path Group:             ap_clk
  Path Type:              Setup (Max at Slow Process Corner)
  Requirement:            10.000ns  (ap_clk rise@10.000ns - ap_clk rise@0.000ns)
  Data Path Delay:        5.946ns  (logic 3.314ns (55.735%)  route 2.632ns (44.265%))
  Logic Levels:           11  (CARRY4=9 LUT2=2)
  Clock Path Skew:        -0.049ns (DCD - SCD + CPR)
    Destination Clock Delay (DCD):    0.924ns = ( 10.924 - 10.000 ) 
    Source Clock Delay      (SCD):    0.973ns
    Clock Pessimism Removal (CPR):    0.000ns
  Clock Uncertainty:      0.035ns  ((TSJ^2 + TIJ^2)^1/2 + DJ) / 2 + PE
    Total System Jitter     (TSJ):    0.071ns
    Total Input Jitter      (TIJ):    0.000ns
    Discrete Jitter          (DJ):    0.000ns
    Phase Error              (PE):    0.000ns

    Location             Delay type                Incr(ns)  Path(ns)    Netlist Resource(s)
  -------------------------------------------------------------------    -------------------
                         (clock ap_clk rise edge)     0.000     0.000 r  
                                                      0.000     0.000 r  ap_clk (IN)
                         net (fo=4044, unset)         0.973     0.973    bd_0_i/hls_inst/inst/CTRL_s_axi_U/ap_clk
                         FDRE                                         r  bd_0_i/hls_inst/inst/CTRL_s_axi_U/int_cols_reg[4]/C
  -------------------------------------------------------------------    -------------------
                         FDRE (Prop_fdre_C_Q)         0.518     1.491 r  bd_0_i/hls_inst/inst/CTRL_s_axi_U/int_cols_reg[4]/Q
                         net (fo=9, unplaced)         0.687     2.178    bd_0_i/hls_inst/inst/CTRL_s_axi_U/int_cols_reg[31]_0[4]
                         CARRY4 (Prop_carry4_DI[3]_CO[3])
                                                      0.567     2.745 r  bd_0_i/hls_inst/inst/CTRL_s_axi_U/sub2_reg_227_reg[4]_i_1/CO[3]
                         net (fo=1, unplaced)         0.009     2.754    bd_0_i/hls_inst/inst/CTRL_s_axi_U/sub2_reg_227_reg[4]_i_1_n_0
                         CARRY4 (Prop_carry4_CI_CO[3])
                                                      0.117     2.871 r  bd_0_i/hls_inst/inst/CTRL_s_axi_U/sub2_reg_227_reg[8]_i_1/CO[3]
                         net (fo=1, unplaced)         0.000     2.871    bd_0_i/hls_inst/inst/CTRL_s_axi_U/sub2_reg_227_reg[8]_i_1_n_0
                         CARRY4 (Prop_carry4_CI_CO[3])
                                                      0.117     2.988 r  bd_0_i/hls_inst/inst/CTRL_s_axi_U/sub2_reg_227_reg[12]_i_1/CO[3]
                         net (fo=1, unplaced)         0.000     2.988    bd_0_i/hls_inst/inst/CTRL_s_axi_U/sub2_reg_227_reg[12]_i_1_n_0
                         CARRY4 (Prop_carry4_CI_CO[3])
                                                      0.117     3.105 r  bd_0_i/hls_inst/inst/CTRL_s_axi_U/sub2_reg_227_reg[16]_i_1/CO[3]
                         net (fo=1, unplaced)         0.000     3.105    bd_0_i/hls_inst/inst/CTRL_s_axi_U/sub2_reg_227_reg[16]_i_1_n_0
                         CARRY4 (Prop_carry4_CI_CO[3])
                                                      0.117     3.222 r  bd_0_i/hls_inst/inst/CTRL_s_axi_U/sub2_reg_227_reg[20]_i_1/CO[3]
                         net (fo=1, unplaced)         0.000     3.222    bd_0_i/hls_inst/inst/CTRL_s_axi_U/sub2_reg_227_reg[20]_i_1_n_0
                         CARRY4 (Prop_carry4_CI_CO[3])
                                                      0.117     3.339 r  bd_0_i/hls_inst/inst/CTRL_s_axi_U/sub2_reg_227_reg[24]_i_1/CO[3]
                         net (fo=1, unplaced)         0.000     3.339    bd_0_i/hls_inst/inst/CTRL_s_axi_U/sub2_reg_227_reg[24]_i_1_n_0
                         CARRY4 (Prop_carry4_CI_CO[3])
                                                      0.117     3.456 r  bd_0_i/hls_inst/inst/CTRL_s_axi_U/sub2_reg_227_reg[28]_i_1/CO[3]
                         net (fo=1, unplaced)         0.000     3.456    bd_0_i/hls_inst/inst/CTRL_s_axi_U/sub2_reg_227_reg[28]_i_1_n_0
                         CARRY4 (Prop_carry4_CI_O[1])
                                                      0.337     3.793 f  bd_0_i/hls_inst/inst/CTRL_s_axi_U/sub2_reg_227_reg[31]_i_1/O[1]
                         net (fo=4, unplaced)         0.635     4.428    bd_0_i/hls_inst/inst/CTRL_s_axi_U/int_cols_reg[30]_0[30]
                         LUT2 (Prop_lut2_I0_O)        0.306     4.734 r  bd_0_i/hls_inst/inst/CTRL_s_axi_U/tmp_product_i_53/O
                         net (fo=1, unplaced)         0.000     4.734    bd_0_i/hls_inst/inst/CTRL_s_axi_U/tmp_product_i_53_n_0
                         CARRY4 (Prop_carry4_S[1]_CO[2])
                                                      0.574     5.308 f  bd_0_i/hls_inst/inst/CTRL_s_axi_U/tmp_product_i_12/CO[2]
                         net (fo=1, unplaced)         0.452     5.760    bd_0_i/hls_inst/inst/CTRL_s_axi_U/p_0_in
                         LUT2 (Prop_lut2_I1_O)        0.310     6.070 r  bd_0_i/hls_inst/inst/CTRL_s_axi_U/tmp_product_i_1__0/O
                         net (fo=35, unplaced)        0.849     6.919    bd_0_i/hls_inst/inst/empty_reg_232
                         FDRE                                         r  bd_0_i/hls_inst/inst/empty_reg_232_reg[17]/R
  -------------------------------------------------------------------    -------------------

                         (clock ap_clk rise edge)    10.000    10.000 r  
                                                      0.000    10.000 r  ap_clk (IN)
                         net (fo=4044, unset)         0.924    10.924    bd_0_i/hls_inst/inst/ap_clk
                         FDRE                                         r  bd_0_i/hls_inst/inst/empty_reg_232_reg[17]/C
                         clock pessimism              0.000    10.924    
                         clock uncertainty           -0.035    10.889    
                         FDRE (Setup_fdre_C_R)       -0.524    10.365    bd_0_i/hls_inst/inst/empty_reg_232_reg[17]
  -------------------------------------------------------------------
                         required time                         10.365    
                         arrival time                          -6.919    
  -------------------------------------------------------------------
                         slack                                  3.446    

Slack (MET) :             3.446ns  (required time - arrival time)
  Source:                 bd_0_i/hls_inst/inst/CTRL_s_axi_U/int_cols_reg[4]/C
                            (rising edge-triggered cell FDRE clocked by ap_clk  {rise@0.000ns fall@5.000ns period=10.000ns})
  Destination:            bd_0_i/hls_inst/inst/empty_reg_232_reg[18]/R
                            (rising edge-triggered cell FDRE clocked by ap_clk  {rise@0.000ns fall@5.000ns period=10.000ns})
  Path Group:             ap_clk
  Path Type:              Setup (Max at Slow Process Corner)
  Requirement:            10.000ns  (ap_clk rise@10.000ns - ap_clk rise@0.000ns)
  Data Path Delay:        5.946ns  (logic 3.314ns (55.735%)  route 2.632ns (44.265%))
  Logic Levels:           11  (CARRY4=9 LUT2=2)
  Clock Path Skew:        -0.049ns (DCD - SCD + CPR)
    Destination Clock Delay (DCD):    0.924ns = ( 10.924 - 10.000 ) 
    Source Clock Delay      (SCD):    0.973ns
    Clock Pessimism Removal (CPR):    0.000ns
  Clock Uncertainty:      0.035ns  ((TSJ^2 + TIJ^2)^1/2 + DJ) / 2 + PE
    Total System Jitter     (TSJ):    0.071ns
    Total Input Jitter      (TIJ):    0.000ns
    Discrete Jitter          (DJ):    0.000ns
    Phase Error              (PE):    0.000ns

    Location             Delay type                Incr(ns)  Path(ns)    Netlist Resource(s)
  -------------------------------------------------------------------    -------------------
                         (clock ap_clk rise edge)     0.000     0.000 r  
                                                      0.000     0.000 r  ap_clk (IN)
                         net (fo=4044, unset)         0.973     0.973    bd_0_i/hls_inst/inst/CTRL_s_axi_U/ap_clk
                         FDRE                                         r  bd_0_i/hls_inst/inst/CTRL_s_axi_U/int_cols_reg[4]/C
  -------------------------------------------------------------------    -------------------
                         FDRE (Prop_fdre_C_Q)         0.518     1.491 r  bd_0_i/hls_inst/inst/CTRL_s_axi_U/int_cols_reg[4]/Q
                         net (fo=9, unplaced)         0.687     2.178    bd_0_i/hls_inst/inst/CTRL_s_axi_U/int_cols_reg[31]_0[4]
                         CARRY4 (Prop_carry4_DI[3]_CO[3])
                                                      0.567     2.745 r  bd_0_i/hls_inst/inst/CTRL_s_axi_U/sub2_reg_227_reg[4]_i_1/CO[3]
                         net (fo=1, unplaced)         0.009     2.754    bd_0_i/hls_inst/inst/CTRL_s_axi_U/sub2_reg_227_reg[4]_i_1_n_0
                         CARRY4 (Prop_carry4_CI_CO[3])
                                                      0.117     2.871 r  bd_0_i/hls_inst/inst/CTRL_s_axi_U/sub2_reg_227_reg[8]_i_1/CO[3]
                         net (fo=1, unplaced)         0.000     2.871    bd_0_i/hls_inst/inst/CTRL_s_axi_U/sub2_reg_227_reg[8]_i_1_n_0
                         CARRY4 (Prop_carry4_CI_CO[3])
                                                      0.117     2.988 r  bd_0_i/hls_inst/inst/CTRL_s_axi_U/sub2_reg_227_reg[12]_i_1/CO[3]
                         net (fo=1, unplaced)         0.000     2.988    bd_0_i/hls_inst/inst/CTRL_s_axi_U/sub2_reg_227_reg[12]_i_1_n_0
                         CARRY4 (Prop_carry4_CI_CO[3])
                                                      0.117     3.105 r  bd_0_i/hls_inst/inst/CTRL_s_axi_U/sub2_reg_227_reg[16]_i_1/CO[3]
                         net (fo=1, unplaced)         0.000     3.105    bd_0_i/hls_inst/inst/CTRL_s_axi_U/sub2_reg_227_reg[16]_i_1_n_0
                         CARRY4 (Prop_carry4_CI_CO[3])
                                                      0.117     3.222 r  bd_0_i/hls_inst/inst/CTRL_s_axi_U/sub2_reg_227_reg[20]_i_1/CO[3]
                         net (fo=1, unplaced)         0.000     3.222    bd_0_i/hls_inst/inst/CTRL_s_axi_U/sub2_reg_227_reg[20]_i_1_n_0
                         CARRY4 (Prop_carry4_CI_CO[3])
                                                      0.117     3.339 r  bd_0_i/hls_inst/inst/CTRL_s_axi_U/sub2_reg_227_reg[24]_i_1/CO[3]
                         net (fo=1, unplaced)         0.000     3.339    bd_0_i/hls_inst/inst/CTRL_s_axi_U/sub2_reg_227_reg[24]_i_1_n_0
                         CARRY4 (Prop_carry4_CI_CO[3])
                                                      0.117     3.456 r  bd_0_i/hls_inst/inst/CTRL_s_axi_U/sub2_reg_227_reg[28]_i_1/CO[3]
                         net (fo=1, unplaced)         0.000     3.456    bd_0_i/hls_inst/inst/CTRL_s_axi_U/sub2_reg_227_reg[28]_i_1_n_0
                         CARRY4 (Prop_carry4_CI_O[1])
                                                      0.337     3.793 f  bd_0_i/hls_inst/inst/CTRL_s_axi_U/sub2_reg_227_reg[31]_i_1/O[1]
                         net (fo=4, unplaced)         0.635     4.428    bd_0_i/hls_inst/inst/CTRL_s_axi_U/int_cols_reg[30]_0[30]
                         LUT2 (Prop_lut2_I0_O)        0.306     4.734 r  bd_0_i/hls_inst/inst/CTRL_s_axi_U/tmp_product_i_53/O
                         net (fo=1, unplaced)         0.000     4.734    bd_0_i/hls_inst/inst/CTRL_s_axi_U/tmp_product_i_53_n_0
                         CARRY4 (Prop_carry4_S[1]_CO[2])
                                                      0.574     5.308 f  bd_0_i/hls_inst/inst/CTRL_s_axi_U/tmp_product_i_12/CO[2]
                         net (fo=1, unplaced)         0.452     5.760    bd_0_i/hls_inst/inst/CTRL_s_axi_U/p_0_in
                         LUT2 (Prop_lut2_I1_O)        0.310     6.070 r  bd_0_i/hls_inst/inst/CTRL_s_axi_U/tmp_product_i_1__0/O
                         net (fo=35, unplaced)        0.849     6.919    bd_0_i/hls_inst/inst/empty_reg_232
                         FDRE                                         r  bd_0_i/hls_inst/inst/empty_reg_232_reg[18]/R
  -------------------------------------------------------------------    -------------------

                         (clock ap_clk rise edge)    10.000    10.000 r  
                                                      0.000    10.000 r  ap_clk (IN)
                         net (fo=4044, unset)         0.924    10.924    bd_0_i/hls_inst/inst/ap_clk
                         FDRE                                         r  bd_0_i/hls_inst/inst/empty_reg_232_reg[18]/C
                         clock pessimism              0.000    10.924    
                         clock uncertainty           -0.035    10.889    
                         FDRE (Setup_fdre_C_R)       -0.524    10.365    bd_0_i/hls_inst/inst/empty_reg_232_reg[18]
  -------------------------------------------------------------------
                         required time                         10.365    
                         arrival time                          -6.919    
  -------------------------------------------------------------------
                         slack                                  3.446    




