Copyright 1986-2022 Xilinx, Inc. All Rights Reserved. Copyright 2022-2024 Advanced Micro Devices, Inc. All Rights Reserved.
---------------------------------------------------------------------------------------------------------------------------------------------
| Tool Version : Vivado v.2024.1 (win64) Build 5076996 Wed May 22 18:37:14 MDT 2024
| Date         : Sun Dec 29 10:52:11 2024
| Host         : nightt_insider running 64-bit major release  (build 9200)
| Command      : report_timing_summary -file ./report/sobel_timing_synth.rpt
| Design       : bd_0_wrapper
| Device       : 7z020-clg400
| Speed File   : -1  PRODUCTION 1.12 2019-11-22
| Design State : Synthesized
---------------------------------------------------------------------------------------------------------------------------------------------

Timing Summary Report

------------------------------------------------------------------------------------------------
| Timer Settings
| --------------
------------------------------------------------------------------------------------------------

  Enable Multi Corner Analysis               :  Yes
  Enable Pessimism Removal                   :  Yes
  Pessimism Removal Resolution               :  Nearest Common Node
  Enable Input Delay Default Clock           :  No
  Enable Preset / Clear Arcs                 :  No
  Disable Flight Delays                      :  No
  Ignore I/O Paths                           :  No
  Timing Early Launch at Borrowing Latches   :  No
  Borrow Time for Max Delay Exceptions       :  Yes
  Merge Timing Exceptions                    :  Yes
  Inter-SLR Compensation                     :  Conservative

  Corner  Analyze    Analyze    
  Name    Max Paths  Min Paths  
  ------  ---------  ---------  
  Slow    Yes        Yes        
  Fast    Yes        Yes        


------------------------------------------------------------------------------------------------
| Report Methodology
| ------------------
------------------------------------------------------------------------------------------------

No report available as report_methodology has not been run prior. Run report_methodology on the current design for the summary of methodology violations.



check_timing report

Table of Contents
-----------------
1. checking no_clock (0)
2. checking constant_clock (0)
3. checking pulse_width_clock (0)
4. checking unconstrained_internal_endpoints (0)
5. checking no_input_delay (90)
6. checking no_output_delay (212)
7. checking multiple_clock (0)
8. checking generated_clocks (0)
9. checking loops (0)
10. checking partial_input_delay (0)
11. checking partial_output_delay (0)
12. checking latch_loops (0)

1. checking no_clock (0)
------------------------
 There are 0 register/latch pins with no clock.


2. checking constant_clock (0)
------------------------------
 There are 0 register/latch pins with constant_clock.


3. checking pulse_width_clock (0)
---------------------------------
 There are 0 register/latch pins which need pulse_width check


4. checking unconstrained_internal_endpoints (0)
------------------------------------------------
 There are 0 pins that are not constrained for maximum delay.

 There are 0 pins that are not constrained for maximum delay due to constant clock.


5. checking no_input_delay (90)
-------------------------------
 There are 90 input ports with no input delay specified. (HIGH)

 There are 0 input ports with no input delay but user has a false path constraint.


6. checking no_output_delay (212)
---------------------------------
 There are 212 ports with no output delay specified. (HIGH)

 There are 0 ports with no output delay but user has a false path constraint

 There are 0 ports with no output delay but with a timing clock defined on it or propagating through it


7. checking multiple_clock (0)
------------------------------
 There are 0 register/latch pins with multiple clocks.


8. checking generated_clocks (0)
--------------------------------
 There are 0 generated clocks that are not connected to a clock source.


9. checking loops (0)
---------------------
 There are 0 combinational loops in the design.


10. checking partial_input_delay (0)
------------------------------------
 There are 0 input ports with partial input delay specified.


11. checking partial_output_delay (0)
-------------------------------------
 There are 0 ports with partial output delay specified.


12. checking latch_loops (0)
----------------------------
 There are 0 combinational latch loops in the design through latch input



------------------------------------------------------------------------------------------------
| Design Timing Summary
| ---------------------
------------------------------------------------------------------------------------------------

    WNS(ns)      TNS(ns)  TNS Failing Endpoints  TNS Total Endpoints      WHS(ns)      THS(ns)  THS Failing Endpoints  THS Total Endpoints     WPWS(ns)     TPWS(ns)  TPWS Failing Endpoints  TPWS Total Endpoints  
    -------      -------  ---------------------  -------------------      -------      -------  ---------------------  -------------------     --------     --------  ----------------------  --------------------  
      3.446        0.000                      0                 8706        0.219        0.000                      0                 8706        4.020        0.000                       0                  4043  


All user specified timing constraints are met.


------------------------------------------------------------------------------------------------
| Clock Summary
| -------------
------------------------------------------------------------------------------------------------

Clock   Waveform(ns)       Period(ns)      Frequency(MHz)
-----   ------------       ----------      --------------
ap_clk  {0.000 5.000}      10.000          100.000         


------------------------------------------------------------------------------------------------
| Intra Clock Table
| -----------------
------------------------------------------------------------------------------------------------

Clock             WNS(ns)      TNS(ns)  TNS Failing Endpoints  TNS Total Endpoints      WHS(ns)      THS(ns)  THS Failing Endpoints  THS Total Endpoints     WPWS(ns)     TPWS(ns)  TPWS Failing Endpoints  TPWS Total Endpoints  
-----             -------      -------  ---------------------  -------------------      -------      -------  ---------------------  -------------------     --------     --------  ----------------------  --------------------  
ap_clk              3.446        0.000                      0                 8706        0.219        0.000                      0                 8706        4.020        0.000                       0                  4043  


------------------------------------------------------------------------------------------------
| Inter Clock Table
| -----------------
------------------------------------------------------------------------------------------------

From Clock    To Clock          WNS(ns)      TNS(ns)  TNS Failing Endpoints  TNS Total Endpoints      WHS(ns)      THS(ns)  THS Failing Endpoints  THS Total Endpoints  
----------    --------          -------      -------  ---------------------  -------------------      -------      -------  ---------------------  -------------------  


------------------------------------------------------------------------------------------------
| Other Path Groups Table
| -----------------------
------------------------------------------------------------------------------------------------

Path Group    From Clock    To Clock          WNS(ns)      TNS(ns)  TNS Failing Endpoints  TNS Total Endpoints      WHS(ns)      THS(ns)  THS Failing Endpoints  THS Total Endpoints  
----------    ----------    --------          -------      -------  ---------------------  -------------------      -------      -------  ---------------------  -------------------  


------------------------------------------------------------------------------------------------
| Timing Details
| --------------
------------------------------------------------------------------------------------------------


---------------------------------------------------------------------------------------------------
From Clock:  ap_clk
  To Clock:  ap_clk

Setup :            0  Failing Endpoints,  Worst Slack        3.446ns,  Total Violation        0.000ns
Hold  :            0  Failing Endpoints,  Worst Slack        0.219ns,  Total Violation        0.000ns
PW    :            0  Failing Endpoints,  Worst Slack        4.020ns,  Total Violation        0.000ns
---------------------------------------------------------------------------------------------------


Max Delay Paths
--------------------------------------------------------------------------------------
Slack (MET) :             3.446ns  (required time - arrival time)
  Source:                 bd_0_i/hls_inst/inst/CTRL_s_axi_U/int_cols_reg[4]/C
                            (rising edge-triggered cell FDRE clocked by ap_clk  {rise@0.000ns fall@5.000ns period=10.000ns})
  Destination:            bd_0_i/hls_inst/inst/empty_reg_232_reg[0]/R
                            (rising edge-triggered cell FDRE clocked by ap_clk  {rise@0.000ns fall@5.000ns period=10.000ns})
  Path Group:             ap_clk
  Path Type:              Setup (Max at Slow Process Corner)
  Requirement:            10.000ns  (ap_clk rise@10.000ns - ap_clk rise@0.000ns)
  Data Path Delay:        5.946ns  (logic 3.314ns (55.735%)  route 2.632ns (44.265%))
  Logic Levels:           11  (CARRY4=9 LUT2=2)
  Clock Path Skew:        -0.049ns (DCD - SCD + CPR)
    Destination Clock Delay (DCD):    0.924ns = ( 10.924 - 10.000 ) 
    Source Clock Delay      (SCD):    0.973ns
    Clock Pessimism Removal (CPR):    0.000ns
  Clock Uncertainty:      0.035ns  ((TSJ^2 + TIJ^2)^1/2 + DJ) / 2 + PE
    Total System Jitter     (TSJ):    0.071ns
    Total Input Jitter      (TIJ):    0.000ns
    Discrete Jitter          (DJ):    0.000ns
    Phase Error              (PE):    0.000ns

    Location             Delay type                Incr(ns)  Path(ns)    Netlist Resource(s)
  -------------------------------------------------------------------    -------------------
                         (clock ap_clk rise edge)     0.000     0.000 r  
                                                      0.000     0.000 r  ap_clk (IN)
                         net (fo=4044, unset)         0.973     0.973    bd_0_i/hls_inst/inst/CTRL_s_axi_U/ap_clk
                         FDRE                                         r  bd_0_i/hls_inst/inst/CTRL_s_axi_U/int_cols_reg[4]/C
  -------------------------------------------------------------------    -------------------
                         FDRE (Prop_fdre_C_Q)         0.518     1.491 r  bd_0_i/hls_inst/inst/CTRL_s_axi_U/int_cols_reg[4]/Q
                         net (fo=9, unplaced)         0.687     2.178    bd_0_i/hls_inst/inst/CTRL_s_axi_U/int_cols_reg[31]_0[4]
                         CARRY4 (Prop_carry4_DI[3]_CO[3])
                                                      0.567     2.745 r  bd_0_i/hls_inst/inst/CTRL_s_axi_U/sub2_reg_227_reg[4]_i_1/CO[3]
                         net (fo=1, unplaced)         0.009     2.754    bd_0_i/hls_inst/inst/CTRL_s_axi_U/sub2_reg_227_reg[4]_i_1_n_0
                         CARRY4 (Prop_carry4_CI_CO[3])
                                                      0.117     2.871 r  bd_0_i/hls_inst/inst/CTRL_s_axi_U/sub2_reg_227_reg[8]_i_1/CO[3]
                         net (fo=1, unplaced)         0.000     2.871    bd_0_i/hls_inst/inst/CTRL_s_axi_U/sub2_reg_227_reg[8]_i_1_n_0
                         CARRY4 (Prop_carry4_CI_CO[3])
                                                      0.117     2.988 r  bd_0_i/hls_inst/inst/CTRL_s_axi_U/sub2_reg_227_reg[12]_i_1/CO[3]
                         net (fo=1, unplaced)         0.000     2.988    bd_0_i/hls_inst/inst/CTRL_s_axi_U/sub2_reg_227_reg[12]_i_1_n_0
                         CARRY4 (Prop_carry4_CI_CO[3])
                                                      0.117     3.105 r  bd_0_i/hls_inst/inst/CTRL_s_axi_U/sub2_reg_227_reg[16]_i_1/CO[3]
                         net (fo=1, unplaced)         0.000     3.105    bd_0_i/hls_inst/inst/CTRL_s_axi_U/sub2_reg_227_reg[16]_i_1_n_0
                         CARRY4 (Prop_carry4_CI_CO[3])
                                                      0.117     3.222 r  bd_0_i/hls_inst/inst/CTRL_s_axi_U/sub2_reg_227_reg[20]_i_1/CO[3]
                         net (fo=1, unplaced)         0.000     3.222    bd_0_i/hls_inst/inst/CTRL_s_axi_U/sub2_reg_227_reg[20]_i_1_n_0
                         CARRY4 (Prop_carry4_CI_CO[3])
                                                      0.117     3.339 r  bd_0_i/hls_inst/inst/CTRL_s_axi_U/sub2_reg_227_reg[24]_i_1/CO[3]
                         net (fo=1, unplaced)         0.000     3.339    bd_0_i/hls_inst/inst/CTRL_s_axi_U/sub2_reg_227_reg[24]_i_1_n_0
                         CARRY4 (Prop_carry4_CI_CO[3])
                                                      0.117     3.456 r  bd_0_i/hls_inst/inst/CTRL_s_axi_U/sub2_reg_227_reg[28]_i_1/CO[3]
                         net (fo=1, unplaced)         0.000     3.456    bd_0_i/hls_inst/inst/CTRL_s_axi_U/sub2_reg_227_reg[28]_i_1_n_0
                         CARRY4 (Prop_carry4_CI_O[1])
                                                      0.337     3.793 f  bd_0_i/hls_inst/inst/CTRL_s_axi_U/sub2_reg_227_reg[31]_i_1/O[1]
                         net (fo=4, unplaced)         0.635     4.428    bd_0_i/hls_inst/inst/CTRL_s_axi_U/int_cols_reg[30]_0[30]
                         LUT2 (Prop_lut2_I0_O)        0.306     4.734 r  bd_0_i/hls_inst/inst/CTRL_s_axi_U/tmp_product_i_53/O
                         net (fo=1, unplaced)         0.000     4.734    bd_0_i/hls_inst/inst/CTRL_s_axi_U/tmp_product_i_53_n_0
                         CARRY4 (Prop_carry4_S[1]_CO[2])
                                                      0.574     5.308 f  bd_0_i/hls_inst/inst/CTRL_s_axi_U/tmp_product_i_12/CO[2]
                         net (fo=1, unplaced)         0.452     5.760    bd_0_i/hls_inst/inst/CTRL_s_axi_U/p_0_in
                         LUT2 (Prop_lut2_I1_O)        0.310     6.070 r  bd_0_i/hls_inst/inst/CTRL_s_axi_U/tmp_product_i_1__0/O
                         net (fo=35, unplaced)        0.849     6.919    bd_0_i/hls_inst/inst/empty_reg_232
                         FDRE                                         r  bd_0_i/hls_inst/inst/empty_reg_232_reg[0]/R
  -------------------------------------------------------------------    -------------------

                         (clock ap_clk rise edge)    10.000    10.000 r  
                                                      0.000    10.000 r  ap_clk (IN)
                         net (fo=4044, unset)         0.924    10.924    bd_0_i/hls_inst/inst/ap_clk
                         FDRE                                         r  bd_0_i/hls_inst/inst/empty_reg_232_reg[0]/C
                         clock pessimism              0.000    10.924    
                         clock uncertainty           -0.035    10.889    
                         FDRE (Setup_fdre_C_R)       -0.524    10.365    bd_0_i/hls_inst/inst/empty_reg_232_reg[0]
  -------------------------------------------------------------------
                         required time                         10.365    
                         arrival time                          -6.919    
  -------------------------------------------------------------------
                         slack                                  3.446    





Min Delay Paths
--------------------------------------------------------------------------------------
Slack (MET) :             0.219ns  (arrival time - required time)
  Source:                 bd_0_i/hls_inst/inst/gmem_m_axi_U/bus_write/data_buf_reg[0]/C
                            (rising edge-triggered cell FDRE clocked by ap_clk  {rise@0.000ns fall@5.000ns period=10.000ns})
  Destination:            bd_0_i/hls_inst/inst/gmem_m_axi_U/bus_write/wreq_throttle/data_fifo/U_fifo_srl/mem_reg[14][0]_srl15/D
                            (rising edge-triggered cell SRL16E clocked by ap_clk  {rise@0.000ns fall@5.000ns period=10.000ns})
  Path Group:             ap_clk
  Path Type:              Hold (Min at Fast Process Corner)
  Requirement:            0.000ns  (ap_clk rise@0.000ns - ap_clk rise@0.000ns)
  Data Path Delay:        0.305ns  (logic 0.164ns (53.808%)  route 0.141ns (46.192%))
  Logic Levels:           0  
  Clock Path Skew:        0.022ns (DCD - SCD - CPR)
    Destination Clock Delay (DCD):    0.432ns
    Source Clock Delay      (SCD):    0.410ns
    Clock Pessimism Removal (CPR):    -0.000ns

    Location             Delay type                Incr(ns)  Path(ns)    Netlist Resource(s)
  -------------------------------------------------------------------    -------------------
                         (clock ap_clk rise edge)     0.000     0.000 r  
                                                      0.000     0.000 r  ap_clk (IN)
                         net (fo=4044, unset)         0.410     0.410    bd_0_i/hls_inst/inst/gmem_m_axi_U/bus_write/ap_clk
                         FDRE                                         r  bd_0_i/hls_inst/inst/gmem_m_axi_U/bus_write/data_buf_reg[0]/C
  -------------------------------------------------------------------    -------------------
                         FDRE (Prop_fdre_C_Q)         0.164     0.574 r  bd_0_i/hls_inst/inst/gmem_m_axi_U/bus_write/data_buf_reg[0]/Q
                         net (fo=1, unplaced)         0.141     0.715    bd_0_i/hls_inst/inst/gmem_m_axi_U/bus_write/wreq_throttle/data_fifo/U_fifo_srl/in[0]
                         SRL16E                                       r  bd_0_i/hls_inst/inst/gmem_m_axi_U/bus_write/wreq_throttle/data_fifo/U_fifo_srl/mem_reg[14][0]_srl15/D
  -------------------------------------------------------------------    -------------------

                         (clock ap_clk rise edge)     0.000     0.000 r  
                                                      0.000     0.000 r  ap_clk (IN)
                         net (fo=4044, unset)         0.432     0.432    bd_0_i/hls_inst/inst/gmem_m_axi_U/bus_write/wreq_throttle/data_fifo/U_fifo_srl/ap_clk
                         SRL16E                                       r  bd_0_i/hls_inst/inst/gmem_m_axi_U/bus_write/wreq_throttle/data_fifo/U_fifo_srl/mem_reg[14][0]_srl15/CLK
                         clock pessimism              0.000     0.432    
                         SRL16E (Hold_srl16e_CLK_D)
                                                      0.064     0.496    bd_0_i/hls_inst/inst/gmem_m_axi_U/bus_write/wreq_throttle/data_fifo/U_fifo_srl/mem_reg[14][0]_srl15
  -------------------------------------------------------------------
                         required time                         -0.496    
                         arrival time                           0.715    
  -------------------------------------------------------------------
                         slack                                  0.219    





Pulse Width Checks
--------------------------------------------------------------------------------------
Clock Name:         ap_clk
Waveform(ns):       { 0.000 5.000 }
Period(ns):         10.000
Sources:            { ap_clk }

Check Type        Corner  Lib Pin      Reference Pin  Required(ns)  Actual(ns)  Slack(ns)  Location  Pin
Min Period        n/a     DSP48E1/CLK  n/a            3.884         10.000      6.116                bd_0_i/hls_inst/inst/grp_sobel_Pipeline_VITIS_LOOP_77_1_VITIS_LOOP_80_2_fu_94/mul_31ns_32s_63_2_1_U1/buff0_reg/CLK
Low Pulse Width   Slow    SRL16E/CLK   n/a            0.980         5.000       4.020                bd_0_i/hls_inst/inst/gmem_m_axi_U/bus_read/fifo_burst/U_fifo_srl/mem_reg[14][0]_srl15/CLK
High Pulse Width  Slow    SRL16E/CLK   n/a            0.980         5.000       4.020                bd_0_i/hls_inst/inst/gmem_m_axi_U/bus_read/fifo_burst/U_fifo_srl/mem_reg[14][0]_srl15/CLK



