INFO-FLOW: Workspace E:/robot/project/FPGA/ZedBoard/HLS_lab/lab2/lab2/lab2/hls opened at Thu Oct 17 21:20:46 +0800 2024
Execute     send_msg_by_id INFO @200-1505@%s%s default  vivado 
INFO: [HLS 200-1505] Using default flow_target 'vivado'
Execute   apply_ini E:/robot/project/FPGA/ZedBoard/HLS_lab/lab2/lab2/hls_config.cfg 
Execute     send_msg_by_id INFO @200-1465@%s 'syn.file=E:/robot/project/FPGA/ZedBoard/HLS_lab/source/lab2/image_aux.c' from E:/robot/project/FPGA/ZedBoard/HLS_lab/lab2/lab2/hls_config.cfg(7) 
INFO: [HLS 200-1465] Applying ini 'syn.file=E:/robot/project/FPGA/ZedBoard/HLS_lab/source/lab2/image_aux.c' from E:/robot/project/FPGA/ZedBoard/HLS_lab/lab2/lab2/hls_config.cfg(7)
Execute     add_files E:/robot/project/FPGA/ZedBoard/HLS_lab/source/lab2/image_aux.c 
INFO: [HLS 200-10] Adding design file 'E:/robot/project/FPGA/ZedBoard/HLS_lab/source/lab2/image_aux.c' to the project
Execute     send_msg_by_id INFO @200-1465@%s 'syn.file=E:/robot/project/FPGA/ZedBoard/HLS_lab/source/lab2/yuv_filter.c' from E:/robot/project/FPGA/ZedBoard/HLS_lab/lab2/lab2/hls_config.cfg(8) 
INFO: [HLS 200-1465] Applying ini 'syn.file=E:/robot/project/FPGA/ZedBoard/HLS_lab/source/lab2/yuv_filter.c' from E:/robot/project/FPGA/ZedBoard/HLS_lab/lab2/lab2/hls_config.cfg(8)
Execute     add_files E:/robot/project/FPGA/ZedBoard/HLS_lab/source/lab2/yuv_filter.c 
INFO: [HLS 200-10] Adding design file 'E:/robot/project/FPGA/ZedBoard/HLS_lab/source/lab2/yuv_filter.c' to the project
Execute     send_msg_by_id INFO @200-1465@%s 'tb.file=E:/robot/project/FPGA/ZedBoard/HLS_lab/source/lab2/yuv_filter_test.c' from E:/robot/project/FPGA/ZedBoard/HLS_lab/lab2/lab2/hls_config.cfg(9) 
INFO: [HLS 200-1465] Applying ini 'tb.file=E:/robot/project/FPGA/ZedBoard/HLS_lab/source/lab2/yuv_filter_test.c' from E:/robot/project/FPGA/ZedBoard/HLS_lab/lab2/lab2/hls_config.cfg(9)
Execute     add_files -tb E:/robot/project/FPGA/ZedBoard/HLS_lab/source/lab2/yuv_filter_test.c 
INFO: [HLS 200-10] Adding test bench file 'E:/robot/project/FPGA/ZedBoard/HLS_lab/source/lab2/yuv_filter_test.c' to the project
Execute     send_msg_by_id INFO @200-1465@%s 'flow_target=vivado' from E:/robot/project/FPGA/ZedBoard/HLS_lab/lab2/lab2/hls_config.cfg(4) 
INFO: [HLS 200-1465] Applying ini 'flow_target=vivado' from E:/robot/project/FPGA/ZedBoard/HLS_lab/lab2/lab2/hls_config.cfg(4)
Execute     send_msg_by_id INFO @200-1505@%s%s  vivado 
INFO: [HLS 200-1505] Using flow_target 'vivado'
Execute     send_msg_by_id INFO @200-1465@%s 'part=xc7z020clg484-1' from E:/robot/project/FPGA/ZedBoard/HLS_lab/lab2/lab2/hls_config.cfg(1) 
INFO: [HLS 200-1465] Applying ini 'part=xc7z020clg484-1' from E:/robot/project/FPGA/ZedBoard/HLS_lab/lab2/lab2/hls_config.cfg(1)
Execute     set_part xc7z020clg484-1 
Execute       create_platform xc7z020clg484-1 -board  
DBG:HLSDevice: Trying to load device library: E:/vivado\Vitis_HLS\2024.1\lib\win64.o\xv_hlsvwrap.dll
DBG:HLSDevice: first parts/arch.xml in RDI_DATADIR: E:/vivado/Vivado/2024.1/data/parts/arch.xml
DBG:HLSDevice: init success
INFO: [HLS 200-1611] Setting target device to 'xc7z020-clg484-1'
Command       create_platform done; 2.586 sec.
Execute       source E:/vivado/Vitis_HLS/2024.1/common/technology/xilinx/common/xilinx.gen 
Execute         source E:/vivado/Vitis_HLS/2024.1/common/technology/xilinx/interface/plb46.gen 
Execute         source E:/vivado/Vitis_HLS/2024.1/common/technology/xilinx/interface/axi4.gen 
Execute         source E:/vivado/Vitis_HLS/2024.1/common/technology/xilinx/interface/nativeAXI4.gen 
Execute           source E:/vivado/Vitis_HLS/2024.1/common/technology/xilinx/interface/saxilite.gen 
Execute         source E:/vivado/Vitis_HLS/2024.1/common/technology/xilinx/scripts/xilinxcoregen.gen 
Execute         source E:/vivado/Vitis_HLS/2024.1/common/technology/xilinx/interface/XilEDKCoreGen.gen 
Execute         source E:/vivado/Vitis_HLS/2024.1/common/technology/xilinx/ip/dds_compiler.gen 
Execute         source E:/vivado/Vitis_HLS/2024.1/common/technology/xilinx/ip/util.gen 
Execute         source E:/vivado/Vitis_HLS/2024.1/common/technology/xilinx/ip/xfft.gen 
Execute         source E:/vivado/Vitis_HLS/2024.1/common/technology/xilinx/ip/xfir.gen 
Execute         source E:/vivado/Vitis_HLS/2024.1/common/technology/xilinx/DSP48/dsp48.gen 
Execute       ap_part_info -name xc7z020-clg484-1 -data info 
Execute       config_compile -quiet -complex-mul-dsp=0 
Command     set_part done; 2.794 sec.
Execute     send_msg_by_id INFO @200-1465@%s 'csim.code_analyzer=1' from E:/robot/project/FPGA/ZedBoard/HLS_lab/lab2/lab2/hls_config.cfg(10) 
INFO: [HLS 200-1465] Applying ini 'csim.code_analyzer=1' from E:/robot/project/FPGA/ZedBoard/HLS_lab/lab2/lab2/hls_config.cfg(10)
Execute     config_csim -code_analyzer=1 
Execute     send_msg_by_id INFO @200-1465@%s 'package.output.format=ip_catalog' from E:/robot/project/FPGA/ZedBoard/HLS_lab/lab2/lab2/hls_config.cfg(5) 
INFO: [HLS 200-1465] Applying ini 'package.output.format=ip_catalog' from E:/robot/project/FPGA/ZedBoard/HLS_lab/lab2/lab2/hls_config.cfg(5)
Execute     config_export -format=ip_catalog 
Command   apply_ini done; 2.827 sec.
Execute   apply_ini E:/robot/project/FPGA/ZedBoard/HLS_lab/lab2/lab2/lab2/hls/config.cmdline 
Execute   csim_design 
Execute     AP::app_get_file_relativeroot [AP::app_get_root] {}
Execute     AP::app_get_file_relativeroot [AP::app_get_root] {}
Execute     AP::app_get_file_relativeroot [AP::app_get_root] {}
INFO-FLOW: Running SLX 'csim' proc: ::SLX::run_csim
INFO-FLOW: ::SLX::run_csim failed: child process exited abnormally
INFO-FLOW: Caught error in csim_design: Problem running csim: child process exited abnormally
    while executing
"error "Problem running $stage: $result""
    (procedure "::AP::hls_slx_hook" line 54)
    invoked from within
"::AP::hls_slx_hook csim $config_value_dict replace_flow"
    (procedure "ap_internal_csim_design" line 104)
    invoked from within
"ap_internal_csim_design "
Command   csim_design done; error code: 2; 3.603 sec.
Execute   close_project 
Execute     close_solution 
Execute       cleanup_all 
Execute       cleanup_all 
INFO-FLOW: Workspace E:/robot/project/FPGA/ZedBoard/HLS_lab/lab2/lab2/lab2/hls opened at Thu Oct 17 21:22:06 +0800 2024
Execute     send_msg_by_id INFO @200-1505@%s%s default  vivado 
INFO: [HLS 200-1505] Using default flow_target 'vivado'
Execute   apply_ini E:/robot/project/FPGA/ZedBoard/HLS_lab/lab2/lab2/hls_config.cfg 
Execute     send_msg_by_id INFO @200-1465@%s 'syn.file=E:/robot/project/FPGA/ZedBoard/HLS_lab/source/lab2/image_aux.c' from E:/robot/project/FPGA/ZedBoard/HLS_lab/lab2/lab2/hls_config.cfg(7) 
INFO: [HLS 200-1465] Applying ini 'syn.file=E:/robot/project/FPGA/ZedBoard/HLS_lab/source/lab2/image_aux.c' from E:/robot/project/FPGA/ZedBoard/HLS_lab/lab2/lab2/hls_config.cfg(7)
Execute     add_files E:/robot/project/FPGA/ZedBoard/HLS_lab/source/lab2/image_aux.c 
INFO: [HLS 200-10] Adding design file 'E:/robot/project/FPGA/ZedBoard/HLS_lab/source/lab2/image_aux.c' to the project
Execute     send_msg_by_id INFO @200-1465@%s 'syn.file=E:/robot/project/FPGA/ZedBoard/HLS_lab/source/lab2/yuv_filter.c' from E:/robot/project/FPGA/ZedBoard/HLS_lab/lab2/lab2/hls_config.cfg(8) 
INFO: [HLS 200-1465] Applying ini 'syn.file=E:/robot/project/FPGA/ZedBoard/HLS_lab/source/lab2/yuv_filter.c' from E:/robot/project/FPGA/ZedBoard/HLS_lab/lab2/lab2/hls_config.cfg(8)
Execute     add_files E:/robot/project/FPGA/ZedBoard/HLS_lab/source/lab2/yuv_filter.c 
INFO: [HLS 200-10] Adding design file 'E:/robot/project/FPGA/ZedBoard/HLS_lab/source/lab2/yuv_filter.c' to the project
Execute     send_msg_by_id INFO @200-1465@%s 'tb.file=E:/robot/project/FPGA/ZedBoard/HLS_lab/source/lab2/yuv_filter_test.c' from E:/robot/project/FPGA/ZedBoard/HLS_lab/lab2/lab2/hls_config.cfg(9) 
INFO: [HLS 200-1465] Applying ini 'tb.file=E:/robot/project/FPGA/ZedBoard/HLS_lab/source/lab2/yuv_filter_test.c' from E:/robot/project/FPGA/ZedBoard/HLS_lab/lab2/lab2/hls_config.cfg(9)
Execute     add_files -tb E:/robot/project/FPGA/ZedBoard/HLS_lab/source/lab2/yuv_filter_test.c 
INFO: [HLS 200-10] Adding test bench file 'E:/robot/project/FPGA/ZedBoard/HLS_lab/source/lab2/yuv_filter_test.c' to the project
Execute     send_msg_by_id INFO @200-1465@%s 'syn.top=yuv_filter' from E:/robot/project/FPGA/ZedBoard/HLS_lab/lab2/lab2/hls_config.cfg(11) 
INFO: [HLS 200-1465] Applying ini 'syn.top=yuv_filter' from E:/robot/project/FPGA/ZedBoard/HLS_lab/lab2/lab2/hls_config.cfg(11)
Execute     set_top yuv_filter 
Execute     send_msg_by_id INFO @200-1465@%s 'flow_target=vivado' from E:/robot/project/FPGA/ZedBoard/HLS_lab/lab2/lab2/hls_config.cfg(4) 
INFO: [HLS 200-1465] Applying ini 'flow_target=vivado' from E:/robot/project/FPGA/ZedBoard/HLS_lab/lab2/lab2/hls_config.cfg(4)
Execute     send_msg_by_id INFO @200-1505@%s%s  vivado 
INFO: [HLS 200-1505] Using flow_target 'vivado'
Execute     send_msg_by_id INFO @200-1465@%s 'part=xc7z020clg484-1' from E:/robot/project/FPGA/ZedBoard/HLS_lab/lab2/lab2/hls_config.cfg(1) 
INFO: [HLS 200-1465] Applying ini 'part=xc7z020clg484-1' from E:/robot/project/FPGA/ZedBoard/HLS_lab/lab2/lab2/hls_config.cfg(1)
Execute     set_part xc7z020clg484-1 
Execute       create_platform xc7z020clg484-1 -board  
DBG:HLSDevice: Trying to load device library: E:/vivado\Vitis_HLS\2024.1\lib\win64.o\xv_hlsvwrap.dll
DBG:HLSDevice: first parts/arch.xml in RDI_DATADIR: E:/vivado/Vivado/2024.1/data/parts/arch.xml
DBG:HLSDevice: init success
INFO: [HLS 200-1611] Setting target device to 'xc7z020-clg484-1'
Command       create_platform done; 2.168 sec.
Execute       source E:/vivado/Vitis_HLS/2024.1/common/technology/xilinx/common/xilinx.gen 
Execute         source E:/vivado/Vitis_HLS/2024.1/common/technology/xilinx/interface/plb46.gen 
Execute         source E:/vivado/Vitis_HLS/2024.1/common/technology/xilinx/interface/axi4.gen 
Execute         source E:/vivado/Vitis_HLS/2024.1/common/technology/xilinx/interface/nativeAXI4.gen 
Execute           source E:/vivado/Vitis_HLS/2024.1/common/technology/xilinx/interface/saxilite.gen 
Execute         source E:/vivado/Vitis_HLS/2024.1/common/technology/xilinx/scripts/xilinxcoregen.gen 
Execute         source E:/vivado/Vitis_HLS/2024.1/common/technology/xilinx/interface/XilEDKCoreGen.gen 
Execute         source E:/vivado/Vitis_HLS/2024.1/common/technology/xilinx/ip/dds_compiler.gen 
Execute         source E:/vivado/Vitis_HLS/2024.1/common/technology/xilinx/ip/util.gen 
Execute         source E:/vivado/Vitis_HLS/2024.1/common/technology/xilinx/ip/xfft.gen 
Execute         source E:/vivado/Vitis_HLS/2024.1/common/technology/xilinx/ip/xfir.gen 
Execute         source E:/vivado/Vitis_HLS/2024.1/common/technology/xilinx/DSP48/dsp48.gen 
Execute       ap_part_info -name xc7z020-clg484-1 -data info 
Command       ap_part_info done; 0.107 sec.
Execute       config_compile -quiet -complex-mul-dsp=0 
Command     set_part done; 2.373 sec.
Execute     send_msg_by_id INFO @200-1465@%s 'csim.code_analyzer=1' from E:/robot/project/FPGA/ZedBoard/HLS_lab/lab2/lab2/hls_config.cfg(10) 
INFO: [HLS 200-1465] Applying ini 'csim.code_analyzer=1' from E:/robot/project/FPGA/ZedBoard/HLS_lab/lab2/lab2/hls_config.cfg(10)
Execute     config_csim -code_analyzer=1 
Execute     send_msg_by_id INFO @200-1465@%s 'package.output.format=ip_catalog' from E:/robot/project/FPGA/ZedBoard/HLS_lab/lab2/lab2/hls_config.cfg(5) 
INFO: [HLS 200-1465] Applying ini 'package.output.format=ip_catalog' from E:/robot/project/FPGA/ZedBoard/HLS_lab/lab2/lab2/hls_config.cfg(5)
Execute     config_export -format=ip_catalog 
Command   apply_ini done; 2.411 sec.
Execute   apply_ini E:/robot/project/FPGA/ZedBoard/HLS_lab/lab2/lab2/lab2/hls/config.cmdline 
Execute   csim_design 
Execute     AP::app_get_file_relativeroot [AP::app_get_root] {}
Execute     AP::app_get_file_relativeroot [AP::app_get_root] {}
Execute     AP::app_get_file_relativeroot [AP::app_get_root] {}
INFO-FLOW: Running SLX 'csim' proc: ::SLX::run_csim
INFO-FLOW: ::SLX::run_csim failed: child process exited abnormally
INFO-FLOW: Caught error in csim_design: Problem running csim: child process exited abnormally
    while executing
"error "Problem running $stage: $result""
    (procedure "::AP::hls_slx_hook" line 54)
    invoked from within
"::AP::hls_slx_hook csim $config_value_dict replace_flow"
    (procedure "ap_internal_csim_design" line 104)
    invoked from within
"ap_internal_csim_design "
Command   csim_design done; error code: 2; 6.892 sec.
Execute   close_project 
Execute     close_solution 
Execute       cleanup_all 
Execute       cleanup_all 
INFO-FLOW: Workspace E:/robot/project/FPGA/ZedBoard/HLS_lab/lab2/lab2/lab2/hls opened at Thu Oct 17 21:24:46 +0800 2024
Execute     send_msg_by_id INFO @200-1505@%s%s default  vivado 
INFO: [HLS 200-1505] Using default flow_target 'vivado'
Execute   apply_ini E:/robot/project/FPGA/ZedBoard/HLS_lab/lab2/lab2/hls_config.cfg 
Execute     send_msg_by_id INFO @200-1465@%s 'syn.file=E:/robot/project/FPGA/ZedBoard/HLS_lab/source/lab2/image_aux.c' from E:/robot/project/FPGA/ZedBoard/HLS_lab/lab2/lab2/hls_config.cfg(7) 
INFO: [HLS 200-1465] Applying ini 'syn.file=E:/robot/project/FPGA/ZedBoard/HLS_lab/source/lab2/image_aux.c' from E:/robot/project/FPGA/ZedBoard/HLS_lab/lab2/lab2/hls_config.cfg(7)
Execute     add_files E:/robot/project/FPGA/ZedBoard/HLS_lab/source/lab2/image_aux.c 
INFO: [HLS 200-10] Adding design file 'E:/robot/project/FPGA/ZedBoard/HLS_lab/source/lab2/image_aux.c' to the project
Execute     send_msg_by_id INFO @200-1465@%s 'syn.file=E:/robot/project/FPGA/ZedBoard/HLS_lab/source/lab2/yuv_filter.c' from E:/robot/project/FPGA/ZedBoard/HLS_lab/lab2/lab2/hls_config.cfg(8) 
INFO: [HLS 200-1465] Applying ini 'syn.file=E:/robot/project/FPGA/ZedBoard/HLS_lab/source/lab2/yuv_filter.c' from E:/robot/project/FPGA/ZedBoard/HLS_lab/lab2/lab2/hls_config.cfg(8)
Execute     add_files E:/robot/project/FPGA/ZedBoard/HLS_lab/source/lab2/yuv_filter.c 
INFO: [HLS 200-10] Adding design file 'E:/robot/project/FPGA/ZedBoard/HLS_lab/source/lab2/yuv_filter.c' to the project
Execute     send_msg_by_id INFO @200-1465@%s 'tb.file=E:/robot/project/FPGA/ZedBoard/HLS_lab/source/lab2/yuv_filter_test.c' from E:/robot/project/FPGA/ZedBoard/HLS_lab/lab2/lab2/hls_config.cfg(9) 
INFO: [HLS 200-1465] Applying ini 'tb.file=E:/robot/project/FPGA/ZedBoard/HLS_lab/source/lab2/yuv_filter_test.c' from E:/robot/project/FPGA/ZedBoard/HLS_lab/lab2/lab2/hls_config.cfg(9)
Execute     add_files -tb E:/robot/project/FPGA/ZedBoard/HLS_lab/source/lab2/yuv_filter_test.c 
INFO: [HLS 200-10] Adding test bench file 'E:/robot/project/FPGA/ZedBoard/HLS_lab/source/lab2/yuv_filter_test.c' to the project
Execute     send_msg_by_id INFO @200-1465@%s 'syn.top=yuv_filter' from E:/robot/project/FPGA/ZedBoard/HLS_lab/lab2/lab2/hls_config.cfg(11) 
INFO: [HLS 200-1465] Applying ini 'syn.top=yuv_filter' from E:/robot/project/FPGA/ZedBoard/HLS_lab/lab2/lab2/hls_config.cfg(11)
Execute     set_top yuv_filter 
Execute     send_msg_by_id INFO @200-1465@%s 'flow_target=vivado' from E:/robot/project/FPGA/ZedBoard/HLS_lab/lab2/lab2/hls_config.cfg(4) 
INFO: [HLS 200-1465] Applying ini 'flow_target=vivado' from E:/robot/project/FPGA/ZedBoard/HLS_lab/lab2/lab2/hls_config.cfg(4)
Execute     send_msg_by_id INFO @200-1505@%s%s  vivado 
INFO: [HLS 200-1505] Using flow_target 'vivado'
Execute     send_msg_by_id INFO @200-1465@%s 'part=xc7z020clg484-1' from E:/robot/project/FPGA/ZedBoard/HLS_lab/lab2/lab2/hls_config.cfg(1) 
INFO: [HLS 200-1465] Applying ini 'part=xc7z020clg484-1' from E:/robot/project/FPGA/ZedBoard/HLS_lab/lab2/lab2/hls_config.cfg(1)
Execute     set_part xc7z020clg484-1 
Execute       create_platform xc7z020clg484-1 -board  
DBG:HLSDevice: Trying to load device library: E:/vivado\Vitis_HLS\2024.1\lib\win64.o\xv_hlsvwrap.dll
DBG:HLSDevice: first parts/arch.xml in RDI_DATADIR: E:/vivado/Vivado/2024.1/data/parts/arch.xml
DBG:HLSDevice: init success
INFO: [HLS 200-1611] Setting target device to 'xc7z020-clg484-1'
Command       create_platform done; 2 sec.
Execute       source E:/vivado/Vitis_HLS/2024.1/common/technology/xilinx/common/xilinx.gen 
Execute         source E:/vivado/Vitis_HLS/2024.1/common/technology/xilinx/interface/plb46.gen 
Execute         source E:/vivado/Vitis_HLS/2024.1/common/technology/xilinx/interface/axi4.gen 
Execute         source E:/vivado/Vitis_HLS/2024.1/common/technology/xilinx/interface/nativeAXI4.gen 
Execute           source E:/vivado/Vitis_HLS/2024.1/common/technology/xilinx/interface/saxilite.gen 
Execute         source E:/vivado/Vitis_HLS/2024.1/common/technology/xilinx/scripts/xilinxcoregen.gen 
Execute         source E:/vivado/Vitis_HLS/2024.1/common/technology/xilinx/interface/XilEDKCoreGen.gen 
Execute         source E:/vivado/Vitis_HLS/2024.1/common/technology/xilinx/ip/dds_compiler.gen 
Execute         source E:/vivado/Vitis_HLS/2024.1/common/technology/xilinx/ip/util.gen 
Execute         source E:/vivado/Vitis_HLS/2024.1/common/technology/xilinx/ip/xfft.gen 
Execute         source E:/vivado/Vitis_HLS/2024.1/common/technology/xilinx/ip/xfir.gen 
Execute         source E:/vivado/Vitis_HLS/2024.1/common/technology/xilinx/DSP48/dsp48.gen 
Execute       ap_part_info -name xc7z020-clg484-1 -data info 
Execute       config_compile -quiet -complex-mul-dsp=0 
Command     set_part done; 2.19 sec.
Execute     send_msg_by_id INFO @200-1465@%s 'csim.code_analyzer=0' from E:/robot/project/FPGA/ZedBoard/HLS_lab/lab2/lab2/hls_config.cfg(10) 
INFO: [HLS 200-1465] Applying ini 'csim.code_analyzer=0' from E:/robot/project/FPGA/ZedBoard/HLS_lab/lab2/lab2/hls_config.cfg(10)
Execute     config_csim -code_analyzer=0 
Execute     send_msg_by_id INFO @200-1465@%s 'package.output.format=ip_catalog' from E:/robot/project/FPGA/ZedBoard/HLS_lab/lab2/lab2/hls_config.cfg(5) 
INFO: [HLS 200-1465] Applying ini 'package.output.format=ip_catalog' from E:/robot/project/FPGA/ZedBoard/HLS_lab/lab2/lab2/hls_config.cfg(5)
Execute     config_export -format=ip_catalog 
Command   apply_ini done; 2.223 sec.
Execute   apply_ini E:/robot/project/FPGA/ZedBoard/HLS_lab/lab2/lab2/lab2/hls/config.cmdline 
Execute   csim_design 
Execute     AP::app_get_file_relativeroot [AP::app_get_root] {}
Execute     AP::app_get_file_relativeroot [AP::app_get_root] {}
Execute     AP::app_get_file_relativeroot [AP::app_get_root] {}
INFO-FLOW: Running SLX 'csim' proc: ::SLX::run_csim
INFO: [SIM 211-2] *************** CSIM start ***************
INFO: [SIM 211-4] CSIM will launch CLANG as the compiler.
Execute     send_msg_by_id INFO @200-2036@%s debug 
INFO: [HLS 200-2036] Building debug C Simulation binaries
Execute     source E:/vivado/Vitis_HLS/2024.1/tps/tcl/tcllib1.11.1/yaml/huddle.tcl 
Execute     source E:/vivado/Vitis_HLS/2024.1/tps/tcl/tcllib1.11.1/yaml/json2huddle.tcl 
Execute     ap_part_info -name xc7z020-clg484-1 -data info 
Command     ap_part_info done; 0.101 sec.
Execute     source run_sim.tcl 
Command     ap_source done; error code: 1; 0.143 sec.
INFO-FLOW: AESL_CSIM::c_sim errorInfo:

    while executing
"::AESL_CSIM::c_sim "$argn" "
ERROR: [SIM 211-100] CSim failed with errors.
INFO: [SIM 211-3] *************** CSIM finish ***************
INFO-FLOW: AESL_CSIM::csim_cmd_wrap errorInfo:
4
    while executing
"::AESL_CSIM::csim_cmd_wrap $args"
INFO-FLOW: Caught error in csim_design: 4
    while executing
"ap_internal_csim_design "
Command   csim_design done; error code: 2; 1.817 sec.
Execute   close_project 
Execute     close_solution 
Execute       cleanup_all 
Execute       cleanup_all 
