

Implementation tool: Xilinx Vivado v.2024.1
Project:             dct
Solution:            hls
Device target:       xc7z020-clg484-1
Report date:         Wed Oct 30 16:36:46 +0800 2024

#=== Post-Implementation Resource usage ===
SLICE:          218
LUT:            621
FF:             376
DSP:             16
BRAM:             3
URAM:             0
LATCH:            0
SRL:             16
CLB:              0

#=== Final timing ===
CP required:                     10.000
CP achieved post-synthesis:      4.932
CP achieved post-implementation: 6.666
Timing met
