================================================================
== Vivado Place & Route Results
================================================================
+ General Information:
    * Date:            Wed Oct 30 16:36:48 +0800 2024
    * Version:         2024.1 (Build 5069499 on May 21 2024)
    * Project:         dct
    * Solution:        hls (Vivado IP Flow Target)
    * Product family:  zynq
    * Target device:   xc7z020-clg484-1


================================================================
== Run Constraints & Options
================================================================
+ Design Constraints & Options:
    * Place & Route target clock:  10 ns
    * C-Synthesis target clock:    10 ns
    * C-Synthesis uncertainty:     27%

+ RTL Synthesis Options:
    * config_export -vivado_synth_strategy:     default
    * config_export -vivado_synth_design_args:  -directive sdx_optimization_effort_high

+ Place & Route Options:
    * config_export -vivado_impl_strategy:  default
    * config_export -vivado_phys_opt:       auto

+ Reporting Options:
    * config_export -vivado_report_level:      2
    * config_export -vivado_max_timing_paths:  10


================================================================
== Place & Route Resource Summary
================================================================
LUT:              621
FF:               376
DSP:              16
BRAM:             3
URAM:             0
SRL:              16


================================================================
== Place & Route Timing Summary
================================================================
* Timing was met
+----------------+-------------+
| Timing         | Period (ns) |
+----------------+-------------+
| Target         | 10.000      |
| Post-Synthesis | 4.932       |
| Post-Route     | 6.666       |
+----------------+-------------+


================================================================
== Place & Route Resources
================================================================
+-------------------------------------------------------------------------+-----+-----+-----+------+------+-----+--------+------+---------+----------+--------+
| Name                                                                    | LUT | FF  | DSP | BRAM | URAM | SRL | Pragma | Impl | Latency | Variable | Source |
+-------------------------------------------------------------------------+-----+-----+-----+------+------+-----+--------+------+---------+----------+--------+
| inst                                                                    | 621 | 376 | 16  | 3    |      |     |        |      |         |          |        |
|   (inst)                                                                | 1   | 18  |     |      |      |     |        |      |         |          |        |
|   buf_2d_in_10_U                                                        | 16  |     |     |      |      |     |        |      |         |          |        |
|   buf_2d_in_11_U                                                        | 16  |     |     |      |      |     |        |      |         |          |        |
|   buf_2d_in_12_U                                                        | 16  |     |     |      |      |     |        |      |         |          |        |
|   buf_2d_in_13_U                                                        | 16  |     |     |      |      |     |        |      |         |          |        |
|   buf_2d_in_14_U                                                        | 16  |     |     |      |      |     |        |      |         |          |        |
|   buf_2d_in_8_U                                                         | 16  |     |     |      |      |     |        |      |         |          |        |
|   buf_2d_in_9_U                                                         | 16  |     |     |      |      |     |        |      |         |          |        |
|   buf_2d_in_U                                                           | 16  |     |     |      |      |     |        |      |         |          |        |
|   buf_2d_out_U                                                          |     |     |     | 1    |      |     |        |      |         |          |        |
|   col_inbuf_1_U                                                         | 16  |     |     |      |      |     |        |      |         |          |        |
|   col_inbuf_2_U                                                         | 16  |     |     |      |      |     |        |      |         |          |        |
|   col_inbuf_3_U                                                         | 16  |     |     |      |      |     |        |      |         |          |        |
|   col_inbuf_4_U                                                         | 16  |     |     |      |      |     |        |      |         |          |        |
|   col_inbuf_5_U                                                         | 16  |     |     |      |      |     |        |      |         |          |        |
|   col_inbuf_6_U                                                         | 16  |     |     |      |      |     |        |      |         |          |        |
|   col_inbuf_7_U                                                         | 16  |     |     |      |      |     |        |      |         |          |        |
|   col_inbuf_U                                                           | 16  |     |     |      |      |     |        |      |         |          |        |
|   col_outbuf_U                                                          |     |     |     | 1    |      |     |        |      |         |          |        |
|   dct_1d_dct_coeff_table_0_U                                            | 1   | 13  |     |      |      |     |        |      |         |          |        |
|   dct_1d_dct_coeff_table_1_U                                            |     | 11  |     |      |      |     |        |      |         |          |        |
|   dct_1d_dct_coeff_table_2_U                                            | 1   | 12  |     |      |      |     |        |      |         |          |        |
|   dct_1d_dct_coeff_table_3_U                                            | 1   | 10  |     |      |      |     |        |      |         |          |        |
|   grp_dct_Pipeline_Col_DCT_Loop_DCT_Outer_Loop_fu_190                   | 157 | 82  | 8   |      |      |     |        |      |         |          |        |
|     (grp_dct_Pipeline_Col_DCT_Loop_DCT_Outer_Loop_fu_190)               | 119 | 80  |     |      |      |     |        |      |         |          |        |
|     mac_muladd_16s_15s_13ns_29_4_1_U52                                  | 11  |     | 1   |      |      |     |        |      |         |          |        |
|     mac_muladd_16s_15s_29ns_29_4_1_U54                                  | 6   |     | 1   |      |      |     |        |      |         |          |        |
|     mac_muladd_16s_15s_29s_29_4_1_U53                                   | 11  |     | 2   |      |      |     |        |      |         |          |        |
|     mac_muladd_16s_15s_29s_29_4_1_U55                                   |     |     | 2   |      |      |     |        |      |         |          |        |
|     mac_muladd_16s_15s_29s_29_4_1_U56                                   | 1   |     | 2   |      |      |     |        |      |         |          |        |
|   grp_dct_Pipeline_RD_Loop_Row_RD_Loop_Col_fu_126                       | 28  | 36  |     |      |      |     |        |      |         |          |        |
|     (grp_dct_Pipeline_RD_Loop_Row_RD_Loop_Col_fu_126)                   | 16  | 34  |     |      |      |     |        |      |         |          |        |
|     flow_control_loop_pipe_sequential_init_U                            | 12  | 2   |     |      |      |     |        |      |         |          |        |
|   grp_dct_Pipeline_Row_DCT_Loop_DCT_Outer_Loop_fu_148                   | 104 | 86  | 8   |      |      |     |        |      |         |          |        |
|     (grp_dct_Pipeline_Row_DCT_Loop_DCT_Outer_Loop_fu_148)               | 89  | 84  |     |      |      |     |        |      |         |          |        |
|     flow_control_loop_pipe_sequential_init_U                            | 11  | 2   |     |      |      |     |        |      |         |          |        |
|     mac_muladd_16s_15s_13ns_29_4_1_U13                                  |     |     | 1   |      |      |     |        |      |         |          |        |
|     mac_muladd_16s_15s_29ns_29_4_1_U15                                  |     |     | 1   |      |      |     |        |      |         |          |        |
|     mac_muladd_16s_15s_29s_29_4_1_U14                                   | 3   |     | 2   |      |      |     |        |      |         |          |        |
|     mac_muladd_16s_15s_29s_29_4_1_U16                                   |     |     | 2   |      |      |     |        |      |         |          |        |
|     mac_muladd_16s_15s_29s_29_4_1_U17                                   | 1   |     | 2   |      |      |     |        |      |         |          |        |
|   grp_dct_Pipeline_WR_Loop_Row_WR_Loop_Col_fu_225                       | 23  | 33  |     |      |      |     |        |      |         |          |        |
|     (grp_dct_Pipeline_WR_Loop_Row_WR_Loop_Col_fu_225)                   | 11  | 31  |     |      |      |     |        |      |         |          |        |
|     flow_control_loop_pipe_sequential_init_U                            | 12  | 2   |     |      |      |     |        |      |         |          |        |
|   grp_dct_Pipeline_Xpose_Col_Outer_Loop_Xpose_Col_Inner_Loop_fu_219     | 26  | 40  |     |      |      |     |        |      |         |          |        |
|     (grp_dct_Pipeline_Xpose_Col_Outer_Loop_Xpose_Col_Inner_Loop_fu_219) | 15  | 38  |     |      |      |     |        |      |         |          |        |
|     flow_control_loop_pipe_sequential_init_U                            | 11  | 2   |     |      |      |     |        |      |         |          |        |
|   grp_dct_Pipeline_Xpose_Row_Outer_Loop_Xpose_Row_Inner_Loop_fu_177     | 30  | 35  |     |      |      |     |        |      |         |          |        |
|     (grp_dct_Pipeline_Xpose_Row_Outer_Loop_Xpose_Row_Inner_Loop_fu_177) | 19  | 33  |     |      |      |     |        |      |         |          |        |
|     flow_control_loop_pipe_sequential_init_U                            | 11  | 2   |     |      |      |     |        |      |         |          |        |
|   row_outbuf_U                                                          |     |     |     | 1    |      |     |        |      |         |          |        |
+-------------------------------------------------------------------------+-----+-----+-----+------+------+-----+--------+------+---------+----------+--------+


================================================================
== Place & Route Fail Fast
================================================================
+-----------------------------------------------------------+-----------+--------+--------+
| Criteria                                                  | Guideline | Actual | Status |
+-----------------------------------------------------------+-----------+--------+--------+
| LUT                                                       | 70%       | 1.17%  | OK     |
| FD                                                        | 50%       | 0.35%  | OK     |
| LUTRAM+SRL                                                | 25%       | 1.56%  | OK     |
| MUXF7                                                     | 15%       | 0.00%  | OK     |
| DSP                                                       | 80%       | 7.27%  | OK     |
| RAMB/FIFO                                                 | 80%       | 1.07%  | OK     |
| DSP+RAMB+URAM (Avg)                                       | 70%       | 4.17%  | OK     |
| BUFGCE* + BUFGCTRL                                        | 24        | 0      | OK     |
| DONT_TOUCH (cells/nets)                                   | 0         | 0      | OK     |
| MARK_DEBUG (nets)                                         | 0         | 0      | OK     |
| Control Sets                                              | 998       | 34     | OK     |
| Average Fanout for modules > 100k cells                   | 4         | 2.24   | OK     |
| Max Average Fanout for modules > 100k cells               | 4         | 0      | OK     |
| Non-FD high fanout nets > 10k loads                       | 0         | 0      | OK     |
+-----------------------------------------------------------+-----------+--------+--------+
| TIMING-6 (No common primary clock between related clocks) | 0         | 0      | OK     |
| TIMING-7 (No common node between related clocks)          | 0         | 0      | OK     |
| TIMING-8 (No common period between related clocks)        | 0         | 0      | OK     |
| TIMING-14 (LUT on the clock tree)                         | 0         | 0      | OK     |
| TIMING-35 (No common node in paths with the same clock)   | 0         | 0      | OK     |
+-----------------------------------------------------------+-----------+--------+--------+
| Number of paths above max LUT budgeting (0.575ns)         | 0         | 0      | OK     |
| Number of paths above max Net budgeting (0.403ns)         | 0         | 0      | OK     |
+-----------------------------------------------------------+-----------+--------+--------+


================================================================
== Place & Route Timing Paths
================================================================
* Timing was met
+-------+-------+--------------------+---------------------------------------------------------------------------------------------------------------------------------------------------+--------------+------------+----------------+----------------+--------------+
| Path  | SLACK | STARTPOINT PIN     | ENDPOINT PIN                                                                                                                                      | LOGIC LEVELS | MAX FANOUT | DATAPATH DELAY | DATAPATH LOGIC | DATAPATH NET |
|       |       |                    |                                                                                                                                                   |              |            |                |          DELAY |        DELAY |
+-------+-------+--------------------+---------------------------------------------------------------------------------------------------------------------------------------------------+--------------+------------+----------------+----------------+--------------+
| Path1 | 3.334 | ap_CS_fsm_reg[7]/C | grp_dct_Pipeline_Col_DCT_Loop_DCT_Outer_Loop_fu_190/mac_muladd_16s_15s_29s_29_4_1_U55/dct_mac_muladd_16s_15s_29s_29_4_1_DSP48_0_U/m_reg_reg/A[12] |            2 |         98 |          6.220 |          0.690 |        5.530 |
| Path2 | 3.455 | ap_CS_fsm_reg[7]/C | grp_dct_Pipeline_Col_DCT_Loop_DCT_Outer_Loop_fu_190/mac_muladd_16s_15s_29s_29_4_1_U55/dct_mac_muladd_16s_15s_29s_29_4_1_DSP48_0_U/m_reg_reg/A[0]  |            2 |         98 |          6.099 |          0.704 |        5.395 |
| Path3 | 3.474 | ap_CS_fsm_reg[3]/C | grp_dct_Pipeline_Row_DCT_Loop_DCT_Outer_Loop_fu_148/mac_muladd_16s_15s_29s_29_4_1_U17/dct_mac_muladd_16s_15s_29s_29_4_1_DSP48_0_U/m_reg_reg/A[20] |            2 |         64 |          6.080 |          0.720 |        5.360 |
| Path4 | 3.474 | ap_CS_fsm_reg[3]/C | grp_dct_Pipeline_Row_DCT_Loop_DCT_Outer_Loop_fu_148/mac_muladd_16s_15s_29s_29_4_1_U17/dct_mac_muladd_16s_15s_29s_29_4_1_DSP48_0_U/m_reg_reg/A[21] |            2 |         64 |          6.080 |          0.720 |        5.360 |
| Path5 | 3.474 | ap_CS_fsm_reg[3]/C | grp_dct_Pipeline_Row_DCT_Loop_DCT_Outer_Loop_fu_148/mac_muladd_16s_15s_29s_29_4_1_U17/dct_mac_muladd_16s_15s_29s_29_4_1_DSP48_0_U/m_reg_reg/A[22] |            2 |         64 |          6.080 |          0.720 |        5.360 |
+-------+-------+--------------------+---------------------------------------------------------------------------------------------------------------------------------------------------+--------------+------------+----------------+----------------+--------------+

    +---------------------------------------------------------------------------------------------------------------------------------------------+----------------------+
    | Path1 Cells                                                                                                                                 | Primitive Type       |
    +---------------------------------------------------------------------------------------------------------------------------------------------+----------------------+
    | ap_CS_fsm_reg[7]                                                                                                                            | FLOP_LATCH.flop.FDRE |
    | grp_dct_Pipeline_Col_DCT_Loop_DCT_Outer_Loop_fu_190/ram_reg_0_7_0_0_i_3                                                                     | LUT.others.LUT3      |
    | col_inbuf_1_U/ram_reg_0_7_12_12/SP                                                                                                          | DMEM.dram.RAM32X1S   |
    | grp_dct_Pipeline_Col_DCT_Loop_DCT_Outer_Loop_fu_190/mac_muladd_16s_15s_29s_29_4_1_U55/dct_mac_muladd_16s_15s_29s_29_4_1_DSP48_0_U/m_reg_reg | MULT.dsp.DSP48E1     |
    | ap_CS_fsm_reg[7]                                                                                                                            | FLOP_LATCH.flop.FDRE |
    | grp_dct_Pipeline_Col_DCT_Loop_DCT_Outer_Loop_fu_190/ram_reg_0_7_0_0_i_3                                                                     | LUT.others.LUT3      |
    | col_inbuf_1_U/ram_reg_0_7_0_0/SP                                                                                                            | DMEM.dram.RAM32X1S   |
    | grp_dct_Pipeline_Col_DCT_Loop_DCT_Outer_Loop_fu_190/mac_muladd_16s_15s_29s_29_4_1_U55/dct_mac_muladd_16s_15s_29s_29_4_1_DSP48_0_U/m_reg_reg | MULT.dsp.DSP48E1     |
    | ap_CS_fsm_reg[3]                                                                                                                            | FLOP_LATCH.flop.FDRE |
    | grp_dct_Pipeline_Row_DCT_Loop_DCT_Outer_Loop_fu_148/ram_reg_0_7_0_0_i_3__2                                                                  | LUT.others.LUT3      |
    | buf_2d_in_10_U/ram_reg_0_7_15_15/SP                                                                                                         | DMEM.dram.RAM32X1S   |
    | grp_dct_Pipeline_Row_DCT_Loop_DCT_Outer_Loop_fu_148/mac_muladd_16s_15s_29s_29_4_1_U17/dct_mac_muladd_16s_15s_29s_29_4_1_DSP48_0_U/m_reg_reg | MULT.dsp.DSP48E1     |
    | ap_CS_fsm_reg[3]                                                                                                                            | FLOP_LATCH.flop.FDRE |
    | grp_dct_Pipeline_Row_DCT_Loop_DCT_Outer_Loop_fu_148/ram_reg_0_7_0_0_i_3__2                                                                  | LUT.others.LUT3      |
    | buf_2d_in_10_U/ram_reg_0_7_15_15/SP                                                                                                         | DMEM.dram.RAM32X1S   |
    | grp_dct_Pipeline_Row_DCT_Loop_DCT_Outer_Loop_fu_148/mac_muladd_16s_15s_29s_29_4_1_U17/dct_mac_muladd_16s_15s_29s_29_4_1_DSP48_0_U/m_reg_reg | MULT.dsp.DSP48E1     |
    | ap_CS_fsm_reg[3]                                                                                                                            | FLOP_LATCH.flop.FDRE |
    | grp_dct_Pipeline_Row_DCT_Loop_DCT_Outer_Loop_fu_148/ram_reg_0_7_0_0_i_3__2                                                                  | LUT.others.LUT3      |
    | buf_2d_in_10_U/ram_reg_0_7_15_15/SP                                                                                                         | DMEM.dram.RAM32X1S   |
    | grp_dct_Pipeline_Row_DCT_Loop_DCT_Outer_Loop_fu_148/mac_muladd_16s_15s_29s_29_4_1_U17/dct_mac_muladd_16s_15s_29s_29_4_1_DSP48_0_U/m_reg_reg | MULT.dsp.DSP48E1     |
    +---------------------------------------------------------------------------------------------------------------------------------------------+----------------------+

    +---------------------------------------------------------------------------------------------------------------------------------------------+----------------------+
    | Path2 Cells                                                                                                                                 | Primitive Type       |
    +---------------------------------------------------------------------------------------------------------------------------------------------+----------------------+
    | ap_CS_fsm_reg[7]                                                                                                                            | FLOP_LATCH.flop.FDRE |
    | grp_dct_Pipeline_Col_DCT_Loop_DCT_Outer_Loop_fu_190/ram_reg_0_7_0_0_i_3                                                                     | LUT.others.LUT3      |
    | col_inbuf_1_U/ram_reg_0_7_12_12/SP                                                                                                          | DMEM.dram.RAM32X1S   |
    | grp_dct_Pipeline_Col_DCT_Loop_DCT_Outer_Loop_fu_190/mac_muladd_16s_15s_29s_29_4_1_U55/dct_mac_muladd_16s_15s_29s_29_4_1_DSP48_0_U/m_reg_reg | MULT.dsp.DSP48E1     |
    | ap_CS_fsm_reg[7]                                                                                                                            | FLOP_LATCH.flop.FDRE |
    | grp_dct_Pipeline_Col_DCT_Loop_DCT_Outer_Loop_fu_190/ram_reg_0_7_0_0_i_3                                                                     | LUT.others.LUT3      |
    | col_inbuf_1_U/ram_reg_0_7_0_0/SP                                                                                                            | DMEM.dram.RAM32X1S   |
    | grp_dct_Pipeline_Col_DCT_Loop_DCT_Outer_Loop_fu_190/mac_muladd_16s_15s_29s_29_4_1_U55/dct_mac_muladd_16s_15s_29s_29_4_1_DSP48_0_U/m_reg_reg | MULT.dsp.DSP48E1     |
    | ap_CS_fsm_reg[3]                                                                                                                            | FLOP_LATCH.flop.FDRE |
    | grp_dct_Pipeline_Row_DCT_Loop_DCT_Outer_Loop_fu_148/ram_reg_0_7_0_0_i_3__2                                                                  | LUT.others.LUT3      |
    | buf_2d_in_10_U/ram_reg_0_7_15_15/SP                                                                                                         | DMEM.dram.RAM32X1S   |
    | grp_dct_Pipeline_Row_DCT_Loop_DCT_Outer_Loop_fu_148/mac_muladd_16s_15s_29s_29_4_1_U17/dct_mac_muladd_16s_15s_29s_29_4_1_DSP48_0_U/m_reg_reg | MULT.dsp.DSP48E1     |
    | ap_CS_fsm_reg[3]                                                                                                                            | FLOP_LATCH.flop.FDRE |
    | grp_dct_Pipeline_Row_DCT_Loop_DCT_Outer_Loop_fu_148/ram_reg_0_7_0_0_i_3__2                                                                  | LUT.others.LUT3      |
    | buf_2d_in_10_U/ram_reg_0_7_15_15/SP                                                                                                         | DMEM.dram.RAM32X1S   |
    | grp_dct_Pipeline_Row_DCT_Loop_DCT_Outer_Loop_fu_148/mac_muladd_16s_15s_29s_29_4_1_U17/dct_mac_muladd_16s_15s_29s_29_4_1_DSP48_0_U/m_reg_reg | MULT.dsp.DSP48E1     |
    | ap_CS_fsm_reg[3]                                                                                                                            | FLOP_LATCH.flop.FDRE |
    | grp_dct_Pipeline_Row_DCT_Loop_DCT_Outer_Loop_fu_148/ram_reg_0_7_0_0_i_3__2                                                                  | LUT.others.LUT3      |
    | buf_2d_in_10_U/ram_reg_0_7_15_15/SP                                                                                                         | DMEM.dram.RAM32X1S   |
    | grp_dct_Pipeline_Row_DCT_Loop_DCT_Outer_Loop_fu_148/mac_muladd_16s_15s_29s_29_4_1_U17/dct_mac_muladd_16s_15s_29s_29_4_1_DSP48_0_U/m_reg_reg | MULT.dsp.DSP48E1     |
    +---------------------------------------------------------------------------------------------------------------------------------------------+----------------------+

    +---------------------------------------------------------------------------------------------------------------------------------------------+----------------------+
    | Path3 Cells                                                                                                                                 | Primitive Type       |
    +---------------------------------------------------------------------------------------------------------------------------------------------+----------------------+
    | ap_CS_fsm_reg[7]                                                                                                                            | FLOP_LATCH.flop.FDRE |
    | grp_dct_Pipeline_Col_DCT_Loop_DCT_Outer_Loop_fu_190/ram_reg_0_7_0_0_i_3                                                                     | LUT.others.LUT3      |
    | col_inbuf_1_U/ram_reg_0_7_12_12/SP                                                                                                          | DMEM.dram.RAM32X1S   |
    | grp_dct_Pipeline_Col_DCT_Loop_DCT_Outer_Loop_fu_190/mac_muladd_16s_15s_29s_29_4_1_U55/dct_mac_muladd_16s_15s_29s_29_4_1_DSP48_0_U/m_reg_reg | MULT.dsp.DSP48E1     |
    | ap_CS_fsm_reg[7]                                                                                                                            | FLOP_LATCH.flop.FDRE |
    | grp_dct_Pipeline_Col_DCT_Loop_DCT_Outer_Loop_fu_190/ram_reg_0_7_0_0_i_3                                                                     | LUT.others.LUT3      |
    | col_inbuf_1_U/ram_reg_0_7_0_0/SP                                                                                                            | DMEM.dram.RAM32X1S   |
    | grp_dct_Pipeline_Col_DCT_Loop_DCT_Outer_Loop_fu_190/mac_muladd_16s_15s_29s_29_4_1_U55/dct_mac_muladd_16s_15s_29s_29_4_1_DSP48_0_U/m_reg_reg | MULT.dsp.DSP48E1     |
    | ap_CS_fsm_reg[3]                                                                                                                            | FLOP_LATCH.flop.FDRE |
    | grp_dct_Pipeline_Row_DCT_Loop_DCT_Outer_Loop_fu_148/ram_reg_0_7_0_0_i_3__2                                                                  | LUT.others.LUT3      |
    | buf_2d_in_10_U/ram_reg_0_7_15_15/SP                                                                                                         | DMEM.dram.RAM32X1S   |
    | grp_dct_Pipeline_Row_DCT_Loop_DCT_Outer_Loop_fu_148/mac_muladd_16s_15s_29s_29_4_1_U17/dct_mac_muladd_16s_15s_29s_29_4_1_DSP48_0_U/m_reg_reg | MULT.dsp.DSP48E1     |
    | ap_CS_fsm_reg[3]                                                                                                                            | FLOP_LATCH.flop.FDRE |
    | grp_dct_Pipeline_Row_DCT_Loop_DCT_Outer_Loop_fu_148/ram_reg_0_7_0_0_i_3__2                                                                  | LUT.others.LUT3      |
    | buf_2d_in_10_U/ram_reg_0_7_15_15/SP                                                                                                         | DMEM.dram.RAM32X1S   |
    | grp_dct_Pipeline_Row_DCT_Loop_DCT_Outer_Loop_fu_148/mac_muladd_16s_15s_29s_29_4_1_U17/dct_mac_muladd_16s_15s_29s_29_4_1_DSP48_0_U/m_reg_reg | MULT.dsp.DSP48E1     |
    | ap_CS_fsm_reg[3]                                                                                                                            | FLOP_LATCH.flop.FDRE |
    | grp_dct_Pipeline_Row_DCT_Loop_DCT_Outer_Loop_fu_148/ram_reg_0_7_0_0_i_3__2                                                                  | LUT.others.LUT3      |
    | buf_2d_in_10_U/ram_reg_0_7_15_15/SP                                                                                                         | DMEM.dram.RAM32X1S   |
    | grp_dct_Pipeline_Row_DCT_Loop_DCT_Outer_Loop_fu_148/mac_muladd_16s_15s_29s_29_4_1_U17/dct_mac_muladd_16s_15s_29s_29_4_1_DSP48_0_U/m_reg_reg | MULT.dsp.DSP48E1     |
    +---------------------------------------------------------------------------------------------------------------------------------------------+----------------------+

    +---------------------------------------------------------------------------------------------------------------------------------------------+----------------------+
    | Path4 Cells                                                                                                                                 | Primitive Type       |
    +---------------------------------------------------------------------------------------------------------------------------------------------+----------------------+
    | ap_CS_fsm_reg[7]                                                                                                                            | FLOP_LATCH.flop.FDRE |
    | grp_dct_Pipeline_Col_DCT_Loop_DCT_Outer_Loop_fu_190/ram_reg_0_7_0_0_i_3                                                                     | LUT.others.LUT3      |
    | col_inbuf_1_U/ram_reg_0_7_12_12/SP                                                                                                          | DMEM.dram.RAM32X1S   |
    | grp_dct_Pipeline_Col_DCT_Loop_DCT_Outer_Loop_fu_190/mac_muladd_16s_15s_29s_29_4_1_U55/dct_mac_muladd_16s_15s_29s_29_4_1_DSP48_0_U/m_reg_reg | MULT.dsp.DSP48E1     |
    | ap_CS_fsm_reg[7]                                                                                                                            | FLOP_LATCH.flop.FDRE |
    | grp_dct_Pipeline_Col_DCT_Loop_DCT_Outer_Loop_fu_190/ram_reg_0_7_0_0_i_3                                                                     | LUT.others.LUT3      |
    | col_inbuf_1_U/ram_reg_0_7_0_0/SP                                                                                                            | DMEM.dram.RAM32X1S   |
    | grp_dct_Pipeline_Col_DCT_Loop_DCT_Outer_Loop_fu_190/mac_muladd_16s_15s_29s_29_4_1_U55/dct_mac_muladd_16s_15s_29s_29_4_1_DSP48_0_U/m_reg_reg | MULT.dsp.DSP48E1     |
    | ap_CS_fsm_reg[3]                                                                                                                            | FLOP_LATCH.flop.FDRE |
    | grp_dct_Pipeline_Row_DCT_Loop_DCT_Outer_Loop_fu_148/ram_reg_0_7_0_0_i_3__2                                                                  | LUT.others.LUT3      |
    | buf_2d_in_10_U/ram_reg_0_7_15_15/SP                                                                                                         | DMEM.dram.RAM32X1S   |
    | grp_dct_Pipeline_Row_DCT_Loop_DCT_Outer_Loop_fu_148/mac_muladd_16s_15s_29s_29_4_1_U17/dct_mac_muladd_16s_15s_29s_29_4_1_DSP48_0_U/m_reg_reg | MULT.dsp.DSP48E1     |
    | ap_CS_fsm_reg[3]                                                                                                                            | FLOP_LATCH.flop.FDRE |
    | grp_dct_Pipeline_Row_DCT_Loop_DCT_Outer_Loop_fu_148/ram_reg_0_7_0_0_i_3__2                                                                  | LUT.others.LUT3      |
    | buf_2d_in_10_U/ram_reg_0_7_15_15/SP                                                                                                         | DMEM.dram.RAM32X1S   |
    | grp_dct_Pipeline_Row_DCT_Loop_DCT_Outer_Loop_fu_148/mac_muladd_16s_15s_29s_29_4_1_U17/dct_mac_muladd_16s_15s_29s_29_4_1_DSP48_0_U/m_reg_reg | MULT.dsp.DSP48E1     |
    | ap_CS_fsm_reg[3]                                                                                                                            | FLOP_LATCH.flop.FDRE |
    | grp_dct_Pipeline_Row_DCT_Loop_DCT_Outer_Loop_fu_148/ram_reg_0_7_0_0_i_3__2                                                                  | LUT.others.LUT3      |
    | buf_2d_in_10_U/ram_reg_0_7_15_15/SP                                                                                                         | DMEM.dram.RAM32X1S   |
    | grp_dct_Pipeline_Row_DCT_Loop_DCT_Outer_Loop_fu_148/mac_muladd_16s_15s_29s_29_4_1_U17/dct_mac_muladd_16s_15s_29s_29_4_1_DSP48_0_U/m_reg_reg | MULT.dsp.DSP48E1     |
    +---------------------------------------------------------------------------------------------------------------------------------------------+----------------------+

    +---------------------------------------------------------------------------------------------------------------------------------------------+----------------------+
    | Path5 Cells                                                                                                                                 | Primitive Type       |
    +---------------------------------------------------------------------------------------------------------------------------------------------+----------------------+
    | ap_CS_fsm_reg[7]                                                                                                                            | FLOP_LATCH.flop.FDRE |
    | grp_dct_Pipeline_Col_DCT_Loop_DCT_Outer_Loop_fu_190/ram_reg_0_7_0_0_i_3                                                                     | LUT.others.LUT3      |
    | col_inbuf_1_U/ram_reg_0_7_12_12/SP                                                                                                          | DMEM.dram.RAM32X1S   |
    | grp_dct_Pipeline_Col_DCT_Loop_DCT_Outer_Loop_fu_190/mac_muladd_16s_15s_29s_29_4_1_U55/dct_mac_muladd_16s_15s_29s_29_4_1_DSP48_0_U/m_reg_reg | MULT.dsp.DSP48E1     |
    | ap_CS_fsm_reg[7]                                                                                                                            | FLOP_LATCH.flop.FDRE |
    | grp_dct_Pipeline_Col_DCT_Loop_DCT_Outer_Loop_fu_190/ram_reg_0_7_0_0_i_3                                                                     | LUT.others.LUT3      |
    | col_inbuf_1_U/ram_reg_0_7_0_0/SP                                                                                                            | DMEM.dram.RAM32X1S   |
    | grp_dct_Pipeline_Col_DCT_Loop_DCT_Outer_Loop_fu_190/mac_muladd_16s_15s_29s_29_4_1_U55/dct_mac_muladd_16s_15s_29s_29_4_1_DSP48_0_U/m_reg_reg | MULT.dsp.DSP48E1     |
    | ap_CS_fsm_reg[3]                                                                                                                            | FLOP_LATCH.flop.FDRE |
    | grp_dct_Pipeline_Row_DCT_Loop_DCT_Outer_Loop_fu_148/ram_reg_0_7_0_0_i_3__2                                                                  | LUT.others.LUT3      |
    | buf_2d_in_10_U/ram_reg_0_7_15_15/SP                                                                                                         | DMEM.dram.RAM32X1S   |
    | grp_dct_Pipeline_Row_DCT_Loop_DCT_Outer_Loop_fu_148/mac_muladd_16s_15s_29s_29_4_1_U17/dct_mac_muladd_16s_15s_29s_29_4_1_DSP48_0_U/m_reg_reg | MULT.dsp.DSP48E1     |
    | ap_CS_fsm_reg[3]                                                                                                                            | FLOP_LATCH.flop.FDRE |
    | grp_dct_Pipeline_Row_DCT_Loop_DCT_Outer_Loop_fu_148/ram_reg_0_7_0_0_i_3__2                                                                  | LUT.others.LUT3      |
    | buf_2d_in_10_U/ram_reg_0_7_15_15/SP                                                                                                         | DMEM.dram.RAM32X1S   |
    | grp_dct_Pipeline_Row_DCT_Loop_DCT_Outer_Loop_fu_148/mac_muladd_16s_15s_29s_29_4_1_U17/dct_mac_muladd_16s_15s_29s_29_4_1_DSP48_0_U/m_reg_reg | MULT.dsp.DSP48E1     |
    | ap_CS_fsm_reg[3]                                                                                                                            | FLOP_LATCH.flop.FDRE |
    | grp_dct_Pipeline_Row_DCT_Loop_DCT_Outer_Loop_fu_148/ram_reg_0_7_0_0_i_3__2                                                                  | LUT.others.LUT3      |
    | buf_2d_in_10_U/ram_reg_0_7_15_15/SP                                                                                                         | DMEM.dram.RAM32X1S   |
    | grp_dct_Pipeline_Row_DCT_Loop_DCT_Outer_Loop_fu_148/mac_muladd_16s_15s_29s_29_4_1_U17/dct_mac_muladd_16s_15s_29s_29_4_1_DSP48_0_U/m_reg_reg | MULT.dsp.DSP48E1     |
    +---------------------------------------------------------------------------------------------------------------------------------------------+----------------------+


================================================================
== Place & Route Vivado Reports
================================================================
+--------------------------+-------------------------------------------------------------+
| Report Type              | Report Location                                             |
+--------------------------+-------------------------------------------------------------+
| design_analysis          | impl/verilog/report/dct_design_analysis_routed.rpt          |
| failfast                 | impl/verilog/report/dct_failfast_routed.rpt                 |
| status                   | impl/verilog/report/dct_status_routed.rpt                   |
| timing                   | impl/verilog/report/dct_timing_routed.rpt                   |
| timing_paths             | impl/verilog/report/dct_timing_paths_routed.rpt             |
| utilization              | impl/verilog/report/dct_utilization_routed.rpt              |
| utilization_hierarchical | impl/verilog/report/dct_utilization_hierarchical_routed.rpt |
+--------------------------+-------------------------------------------------------------+


