

================================================================
== Vitis HLS Report for 'fir_wrap'
================================================================
* Date:           Thu Oct 24 17:34:18 2024

* Version:        2024.1 (Build 5069499 on May 21 2024)
* Project:        fir_hoisting
* Solution:       hoisting (Vivado IP Flow Target)
* Product family: zynq
* Target device:  xc7z020-clg484-1


================================================================
== Performance Estimates
================================================================
+ Timing: 
    * Summary: 
    +--------+---------+----------+------------+
    |  Clock |  Target | Estimated| Uncertainty|
    +--------+---------+----------+------------+
    |ap_clk  |  5.00 ns|  3.950 ns|     1.35 ns|
    +--------+---------+----------+------------+

+ Latency: 
    * Summary: 
    +---------+---------+----------+----------+-------+-------+---------+
    |  Latency (cycles) |  Latency (absolute) |    Interval   | Pipeline|
    |   min   |   max   |    min   |    max   |  min  |  max  |   Type  |
    +---------+---------+----------+----------+-------+-------+---------+
    |    21726|    21726|  0.109 ms|  0.109 ms|  21727|  21727|       no|
    +---------+---------+----------+----------+-------+-------+---------+

    + Detail: 
        * Instance: 
        +----------------------------------------------+-----------------------------------+---------+---------+----------+----------+-----+-----+-----------------------------------------------+
        |                                              |                                   |  Latency (cycles) |  Latency (absolute) |  Interval |                    Pipeline                   |
        |                   Instance                   |               Module              |   min   |   max   |    min   |    max   | min | max |                      Type                     |
        +----------------------------------------------+-----------------------------------+---------+---------+----------+----------+-----+-----+-----------------------------------------------+
        |grp_fir_wrap_Pipeline_VITIS_LOOP_41_1_fu_181  |fir_wrap_Pipeline_VITIS_LOOP_41_1  |      102|      102|  0.510 us|  0.510 us|  100|  100|  loop auto-rewind stp(delay=0 clock cycles(s))|
        |grp_fir_wrap_Pipeline_VITIS_LOOP_19_1_fu_190  |fir_wrap_Pipeline_VITIS_LOOP_19_1  |      205|      205|  1.025 us|  1.025 us|  198|  198|  loop auto-rewind stp(delay=0 clock cycles(s))|
        +----------------------------------------------+-----------------------------------+---------+---------+----------+----------+-----+-----+-----------------------------------------------+

        * Loop: 
        +-------------------+---------+---------+----------+-----------+-----------+------+----------+
        |                   |  Latency (cycles) | Iteration|  Initiation Interval  | Trip |          |
        |     Loop Name     |   min   |   max   |  Latency |  achieved |   target  | Count| Pipelined|
        +-------------------+---------+---------+----------+-----------+-----------+------+----------+
        |- VITIS_LOOP_47_2  |    21600|    21600|       216|          -|          -|   100|        no|
        +-------------------+---------+---------+----------+-----------+-----------+------+----------+

============================================================
+ Verbose Summary: Synthesis Manager
============================================================
InlineROM: 1
ExposeGlobal: 0
============================================================
+ Verbose Summary: CDFG Model
============================================================
IsTopModel: 1
ResetActiveHigh: 1
IsCombinational: 0
IsDatapathOnly: 0
HasWiredReturn: 1
HasMFsm: 0
HasVarLatency: 1
IsPipeline: 0
IsRtlPipelined: 0
IsInstanceOverlapped: 0
IsDontTouch: 0
HasImplIP: 0
IsGatedGlobalClock: 0


============================================================
+ Verbose Summary: Schedule
============================================================
* Number of FSM states : 35
* Pipeline : 0
* Dataflow Pipeline: 0

* FSM state transitions: 
1 --> 2 
2 --> 3 
3 --> 4 
4 --> 5 
5 --> 6 
6 --> 7 
7 --> 8 
8 --> 9 
9 --> 10 
10 --> 11 
11 --> 12 
12 --> 13 
13 --> 14 
14 --> 15 
15 --> 16 
16 --> 17 
17 --> 18 
18 --> 19 
19 --> 20 
20 --> 21 31 
21 --> 22 
22 --> 23 
23 --> 24 
24 --> 25 
25 --> 26 
26 --> 27 
27 --> 28 
28 --> 29 
29 --> 30 
30 --> 20 
31 --> 32 
32 --> 33 
33 --> 34 
34 --> 35 
35 --> 

* FSM state operations: 

State 1 <SV = 0> <Delay = 1.58>
ST_1 : Operation 36 [1/1] (0.00ns)   --->   "%i_1 = alloca i32 1"   --->   Operation 36 'alloca' 'i_1' <Predicate = true> <Delay = 0.00>
ST_1 : Operation 37 [1/1] (1.00ns)   --->   "%coef_read = read i64 @_ssdm_op_Read.s_axilite.i64, i64 %coef"   --->   Operation 37 'read' 'coef_read' <Predicate = true> <Delay = 1.00> <CoreInst = "s_axilite">   --->   Core 112 's_axilite' <Latency = 0> <II = 1> <Delay = 1.00> <Adapter> <Opcode : 'read' 'write'>
ST_1 : Operation 38 [1/1] (1.00ns)   --->   "%len_read = read i32 @_ssdm_op_Read.s_axilite.i32, i32 %len"   --->   Operation 38 'read' 'len_read' <Predicate = true> <Delay = 1.00> <CoreInst = "s_axilite">   --->   Core 112 's_axilite' <Latency = 0> <II = 1> <Delay = 1.00> <Adapter> <Opcode : 'read' 'write'>
ST_1 : Operation 39 [1/1] (1.00ns)   --->   "%x_read = read i64 @_ssdm_op_Read.s_axilite.i64, i64 %x"   --->   Operation 39 'read' 'x_read' <Predicate = true> <Delay = 1.00> <CoreInst = "s_axilite">   --->   Core 112 's_axilite' <Latency = 0> <II = 1> <Delay = 1.00> <Adapter> <Opcode : 'read' 'write'>
ST_1 : Operation 40 [1/1] (1.00ns)   --->   "%y_read = read i64 @_ssdm_op_Read.s_axilite.i64, i64 %y"   --->   Operation 40 'read' 'y_read' <Predicate = true> <Delay = 1.00> <CoreInst = "s_axilite">   --->   Core 112 's_axilite' <Latency = 0> <II = 1> <Delay = 1.00> <Adapter> <Opcode : 'read' 'write'>
ST_1 : Operation 41 [1/1] (0.00ns)   --->   "%acc_loc = alloca i64 1"   --->   Operation 41 'alloca' 'acc_loc' <Predicate = true> <Delay = 0.00>
ST_1 : Operation 42 [1/1] (0.00ns)   --->   "%trunc_ln = partselect i62 @_ssdm_op_PartSelect.i62.i64.i32.i32, i64 %coef_read, i32 2, i32 63" [fir_hoisting.cpp:41]   --->   Operation 42 'partselect' 'trunc_ln' <Predicate = true> <Delay = 0.00>
ST_1 : Operation 43 [1/1] (0.00ns)   --->   "%trunc_ln47 = trunc i32 %len_read" [fir_hoisting.cpp:47]   --->   Operation 43 'trunc' 'trunc_ln47' <Predicate = true> <Delay = 0.00>
ST_1 : Operation 44 [1/1] (0.00ns)   --->   "%trunc_ln1 = partselect i62 @_ssdm_op_PartSelect.i62.i64.i32.i32, i64 %x_read, i32 2, i32 63" [fir_hoisting.cpp:47]   --->   Operation 44 'partselect' 'trunc_ln1' <Predicate = true> <Delay = 0.00>
ST_1 : Operation 45 [1/1] (0.00ns)   --->   "%sext_ln47 = sext i62 %trunc_ln1" [fir_hoisting.cpp:47]   --->   Operation 45 'sext' 'sext_ln47' <Predicate = true> <Delay = 0.00>
ST_1 : Operation 46 [1/1] (0.00ns)   --->   "%gmem_addr_1 = getelementptr i32 %gmem, i64 %sext_ln47" [fir_hoisting.cpp:47]   --->   Operation 46 'getelementptr' 'gmem_addr_1' <Predicate = true> <Delay = 0.00>
ST_1 : Operation 47 [1/1] (0.00ns)   --->   "%trunc_ln47_1 = partselect i62 @_ssdm_op_PartSelect.i62.i64.i32.i32, i64 %y_read, i32 2, i32 63" [fir_hoisting.cpp:47]   --->   Operation 47 'partselect' 'trunc_ln47_1' <Predicate = true> <Delay = 0.00>
ST_1 : Operation 48 [1/1] (0.00ns)   --->   "%sext_ln47_1 = sext i62 %trunc_ln47_1" [fir_hoisting.cpp:47]   --->   Operation 48 'sext' 'sext_ln47_1' <Predicate = true> <Delay = 0.00>
ST_1 : Operation 49 [1/1] (0.00ns)   --->   "%gmem_addr_2 = getelementptr i32 %gmem, i64 %sext_ln47_1" [fir_hoisting.cpp:47]   --->   Operation 49 'getelementptr' 'gmem_addr_2' <Predicate = true> <Delay = 0.00>
ST_1 : Operation 50 [1/1] (1.58ns)   --->   "%store_ln0 = store i31 0, i31 %i_1"   --->   Operation 50 'store' 'store_ln0' <Predicate = true> <Delay = 1.58>

State 2 <SV = 1> <Delay = 3.65>
ST_2 : Operation 51 [1/1] (0.00ns)   --->   "%sext_ln41 = sext i62 %trunc_ln" [fir_hoisting.cpp:41]   --->   Operation 51 'sext' 'sext_ln41' <Predicate = true> <Delay = 0.00>
ST_2 : Operation 52 [1/1] (0.00ns)   --->   "%gmem_addr = getelementptr i32 %gmem, i64 %sext_ln41" [fir_hoisting.cpp:41]   --->   Operation 52 'getelementptr' 'gmem_addr' <Predicate = true> <Delay = 0.00>
ST_2 : Operation 53 [8/8] (3.65ns)   --->   "%empty = readreq i1 @_ssdm_op_ReadReq.m_axi.p1i32, i32 %gmem_addr, i64 99" [fir_hoisting.cpp:41]   --->   Operation 53 'readreq' 'empty' <Predicate = true> <Delay = 3.65> <CoreInst = "m_axi">   --->   Core 111 'm_axi' <Latency = 0> <II = 1> <Delay = 1.00> <Adapter> <Opcode : 'read' 'write' 'readreq' 'writereq' 'writeresp'>

State 3 <SV = 2> <Delay = 3.65>
ST_3 : Operation 54 [7/8] (3.65ns)   --->   "%empty = readreq i1 @_ssdm_op_ReadReq.m_axi.p1i32, i32 %gmem_addr, i64 99" [fir_hoisting.cpp:41]   --->   Operation 54 'readreq' 'empty' <Predicate = true> <Delay = 3.65> <CoreInst = "m_axi">   --->   Core 111 'm_axi' <Latency = 0> <II = 1> <Delay = 1.00> <Adapter> <Opcode : 'read' 'write' 'readreq' 'writereq' 'writeresp'>

State 4 <SV = 3> <Delay = 3.65>
ST_4 : Operation 55 [6/8] (3.65ns)   --->   "%empty = readreq i1 @_ssdm_op_ReadReq.m_axi.p1i32, i32 %gmem_addr, i64 99" [fir_hoisting.cpp:41]   --->   Operation 55 'readreq' 'empty' <Predicate = true> <Delay = 3.65> <CoreInst = "m_axi">   --->   Core 111 'm_axi' <Latency = 0> <II = 1> <Delay = 1.00> <Adapter> <Opcode : 'read' 'write' 'readreq' 'writereq' 'writeresp'>

State 5 <SV = 4> <Delay = 3.65>
ST_5 : Operation 56 [5/8] (3.65ns)   --->   "%empty = readreq i1 @_ssdm_op_ReadReq.m_axi.p1i32, i32 %gmem_addr, i64 99" [fir_hoisting.cpp:41]   --->   Operation 56 'readreq' 'empty' <Predicate = true> <Delay = 3.65> <CoreInst = "m_axi">   --->   Core 111 'm_axi' <Latency = 0> <II = 1> <Delay = 1.00> <Adapter> <Opcode : 'read' 'write' 'readreq' 'writereq' 'writeresp'>

State 6 <SV = 5> <Delay = 3.65>
ST_6 : Operation 57 [4/8] (3.65ns)   --->   "%empty = readreq i1 @_ssdm_op_ReadReq.m_axi.p1i32, i32 %gmem_addr, i64 99" [fir_hoisting.cpp:41]   --->   Operation 57 'readreq' 'empty' <Predicate = true> <Delay = 3.65> <CoreInst = "m_axi">   --->   Core 111 'm_axi' <Latency = 0> <II = 1> <Delay = 1.00> <Adapter> <Opcode : 'read' 'write' 'readreq' 'writereq' 'writeresp'>

State 7 <SV = 6> <Delay = 3.65>
ST_7 : Operation 58 [3/8] (3.65ns)   --->   "%empty = readreq i1 @_ssdm_op_ReadReq.m_axi.p1i32, i32 %gmem_addr, i64 99" [fir_hoisting.cpp:41]   --->   Operation 58 'readreq' 'empty' <Predicate = true> <Delay = 3.65> <CoreInst = "m_axi">   --->   Core 111 'm_axi' <Latency = 0> <II = 1> <Delay = 1.00> <Adapter> <Opcode : 'read' 'write' 'readreq' 'writereq' 'writeresp'>

State 8 <SV = 7> <Delay = 3.65>
ST_8 : Operation 59 [2/8] (3.65ns)   --->   "%empty = readreq i1 @_ssdm_op_ReadReq.m_axi.p1i32, i32 %gmem_addr, i64 99" [fir_hoisting.cpp:41]   --->   Operation 59 'readreq' 'empty' <Predicate = true> <Delay = 3.65> <CoreInst = "m_axi">   --->   Core 111 'm_axi' <Latency = 0> <II = 1> <Delay = 1.00> <Adapter> <Opcode : 'read' 'write' 'readreq' 'writereq' 'writeresp'>

State 9 <SV = 8> <Delay = 3.65>
ST_9 : Operation 60 [1/8] (3.65ns)   --->   "%empty = readreq i1 @_ssdm_op_ReadReq.m_axi.p1i32, i32 %gmem_addr, i64 99" [fir_hoisting.cpp:41]   --->   Operation 60 'readreq' 'empty' <Predicate = true> <Delay = 3.65> <CoreInst = "m_axi">   --->   Core 111 'm_axi' <Latency = 0> <II = 1> <Delay = 1.00> <Adapter> <Opcode : 'read' 'write' 'readreq' 'writereq' 'writeresp'>

State 10 <SV = 9> <Delay = 0.00>
ST_10 : Operation 61 [2/2] (0.00ns)   --->   "%call_ln41 = call void @fir_wrap_Pipeline_VITIS_LOOP_41_1, i32 %gmem, i62 %trunc_ln, i32 %c" [fir_hoisting.cpp:41]   --->   Operation 61 'call' 'call_ln41' <Predicate = true> <Delay = 0.00> <CoreType = "Generic">   --->   Core 0 '' <Latency = 0> <II = 1> <Delay = 1.00> <Generic> <Opcode : >

State 11 <SV = 10> <Delay = 3.28>
ST_11 : Operation 62 [1/2] (0.00ns)   --->   "%call_ln41 = call void @fir_wrap_Pipeline_VITIS_LOOP_41_1, i32 %gmem, i62 %trunc_ln, i32 %c" [fir_hoisting.cpp:41]   --->   Operation 62 'call' 'call_ln41' <Predicate = true> <Delay = 0.00> <CoreType = "Generic">   --->   Core 0 '' <Latency = 0> <II = 1> <Delay = 1.00> <Generic> <Opcode : >
ST_11 : Operation 63 [1/1] (2.55ns)   --->   "%icmp_ln47 = icmp_sgt  i32 %len_read, i32 0" [fir_hoisting.cpp:47]   --->   Operation 63 'icmp' 'icmp_ln47' <Predicate = true> <Delay = 2.55> <CoreInst = "Cmp">   --->   Core 9 'Cmp' <Latency = 0> <II = 1> <Delay = 2.55> <FuncUnit> <Opcode : 'seteq' 'setne' 'setle' 'setge' 'setlt' 'setgt'> <InPorts = 2> <OutPorts = 1>
ST_11 : Operation 64 [1/1] (0.73ns)   --->   "%empty_21 = select i1 %icmp_ln47, i31 %trunc_ln47, i31 0" [fir_hoisting.cpp:47]   --->   Operation 64 'select' 'empty_21' <Predicate = true> <Delay = 0.73> <CoreInst = "Sel">   --->   Core 73 'Sel' <Latency = 0> <II = 1> <Delay = 0.73> <FuncUnit> <Opcode : 'select'> <InPorts = 3> <OutPorts = 1>

State 12 <SV = 11> <Delay = 3.65>
ST_12 : Operation 65 [1/1] (0.00ns)   --->   "%zext_ln47 = zext i31 %empty_21" [fir_hoisting.cpp:47]   --->   Operation 65 'zext' 'zext_ln47' <Predicate = true> <Delay = 0.00>
ST_12 : Operation 66 [8/8] (3.65ns)   --->   "%empty_22 = readreq i1 @_ssdm_op_ReadReq.m_axi.p1i32, i32 %gmem_addr_1, i64 %zext_ln47" [fir_hoisting.cpp:47]   --->   Operation 66 'readreq' 'empty_22' <Predicate = true> <Delay = 3.65> <CoreInst = "m_axi">   --->   Core 111 'm_axi' <Latency = 0> <II = 1> <Delay = 1.00> <Adapter> <Opcode : 'read' 'write' 'readreq' 'writereq' 'writeresp'>
ST_12 : Operation 67 [1/1] (3.65ns)   --->   "%empty_23 = writereq i1 @_ssdm_op_WriteReq.m_axi.p1i32, i32 %gmem_addr_2, i64 %zext_ln47" [fir_hoisting.cpp:47]   --->   Operation 67 'writereq' 'empty_23' <Predicate = true> <Delay = 3.65> <CoreInst = "m_axi">   --->   Core 111 'm_axi' <Latency = 0> <II = 1> <Delay = 1.00> <Adapter> <Opcode : 'read' 'write' 'readreq' 'writereq' 'writeresp'>

State 13 <SV = 12> <Delay = 3.65>
ST_13 : Operation 68 [7/8] (3.65ns)   --->   "%empty_22 = readreq i1 @_ssdm_op_ReadReq.m_axi.p1i32, i32 %gmem_addr_1, i64 %zext_ln47" [fir_hoisting.cpp:47]   --->   Operation 68 'readreq' 'empty_22' <Predicate = true> <Delay = 3.65> <CoreInst = "m_axi">   --->   Core 111 'm_axi' <Latency = 0> <II = 1> <Delay = 1.00> <Adapter> <Opcode : 'read' 'write' 'readreq' 'writereq' 'writeresp'>

State 14 <SV = 13> <Delay = 3.65>
ST_14 : Operation 69 [6/8] (3.65ns)   --->   "%empty_22 = readreq i1 @_ssdm_op_ReadReq.m_axi.p1i32, i32 %gmem_addr_1, i64 %zext_ln47" [fir_hoisting.cpp:47]   --->   Operation 69 'readreq' 'empty_22' <Predicate = true> <Delay = 3.65> <CoreInst = "m_axi">   --->   Core 111 'm_axi' <Latency = 0> <II = 1> <Delay = 1.00> <Adapter> <Opcode : 'read' 'write' 'readreq' 'writereq' 'writeresp'>

State 15 <SV = 14> <Delay = 3.65>
ST_15 : Operation 70 [5/8] (3.65ns)   --->   "%empty_22 = readreq i1 @_ssdm_op_ReadReq.m_axi.p1i32, i32 %gmem_addr_1, i64 %zext_ln47" [fir_hoisting.cpp:47]   --->   Operation 70 'readreq' 'empty_22' <Predicate = true> <Delay = 3.65> <CoreInst = "m_axi">   --->   Core 111 'm_axi' <Latency = 0> <II = 1> <Delay = 1.00> <Adapter> <Opcode : 'read' 'write' 'readreq' 'writereq' 'writeresp'>

State 16 <SV = 15> <Delay = 3.65>
ST_16 : Operation 71 [4/8] (3.65ns)   --->   "%empty_22 = readreq i1 @_ssdm_op_ReadReq.m_axi.p1i32, i32 %gmem_addr_1, i64 %zext_ln47" [fir_hoisting.cpp:47]   --->   Operation 71 'readreq' 'empty_22' <Predicate = true> <Delay = 3.65> <CoreInst = "m_axi">   --->   Core 111 'm_axi' <Latency = 0> <II = 1> <Delay = 1.00> <Adapter> <Opcode : 'read' 'write' 'readreq' 'writereq' 'writeresp'>

State 17 <SV = 16> <Delay = 3.65>
ST_17 : Operation 72 [3/8] (3.65ns)   --->   "%empty_22 = readreq i1 @_ssdm_op_ReadReq.m_axi.p1i32, i32 %gmem_addr_1, i64 %zext_ln47" [fir_hoisting.cpp:47]   --->   Operation 72 'readreq' 'empty_22' <Predicate = true> <Delay = 3.65> <CoreInst = "m_axi">   --->   Core 111 'm_axi' <Latency = 0> <II = 1> <Delay = 1.00> <Adapter> <Opcode : 'read' 'write' 'readreq' 'writereq' 'writeresp'>

State 18 <SV = 17> <Delay = 3.65>
ST_18 : Operation 73 [2/8] (3.65ns)   --->   "%empty_22 = readreq i1 @_ssdm_op_ReadReq.m_axi.p1i32, i32 %gmem_addr_1, i64 %zext_ln47" [fir_hoisting.cpp:47]   --->   Operation 73 'readreq' 'empty_22' <Predicate = true> <Delay = 3.65> <CoreInst = "m_axi">   --->   Core 111 'm_axi' <Latency = 0> <II = 1> <Delay = 1.00> <Adapter> <Opcode : 'read' 'write' 'readreq' 'writereq' 'writeresp'>

State 19 <SV = 18> <Delay = 3.65>
ST_19 : Operation 74 [1/1] (0.00ns)   --->   "%spectopmodule_ln31 = spectopmodule void @_ssdm_op_SpecTopModule, void @empty_12" [fir_hoisting.cpp:31]   --->   Operation 74 'spectopmodule' 'spectopmodule_ln31' <Predicate = true> <Delay = 0.00>
ST_19 : Operation 75 [1/1] (0.00ns)   --->   "%specinterface_ln0 = specinterface void @_ssdm_op_SpecInterface, i32 %gmem, void @empty, i32 0, i32 0, void @empty_0, i32 0, i32 100, void @empty_1, void @empty_2, void @empty_0, i32 16, i32 16, i32 16, i32 16, void @empty_0, void @empty_0, i32 4294967295, i32 0, i32 0"   --->   Operation 75 'specinterface' 'specinterface_ln0' <Predicate = true> <Delay = 0.00>
ST_19 : Operation 76 [1/1] (0.00ns)   --->   "%specbitsmap_ln0 = specbitsmap void @_ssdm_op_SpecBitsMap, i32 %gmem"   --->   Operation 76 'specbitsmap' 'specbitsmap_ln0' <Predicate = true> <Delay = 0.00>
ST_19 : Operation 77 [1/1] (0.00ns)   --->   "%specinterface_ln0 = specinterface void @_ssdm_op_SpecInterface, i64 %y, void @empty_3, i32 0, i32 0, void @empty_0, i32 0, i32 0, void @empty_4, void @empty_5, void @empty_0, i32 0, i32 0, i32 0, i32 0, void @empty_0, void @empty_6, i32 4294967295, i32 0, i32 0"   --->   Operation 77 'specinterface' 'specinterface_ln0' <Predicate = true> <Delay = 0.00>
ST_19 : Operation 78 [1/1] (0.00ns)   --->   "%specinterface_ln0 = specinterface void @_ssdm_op_SpecInterface, i64 %y, void @empty_7, i32 0, i32 0, void @empty_0, i32 0, i32 0, void @empty_0, void @empty_0, void @empty_0, i32 0, i32 0, i32 0, i32 0, void @empty_0, void @empty_6, i32 4294967295, i32 0, i32 0"   --->   Operation 78 'specinterface' 'specinterface_ln0' <Predicate = true> <Delay = 0.00>
ST_19 : Operation 79 [1/1] (0.00ns)   --->   "%specinterface_ln0 = specinterface void @_ssdm_op_SpecInterface, i64 %x, void @empty_3, i32 0, i32 0, void @empty_0, i32 0, i32 0, void @empty_4, void @empty_8, void @empty_0, i32 0, i32 0, i32 0, i32 0, void @empty_0, void @empty_6, i32 4294967295, i32 0, i32 0"   --->   Operation 79 'specinterface' 'specinterface_ln0' <Predicate = true> <Delay = 0.00>
ST_19 : Operation 80 [1/1] (0.00ns)   --->   "%specinterface_ln0 = specinterface void @_ssdm_op_SpecInterface, i64 %x, void @empty_7, i32 0, i32 0, void @empty_0, i32 0, i32 0, void @empty_0, void @empty_0, void @empty_0, i32 0, i32 0, i32 0, i32 0, void @empty_0, void @empty_6, i32 4294967295, i32 0, i32 0"   --->   Operation 80 'specinterface' 'specinterface_ln0' <Predicate = true> <Delay = 0.00>
ST_19 : Operation 81 [1/1] (0.00ns)   --->   "%specbitsmap_ln0 = specbitsmap void @_ssdm_op_SpecBitsMap, i32 %len"   --->   Operation 81 'specbitsmap' 'specbitsmap_ln0' <Predicate = true> <Delay = 0.00>
ST_19 : Operation 82 [1/1] (0.00ns)   --->   "%specinterface_ln0 = specinterface void @_ssdm_op_SpecInterface, i32 %len, void @empty_3, i32 4294967295, i32 4294967295, void @empty_9, i32 0, i32 0, void @empty_4, void @empty_10, void @empty_0, i32 0, i32 0, i32 0, i32 0, void @empty_0, void @empty_0, i32 4294967295, i32 0, i32 0"   --->   Operation 82 'specinterface' 'specinterface_ln0' <Predicate = true> <Delay = 0.00>
ST_19 : Operation 83 [1/1] (0.00ns)   --->   "%specinterface_ln0 = specinterface void @_ssdm_op_SpecInterface, i32 %len, void @empty_7, i32 4294967295, i32 4294967295, void @empty_0, i32 0, i32 0, void @empty_0, void @empty_0, void @empty_0, i32 0, i32 0, i32 0, i32 0, void @empty_0, void @empty_0, i32 4294967295, i32 0, i32 0"   --->   Operation 83 'specinterface' 'specinterface_ln0' <Predicate = true> <Delay = 0.00>
ST_19 : Operation 84 [1/1] (0.00ns)   --->   "%specinterface_ln0 = specinterface void @_ssdm_op_SpecInterface, i64 %coef, void @empty_3, i32 0, i32 0, void @empty_0, i32 0, i32 0, void @empty_4, void @empty_11, void @empty_0, i32 0, i32 0, i32 0, i32 0, void @empty_0, void @empty_6, i32 4294967295, i32 0, i32 0"   --->   Operation 84 'specinterface' 'specinterface_ln0' <Predicate = true> <Delay = 0.00>
ST_19 : Operation 85 [1/1] (0.00ns)   --->   "%specinterface_ln0 = specinterface void @_ssdm_op_SpecInterface, i64 %coef, void @empty_7, i32 0, i32 0, void @empty_0, i32 0, i32 0, void @empty_0, void @empty_0, void @empty_0, i32 0, i32 0, i32 0, i32 0, void @empty_0, void @empty_6, i32 4294967295, i32 0, i32 0"   --->   Operation 85 'specinterface' 'specinterface_ln0' <Predicate = true> <Delay = 0.00>
ST_19 : Operation 86 [1/1] (0.00ns)   --->   "%specinterface_ln0 = specinterface void @_ssdm_op_SpecInterface, i32 0, void @empty_3, i32 0, i32 0, void @empty_0, i32 0, i32 0, void @empty_4, void @empty_0, void @empty_0, i32 0, i32 0, i32 0, i32 0, void @empty_0, void @empty_0, i32 4294967295, i32 0, i32 0"   --->   Operation 86 'specinterface' 'specinterface_ln0' <Predicate = true> <Delay = 0.00>
ST_19 : Operation 87 [1/8] (3.65ns)   --->   "%empty_22 = readreq i1 @_ssdm_op_ReadReq.m_axi.p1i32, i32 %gmem_addr_1, i64 %zext_ln47" [fir_hoisting.cpp:47]   --->   Operation 87 'readreq' 'empty_22' <Predicate = true> <Delay = 3.65> <CoreInst = "m_axi">   --->   Core 111 'm_axi' <Latency = 0> <II = 1> <Delay = 1.00> <Adapter> <Opcode : 'read' 'write' 'readreq' 'writereq' 'writeresp'>
ST_19 : Operation 88 [1/1] (0.00ns)   --->   "%br_ln47 = br void %for.inc8" [fir_hoisting.cpp:47]   --->   Operation 88 'br' 'br_ln47' <Predicate = true> <Delay = 0.00>

State 20 <SV = 19> <Delay = 2.55>
ST_20 : Operation 89 [1/1] (0.00ns)   --->   "%i_1_load = load i31 %i_1" [fir_hoisting.cpp:47]   --->   Operation 89 'load' 'i_1_load' <Predicate = true> <Delay = 0.00>
ST_20 : Operation 90 [1/1] (0.00ns)   --->   "%zext_ln47_1 = zext i31 %i_1_load" [fir_hoisting.cpp:47]   --->   Operation 90 'zext' 'zext_ln47_1' <Predicate = true> <Delay = 0.00>
ST_20 : Operation 91 [1/1] (2.55ns)   --->   "%icmp_ln47_1 = icmp_slt  i32 %zext_ln47_1, i32 %len_read" [fir_hoisting.cpp:47]   --->   Operation 91 'icmp' 'icmp_ln47_1' <Predicate = true> <Delay = 2.55> <CoreInst = "Cmp">   --->   Core 9 'Cmp' <Latency = 0> <II = 1> <Delay = 2.55> <FuncUnit> <Opcode : 'seteq' 'setne' 'setle' 'setge' 'setlt' 'setgt'> <InPorts = 2> <OutPorts = 1>
ST_20 : Operation 92 [1/1] (2.52ns)   --->   "%add_ln47 = add i31 %i_1_load, i31 1" [fir_hoisting.cpp:47]   --->   Operation 92 'add' 'add_ln47' <Predicate = true> <Delay = 2.52> <CoreInst = "Adder">   --->   Core 1 'Adder' <Latency = 0> <II = 1> <Delay = 2.52> <FuncUnit> <Opcode : 'add' 'sub'> <InPorts = 2> <OutPorts = 1>
ST_20 : Operation 93 [1/1] (0.00ns)   --->   "%br_ln47 = br i1 %icmp_ln47_1, void %for.end10.loopexit, void %for.inc8.split" [fir_hoisting.cpp:47]   --->   Operation 93 'br' 'br_ln47' <Predicate = true> <Delay = 0.00>
ST_20 : Operation 94 [2/2] (0.00ns)   --->   "%call_ln0 = call void @fir_wrap_Pipeline_VITIS_LOOP_19_1, i32 %acc_loc, i32 %shift_reg, i32 %c"   --->   Operation 94 'call' 'call_ln0' <Predicate = (icmp_ln47_1)> <Delay = 0.00> <CoreType = "Generic">   --->   Core 0 '' <Latency = 0> <II = 1> <Delay = 1.00> <Generic> <Opcode : >

State 21 <SV = 20> <Delay = 1.58>
ST_21 : Operation 95 [1/2] (0.00ns)   --->   "%call_ln0 = call void @fir_wrap_Pipeline_VITIS_LOOP_19_1, i32 %acc_loc, i32 %shift_reg, i32 %c"   --->   Operation 95 'call' 'call_ln0' <Predicate = true> <Delay = 0.00> <CoreType = "Generic">   --->   Core 0 '' <Latency = 0> <II = 1> <Delay = 1.00> <Generic> <Opcode : >
ST_21 : Operation 96 [1/1] (1.58ns)   --->   "%store_ln47 = store i31 %add_ln47, i31 %i_1" [fir_hoisting.cpp:47]   --->   Operation 96 'store' 'store_ln47' <Predicate = true> <Delay = 1.58>

State 22 <SV = 21> <Delay = 3.25>
ST_22 : Operation 97 [2/2] (3.25ns)   --->   "%c_load = load i32 0" [fir_hoisting.cpp:25->fir_hoisting.cpp:51]   --->   Operation 97 'load' 'c_load' <Predicate = true> <Delay = 3.25> <CoreInst = "RAM">   --->   Core 81 'RAM' <Latency = 1> <II = 1> <Delay = 3.25> <Storage> <Opcode : 'load' 'store'> <Ports = 2> <Width = 32> <Depth = 99> <RAM>

State 23 <SV = 22> <Delay = 3.65>
ST_23 : Operation 98 [1/1] (3.65ns)   --->   "%gmem_addr_1_read = read i32 @_ssdm_op_Read.m_axi.p1i32, i32 %gmem_addr_1" [fir_hoisting.cpp:51]   --->   Operation 98 'read' 'gmem_addr_1_read' <Predicate = true> <Delay = 3.65> <CoreInst = "m_axi">   --->   Core 111 'm_axi' <Latency = 0> <II = 1> <Delay = 1.00> <Adapter> <Opcode : 'read' 'write' 'readreq' 'writereq' 'writeresp'>
ST_23 : Operation 99 [1/2] (3.25ns)   --->   "%c_load = load i32 0" [fir_hoisting.cpp:25->fir_hoisting.cpp:51]   --->   Operation 99 'load' 'c_load' <Predicate = true> <Delay = 3.25> <CoreInst = "RAM">   --->   Core 81 'RAM' <Latency = 1> <II = 1> <Delay = 3.25> <Storage> <Opcode : 'load' 'store'> <Ports = 2> <Width = 32> <Depth = 99> <RAM>

State 24 <SV = 23> <Delay = 3.95>
ST_24 : Operation 100 [5/5] (3.95ns)   --->   "%mul_ln25 = mul i32 %c_load, i32 %gmem_addr_1_read" [fir_hoisting.cpp:25->fir_hoisting.cpp:51]   --->   Operation 100 'mul' 'mul_ln25' <Predicate = true> <Delay = 3.95> <CoreInst = "Multiplier">   --->   Core 3 'Multiplier' <Latency = 4> <II = 1> <Delay = 3.95> <FuncUnit> <Opcode : 'mul'> <InPorts = 2> <OutPorts = 1>
ST_24 : Operation 101 [1/1] (3.25ns)   --->   "%store_ln26 = store i32 %gmem_addr_1_read, i32 0" [fir_hoisting.cpp:26->fir_hoisting.cpp:51]   --->   Operation 101 'store' 'store_ln26' <Predicate = true> <Delay = 3.25> <CoreInst = "RAM">   --->   Core 81 'RAM' <Latency = 1> <II = 1> <Delay = 3.25> <Storage> <Opcode : 'load' 'store'> <Ports = 2> <Width = 32> <Depth = 99> <RAM>

State 25 <SV = 24> <Delay = 3.95>
ST_25 : Operation 102 [4/5] (3.95ns)   --->   "%mul_ln25 = mul i32 %c_load, i32 %gmem_addr_1_read" [fir_hoisting.cpp:25->fir_hoisting.cpp:51]   --->   Operation 102 'mul' 'mul_ln25' <Predicate = true> <Delay = 3.95> <CoreInst = "Multiplier">   --->   Core 3 'Multiplier' <Latency = 4> <II = 1> <Delay = 3.95> <FuncUnit> <Opcode : 'mul'> <InPorts = 2> <OutPorts = 1>

State 26 <SV = 25> <Delay = 3.95>
ST_26 : Operation 103 [3/5] (3.95ns)   --->   "%mul_ln25 = mul i32 %c_load, i32 %gmem_addr_1_read" [fir_hoisting.cpp:25->fir_hoisting.cpp:51]   --->   Operation 103 'mul' 'mul_ln25' <Predicate = true> <Delay = 3.95> <CoreInst = "Multiplier">   --->   Core 3 'Multiplier' <Latency = 4> <II = 1> <Delay = 3.95> <FuncUnit> <Opcode : 'mul'> <InPorts = 2> <OutPorts = 1>

State 27 <SV = 26> <Delay = 3.95>
ST_27 : Operation 104 [2/5] (3.95ns)   --->   "%mul_ln25 = mul i32 %c_load, i32 %gmem_addr_1_read" [fir_hoisting.cpp:25->fir_hoisting.cpp:51]   --->   Operation 104 'mul' 'mul_ln25' <Predicate = true> <Delay = 3.95> <CoreInst = "Multiplier">   --->   Core 3 'Multiplier' <Latency = 4> <II = 1> <Delay = 3.95> <FuncUnit> <Opcode : 'mul'> <InPorts = 2> <OutPorts = 1>

State 28 <SV = 27> <Delay = 3.95>
ST_28 : Operation 105 [1/5] (3.95ns)   --->   "%mul_ln25 = mul i32 %c_load, i32 %gmem_addr_1_read" [fir_hoisting.cpp:25->fir_hoisting.cpp:51]   --->   Operation 105 'mul' 'mul_ln25' <Predicate = true> <Delay = 3.95> <CoreInst = "Multiplier">   --->   Core 3 'Multiplier' <Latency = 4> <II = 1> <Delay = 3.95> <FuncUnit> <Opcode : 'mul'> <InPorts = 2> <OutPorts = 1>

State 29 <SV = 28> <Delay = 2.55>
ST_29 : Operation 106 [1/1] (0.00ns)   --->   "%acc_loc_load = load i32 %acc_loc"   --->   Operation 106 'load' 'acc_loc_load' <Predicate = true> <Delay = 0.00>
ST_29 : Operation 107 [1/1] (2.55ns)   --->   "%acc = add i32 %mul_ln25, i32 %acc_loc_load" [fir_hoisting.cpp:25->fir_hoisting.cpp:51]   --->   Operation 107 'add' 'acc' <Predicate = true> <Delay = 2.55> <CoreInst = "Adder">   --->   Core 1 'Adder' <Latency = 0> <II = 1> <Delay = 2.55> <FuncUnit> <Opcode : 'add' 'sub'> <InPorts = 2> <OutPorts = 1>

State 30 <SV = 29> <Delay = 3.65>
ST_30 : Operation 108 [1/1] (0.00ns)   --->   "%speclooptripcount_ln49 = speclooptripcount void @_ssdm_op_SpecLoopTripCount, i64 100, i64 100, i64 100" [fir_hoisting.cpp:49]   --->   Operation 108 'speclooptripcount' 'speclooptripcount_ln49' <Predicate = true> <Delay = 0.00>
ST_30 : Operation 109 [1/1] (0.00ns)   --->   "%specloopname_ln47 = specloopname void @_ssdm_op_SpecLoopName, void @empty_14" [fir_hoisting.cpp:47]   --->   Operation 109 'specloopname' 'specloopname_ln47' <Predicate = true> <Delay = 0.00>
ST_30 : Operation 110 [1/1] (3.65ns)   --->   "%write_ln52 = write void @_ssdm_op_Write.m_axi.p1i32, i32 %gmem_addr_2, i32 %acc, i4 15" [fir_hoisting.cpp:52]   --->   Operation 110 'write' 'write_ln52' <Predicate = true> <Delay = 3.65> <CoreInst = "m_axi">   --->   Core 111 'm_axi' <Latency = 0> <II = 1> <Delay = 1.00> <Adapter> <Opcode : 'read' 'write' 'readreq' 'writereq' 'writeresp'>
ST_30 : Operation 111 [1/1] (0.00ns)   --->   "%br_ln47 = br void %for.inc8" [fir_hoisting.cpp:47]   --->   Operation 111 'br' 'br_ln47' <Predicate = true> <Delay = 0.00>

State 31 <SV = 20> <Delay = 3.65>
ST_31 : Operation 112 [5/5] (3.65ns)   --->   "%empty_24 = writeresp i1 @_ssdm_op_WriteResp.m_axi.p1i32, i32 %gmem_addr_2" [fir_hoisting.cpp:56]   --->   Operation 112 'writeresp' 'empty_24' <Predicate = true> <Delay = 3.65> <CoreInst = "m_axi">   --->   Core 111 'm_axi' <Latency = 0> <II = 1> <Delay = 1.00> <Adapter> <Opcode : 'read' 'write' 'readreq' 'writereq' 'writeresp'>

State 32 <SV = 21> <Delay = 3.65>
ST_32 : Operation 113 [4/5] (3.65ns)   --->   "%empty_24 = writeresp i1 @_ssdm_op_WriteResp.m_axi.p1i32, i32 %gmem_addr_2" [fir_hoisting.cpp:56]   --->   Operation 113 'writeresp' 'empty_24' <Predicate = true> <Delay = 3.65> <CoreInst = "m_axi">   --->   Core 111 'm_axi' <Latency = 0> <II = 1> <Delay = 1.00> <Adapter> <Opcode : 'read' 'write' 'readreq' 'writereq' 'writeresp'>

State 33 <SV = 22> <Delay = 3.65>
ST_33 : Operation 114 [3/5] (3.65ns)   --->   "%empty_24 = writeresp i1 @_ssdm_op_WriteResp.m_axi.p1i32, i32 %gmem_addr_2" [fir_hoisting.cpp:56]   --->   Operation 114 'writeresp' 'empty_24' <Predicate = true> <Delay = 3.65> <CoreInst = "m_axi">   --->   Core 111 'm_axi' <Latency = 0> <II = 1> <Delay = 1.00> <Adapter> <Opcode : 'read' 'write' 'readreq' 'writereq' 'writeresp'>

State 34 <SV = 23> <Delay = 3.65>
ST_34 : Operation 115 [2/5] (3.65ns)   --->   "%empty_24 = writeresp i1 @_ssdm_op_WriteResp.m_axi.p1i32, i32 %gmem_addr_2" [fir_hoisting.cpp:56]   --->   Operation 115 'writeresp' 'empty_24' <Predicate = true> <Delay = 3.65> <CoreInst = "m_axi">   --->   Core 111 'm_axi' <Latency = 0> <II = 1> <Delay = 1.00> <Adapter> <Opcode : 'read' 'write' 'readreq' 'writereq' 'writeresp'>

State 35 <SV = 24> <Delay = 3.65>
ST_35 : Operation 116 [1/5] (3.65ns)   --->   "%empty_24 = writeresp i1 @_ssdm_op_WriteResp.m_axi.p1i32, i32 %gmem_addr_2" [fir_hoisting.cpp:56]   --->   Operation 116 'writeresp' 'empty_24' <Predicate = true> <Delay = 3.65> <CoreInst = "m_axi">   --->   Core 111 'm_axi' <Latency = 0> <II = 1> <Delay = 1.00> <Adapter> <Opcode : 'read' 'write' 'readreq' 'writereq' 'writeresp'>
ST_35 : Operation 117 [1/1] (0.00ns)   --->   "%ret_ln56 = ret" [fir_hoisting.cpp:56]   --->   Operation 117 'ret' 'ret_ln56' <Predicate = true> <Delay = 0.00>


============================================================
+ Verbose Summary: Binding
============================================================
STG Binding: 
---------------- STG Properties BEGIN ----------------
- Is combinational: 0
- Is one-state seq: 0
- Is datapath-only: 0
- Is pipelined: 0
- Is top level: 1
Port [ Return ] is wired: 1; IO mode=ap_ctrl_hs:ce=0
Port [ gmem]:  wired=1; compound=1; hidden=0; nouse=0; global=0; static=0; extern=0; dir=2; type=4; pingpong=0; private_global=0; IO mode=m_axi:ce=0
Port [ y]:  wired=1; compound=0; hidden=0; nouse=0; global=0; static=0; extern=0; dir=0; type=0; pingpong=0; private_global=0; IO mode=ap_none:ce=0
Port [ x]:  wired=1; compound=0; hidden=0; nouse=0; global=0; static=0; extern=0; dir=0; type=0; pingpong=0; private_global=0; IO mode=ap_none:ce=0
Port [ len]:  wired=1; compound=0; hidden=0; nouse=0; global=0; static=0; extern=0; dir=0; type=0; pingpong=0; private_global=0; IO mode=ap_none:ce=0
Port [ coef]:  wired=1; compound=0; hidden=0; nouse=0; global=0; static=0; extern=0; dir=0; type=0; pingpong=0; private_global=0; IO mode=ap_none:ce=0
Port [ c]:  wired=0; compound=1; hidden=1; nouse=0; global=1; static=1; extern=0; dir=2; type=1; pingpong=0; private_global=1; MemPort=[23]; IO mode=ap_memory:ce=0
Port [ shift_reg]:  wired=0; compound=1; hidden=1; nouse=0; global=1; static=1; extern=0; dir=2; type=1; pingpong=0; private_global=1; MemPort=[01]; IO mode=ap_memory:ce=0
---------------- STG Properties END ------------------

---------------- Datapath Model BEGIN ----------------

<LifeTime>
<method=bitvector/>
i_1                    (alloca           ) [ 011111111111111111111111111111100000]
coef_read              (read             ) [ 000000000000000000000000000000000000]
len_read               (read             ) [ 001111111111111111111111111111100000]
x_read                 (read             ) [ 000000000000000000000000000000000000]
y_read                 (read             ) [ 000000000000000000000000000000000000]
acc_loc                (alloca           ) [ 001111111111111111111111111111100000]
trunc_ln               (partselect       ) [ 001111111111000000000000000000000000]
trunc_ln47             (trunc            ) [ 001111111111000000000000000000000000]
trunc_ln1              (partselect       ) [ 000000000000000000000000000000000000]
sext_ln47              (sext             ) [ 000000000000000000000000000000000000]
gmem_addr_1            (getelementptr    ) [ 001111111111111111111111111111100000]
trunc_ln47_1           (partselect       ) [ 000000000000000000000000000000000000]
sext_ln47_1            (sext             ) [ 000000000000000000000000000000000000]
gmem_addr_2            (getelementptr    ) [ 001111111111111111111111111111111111]
store_ln0              (store            ) [ 000000000000000000000000000000000000]
sext_ln41              (sext             ) [ 000000000000000000000000000000000000]
gmem_addr              (getelementptr    ) [ 000111111100000000000000000000000000]
empty                  (readreq          ) [ 000000000000000000000000000000000000]
call_ln41              (call             ) [ 000000000000000000000000000000000000]
icmp_ln47              (icmp             ) [ 000000000000000000000000000000000000]
empty_21               (select           ) [ 000000000000100000000000000000000000]
zext_ln47              (zext             ) [ 000000000000011111110000000000000000]
empty_23               (writereq         ) [ 000000000000000000000000000000000000]
spectopmodule_ln31     (spectopmodule    ) [ 000000000000000000000000000000000000]
specinterface_ln0      (specinterface    ) [ 000000000000000000000000000000000000]
specbitsmap_ln0        (specbitsmap      ) [ 000000000000000000000000000000000000]
specinterface_ln0      (specinterface    ) [ 000000000000000000000000000000000000]
specinterface_ln0      (specinterface    ) [ 000000000000000000000000000000000000]
specinterface_ln0      (specinterface    ) [ 000000000000000000000000000000000000]
specinterface_ln0      (specinterface    ) [ 000000000000000000000000000000000000]
specbitsmap_ln0        (specbitsmap      ) [ 000000000000000000000000000000000000]
specinterface_ln0      (specinterface    ) [ 000000000000000000000000000000000000]
specinterface_ln0      (specinterface    ) [ 000000000000000000000000000000000000]
specinterface_ln0      (specinterface    ) [ 000000000000000000000000000000000000]
specinterface_ln0      (specinterface    ) [ 000000000000000000000000000000000000]
specinterface_ln0      (specinterface    ) [ 000000000000000000000000000000000000]
empty_22               (readreq          ) [ 000000000000000000000000000000000000]
br_ln47                (br               ) [ 000000000000000000000000000000000000]
i_1_load               (load             ) [ 000000000000000000000000000000000000]
zext_ln47_1            (zext             ) [ 000000000000000000000000000000000000]
icmp_ln47_1            (icmp             ) [ 000000000000000000001111111111100000]
add_ln47               (add              ) [ 000000000000000000000100000000000000]
br_ln47                (br               ) [ 000000000000000000000000000000000000]
call_ln0               (call             ) [ 000000000000000000000000000000000000]
store_ln47             (store            ) [ 000000000000000000000000000000000000]
gmem_addr_1_read       (read             ) [ 000000000000000000000000111110000000]
c_load                 (load             ) [ 000000000000000000000000111110000000]
store_ln26             (store            ) [ 000000000000000000000000000000000000]
mul_ln25               (mul              ) [ 000000000000000000000000000001000000]
acc_loc_load           (load             ) [ 000000000000000000000000000000000000]
acc                    (add              ) [ 000000000000000000000000000000100000]
speclooptripcount_ln49 (speclooptripcount) [ 000000000000000000000000000000000000]
specloopname_ln47      (specloopname     ) [ 000000000000000000000000000000000000]
write_ln52             (write            ) [ 000000000000000000000000000000000000]
br_ln47                (br               ) [ 000000000000000000000000000000000000]
empty_24               (writeresp        ) [ 000000000000000000000000000000000000]
ret_ln56               (ret              ) [ 000000000000000000000000000000000000]
</LifeTime>

<model>

<comp_list>
<comp id="0" class="1000" name="gmem">
<pin_list>
<pin id="1" dir="1" index="0" bw="1" slack="0"/>
</pin_list>
<bind>
<StgValue><ssdm name="gmem"/></StgValue>
</bind>
</comp>

<comp id="2" class="1000" name="y">
<pin_list>
<pin id="3" dir="1" index="0" bw="1" slack="0"/>
</pin_list>
<bind>
<StgValue><ssdm name="y"/></StgValue>
</bind>
</comp>

<comp id="4" class="1000" name="x">
<pin_list>
<pin id="5" dir="1" index="0" bw="1" slack="0"/>
</pin_list>
<bind>
<StgValue><ssdm name="x"/></StgValue>
</bind>
</comp>

<comp id="6" class="1000" name="len">
<pin_list>
<pin id="7" dir="1" index="0" bw="1" slack="0"/>
</pin_list>
<bind>
<StgValue><ssdm name="len"/></StgValue>
</bind>
</comp>

<comp id="8" class="1000" name="coef">
<pin_list>
<pin id="9" dir="1" index="0" bw="1" slack="0"/>
</pin_list>
<bind>
<StgValue><ssdm name="coef"/></StgValue>
</bind>
</comp>

<comp id="10" class="1000" name="c">
<pin_list>
<pin id="11" dir="1" index="0" bw="1" slack="0"/>
</pin_list>
<bind>
<StgValue><ssdm name="c"/><MemPortTyVec>2 3 </MemPortTyVec>
</StgValue>
</bind>
</comp>

<comp id="12" class="1000" name="shift_reg">
<pin_list>
<pin id="13" dir="1" index="0" bw="1" slack="0"/>
</pin_list>
<bind>
<StgValue><ssdm name="shift_reg"/><MemPortTyVec>0 1 </MemPortTyVec>
</StgValue>
</bind>
</comp>

<comp id="14" class="1001" name="const_14">
<pin_list>
<pin id="15" dir="1" index="0" bw="1" slack="0"/>
</pin_list>
<bind>
<StgValue><ssdm name=""/></StgValue>
</bind>
</comp>

<comp id="16" class="1001" name="const_16">
<pin_list>
<pin id="17" dir="1" index="0" bw="1" slack="0"/>
</pin_list>
<bind>
<StgValue><ssdm name="_ssdm_op_Read.s_axilite.i64"/></StgValue>
</bind>
</comp>

<comp id="18" class="1001" name="const_18">
<pin_list>
<pin id="19" dir="1" index="0" bw="1" slack="0"/>
</pin_list>
<bind>
<StgValue><ssdm name="_ssdm_op_Read.s_axilite.i32"/></StgValue>
</bind>
</comp>

<comp id="20" class="1001" name="const_20">
<pin_list>
<pin id="21" dir="1" index="0" bw="1" slack="0"/>
</pin_list>
<bind>
<StgValue><ssdm name=""/></StgValue>
</bind>
</comp>

<comp id="22" class="1001" name="const_22">
<pin_list>
<pin id="23" dir="1" index="0" bw="1" slack="0"/>
</pin_list>
<bind>
<StgValue><ssdm name="_ssdm_op_PartSelect.i62.i64.i32.i32"/></StgValue>
</bind>
</comp>

<comp id="24" class="1001" name="const_24">
<pin_list>
<pin id="25" dir="1" index="0" bw="1" slack="0"/>
</pin_list>
<bind>
<StgValue><ssdm name=""/></StgValue>
</bind>
</comp>

<comp id="26" class="1001" name="const_26">
<pin_list>
<pin id="27" dir="1" index="0" bw="1" slack="0"/>
</pin_list>
<bind>
<StgValue><ssdm name=""/></StgValue>
</bind>
</comp>

<comp id="28" class="1001" name="const_28">
<pin_list>
<pin id="29" dir="1" index="0" bw="1" slack="0"/>
</pin_list>
<bind>
<StgValue><ssdm name=""/></StgValue>
</bind>
</comp>

<comp id="30" class="1001" name="const_30">
<pin_list>
<pin id="31" dir="1" index="0" bw="1" slack="0"/>
</pin_list>
<bind>
<StgValue><ssdm name="_ssdm_op_ReadReq.m_axi.p1i32"/></StgValue>
</bind>
</comp>

<comp id="32" class="1001" name="const_32">
<pin_list>
<pin id="33" dir="1" index="0" bw="1" slack="0"/>
</pin_list>
<bind>
<StgValue><ssdm name=""/></StgValue>
</bind>
</comp>

<comp id="34" class="1001" name="const_34">
<pin_list>
<pin id="35" dir="1" index="0" bw="1" slack="0"/>
</pin_list>
<bind>
<StgValue><ssdm name="fir_wrap_Pipeline_VITIS_LOOP_41_1"/></StgValue>
</bind>
</comp>

<comp id="36" class="1001" name="const_36">
<pin_list>
<pin id="37" dir="1" index="0" bw="1" slack="0"/>
</pin_list>
<bind>
<StgValue><ssdm name=""/></StgValue>
</bind>
</comp>

<comp id="38" class="1001" name="const_38">
<pin_list>
<pin id="39" dir="1" index="0" bw="1" slack="0"/>
</pin_list>
<bind>
<StgValue><ssdm name="_ssdm_op_WriteReq.m_axi.p1i32"/></StgValue>
</bind>
</comp>

<comp id="40" class="1001" name="const_40">
<pin_list>
<pin id="41" dir="1" index="0" bw="1" slack="2147483647"/>
</pin_list>
<bind>
<StgValue><ssdm name="_ssdm_op_SpecTopModule"/></StgValue>
</bind>
</comp>

<comp id="42" class="1001" name="const_42">
<pin_list>
<pin id="43" dir="1" index="0" bw="1" slack="2147483647"/>
</pin_list>
<bind>
<StgValue><ssdm name="empty_12"/></StgValue>
</bind>
</comp>

<comp id="44" class="1001" name="const_44">
<pin_list>
<pin id="45" dir="1" index="0" bw="1" slack="2147483647"/>
</pin_list>
<bind>
<StgValue><ssdm name="_ssdm_op_SpecInterface"/></StgValue>
</bind>
</comp>

<comp id="46" class="1001" name="const_46">
<pin_list>
<pin id="47" dir="1" index="0" bw="1" slack="2147483647"/>
</pin_list>
<bind>
<StgValue><ssdm name="empty"/></StgValue>
</bind>
</comp>

<comp id="48" class="1001" name="const_48">
<pin_list>
<pin id="49" dir="1" index="0" bw="1" slack="2147483647"/>
</pin_list>
<bind>
<StgValue><ssdm name="empty_0"/></StgValue>
</bind>
</comp>

<comp id="50" class="1001" name="const_50">
<pin_list>
<pin id="51" dir="1" index="0" bw="1" slack="2147483647"/>
</pin_list>
<bind>
<StgValue><ssdm name=""/></StgValue>
</bind>
</comp>

<comp id="52" class="1001" name="const_52">
<pin_list>
<pin id="53" dir="1" index="0" bw="1" slack="2147483647"/>
</pin_list>
<bind>
<StgValue><ssdm name="empty_1"/></StgValue>
</bind>
</comp>

<comp id="54" class="1001" name="const_54">
<pin_list>
<pin id="55" dir="1" index="0" bw="1" slack="2147483647"/>
</pin_list>
<bind>
<StgValue><ssdm name="empty_2"/></StgValue>
</bind>
</comp>

<comp id="56" class="1001" name="const_56">
<pin_list>
<pin id="57" dir="1" index="0" bw="1" slack="2147483647"/>
</pin_list>
<bind>
<StgValue><ssdm name=""/></StgValue>
</bind>
</comp>

<comp id="58" class="1001" name="const_58">
<pin_list>
<pin id="59" dir="1" index="0" bw="1" slack="2147483647"/>
</pin_list>
<bind>
<StgValue><ssdm name=""/></StgValue>
</bind>
</comp>

<comp id="60" class="1001" name="const_60">
<pin_list>
<pin id="61" dir="1" index="0" bw="1" slack="2147483647"/>
</pin_list>
<bind>
<StgValue><ssdm name="_ssdm_op_SpecBitsMap"/></StgValue>
</bind>
</comp>

<comp id="62" class="1001" name="const_62">
<pin_list>
<pin id="63" dir="1" index="0" bw="1" slack="2147483647"/>
</pin_list>
<bind>
<StgValue><ssdm name="empty_3"/></StgValue>
</bind>
</comp>

<comp id="64" class="1001" name="const_64">
<pin_list>
<pin id="65" dir="1" index="0" bw="1" slack="2147483647"/>
</pin_list>
<bind>
<StgValue><ssdm name="empty_4"/></StgValue>
</bind>
</comp>

<comp id="66" class="1001" name="const_66">
<pin_list>
<pin id="67" dir="1" index="0" bw="1" slack="2147483647"/>
</pin_list>
<bind>
<StgValue><ssdm name="empty_5"/></StgValue>
</bind>
</comp>

<comp id="68" class="1001" name="const_68">
<pin_list>
<pin id="69" dir="1" index="0" bw="1" slack="2147483647"/>
</pin_list>
<bind>
<StgValue><ssdm name="empty_6"/></StgValue>
</bind>
</comp>

<comp id="70" class="1001" name="const_70">
<pin_list>
<pin id="71" dir="1" index="0" bw="1" slack="2147483647"/>
</pin_list>
<bind>
<StgValue><ssdm name="empty_7"/></StgValue>
</bind>
</comp>

<comp id="72" class="1001" name="const_72">
<pin_list>
<pin id="73" dir="1" index="0" bw="1" slack="2147483647"/>
</pin_list>
<bind>
<StgValue><ssdm name="empty_8"/></StgValue>
</bind>
</comp>

<comp id="74" class="1001" name="const_74">
<pin_list>
<pin id="75" dir="1" index="0" bw="1" slack="2147483647"/>
</pin_list>
<bind>
<StgValue><ssdm name="empty_9"/></StgValue>
</bind>
</comp>

<comp id="76" class="1001" name="const_76">
<pin_list>
<pin id="77" dir="1" index="0" bw="1" slack="2147483647"/>
</pin_list>
<bind>
<StgValue><ssdm name="empty_10"/></StgValue>
</bind>
</comp>

<comp id="78" class="1001" name="const_78">
<pin_list>
<pin id="79" dir="1" index="0" bw="1" slack="2147483647"/>
</pin_list>
<bind>
<StgValue><ssdm name="empty_11"/></StgValue>
</bind>
</comp>

<comp id="80" class="1001" name="const_80">
<pin_list>
<pin id="81" dir="1" index="0" bw="1" slack="0"/>
</pin_list>
<bind>
<StgValue><ssdm name=""/></StgValue>
</bind>
</comp>

<comp id="82" class="1001" name="const_82">
<pin_list>
<pin id="83" dir="1" index="0" bw="1" slack="0"/>
</pin_list>
<bind>
<StgValue><ssdm name="fir_wrap_Pipeline_VITIS_LOOP_19_1"/></StgValue>
</bind>
</comp>

<comp id="84" class="1001" name="const_84">
<pin_list>
<pin id="85" dir="1" index="0" bw="1" slack="0"/>
</pin_list>
<bind>
<StgValue><ssdm name=""/></StgValue>
</bind>
</comp>

<comp id="86" class="1001" name="const_86">
<pin_list>
<pin id="87" dir="1" index="0" bw="1" slack="0"/>
</pin_list>
<bind>
<StgValue><ssdm name="_ssdm_op_Read.m_axi.p1i32"/></StgValue>
</bind>
</comp>

<comp id="88" class="1001" name="const_88">
<pin_list>
<pin id="89" dir="1" index="0" bw="1" slack="0"/>
</pin_list>
<bind>
<StgValue><ssdm name=""/></StgValue>
</bind>
</comp>

<comp id="90" class="1001" name="const_90">
<pin_list>
<pin id="91" dir="1" index="0" bw="1" slack="2147483647"/>
</pin_list>
<bind>
<StgValue><ssdm name="_ssdm_op_SpecLoopTripCount"/></StgValue>
</bind>
</comp>

<comp id="92" class="1001" name="const_92">
<pin_list>
<pin id="93" dir="1" index="0" bw="1" slack="2147483647"/>
</pin_list>
<bind>
<StgValue><ssdm name=""/></StgValue>
</bind>
</comp>

<comp id="94" class="1001" name="const_94">
<pin_list>
<pin id="95" dir="1" index="0" bw="1" slack="2147483647"/>
</pin_list>
<bind>
<StgValue><ssdm name="_ssdm_op_SpecLoopName"/></StgValue>
</bind>
</comp>

<comp id="96" class="1001" name="const_96">
<pin_list>
<pin id="97" dir="1" index="0" bw="1" slack="2147483647"/>
</pin_list>
<bind>
<StgValue><ssdm name="empty_14"/></StgValue>
</bind>
</comp>

<comp id="98" class="1001" name="const_98">
<pin_list>
<pin id="99" dir="1" index="0" bw="1" slack="0"/>
</pin_list>
<bind>
<StgValue><ssdm name="_ssdm_op_Write.m_axi.p1i32"/></StgValue>
</bind>
</comp>

<comp id="100" class="1001" name="const_100">
<pin_list>
<pin id="101" dir="1" index="0" bw="1" slack="0"/>
</pin_list>
<bind>
<StgValue><ssdm name=""/></StgValue>
</bind>
</comp>

<comp id="102" class="1001" name="const_102">
<pin_list>
<pin id="103" dir="1" index="0" bw="1" slack="0"/>
</pin_list>
<bind>
<StgValue><ssdm name="_ssdm_op_WriteResp.m_axi.p1i32"/></StgValue>
</bind>
</comp>

<comp id="104" class="1004" name="i_1_fu_104">
<pin_list>
<pin id="105" dir="0" index="0" bw="1" slack="0"/>
<pin id="106" dir="1" index="1" bw="31" slack="0"/>
</pin_list>
<bind>
<opcode="alloca(26) " fcode="alloca"/>
<opset="i_1/1 "/>
</bind>
</comp>

<comp id="108" class="1004" name="acc_loc_fu_108">
<pin_list>
<pin id="109" dir="0" index="0" bw="1" slack="0"/>
<pin id="110" dir="1" index="1" bw="32" slack="19"/>
</pin_list>
<bind>
<opcode="alloca(26) " fcode="alloca"/>
<opset="acc_loc/1 "/>
</bind>
</comp>

<comp id="112" class="1004" name="coef_read_read_fu_112">
<pin_list>
<pin id="113" dir="0" index="0" bw="64" slack="0"/>
<pin id="114" dir="0" index="1" bw="64" slack="0"/>
<pin id="115" dir="1" index="2" bw="64" slack="0"/>
</pin_list>
<bind>
<opcode="read(1150) " fcode="read"/>
<opset="coef_read/1 "/>
</bind>
</comp>

<comp id="118" class="1004" name="len_read_read_fu_118">
<pin_list>
<pin id="119" dir="0" index="0" bw="32" slack="0"/>
<pin id="120" dir="0" index="1" bw="32" slack="0"/>
<pin id="121" dir="1" index="2" bw="32" slack="0"/>
</pin_list>
<bind>
<opcode="read(1150) " fcode="read"/>
<opset="len_read/1 "/>
</bind>
</comp>

<comp id="124" class="1004" name="x_read_read_fu_124">
<pin_list>
<pin id="125" dir="0" index="0" bw="64" slack="0"/>
<pin id="126" dir="0" index="1" bw="64" slack="0"/>
<pin id="127" dir="1" index="2" bw="64" slack="0"/>
</pin_list>
<bind>
<opcode="read(1150) " fcode="read"/>
<opset="x_read/1 "/>
</bind>
</comp>

<comp id="130" class="1004" name="y_read_read_fu_130">
<pin_list>
<pin id="131" dir="0" index="0" bw="64" slack="0"/>
<pin id="132" dir="0" index="1" bw="64" slack="0"/>
<pin id="133" dir="1" index="2" bw="64" slack="0"/>
</pin_list>
<bind>
<opcode="read(1150) " fcode="read"/>
<opset="y_read/1 "/>
</bind>
</comp>

<comp id="136" class="1004" name="grp_readreq_fu_136">
<pin_list>
<pin id="137" dir="0" index="0" bw="1" slack="0"/>
<pin id="138" dir="0" index="1" bw="32" slack="0"/>
<pin id="139" dir="0" index="2" bw="8" slack="0"/>
<pin id="140" dir="1" index="3" bw="1" slack="2147483647"/>
</pin_list>
<bind>
<opcode="readreq(1154) " fcode="readreq"/>
<opset="empty/2 "/>
</bind>
</comp>

<comp id="143" class="1004" name="grp_readreq_fu_143">
<pin_list>
<pin id="144" dir="0" index="0" bw="1" slack="0"/>
<pin id="145" dir="0" index="1" bw="32" slack="11"/>
<pin id="146" dir="0" index="2" bw="31" slack="0"/>
<pin id="147" dir="1" index="3" bw="1" slack="2147483647"/>
</pin_list>
<bind>
<opcode="readreq(1154) " fcode="readreq"/>
<opset="empty_22/12 "/>
</bind>
</comp>

<comp id="149" class="1004" name="grp_writeresp_fu_149">
<pin_list>
<pin id="150" dir="0" index="0" bw="1" slack="0"/>
<pin id="151" dir="0" index="1" bw="32" slack="11"/>
<pin id="152" dir="0" index="2" bw="31" slack="0"/>
<pin id="153" dir="1" index="3" bw="1" slack="2147483647"/>
</pin_list>
<bind>
<opcode="writereq(1155) writeresp(1158) " fcode="writeresp"/>
<opset="empty_23/12 empty_24/31 "/>
</bind>
</comp>

<comp id="155" class="1004" name="gmem_addr_1_read_read_fu_155">
<pin_list>
<pin id="156" dir="0" index="0" bw="32" slack="0"/>
<pin id="157" dir="0" index="1" bw="32" slack="22"/>
<pin id="158" dir="1" index="2" bw="32" slack="1"/>
</pin_list>
<bind>
<opcode="read(1150) " fcode="read"/>
<opset="gmem_addr_1_read/23 "/>
</bind>
</comp>

<comp id="160" class="1004" name="write_ln52_write_fu_160">
<pin_list>
<pin id="161" dir="0" index="0" bw="0" slack="0"/>
<pin id="162" dir="0" index="1" bw="32" slack="29"/>
<pin id="163" dir="0" index="2" bw="32" slack="1"/>
<pin id="164" dir="0" index="3" bw="1" slack="0"/>
<pin id="165" dir="1" index="4" bw="0" slack="2147483647"/>
</pin_list>
<bind>
<opcode="write(1151) " fcode="write"/>
<opset="write_ln52/30 "/>
</bind>
</comp>

<comp id="169" class="1004" name="grp_access_fu_169">
<pin_list>
<pin id="170" dir="0" index="0" bw="32" slack="0"/>
<pin id="171" dir="0" index="1" bw="32" slack="2147483647"/>
<pin id="172" dir="0" index="2" bw="0" slack="2147483647"/>
<pin id="173" dir="1" index="3" bw="32" slack="1"/>
</pin_list>
<bind>
<opcode="load(27) " fcode="load"/>
<opset="c_load/22 "/>
</bind>
</comp>

<comp id="175" class="1004" name="store_ln26_access_fu_175">
<pin_list>
<pin id="176" dir="0" index="0" bw="32" slack="0"/>
<pin id="177" dir="0" index="1" bw="32" slack="1"/>
<pin id="178" dir="0" index="2" bw="0" slack="2147483647"/>
<pin id="179" dir="1" index="3" bw="32" slack="2147483647"/>
</pin_list>
<bind>
<opcode="store(28) " fcode="store"/>
<opset="store_ln26/24 "/>
</bind>
</comp>

<comp id="181" class="1004" name="grp_fir_wrap_Pipeline_VITIS_LOOP_41_1_fu_181">
<pin_list>
<pin id="182" dir="0" index="0" bw="0" slack="0"/>
<pin id="183" dir="0" index="1" bw="32" slack="0"/>
<pin id="184" dir="0" index="2" bw="62" slack="9"/>
<pin id="185" dir="0" index="3" bw="32" slack="0"/>
<pin id="186" dir="1" index="4" bw="0" slack="2147483647"/>
</pin_list>
<bind>
<opcode="call(48) " fcode="call"/>
<opset="call_ln41/10 "/>
</bind>
</comp>

<comp id="190" class="1004" name="grp_fir_wrap_Pipeline_VITIS_LOOP_19_1_fu_190">
<pin_list>
<pin id="191" dir="0" index="0" bw="0" slack="0"/>
<pin id="192" dir="0" index="1" bw="32" slack="19"/>
<pin id="193" dir="0" index="2" bw="32" slack="0"/>
<pin id="194" dir="0" index="3" bw="32" slack="0"/>
<pin id="195" dir="1" index="4" bw="0" slack="2147483647"/>
</pin_list>
<bind>
<opcode="call(48) " fcode="call"/>
<opset="call_ln0/20 "/>
</bind>
</comp>

<comp id="199" class="1004" name="grp_fu_199">
<pin_list>
<pin id="200" dir="0" index="0" bw="32" slack="1"/>
<pin id="201" dir="0" index="1" bw="32" slack="1"/>
<pin id="202" dir="1" index="2" bw="32" slack="1"/>
</pin_list>
<bind>
<opcode="mul(12) " fcode="mul"/>
<opset="mul_ln25/24 "/>
</bind>
</comp>

<comp id="203" class="1004" name="trunc_ln_fu_203">
<pin_list>
<pin id="204" dir="0" index="0" bw="62" slack="0"/>
<pin id="205" dir="0" index="1" bw="64" slack="0"/>
<pin id="206" dir="0" index="2" bw="3" slack="0"/>
<pin id="207" dir="0" index="3" bw="7" slack="0"/>
<pin id="208" dir="1" index="4" bw="62" slack="1"/>
</pin_list>
<bind>
<opcode="partselect(1002) " fcode="partselect"/>
<opset="trunc_ln/1 "/>
</bind>
</comp>

<comp id="213" class="1004" name="trunc_ln47_fu_213">
<pin_list>
<pin id="214" dir="0" index="0" bw="32" slack="0"/>
<pin id="215" dir="1" index="1" bw="31" slack="10"/>
</pin_list>
<bind>
<opcode="trunc(33) " fcode="trunc"/>
<opset="trunc_ln47/1 "/>
</bind>
</comp>

<comp id="217" class="1004" name="trunc_ln1_fu_217">
<pin_list>
<pin id="218" dir="0" index="0" bw="62" slack="0"/>
<pin id="219" dir="0" index="1" bw="64" slack="0"/>
<pin id="220" dir="0" index="2" bw="3" slack="0"/>
<pin id="221" dir="0" index="3" bw="7" slack="0"/>
<pin id="222" dir="1" index="4" bw="62" slack="0"/>
</pin_list>
<bind>
<opcode="partselect(1002) " fcode="partselect"/>
<opset="trunc_ln1/1 "/>
</bind>
</comp>

<comp id="227" class="1004" name="sext_ln47_fu_227">
<pin_list>
<pin id="228" dir="0" index="0" bw="62" slack="0"/>
<pin id="229" dir="1" index="1" bw="64" slack="0"/>
</pin_list>
<bind>
<opcode="sext(35) " fcode="sext"/>
<opset="sext_ln47/1 "/>
</bind>
</comp>

<comp id="231" class="1004" name="gmem_addr_1_fu_231">
<pin_list>
<pin id="232" dir="0" index="0" bw="32" slack="0"/>
<pin id="233" dir="0" index="1" bw="62" slack="0"/>
<pin id="234" dir="1" index="2" bw="32" slack="11"/>
</pin_list>
<bind>
<opcode="getelementptr(29) " fcode="getelementptr"/>
<opset="gmem_addr_1/1 "/>
</bind>
</comp>

<comp id="237" class="1004" name="trunc_ln47_1_fu_237">
<pin_list>
<pin id="238" dir="0" index="0" bw="62" slack="0"/>
<pin id="239" dir="0" index="1" bw="64" slack="0"/>
<pin id="240" dir="0" index="2" bw="3" slack="0"/>
<pin id="241" dir="0" index="3" bw="7" slack="0"/>
<pin id="242" dir="1" index="4" bw="62" slack="0"/>
</pin_list>
<bind>
<opcode="partselect(1002) " fcode="partselect"/>
<opset="trunc_ln47_1/1 "/>
</bind>
</comp>

<comp id="247" class="1004" name="sext_ln47_1_fu_247">
<pin_list>
<pin id="248" dir="0" index="0" bw="62" slack="0"/>
<pin id="249" dir="1" index="1" bw="64" slack="0"/>
</pin_list>
<bind>
<opcode="sext(35) " fcode="sext"/>
<opset="sext_ln47_1/1 "/>
</bind>
</comp>

<comp id="251" class="1004" name="gmem_addr_2_fu_251">
<pin_list>
<pin id="252" dir="0" index="0" bw="32" slack="0"/>
<pin id="253" dir="0" index="1" bw="62" slack="0"/>
<pin id="254" dir="1" index="2" bw="32" slack="11"/>
</pin_list>
<bind>
<opcode="getelementptr(29) " fcode="getelementptr"/>
<opset="gmem_addr_2/1 "/>
</bind>
</comp>

<comp id="257" class="1004" name="store_ln0_store_fu_257">
<pin_list>
<pin id="258" dir="0" index="0" bw="1" slack="0"/>
<pin id="259" dir="0" index="1" bw="31" slack="0"/>
<pin id="260" dir="1" index="2" bw="0" slack="2147483647"/>
</pin_list>
<bind>
<opcode="store(28) " fcode="store"/>
<opset="store_ln0/1 "/>
</bind>
</comp>

<comp id="262" class="1004" name="sext_ln41_fu_262">
<pin_list>
<pin id="263" dir="0" index="0" bw="62" slack="1"/>
<pin id="264" dir="1" index="1" bw="64" slack="0"/>
</pin_list>
<bind>
<opcode="sext(35) " fcode="sext"/>
<opset="sext_ln41/2 "/>
</bind>
</comp>

<comp id="265" class="1004" name="gmem_addr_fu_265">
<pin_list>
<pin id="266" dir="0" index="0" bw="32" slack="0"/>
<pin id="267" dir="0" index="1" bw="62" slack="0"/>
<pin id="268" dir="1" index="2" bw="32" slack="0"/>
</pin_list>
<bind>
<opcode="getelementptr(29) " fcode="getelementptr"/>
<opset="gmem_addr/2 "/>
</bind>
</comp>

<comp id="272" class="1004" name="icmp_ln47_fu_272">
<pin_list>
<pin id="273" dir="0" index="0" bw="32" slack="10"/>
<pin id="274" dir="0" index="1" bw="1" slack="0"/>
<pin id="275" dir="1" index="2" bw="1" slack="0"/>
</pin_list>
<bind>
<opcode="icmp(45) " fcode="icmp"/>
<opset="icmp_ln47/11 "/>
</bind>
</comp>

<comp id="277" class="1004" name="empty_21_fu_277">
<pin_list>
<pin id="278" dir="0" index="0" bw="1" slack="0"/>
<pin id="279" dir="0" index="1" bw="31" slack="10"/>
<pin id="280" dir="0" index="2" bw="1" slack="0"/>
<pin id="281" dir="1" index="3" bw="31" slack="1"/>
</pin_list>
<bind>
<opcode="select(49) " fcode="select"/>
<opset="empty_21/11 "/>
</bind>
</comp>

<comp id="284" class="1004" name="zext_ln47_fu_284">
<pin_list>
<pin id="285" dir="0" index="0" bw="31" slack="1"/>
<pin id="286" dir="1" index="1" bw="64" slack="0"/>
</pin_list>
<bind>
<opcode="zext(34) " fcode="zext"/>
<opset="zext_ln47/12 "/>
</bind>
</comp>

<comp id="289" class="1004" name="i_1_load_load_fu_289">
<pin_list>
<pin id="290" dir="0" index="0" bw="31" slack="19"/>
<pin id="291" dir="1" index="1" bw="31" slack="0"/>
</pin_list>
<bind>
<opcode="load(27) " fcode="load"/>
<opset="i_1_load/20 "/>
</bind>
</comp>

<comp id="292" class="1004" name="zext_ln47_1_fu_292">
<pin_list>
<pin id="293" dir="0" index="0" bw="31" slack="0"/>
<pin id="294" dir="1" index="1" bw="32" slack="0"/>
</pin_list>
<bind>
<opcode="zext(34) " fcode="zext"/>
<opset="zext_ln47_1/20 "/>
</bind>
</comp>

<comp id="296" class="1004" name="icmp_ln47_1_fu_296">
<pin_list>
<pin id="297" dir="0" index="0" bw="31" slack="0"/>
<pin id="298" dir="0" index="1" bw="32" slack="19"/>
<pin id="299" dir="1" index="2" bw="1" slack="2147483647"/>
</pin_list>
<bind>
<opcode="icmp(45) " fcode="icmp"/>
<opset="icmp_ln47_1/20 "/>
</bind>
</comp>

<comp id="301" class="1004" name="add_ln47_fu_301">
<pin_list>
<pin id="302" dir="0" index="0" bw="31" slack="0"/>
<pin id="303" dir="0" index="1" bw="1" slack="0"/>
<pin id="304" dir="1" index="2" bw="31" slack="1"/>
</pin_list>
<bind>
<opcode="add(8) " fcode="add"/>
<opset="add_ln47/20 "/>
</bind>
</comp>

<comp id="307" class="1004" name="store_ln47_store_fu_307">
<pin_list>
<pin id="308" dir="0" index="0" bw="31" slack="1"/>
<pin id="309" dir="0" index="1" bw="31" slack="20"/>
<pin id="310" dir="1" index="2" bw="0" slack="2147483647"/>
</pin_list>
<bind>
<opcode="store(28) " fcode="store"/>
<opset="store_ln47/21 "/>
</bind>
</comp>

<comp id="311" class="1004" name="acc_loc_load_load_fu_311">
<pin_list>
<pin id="312" dir="0" index="0" bw="32" slack="28"/>
<pin id="313" dir="1" index="1" bw="32" slack="0"/>
</pin_list>
<bind>
<opcode="load(27) " fcode="load"/>
<opset="acc_loc_load/29 "/>
</bind>
</comp>

<comp id="314" class="1004" name="acc_fu_314">
<pin_list>
<pin id="315" dir="0" index="0" bw="32" slack="1"/>
<pin id="316" dir="0" index="1" bw="32" slack="0"/>
<pin id="317" dir="1" index="2" bw="32" slack="1"/>
</pin_list>
<bind>
<opcode="add(8) " fcode="add"/>
<opset="acc/29 "/>
</bind>
</comp>

<comp id="319" class="1005" name="i_1_reg_319">
<pin_list>
<pin id="320" dir="0" index="0" bw="31" slack="0"/>
<pin id="321" dir="1" index="1" bw="31" slack="0"/>
</pin_list>
<bind>
<opset="i_1 "/>
</bind>
</comp>

<comp id="326" class="1005" name="len_read_reg_326">
<pin_list>
<pin id="327" dir="0" index="0" bw="32" slack="10"/>
<pin id="328" dir="1" index="1" bw="32" slack="10"/>
</pin_list>
<bind>
<opset="len_read "/>
</bind>
</comp>

<comp id="332" class="1005" name="acc_loc_reg_332">
<pin_list>
<pin id="333" dir="0" index="0" bw="32" slack="19"/>
<pin id="334" dir="1" index="1" bw="32" slack="19"/>
</pin_list>
<bind>
<opset="acc_loc "/>
</bind>
</comp>

<comp id="338" class="1005" name="trunc_ln_reg_338">
<pin_list>
<pin id="339" dir="0" index="0" bw="62" slack="1"/>
<pin id="340" dir="1" index="1" bw="62" slack="1"/>
</pin_list>
<bind>
<opset="trunc_ln "/>
</bind>
</comp>

<comp id="344" class="1005" name="trunc_ln47_reg_344">
<pin_list>
<pin id="345" dir="0" index="0" bw="31" slack="10"/>
<pin id="346" dir="1" index="1" bw="31" slack="10"/>
</pin_list>
<bind>
<opset="trunc_ln47 "/>
</bind>
</comp>

<comp id="349" class="1005" name="gmem_addr_1_reg_349">
<pin_list>
<pin id="350" dir="0" index="0" bw="32" slack="11"/>
<pin id="351" dir="1" index="1" bw="32" slack="11"/>
</pin_list>
<bind>
<opset="gmem_addr_1 "/>
</bind>
</comp>

<comp id="355" class="1005" name="gmem_addr_2_reg_355">
<pin_list>
<pin id="356" dir="0" index="0" bw="32" slack="11"/>
<pin id="357" dir="1" index="1" bw="32" slack="11"/>
</pin_list>
<bind>
<opset="gmem_addr_2 "/>
</bind>
</comp>

<comp id="361" class="1005" name="gmem_addr_reg_361">
<pin_list>
<pin id="362" dir="0" index="0" bw="32" slack="1"/>
<pin id="363" dir="1" index="1" bw="32" slack="1"/>
</pin_list>
<bind>
<opset="gmem_addr "/>
</bind>
</comp>

<comp id="366" class="1005" name="empty_21_reg_366">
<pin_list>
<pin id="367" dir="0" index="0" bw="31" slack="1"/>
<pin id="368" dir="1" index="1" bw="31" slack="1"/>
</pin_list>
<bind>
<opset="empty_21 "/>
</bind>
</comp>

<comp id="371" class="1005" name="zext_ln47_reg_371">
<pin_list>
<pin id="372" dir="0" index="0" bw="64" slack="1"/>
<pin id="373" dir="1" index="1" bw="64" slack="1"/>
</pin_list>
<bind>
<opset="zext_ln47 "/>
</bind>
</comp>

<comp id="379" class="1005" name="add_ln47_reg_379">
<pin_list>
<pin id="380" dir="0" index="0" bw="31" slack="1"/>
<pin id="381" dir="1" index="1" bw="31" slack="1"/>
</pin_list>
<bind>
<opset="add_ln47 "/>
</bind>
</comp>

<comp id="384" class="1005" name="gmem_addr_1_read_reg_384">
<pin_list>
<pin id="385" dir="0" index="0" bw="32" slack="1"/>
<pin id="386" dir="1" index="1" bw="32" slack="1"/>
</pin_list>
<bind>
<opset="gmem_addr_1_read "/>
</bind>
</comp>

<comp id="390" class="1005" name="c_load_reg_390">
<pin_list>
<pin id="391" dir="0" index="0" bw="32" slack="1"/>
<pin id="392" dir="1" index="1" bw="32" slack="1"/>
</pin_list>
<bind>
<opset="c_load "/>
</bind>
</comp>

<comp id="395" class="1005" name="mul_ln25_reg_395">
<pin_list>
<pin id="396" dir="0" index="0" bw="32" slack="1"/>
<pin id="397" dir="1" index="1" bw="32" slack="1"/>
</pin_list>
<bind>
<opset="mul_ln25 "/>
</bind>
</comp>

<comp id="400" class="1005" name="acc_reg_400">
<pin_list>
<pin id="401" dir="0" index="0" bw="32" slack="1"/>
<pin id="402" dir="1" index="1" bw="32" slack="1"/>
</pin_list>
<bind>
<opset="acc "/>
</bind>
</comp>

</comp_list>

<net_list>
<net id="107"><net_src comp="14" pin="0"/><net_sink comp="104" pin=0"/></net>

<net id="111"><net_src comp="20" pin="0"/><net_sink comp="108" pin=0"/></net>

<net id="116"><net_src comp="16" pin="0"/><net_sink comp="112" pin=0"/></net>

<net id="117"><net_src comp="8" pin="0"/><net_sink comp="112" pin=1"/></net>

<net id="122"><net_src comp="18" pin="0"/><net_sink comp="118" pin=0"/></net>

<net id="123"><net_src comp="6" pin="0"/><net_sink comp="118" pin=1"/></net>

<net id="128"><net_src comp="16" pin="0"/><net_sink comp="124" pin=0"/></net>

<net id="129"><net_src comp="4" pin="0"/><net_sink comp="124" pin=1"/></net>

<net id="134"><net_src comp="16" pin="0"/><net_sink comp="130" pin=0"/></net>

<net id="135"><net_src comp="2" pin="0"/><net_sink comp="130" pin=1"/></net>

<net id="141"><net_src comp="30" pin="0"/><net_sink comp="136" pin=0"/></net>

<net id="142"><net_src comp="32" pin="0"/><net_sink comp="136" pin=2"/></net>

<net id="148"><net_src comp="30" pin="0"/><net_sink comp="143" pin=0"/></net>

<net id="154"><net_src comp="38" pin="0"/><net_sink comp="149" pin=0"/></net>

<net id="159"><net_src comp="86" pin="0"/><net_sink comp="155" pin=0"/></net>

<net id="166"><net_src comp="98" pin="0"/><net_sink comp="160" pin=0"/></net>

<net id="167"><net_src comp="100" pin="0"/><net_sink comp="160" pin=3"/></net>

<net id="168"><net_src comp="102" pin="0"/><net_sink comp="149" pin=0"/></net>

<net id="174"><net_src comp="84" pin="0"/><net_sink comp="169" pin=0"/></net>

<net id="180"><net_src comp="88" pin="0"/><net_sink comp="175" pin=0"/></net>

<net id="187"><net_src comp="34" pin="0"/><net_sink comp="181" pin=0"/></net>

<net id="188"><net_src comp="0" pin="0"/><net_sink comp="181" pin=1"/></net>

<net id="189"><net_src comp="10" pin="0"/><net_sink comp="181" pin=3"/></net>

<net id="196"><net_src comp="82" pin="0"/><net_sink comp="190" pin=0"/></net>

<net id="197"><net_src comp="12" pin="0"/><net_sink comp="190" pin=2"/></net>

<net id="198"><net_src comp="10" pin="0"/><net_sink comp="190" pin=3"/></net>

<net id="209"><net_src comp="22" pin="0"/><net_sink comp="203" pin=0"/></net>

<net id="210"><net_src comp="112" pin="2"/><net_sink comp="203" pin=1"/></net>

<net id="211"><net_src comp="24" pin="0"/><net_sink comp="203" pin=2"/></net>

<net id="212"><net_src comp="26" pin="0"/><net_sink comp="203" pin=3"/></net>

<net id="216"><net_src comp="118" pin="2"/><net_sink comp="213" pin=0"/></net>

<net id="223"><net_src comp="22" pin="0"/><net_sink comp="217" pin=0"/></net>

<net id="224"><net_src comp="124" pin="2"/><net_sink comp="217" pin=1"/></net>

<net id="225"><net_src comp="24" pin="0"/><net_sink comp="217" pin=2"/></net>

<net id="226"><net_src comp="26" pin="0"/><net_sink comp="217" pin=3"/></net>

<net id="230"><net_src comp="217" pin="4"/><net_sink comp="227" pin=0"/></net>

<net id="235"><net_src comp="0" pin="0"/><net_sink comp="231" pin=0"/></net>

<net id="236"><net_src comp="227" pin="1"/><net_sink comp="231" pin=1"/></net>

<net id="243"><net_src comp="22" pin="0"/><net_sink comp="237" pin=0"/></net>

<net id="244"><net_src comp="130" pin="2"/><net_sink comp="237" pin=1"/></net>

<net id="245"><net_src comp="24" pin="0"/><net_sink comp="237" pin=2"/></net>

<net id="246"><net_src comp="26" pin="0"/><net_sink comp="237" pin=3"/></net>

<net id="250"><net_src comp="237" pin="4"/><net_sink comp="247" pin=0"/></net>

<net id="255"><net_src comp="0" pin="0"/><net_sink comp="251" pin=0"/></net>

<net id="256"><net_src comp="247" pin="1"/><net_sink comp="251" pin=1"/></net>

<net id="261"><net_src comp="28" pin="0"/><net_sink comp="257" pin=0"/></net>

<net id="269"><net_src comp="0" pin="0"/><net_sink comp="265" pin=0"/></net>

<net id="270"><net_src comp="262" pin="1"/><net_sink comp="265" pin=1"/></net>

<net id="271"><net_src comp="265" pin="2"/><net_sink comp="136" pin=1"/></net>

<net id="276"><net_src comp="36" pin="0"/><net_sink comp="272" pin=1"/></net>

<net id="282"><net_src comp="272" pin="2"/><net_sink comp="277" pin=0"/></net>

<net id="283"><net_src comp="28" pin="0"/><net_sink comp="277" pin=2"/></net>

<net id="287"><net_src comp="284" pin="1"/><net_sink comp="143" pin=2"/></net>

<net id="288"><net_src comp="284" pin="1"/><net_sink comp="149" pin=2"/></net>

<net id="295"><net_src comp="289" pin="1"/><net_sink comp="292" pin=0"/></net>

<net id="300"><net_src comp="292" pin="1"/><net_sink comp="296" pin=0"/></net>

<net id="305"><net_src comp="289" pin="1"/><net_sink comp="301" pin=0"/></net>

<net id="306"><net_src comp="80" pin="0"/><net_sink comp="301" pin=1"/></net>

<net id="318"><net_src comp="311" pin="1"/><net_sink comp="314" pin=1"/></net>

<net id="322"><net_src comp="104" pin="1"/><net_sink comp="319" pin=0"/></net>

<net id="323"><net_src comp="319" pin="1"/><net_sink comp="257" pin=1"/></net>

<net id="324"><net_src comp="319" pin="1"/><net_sink comp="289" pin=0"/></net>

<net id="325"><net_src comp="319" pin="1"/><net_sink comp="307" pin=1"/></net>

<net id="329"><net_src comp="118" pin="2"/><net_sink comp="326" pin=0"/></net>

<net id="330"><net_src comp="326" pin="1"/><net_sink comp="272" pin=0"/></net>

<net id="331"><net_src comp="326" pin="1"/><net_sink comp="296" pin=1"/></net>

<net id="335"><net_src comp="108" pin="1"/><net_sink comp="332" pin=0"/></net>

<net id="336"><net_src comp="332" pin="1"/><net_sink comp="190" pin=1"/></net>

<net id="337"><net_src comp="332" pin="1"/><net_sink comp="311" pin=0"/></net>

<net id="341"><net_src comp="203" pin="4"/><net_sink comp="338" pin=0"/></net>

<net id="342"><net_src comp="338" pin="1"/><net_sink comp="262" pin=0"/></net>

<net id="343"><net_src comp="338" pin="1"/><net_sink comp="181" pin=2"/></net>

<net id="347"><net_src comp="213" pin="1"/><net_sink comp="344" pin=0"/></net>

<net id="348"><net_src comp="344" pin="1"/><net_sink comp="277" pin=1"/></net>

<net id="352"><net_src comp="231" pin="2"/><net_sink comp="349" pin=0"/></net>

<net id="353"><net_src comp="349" pin="1"/><net_sink comp="143" pin=1"/></net>

<net id="354"><net_src comp="349" pin="1"/><net_sink comp="155" pin=1"/></net>

<net id="358"><net_src comp="251" pin="2"/><net_sink comp="355" pin=0"/></net>

<net id="359"><net_src comp="355" pin="1"/><net_sink comp="149" pin=1"/></net>

<net id="360"><net_src comp="355" pin="1"/><net_sink comp="160" pin=1"/></net>

<net id="364"><net_src comp="265" pin="2"/><net_sink comp="361" pin=0"/></net>

<net id="365"><net_src comp="361" pin="1"/><net_sink comp="136" pin=1"/></net>

<net id="369"><net_src comp="277" pin="3"/><net_sink comp="366" pin=0"/></net>

<net id="370"><net_src comp="366" pin="1"/><net_sink comp="284" pin=0"/></net>

<net id="374"><net_src comp="284" pin="1"/><net_sink comp="371" pin=0"/></net>

<net id="375"><net_src comp="371" pin="1"/><net_sink comp="143" pin=2"/></net>

<net id="382"><net_src comp="301" pin="2"/><net_sink comp="379" pin=0"/></net>

<net id="383"><net_src comp="379" pin="1"/><net_sink comp="307" pin=0"/></net>

<net id="387"><net_src comp="155" pin="2"/><net_sink comp="384" pin=0"/></net>

<net id="388"><net_src comp="384" pin="1"/><net_sink comp="199" pin=1"/></net>

<net id="389"><net_src comp="384" pin="1"/><net_sink comp="175" pin=1"/></net>

<net id="393"><net_src comp="169" pin="3"/><net_sink comp="390" pin=0"/></net>

<net id="394"><net_src comp="390" pin="1"/><net_sink comp="199" pin=0"/></net>

<net id="398"><net_src comp="199" pin="2"/><net_sink comp="395" pin=0"/></net>

<net id="399"><net_src comp="395" pin="1"/><net_sink comp="314" pin=0"/></net>

<net id="403"><net_src comp="314" pin="2"/><net_sink comp="400" pin=0"/></net>

<net id="404"><net_src comp="400" pin="1"/><net_sink comp="160" pin=2"/></net>

</net_list>

</model> 
---------------- Datapath Model END ------------------

* FSMD analyzer results:
  - Output states:
	Port: gmem | {12 30 31 32 33 34 35 }
	Port: c | {10 11 }
	Port: shift_reg | {20 21 24 }
 - Input state : 
	Port: fir_wrap : gmem | {2 3 4 5 6 7 8 9 10 11 12 13 14 15 16 17 18 19 23 }
	Port: fir_wrap : y | {1 }
	Port: fir_wrap : x | {1 }
	Port: fir_wrap : len | {1 }
	Port: fir_wrap : coef | {1 }
	Port: fir_wrap : c | {20 21 22 23 }
	Port: fir_wrap : shift_reg | {20 21 }
  - Chain level:
	State 1
		sext_ln47 : 1
		gmem_addr_1 : 2
		sext_ln47_1 : 1
		gmem_addr_2 : 2
		store_ln0 : 1
	State 2
		gmem_addr : 1
		empty : 2
	State 3
	State 4
	State 5
	State 6
	State 7
	State 8
	State 9
	State 10
	State 11
		empty_21 : 1
	State 12
		empty_22 : 1
		empty_23 : 1
	State 13
	State 14
	State 15
	State 16
	State 17
	State 18
	State 19
	State 20
		zext_ln47_1 : 1
		icmp_ln47_1 : 2
		add_ln47 : 1
		br_ln47 : 3
	State 21
	State 22
	State 23
	State 24
	State 25
	State 26
	State 27
	State 28
	State 29
		acc : 1
	State 30
	State 31
	State 32
	State 33
	State 34
	State 35


============================================================
+ Verbose Summary: Datapath Resource usage 
============================================================

* Functional unit list:
|----------|----------------------------------------------|---------|---------|---------|---------|
| Operation|                Functional Unit               |   DSP   |  Delay  |    FF   |   LUT   |
|----------|----------------------------------------------|---------|---------|---------|---------|
|   call   | grp_fir_wrap_Pipeline_VITIS_LOOP_41_1_fu_181 |    0    |    0    |   118   |    28   |
|          | grp_fir_wrap_Pipeline_VITIS_LOOP_19_1_fu_190 |    3    |  3.176  |   475   |    86   |
|----------|----------------------------------------------|---------|---------|---------|---------|
|    mul   |                  grp_fu_199                  |    3    |    0    |   215   |    1    |
|----------|----------------------------------------------|---------|---------|---------|---------|
|   icmp   |               icmp_ln47_fu_272               |    0    |    0    |    0    |    39   |
|          |              icmp_ln47_1_fu_296              |    0    |    0    |    0    |    39   |
|----------|----------------------------------------------|---------|---------|---------|---------|
|    add   |                add_ln47_fu_301               |    0    |    0    |    0    |    38   |
|          |                  acc_fu_314                  |    0    |    0    |    0    |    39   |
|----------|----------------------------------------------|---------|---------|---------|---------|
|  select  |                empty_21_fu_277               |    0    |    0    |    0    |    31   |
|----------|----------------------------------------------|---------|---------|---------|---------|
|          |             coef_read_read_fu_112            |    0    |    0    |    0    |    0    |
|          |             len_read_read_fu_118             |    0    |    0    |    0    |    0    |
|   read   |              x_read_read_fu_124              |    0    |    0    |    0    |    0    |
|          |              y_read_read_fu_130              |    0    |    0    |    0    |    0    |
|          |         gmem_addr_1_read_read_fu_155         |    0    |    0    |    0    |    0    |
|----------|----------------------------------------------|---------|---------|---------|---------|
|  readreq |              grp_readreq_fu_136              |    0    |    0    |    0    |    0    |
|          |              grp_readreq_fu_143              |    0    |    0    |    0    |    0    |
|----------|----------------------------------------------|---------|---------|---------|---------|
| writeresp|             grp_writeresp_fu_149             |    0    |    0    |    0    |    0    |
|----------|----------------------------------------------|---------|---------|---------|---------|
|   write  |            write_ln52_write_fu_160           |    0    |    0    |    0    |    0    |
|----------|----------------------------------------------|---------|---------|---------|---------|
|          |                trunc_ln_fu_203               |    0    |    0    |    0    |    0    |
|partselect|               trunc_ln1_fu_217               |    0    |    0    |    0    |    0    |
|          |              trunc_ln47_1_fu_237             |    0    |    0    |    0    |    0    |
|----------|----------------------------------------------|---------|---------|---------|---------|
|   trunc  |               trunc_ln47_fu_213              |    0    |    0    |    0    |    0    |
|----------|----------------------------------------------|---------|---------|---------|---------|
|          |               sext_ln47_fu_227               |    0    |    0    |    0    |    0    |
|   sext   |              sext_ln47_1_fu_247              |    0    |    0    |    0    |    0    |
|          |               sext_ln41_fu_262               |    0    |    0    |    0    |    0    |
|----------|----------------------------------------------|---------|---------|---------|---------|
|   zext   |               zext_ln47_fu_284               |    0    |    0    |    0    |    0    |
|          |              zext_ln47_1_fu_292              |    0    |    0    |    0    |    0    |
|----------|----------------------------------------------|---------|---------|---------|---------|
|   Total  |                                              |    6    |  3.176  |   808   |   301   |
|----------|----------------------------------------------|---------|---------|---------|---------|

Memories:
+---------+--------+--------+--------+--------+
|         |  BRAM  |   FF   |   LUT  |  URAM  |
+---------+--------+--------+--------+--------+
|    c    |    1   |    0   |    0   |    0   |
|shift_reg|    1   |    0   |    0   |    0   |
+---------+--------+--------+--------+--------+
|  Total  |    2   |    0   |    0   |    0   |
+---------+--------+--------+--------+--------+

* Register list:
+------------------------+--------+
|                        |   FF   |
+------------------------+--------+
|     acc_loc_reg_332    |   32   |
|       acc_reg_400      |   32   |
|    add_ln47_reg_379    |   31   |
|     c_load_reg_390     |   32   |
|    empty_21_reg_366    |   31   |
|gmem_addr_1_read_reg_384|   32   |
|   gmem_addr_1_reg_349  |   32   |
|   gmem_addr_2_reg_355  |   32   |
|    gmem_addr_reg_361   |   32   |
|       i_1_reg_319      |   31   |
|    len_read_reg_326    |   32   |
|    mul_ln25_reg_395    |   32   |
|   trunc_ln47_reg_344   |   31   |
|    trunc_ln_reg_338    |   62   |
|    zext_ln47_reg_371   |   64   |
+------------------------+--------+
|          Total         |   538  |
+------------------------+--------+

* Multiplexer (MUX) list: 
|----------------------|------|------|------|--------||---------||---------||---------|
|         Comp         |  Pin | Size |  BW  | S x BW ||  Delay  ||    FF   ||   LUT   |
|----------------------|------|------|------|--------||---------||---------||---------|
|  grp_readreq_fu_136  |  p1  |   2  |  32  |   64   ||    0    ||    9    |
|  grp_readreq_fu_143  |  p2  |   2  |  31  |   62   ||    0    ||    9    |
| grp_writeresp_fu_149 |  p0  |   2  |   1  |    2   |
|----------------------|------|------|------|--------||---------||---------||---------|
|         Total        |      |      |      |   128  ||  4.764  ||    0    ||    18   |
|----------------------|------|------|------|--------||---------||---------||---------|



* Summary:
+-----------+--------+--------+--------+--------+--------+--------+
|           |  BRAM  |   DSP  |  Delay |   FF   |   LUT  |  URAM  |
+-----------+--------+--------+--------+--------+--------+--------+
|  Function |    -   |    6   |    3   |   808  |   301  |    -   |
|   Memory  |    2   |    -   |    -   |    0   |    0   |    0   |
|Multiplexer|    -   |    -   |    4   |    0   |   18   |    -   |
|  Register |    -   |    -   |    -   |   538  |    -   |    -   |
+-----------+--------+--------+--------+--------+--------+--------+
|   Total   |    2   |    6   |    7   |  1346  |   319  |    0   |
+-----------+--------+--------+--------+--------+--------+--------+
