

================================================================
== Vitis HLS Report for 'fir_wrap_Pipeline_VITIS_LOOP_19_1'
================================================================
* Date:           Thu Oct 24 17:34:17 2024

* Version:        2024.1 (Build 5069499 on May 21 2024)
* Project:        fir_hoisting
* Solution:       hoisting (Vivado IP Flow Target)
* Product family: zynq
* Target device:  xc7z020-clg484-1


================================================================
== Performance Estimates
================================================================
+ Timing: 
    * Summary: 
    +--------+---------+----------+------------+
    |  Clock |  Target | Estimated| Uncertainty|
    +--------+---------+----------+------------+
    |ap_clk  |  5.00 ns|  3.950 ns|     1.35 ns|
    +--------+---------+----------+------------+

+ Latency: 
    * Summary: 
    +---------+---------+----------+----------+-----+-----+-----------------------------------------------+
    |  Latency (cycles) |  Latency (absolute) |  Interval |                    Pipeline                   |
    |   min   |   max   |    min   |    max   | min | max |                      Type                     |
    +---------+---------+----------+----------+-----+-----+-----------------------------------------------+
    |      205|      205|  1.025 us|  1.025 us|  198|  198|  loop auto-rewind stp(delay=0 clock cycles(s))|
    +---------+---------+----------+----------+-----+-----+-----------------------------------------------+

    + Detail: 
        * Instance: 
        N/A

        * Loop: 
        +-------------------+---------+---------+----------+-----------+-----------+------+----------+
        |                   |  Latency (cycles) | Iteration|  Initiation Interval  | Trip |          |
        |     Loop Name     |   min   |   max   |  Latency |  achieved |   target  | Count| Pipelined|
        +-------------------+---------+---------+----------+-----------+-----------+------+----------+
        |- VITIS_LOOP_19_1  |      203|      203|        10|          2|          1|    98|       yes|
        +-------------------+---------+---------+----------+-----------+-----------+------+----------+

============================================================
+ Verbose Summary: Synthesis Manager
============================================================
InlineROM: 1
ExposeGlobal: 0
============================================================
+ Verbose Summary: CDFG Model
============================================================
IsTopModel: 0
ResetActiveHigh: 1
IsCombinational: 0
IsDatapathOnly: 0
HasWiredReturn: 1
HasMFsm: 2
HasVarLatency: 1
IsPipeline: 0
IsRtlPipelined: 0
IsInstanceOverlapped: 0
IsDontTouch: 0
HasImplIP: 0
IsGatedGlobalClock: 0

+ Individual pipeline summary: 
  * Pipeline-0: initiation interval (II) = 2, depth = 10


============================================================
+ Verbose Summary: Schedule
============================================================
* Number of FSM states : 10
* Pipeline : 1
  Pipeline-0 : II = 2, D = 10, States = { 1 2 3 4 5 6 7 8 9 10 }
* Dataflow Pipeline: 0

* FSM state transitions: 
1 --> 2 
2 --> 3 
3 --> 4 
4 --> 5 
5 --> 6 
6 --> 7 
7 --> 8 
8 --> 9 
9 --> 10 
10 --> 

* FSM state operations: 

State 1 <SV = 0> <Delay = 3.45>
ST_1 : Operation 13 [1/1] (0.00ns)   --->   "%acc = alloca i32 1" [fir_hoisting.cpp:15->fir_hoisting.cpp:51]   --->   Operation 13 'alloca' 'acc' <Predicate = true> <Delay = 0.00>
ST_1 : Operation 14 [1/1] (0.00ns)   --->   "%i = alloca i32 1" [fir_hoisting.cpp:16->fir_hoisting.cpp:51]   --->   Operation 14 'alloca' 'i' <Predicate = true> <Delay = 0.00>
ST_1 : Operation 15 [1/1] (1.58ns)   --->   "%store_ln16 = store i7 98, i7 %i" [fir_hoisting.cpp:16->fir_hoisting.cpp:51]   --->   Operation 15 'store' 'store_ln16' <Predicate = true> <Delay = 1.58>
ST_1 : Operation 16 [1/1] (1.58ns)   --->   "%store_ln15 = store i32 0, i32 %acc" [fir_hoisting.cpp:15->fir_hoisting.cpp:51]   --->   Operation 16 'store' 'store_ln15' <Predicate = true> <Delay = 1.58>
ST_1 : Operation 17 [1/1] (0.00ns)   --->   "%br_ln0 = br void %for.inc.i"   --->   Operation 17 'br' 'br_ln0' <Predicate = true> <Delay = 0.00>
ST_1 : Operation 18 [1/1] (0.00ns)   --->   "%i_2 = load i7 %i" [fir_hoisting.cpp:21->fir_hoisting.cpp:51]   --->   Operation 18 'load' 'i_2' <Predicate = true> <Delay = 0.00>
ST_1 : Operation 19 [1/1] (1.87ns)   --->   "%icmp_ln19 = icmp_eq  i7 %i_2, i7 0" [fir_hoisting.cpp:19->fir_hoisting.cpp:51]   --->   Operation 19 'icmp' 'icmp_ln19' <Predicate = true> <Delay = 1.87> <CoreInst = "Cmp">   --->   Core 9 'Cmp' <Latency = 0> <II = 1> <Delay = 1.87> <FuncUnit> <Opcode : 'seteq' 'setne' 'setle' 'setge' 'setlt' 'setgt'> <InPorts = 2> <OutPorts = 1>
ST_1 : Operation 20 [1/1] (0.00ns)   --->   "%br_ln19 = br i1 %icmp_ln19, void %for.inc.i.split, void %_Z3firPii.exit.exitStub" [fir_hoisting.cpp:19->fir_hoisting.cpp:51]   --->   Operation 20 'br' 'br_ln19' <Predicate = true> <Delay = 0.00>
ST_1 : Operation 21 [1/1] (1.87ns)   --->   "%add_ln21 = add i7 %i_2, i7 127" [fir_hoisting.cpp:21->fir_hoisting.cpp:51]   --->   Operation 21 'add' 'add_ln21' <Predicate = (!icmp_ln19)> <Delay = 1.87> <CoreInst = "Adder">   --->   Core 1 'Adder' <Latency = 0> <II = 1> <Delay = 1.87> <FuncUnit> <Opcode : 'add' 'sub'> <InPorts = 2> <OutPorts = 1>

State 2 <SV = 1> <Delay = 3.25>
ST_2 : Operation 22 [1/1] (0.00ns)   --->   "%zext_ln19 = zext i7 %i_2" [fir_hoisting.cpp:19->fir_hoisting.cpp:51]   --->   Operation 22 'zext' 'zext_ln19' <Predicate = (!icmp_ln19)> <Delay = 0.00>
ST_2 : Operation 23 [1/1] (0.00ns)   --->   "%zext_ln21 = zext i7 %add_ln21" [fir_hoisting.cpp:21->fir_hoisting.cpp:51]   --->   Operation 23 'zext' 'zext_ln21' <Predicate = (!icmp_ln19)> <Delay = 0.00>
ST_2 : Operation 24 [1/1] (0.00ns)   --->   "%shift_reg_addr = getelementptr i32 %shift_reg, i64 0, i64 %zext_ln21" [fir_hoisting.cpp:21->fir_hoisting.cpp:51]   --->   Operation 24 'getelementptr' 'shift_reg_addr' <Predicate = (!icmp_ln19)> <Delay = 0.00>
ST_2 : Operation 25 [2/2] (3.25ns)   --->   "%shift_reg_load = load i7 %shift_reg_addr" [fir_hoisting.cpp:21->fir_hoisting.cpp:51]   --->   Operation 25 'load' 'shift_reg_load' <Predicate = (!icmp_ln19)> <Delay = 3.25> <CoreInst = "RAM">   --->   Core 81 'RAM' <Latency = 1> <II = 1> <Delay = 3.25> <Storage> <Opcode : 'load' 'store'> <Ports = 2> <Width = 32> <Depth = 99> <RAM>
ST_2 : Operation 26 [1/1] (0.00ns)   --->   "%c_addr = getelementptr i32 %c, i64 0, i64 %zext_ln19" [fir_hoisting.cpp:22->fir_hoisting.cpp:51]   --->   Operation 26 'getelementptr' 'c_addr' <Predicate = (!icmp_ln19)> <Delay = 0.00>
ST_2 : Operation 27 [2/2] (3.25ns)   --->   "%c_load = load i7 %c_addr" [fir_hoisting.cpp:22->fir_hoisting.cpp:51]   --->   Operation 27 'load' 'c_load' <Predicate = (!icmp_ln19)> <Delay = 3.25> <CoreInst = "RAM">   --->   Core 81 'RAM' <Latency = 1> <II = 1> <Delay = 3.25> <Storage> <Opcode : 'load' 'store'> <Ports = 2> <Width = 32> <Depth = 99> <RAM>
ST_2 : Operation 28 [1/1] (1.58ns)   --->   "%store_ln16 = store i7 %add_ln21, i7 %i" [fir_hoisting.cpp:16->fir_hoisting.cpp:51]   --->   Operation 28 'store' 'store_ln16' <Predicate = (!icmp_ln19)> <Delay = 1.58>

State 3 <SV = 2> <Delay = 3.25>
ST_3 : Operation 29 [1/2] (3.25ns)   --->   "%shift_reg_load = load i7 %shift_reg_addr" [fir_hoisting.cpp:21->fir_hoisting.cpp:51]   --->   Operation 29 'load' 'shift_reg_load' <Predicate = true> <Delay = 3.25> <CoreInst = "RAM">   --->   Core 81 'RAM' <Latency = 1> <II = 1> <Delay = 3.25> <Storage> <Opcode : 'load' 'store'> <Ports = 2> <Width = 32> <Depth = 99> <RAM>
ST_3 : Operation 30 [1/2] (3.25ns)   --->   "%c_load = load i7 %c_addr" [fir_hoisting.cpp:22->fir_hoisting.cpp:51]   --->   Operation 30 'load' 'c_load' <Predicate = true> <Delay = 3.25> <CoreInst = "RAM">   --->   Core 81 'RAM' <Latency = 1> <II = 1> <Delay = 3.25> <Storage> <Opcode : 'load' 'store'> <Ports = 2> <Width = 32> <Depth = 99> <RAM>

State 4 <SV = 3> <Delay = 3.95>
ST_4 : Operation 31 [1/1] (0.00ns)   --->   "%shift_reg_addr_1 = getelementptr i32 %shift_reg, i64 0, i64 %zext_ln19" [fir_hoisting.cpp:21->fir_hoisting.cpp:51]   --->   Operation 31 'getelementptr' 'shift_reg_addr_1' <Predicate = true> <Delay = 0.00>
ST_4 : Operation 32 [1/1] (3.25ns)   --->   "%store_ln21 = store i32 %shift_reg_load, i7 %shift_reg_addr_1" [fir_hoisting.cpp:21->fir_hoisting.cpp:51]   --->   Operation 32 'store' 'store_ln21' <Predicate = true> <Delay = 3.25> <CoreInst = "RAM">   --->   Core 81 'RAM' <Latency = 1> <II = 1> <Delay = 3.25> <Storage> <Opcode : 'load' 'store'> <Ports = 2> <Width = 32> <Depth = 99> <RAM>
ST_4 : Operation 33 [5/5] (3.95ns)   --->   "%mul_ln22 = mul i32 %c_load, i32 %shift_reg_load" [fir_hoisting.cpp:22->fir_hoisting.cpp:51]   --->   Operation 33 'mul' 'mul_ln22' <Predicate = true> <Delay = 3.95> <CoreInst = "Multiplier">   --->   Core 3 'Multiplier' <Latency = 4> <II = 1> <Delay = 3.95> <FuncUnit> <Opcode : 'mul'> <InPorts = 2> <OutPorts = 1>

State 5 <SV = 4> <Delay = 3.95>
ST_5 : Operation 34 [4/5] (3.95ns)   --->   "%mul_ln22 = mul i32 %c_load, i32 %shift_reg_load" [fir_hoisting.cpp:22->fir_hoisting.cpp:51]   --->   Operation 34 'mul' 'mul_ln22' <Predicate = true> <Delay = 3.95> <CoreInst = "Multiplier">   --->   Core 3 'Multiplier' <Latency = 4> <II = 1> <Delay = 3.95> <FuncUnit> <Opcode : 'mul'> <InPorts = 2> <OutPorts = 1>

State 6 <SV = 5> <Delay = 3.95>
ST_6 : Operation 35 [3/5] (3.95ns)   --->   "%mul_ln22 = mul i32 %c_load, i32 %shift_reg_load" [fir_hoisting.cpp:22->fir_hoisting.cpp:51]   --->   Operation 35 'mul' 'mul_ln22' <Predicate = true> <Delay = 3.95> <CoreInst = "Multiplier">   --->   Core 3 'Multiplier' <Latency = 4> <II = 1> <Delay = 3.95> <FuncUnit> <Opcode : 'mul'> <InPorts = 2> <OutPorts = 1>

State 7 <SV = 6> <Delay = 3.95>
ST_7 : Operation 36 [2/5] (3.95ns)   --->   "%mul_ln22 = mul i32 %c_load, i32 %shift_reg_load" [fir_hoisting.cpp:22->fir_hoisting.cpp:51]   --->   Operation 36 'mul' 'mul_ln22' <Predicate = true> <Delay = 3.95> <CoreInst = "Multiplier">   --->   Core 3 'Multiplier' <Latency = 4> <II = 1> <Delay = 3.95> <FuncUnit> <Opcode : 'mul'> <InPorts = 2> <OutPorts = 1>

State 8 <SV = 7> <Delay = 3.95>
ST_8 : Operation 37 [1/5] (3.95ns)   --->   "%mul_ln22 = mul i32 %c_load, i32 %shift_reg_load" [fir_hoisting.cpp:22->fir_hoisting.cpp:51]   --->   Operation 37 'mul' 'mul_ln22' <Predicate = true> <Delay = 3.95> <CoreInst = "Multiplier">   --->   Core 3 'Multiplier' <Latency = 4> <II = 1> <Delay = 3.95> <FuncUnit> <Opcode : 'mul'> <InPorts = 2> <OutPorts = 1>
ST_8 : Operation 45 [1/1] (0.00ns)   --->   "%acc_load_1 = load i32 %acc"   --->   Operation 45 'load' 'acc_load_1' <Predicate = (icmp_ln19)> <Delay = 0.00>
ST_8 : Operation 46 [1/1] (0.00ns)   --->   "%write_ln0 = write void @_ssdm_op_Write.ap_auto.i32P0A, i32 %acc_out, i32 %acc_load_1"   --->   Operation 46 'write' 'write_ln0' <Predicate = (icmp_ln19)> <Delay = 0.00>
ST_8 : Operation 47 [1/1] (1.58ns)   --->   "%ret_ln0 = ret"   --->   Operation 47 'ret' 'ret_ln0' <Predicate = (icmp_ln19)> <Delay = 1.58>

State 9 <SV = 8> <Delay = 2.55>
ST_9 : Operation 38 [1/1] (0.00ns)   --->   "%acc_load = load i32 %acc" [fir_hoisting.cpp:22->fir_hoisting.cpp:51]   --->   Operation 38 'load' 'acc_load' <Predicate = true> <Delay = 0.00>
ST_9 : Operation 39 [1/1] (2.55ns)   --->   "%acc_1 = add i32 %mul_ln22, i32 %acc_load" [fir_hoisting.cpp:22->fir_hoisting.cpp:51]   --->   Operation 39 'add' 'acc_1' <Predicate = true> <Delay = 2.55> <CoreInst = "Adder">   --->   Core 1 'Adder' <Latency = 0> <II = 1> <Delay = 2.55> <FuncUnit> <Opcode : 'add' 'sub'> <InPorts = 2> <OutPorts = 1>

State 10 <SV = 9> <Delay = 1.58>
ST_10 : Operation 40 [1/1] (0.00ns)   --->   "%specpipeline_ln15 = specpipeline void @_ssdm_op_SpecPipeline, i32 4294967295, i32 0, i32 0, i32 0, void @empty_0" [fir_hoisting.cpp:15->fir_hoisting.cpp:51]   --->   Operation 40 'specpipeline' 'specpipeline_ln15' <Predicate = true> <Delay = 0.00>
ST_10 : Operation 41 [1/1] (0.00ns)   --->   "%speclooptripcount_ln15 = speclooptripcount void @_ssdm_op_SpecLoopTripCount, i64 98, i64 98, i64 98" [fir_hoisting.cpp:15->fir_hoisting.cpp:51]   --->   Operation 41 'speclooptripcount' 'speclooptripcount_ln15' <Predicate = true> <Delay = 0.00>
ST_10 : Operation 42 [1/1] (0.00ns)   --->   "%specloopname_ln19 = specloopname void @_ssdm_op_SpecLoopName, void @empty_13" [fir_hoisting.cpp:19->fir_hoisting.cpp:51]   --->   Operation 42 'specloopname' 'specloopname_ln19' <Predicate = true> <Delay = 0.00>
ST_10 : Operation 43 [1/1] (1.58ns)   --->   "%store_ln15 = store i32 %acc_1, i32 %acc" [fir_hoisting.cpp:15->fir_hoisting.cpp:51]   --->   Operation 43 'store' 'store_ln15' <Predicate = true> <Delay = 1.58>
ST_10 : Operation 44 [1/1] (0.00ns)   --->   "%br_ln19 = br void %for.inc.i" [fir_hoisting.cpp:19->fir_hoisting.cpp:51]   --->   Operation 44 'br' 'br_ln19' <Predicate = true> <Delay = 0.00>


============================================================
+ Verbose Summary: Timing violations
============================================================
Target clock period: 5.000ns, clock uncertainty: 1.350ns.

 <State 1>: 3.458ns
The critical path consists of the following:
	'store' operation 0 bit ('store_ln16', fir_hoisting.cpp:16->fir_hoisting.cpp:51) of constant 98 on local variable 'i', fir_hoisting.cpp:16->fir_hoisting.cpp:51 [6]  (1.588 ns)
	'load' operation 7 bit ('i', fir_hoisting.cpp:21->fir_hoisting.cpp:51) on local variable 'i', fir_hoisting.cpp:16->fir_hoisting.cpp:51 [10]  (0.000 ns)
	'icmp' operation 1 bit ('icmp_ln19', fir_hoisting.cpp:19->fir_hoisting.cpp:51) [11]  (1.870 ns)

 <State 2>: 3.254ns
The critical path consists of the following:
	'getelementptr' operation 7 bit ('shift_reg_addr', fir_hoisting.cpp:21->fir_hoisting.cpp:51) [21]  (0.000 ns)
	'load' operation 32 bit ('shift_reg_load', fir_hoisting.cpp:21->fir_hoisting.cpp:51) on array 'shift_reg' [22]  (3.254 ns)

 <State 3>: 3.254ns
The critical path consists of the following:
	'load' operation 32 bit ('shift_reg_load', fir_hoisting.cpp:21->fir_hoisting.cpp:51) on array 'shift_reg' [22]  (3.254 ns)

 <State 4>: 3.950ns
The critical path consists of the following:
	'mul' operation 32 bit ('mul_ln22', fir_hoisting.cpp:22->fir_hoisting.cpp:51) [27]  (3.950 ns)

 <State 5>: 3.950ns
The critical path consists of the following:
	'mul' operation 32 bit ('mul_ln22', fir_hoisting.cpp:22->fir_hoisting.cpp:51) [27]  (3.950 ns)

 <State 6>: 3.950ns
The critical path consists of the following:
	'mul' operation 32 bit ('mul_ln22', fir_hoisting.cpp:22->fir_hoisting.cpp:51) [27]  (3.950 ns)

 <State 7>: 3.950ns
The critical path consists of the following:
	'mul' operation 32 bit ('mul_ln22', fir_hoisting.cpp:22->fir_hoisting.cpp:51) [27]  (3.950 ns)

 <State 8>: 3.950ns
The critical path consists of the following:
	'mul' operation 32 bit ('mul_ln22', fir_hoisting.cpp:22->fir_hoisting.cpp:51) [27]  (3.950 ns)

 <State 9>: 2.552ns
The critical path consists of the following:
	'load' operation 32 bit ('acc_load', fir_hoisting.cpp:22->fir_hoisting.cpp:51) on local variable 'acc', fir_hoisting.cpp:15->fir_hoisting.cpp:51 [14]  (0.000 ns)
	'add' operation 32 bit ('acc', fir_hoisting.cpp:22->fir_hoisting.cpp:51) [28]  (2.552 ns)

 <State 10>: 1.588ns
The critical path consists of the following:
	'store' operation 0 bit ('store_ln15', fir_hoisting.cpp:15->fir_hoisting.cpp:51) of variable 'acc', fir_hoisting.cpp:22->fir_hoisting.cpp:51 on local variable 'acc', fir_hoisting.cpp:15->fir_hoisting.cpp:51 [30]  (1.588 ns)


============================================================
+ Verbose Summary: Binding
============================================================
N/A
* FSMD analyzer results:
  - Output states:
 - Input state : 
  - Chain level:
	State 1
	State 2
	State 3
	State 4
	State 5
	State 6
	State 7
	State 8
	State 9
	State 10


============================================================
+ Verbose Summary: Datapath Resource usage 
============================================================
N/A
