

================================================================
== Vitis HLS Report for 'fir_wrap_Pipeline_VITIS_LOOP_41_1'
================================================================
* Date:           Thu Oct 24 17:34:17 2024

* Version:        2024.1 (Build 5069499 on May 21 2024)
* Project:        fir_hoisting
* Solution:       hoisting (Vivado IP Flow Target)
* Product family: zynq
* Target device:  xc7z020-clg484-1


================================================================
== Performance Estimates
================================================================
+ Timing: 
    * Summary: 
    +--------+---------+----------+------------+
    |  Clock |  Target | Estimated| Uncertainty|
    +--------+---------+----------+------------+
    |ap_clk  |  5.00 ns|  3.650 ns|     1.35 ns|
    +--------+---------+----------+------------+

+ Latency: 
    * Summary: 
    +---------+---------+----------+----------+-----+-----+-----------------------------------------------+
    |  Latency (cycles) |  Latency (absolute) |  Interval |                    Pipeline                   |
    |   min   |   max   |    min   |    max   | min | max |                      Type                     |
    +---------+---------+----------+----------+-----+-----+-----------------------------------------------+
    |      102|      102|  0.510 us|  0.510 us|  100|  100|  loop auto-rewind stp(delay=0 clock cycles(s))|
    +---------+---------+----------+----------+-----+-----+-----------------------------------------------+

    + Detail: 
        * Instance: 
        N/A

        * Loop: 
        +-------------------+---------+---------+----------+-----------+-----------+------+----------+
        |                   |  Latency (cycles) | Iteration|  Initiation Interval  | Trip |          |
        |     Loop Name     |   min   |   max   |  Latency |  achieved |   target  | Count| Pipelined|
        +-------------------+---------+---------+----------+-----------+-----------+------+----------+
        |- VITIS_LOOP_41_1  |      100|      100|         3|          1|          1|    99|       yes|
        +-------------------+---------+---------+----------+-----------+-----------+------+----------+

============================================================
+ Verbose Summary: Synthesis Manager
============================================================
InlineROM: 1
ExposeGlobal: 0
============================================================
+ Verbose Summary: CDFG Model
============================================================
IsTopModel: 0
ResetActiveHigh: 1
IsCombinational: 0
IsDatapathOnly: 0
HasWiredReturn: 1
HasMFsm: 2
HasVarLatency: 1
IsPipeline: 0
IsRtlPipelined: 0
IsInstanceOverlapped: 0
IsDontTouch: 0
HasImplIP: 0
IsGatedGlobalClock: 0

+ Individual pipeline summary: 
  * Pipeline-0: initiation interval (II) = 1, depth = 3


============================================================
+ Verbose Summary: Schedule
============================================================
* Number of FSM states : 3
* Pipeline : 1
  Pipeline-0 : II = 1, D = 3, States = { 1 2 3 }
* Dataflow Pipeline: 0

* FSM state transitions: 
1 --> 2 
2 --> 3 
3 --> 

* FSM state operations: 

State 1 <SV = 0> <Delay = 3.45>
ST_1 : Operation 6 [1/1] (0.00ns)   --->   "%i = alloca i32 1" [fir_hoisting.cpp:41]   --->   Operation 6 'alloca' 'i' <Predicate = true> <Delay = 0.00>
ST_1 : Operation 7 [1/1] (0.00ns)   --->   "%sext_ln41_read = read i62 @_ssdm_op_Read.ap_auto.i62, i62 %sext_ln41"   --->   Operation 7 'read' 'sext_ln41_read' <Predicate = true> <Delay = 0.00>
ST_1 : Operation 8 [1/1] (0.00ns)   --->   "%sext_ln41_cast = sext i62 %sext_ln41_read"   --->   Operation 8 'sext' 'sext_ln41_cast' <Predicate = true> <Delay = 0.00>
ST_1 : Operation 9 [1/1] (0.00ns)   --->   "%specinterface_ln0 = specinterface void @_ssdm_op_SpecInterface, i32 %gmem, void @empty, i32 0, i32 0, void @empty_0, i32 0, i32 100, void @empty_1, void @empty_2, void @empty_0, i32 16, i32 16, i32 16, i32 16, void @empty_0, void @empty_0, i32 4294967295, i32 0, i32 0"   --->   Operation 9 'specinterface' 'specinterface_ln0' <Predicate = true> <Delay = 0.00>
ST_1 : Operation 10 [1/1] (1.58ns)   --->   "%store_ln41 = store i7 0, i7 %i" [fir_hoisting.cpp:41]   --->   Operation 10 'store' 'store_ln41' <Predicate = true> <Delay = 1.58>
ST_1 : Operation 11 [1/1] (0.00ns)   --->   "%br_ln0 = br void %for.inc"   --->   Operation 11 'br' 'br_ln0' <Predicate = true> <Delay = 0.00>
ST_1 : Operation 12 [1/1] (0.00ns)   --->   "%i_1 = load i7 %i" [fir_hoisting.cpp:41]   --->   Operation 12 'load' 'i_1' <Predicate = true> <Delay = 0.00>
ST_1 : Operation 13 [1/1] (0.00ns)   --->   "%specbitsmap_ln0 = specbitsmap void @_ssdm_op_SpecBitsMap, i32 %gmem"   --->   Operation 13 'specbitsmap' 'specbitsmap_ln0' <Predicate = true> <Delay = 0.00>
ST_1 : Operation 14 [1/1] (1.87ns)   --->   "%icmp_ln41 = icmp_eq  i7 %i_1, i7 99" [fir_hoisting.cpp:41]   --->   Operation 14 'icmp' 'icmp_ln41' <Predicate = true> <Delay = 1.87> <CoreInst = "Cmp">   --->   Core 9 'Cmp' <Latency = 0> <II = 1> <Delay = 1.87> <FuncUnit> <Opcode : 'seteq' 'setne' 'setle' 'setge' 'setlt' 'setgt'> <InPorts = 2> <OutPorts = 1>
ST_1 : Operation 15 [1/1] (1.87ns)   --->   "%add_ln41 = add i7 %i_1, i7 1" [fir_hoisting.cpp:41]   --->   Operation 15 'add' 'add_ln41' <Predicate = true> <Delay = 1.87> <CoreInst = "Adder">   --->   Core 1 'Adder' <Latency = 0> <II = 1> <Delay = 1.87> <FuncUnit> <Opcode : 'add' 'sub'> <InPorts = 2> <OutPorts = 1>
ST_1 : Operation 16 [1/1] (0.00ns)   --->   "%br_ln41 = br i1 %icmp_ln41, void %for.inc.split, void %VITIS_LOOP_47_2.exitStub" [fir_hoisting.cpp:41]   --->   Operation 16 'br' 'br_ln41' <Predicate = true> <Delay = 0.00>

State 2 <SV = 1> <Delay = 3.65>
ST_2 : Operation 17 [1/1] (0.00ns)   --->   "%gmem_addr = getelementptr i32 %gmem, i64 %sext_ln41_cast" [fir_hoisting.cpp:41]   --->   Operation 17 'getelementptr' 'gmem_addr' <Predicate = true> <Delay = 0.00>
ST_2 : Operation 18 [1/1] (3.65ns)   --->   "%gmem_addr_read = read i32 @_ssdm_op_Read.m_axi.p1i32, i32 %gmem_addr" [fir_hoisting.cpp:44]   --->   Operation 18 'read' 'gmem_addr_read' <Predicate = true> <Delay = 3.65> <CoreInst = "m_axi">   --->   Core 111 'm_axi' <Latency = 0> <II = 1> <Delay = 1.00> <Adapter> <Opcode : 'read' 'write' 'readreq' 'writereq' 'writeresp'>
ST_2 : Operation 19 [1/1] (1.58ns)   --->   "%store_ln41 = store i7 %add_ln41, i7 %i" [fir_hoisting.cpp:41]   --->   Operation 19 'store' 'store_ln41' <Predicate = true> <Delay = 1.58>
ST_2 : Operation 27 [1/1] (1.58ns)   --->   "%ret_ln0 = ret"   --->   Operation 27 'ret' 'ret_ln0' <Predicate = (icmp_ln41)> <Delay = 1.58>

State 3 <SV = 2> <Delay = 3.25>
ST_3 : Operation 20 [1/1] (0.00ns)   --->   "%zext_ln41 = zext i7 %i_1" [fir_hoisting.cpp:41]   --->   Operation 20 'zext' 'zext_ln41' <Predicate = true> <Delay = 0.00>
ST_3 : Operation 21 [1/1] (0.00ns)   --->   "%specpipeline_ln41 = specpipeline void @_ssdm_op_SpecPipeline, i32 4294967295, i32 0, i32 0, i32 0, void @empty_0" [fir_hoisting.cpp:41]   --->   Operation 21 'specpipeline' 'specpipeline_ln41' <Predicate = true> <Delay = 0.00>
ST_3 : Operation 22 [1/1] (0.00ns)   --->   "%speclooptripcount_ln41 = speclooptripcount void @_ssdm_op_SpecLoopTripCount, i64 99, i64 99, i64 99" [fir_hoisting.cpp:41]   --->   Operation 22 'speclooptripcount' 'speclooptripcount_ln41' <Predicate = true> <Delay = 0.00>
ST_3 : Operation 23 [1/1] (0.00ns)   --->   "%specloopname_ln41 = specloopname void @_ssdm_op_SpecLoopName, void @empty_15" [fir_hoisting.cpp:41]   --->   Operation 23 'specloopname' 'specloopname_ln41' <Predicate = true> <Delay = 0.00>
ST_3 : Operation 24 [1/1] (0.00ns)   --->   "%c_addr = getelementptr i32 %c, i64 0, i64 %zext_ln41" [fir_hoisting.cpp:44]   --->   Operation 24 'getelementptr' 'c_addr' <Predicate = true> <Delay = 0.00>
ST_3 : Operation 25 [1/1] (3.25ns)   --->   "%store_ln44 = store i32 %gmem_addr_read, i7 %c_addr" [fir_hoisting.cpp:44]   --->   Operation 25 'store' 'store_ln44' <Predicate = true> <Delay = 3.25> <CoreInst = "RAM">   --->   Core 81 'RAM' <Latency = 1> <II = 1> <Delay = 3.25> <Storage> <Opcode : 'load' 'store'> <Ports = 2> <Width = 32> <Depth = 99> <RAM>
ST_3 : Operation 26 [1/1] (0.00ns)   --->   "%br_ln41 = br void %for.inc" [fir_hoisting.cpp:41]   --->   Operation 26 'br' 'br_ln41' <Predicate = true> <Delay = 0.00>


============================================================
+ Verbose Summary: Binding
============================================================
STG Binding: 
---------------- STG Properties BEGIN ----------------
- Is combinational: 0
- Is one-state seq: 0
- Is datapath-only: 0
- Is pipelined: 0
- Is top level: 0
Port [ Return ] is wired: 1; IO mode=ap_ctrl_hs:ce=0
Port [ gmem]:  wired=1; compound=1; hidden=0; nouse=0; global=0; static=0; extern=0; dir=0; type=4; pingpong=0; private_global=0; IO mode=m_axi:ce=0
Port [ sext_ln41]:  wired=1; compound=0; hidden=0; nouse=0; global=0; static=0; extern=0; dir=0; type=0; pingpong=0; private_global=0; IO mode=ap_none:ce=0
Port [ c]:  wired=1; compound=1; hidden=0; nouse=0; global=1; static=1; extern=0; dir=1; type=1; pingpong=0; private_global=0; MemPort=[03]; IO mode=ap_memory:ce=0
---------------- STG Properties END ------------------

---------------- Datapath Model BEGIN ----------------

<LifeTime>
<method=bitvector/>
i                      (alloca           ) [ 0110]
sext_ln41_read         (read             ) [ 0000]
sext_ln41_cast         (sext             ) [ 0110]
specinterface_ln0      (specinterface    ) [ 0000]
store_ln41             (store            ) [ 0000]
br_ln0                 (br               ) [ 0000]
i_1                    (load             ) [ 0111]
specbitsmap_ln0        (specbitsmap      ) [ 0000]
icmp_ln41              (icmp             ) [ 0110]
add_ln41               (add              ) [ 0110]
br_ln41                (br               ) [ 0000]
gmem_addr              (getelementptr    ) [ 0000]
gmem_addr_read         (read             ) [ 0101]
store_ln41             (store            ) [ 0000]
zext_ln41              (zext             ) [ 0000]
specpipeline_ln41      (specpipeline     ) [ 0000]
speclooptripcount_ln41 (speclooptripcount) [ 0000]
specloopname_ln41      (specloopname     ) [ 0000]
c_addr                 (getelementptr    ) [ 0000]
store_ln44             (store            ) [ 0000]
br_ln41                (br               ) [ 0000]
ret_ln0                (ret              ) [ 0000]
</LifeTime>

<model>

<comp_list>
<comp id="0" class="1000" name="gmem">
<pin_list>
<pin id="1" dir="1" index="0" bw="1" slack="0"/>
</pin_list>
<bind>
<StgValue><ssdm name="gmem"/></StgValue>
</bind>
</comp>

<comp id="2" class="1000" name="sext_ln41">
<pin_list>
<pin id="3" dir="1" index="0" bw="1" slack="0"/>
</pin_list>
<bind>
<StgValue><ssdm name="sext_ln41"/></StgValue>
</bind>
</comp>

<comp id="4" class="1000" name="c">
<pin_list>
<pin id="5" dir="1" index="0" bw="1" slack="0"/>
</pin_list>
<bind>
<StgValue><ssdm name="c"/><MemPortTyVec>0 3 </MemPortTyVec>
</StgValue>
</bind>
</comp>

<comp id="6" class="1001" name="const_6">
<pin_list>
<pin id="7" dir="1" index="0" bw="1" slack="0"/>
</pin_list>
<bind>
<StgValue><ssdm name=""/></StgValue>
</bind>
</comp>

<comp id="8" class="1001" name="const_8">
<pin_list>
<pin id="9" dir="1" index="0" bw="1" slack="0"/>
</pin_list>
<bind>
<StgValue><ssdm name="_ssdm_op_Read.ap_auto.i62"/></StgValue>
</bind>
</comp>

<comp id="10" class="1001" name="const_10">
<pin_list>
<pin id="11" dir="1" index="0" bw="1" slack="2147483647"/>
</pin_list>
<bind>
<StgValue><ssdm name="_ssdm_op_SpecInterface"/></StgValue>
</bind>
</comp>

<comp id="12" class="1001" name="const_12">
<pin_list>
<pin id="13" dir="1" index="0" bw="1" slack="2147483647"/>
</pin_list>
<bind>
<StgValue><ssdm name="empty"/></StgValue>
</bind>
</comp>

<comp id="14" class="1001" name="const_14">
<pin_list>
<pin id="15" dir="1" index="0" bw="1" slack="2147483647"/>
</pin_list>
<bind>
<StgValue><ssdm name=""/></StgValue>
</bind>
</comp>

<comp id="16" class="1001" name="const_16">
<pin_list>
<pin id="17" dir="1" index="0" bw="1" slack="2147483647"/>
</pin_list>
<bind>
<StgValue><ssdm name="empty_0"/></StgValue>
</bind>
</comp>

<comp id="18" class="1001" name="const_18">
<pin_list>
<pin id="19" dir="1" index="0" bw="1" slack="2147483647"/>
</pin_list>
<bind>
<StgValue><ssdm name=""/></StgValue>
</bind>
</comp>

<comp id="20" class="1001" name="const_20">
<pin_list>
<pin id="21" dir="1" index="0" bw="1" slack="2147483647"/>
</pin_list>
<bind>
<StgValue><ssdm name="empty_1"/></StgValue>
</bind>
</comp>

<comp id="22" class="1001" name="const_22">
<pin_list>
<pin id="23" dir="1" index="0" bw="1" slack="2147483647"/>
</pin_list>
<bind>
<StgValue><ssdm name="empty_2"/></StgValue>
</bind>
</comp>

<comp id="24" class="1001" name="const_24">
<pin_list>
<pin id="25" dir="1" index="0" bw="1" slack="2147483647"/>
</pin_list>
<bind>
<StgValue><ssdm name=""/></StgValue>
</bind>
</comp>

<comp id="26" class="1001" name="const_26">
<pin_list>
<pin id="27" dir="1" index="0" bw="1" slack="2147483647"/>
</pin_list>
<bind>
<StgValue><ssdm name=""/></StgValue>
</bind>
</comp>

<comp id="28" class="1001" name="const_28">
<pin_list>
<pin id="29" dir="1" index="0" bw="1" slack="0"/>
</pin_list>
<bind>
<StgValue><ssdm name=""/></StgValue>
</bind>
</comp>

<comp id="30" class="1001" name="const_30">
<pin_list>
<pin id="31" dir="1" index="0" bw="1" slack="2147483647"/>
</pin_list>
<bind>
<StgValue><ssdm name="_ssdm_op_SpecBitsMap"/></StgValue>
</bind>
</comp>

<comp id="32" class="1001" name="const_32">
<pin_list>
<pin id="33" dir="1" index="0" bw="1" slack="0"/>
</pin_list>
<bind>
<StgValue><ssdm name=""/></StgValue>
</bind>
</comp>

<comp id="34" class="1001" name="const_34">
<pin_list>
<pin id="35" dir="1" index="0" bw="1" slack="0"/>
</pin_list>
<bind>
<StgValue><ssdm name=""/></StgValue>
</bind>
</comp>

<comp id="36" class="1001" name="const_36">
<pin_list>
<pin id="37" dir="1" index="0" bw="1" slack="0"/>
</pin_list>
<bind>
<StgValue><ssdm name="_ssdm_op_Read.m_axi.p1i32"/></StgValue>
</bind>
</comp>

<comp id="38" class="1001" name="const_38">
<pin_list>
<pin id="39" dir="1" index="0" bw="1" slack="2147483647"/>
</pin_list>
<bind>
<StgValue><ssdm name="_ssdm_op_SpecPipeline"/></StgValue>
</bind>
</comp>

<comp id="40" class="1001" name="const_40">
<pin_list>
<pin id="41" dir="1" index="0" bw="1" slack="2147483647"/>
</pin_list>
<bind>
<StgValue><ssdm name="_ssdm_op_SpecLoopTripCount"/></StgValue>
</bind>
</comp>

<comp id="42" class="1001" name="const_42">
<pin_list>
<pin id="43" dir="1" index="0" bw="1" slack="2147483647"/>
</pin_list>
<bind>
<StgValue><ssdm name=""/></StgValue>
</bind>
</comp>

<comp id="44" class="1001" name="const_44">
<pin_list>
<pin id="45" dir="1" index="0" bw="1" slack="2147483647"/>
</pin_list>
<bind>
<StgValue><ssdm name="_ssdm_op_SpecLoopName"/></StgValue>
</bind>
</comp>

<comp id="46" class="1001" name="const_46">
<pin_list>
<pin id="47" dir="1" index="0" bw="1" slack="2147483647"/>
</pin_list>
<bind>
<StgValue><ssdm name="empty_15"/></StgValue>
</bind>
</comp>

<comp id="48" class="1001" name="const_48">
<pin_list>
<pin id="49" dir="1" index="0" bw="1" slack="0"/>
</pin_list>
<bind>
<StgValue><ssdm name=""/></StgValue>
</bind>
</comp>

<comp id="50" class="1004" name="i_fu_50">
<pin_list>
<pin id="51" dir="0" index="0" bw="1" slack="0"/>
<pin id="52" dir="1" index="1" bw="7" slack="0"/>
</pin_list>
<bind>
<opcode="alloca(26) " fcode="alloca"/>
<opset="i/1 "/>
</bind>
</comp>

<comp id="54" class="1004" name="sext_ln41_read_read_fu_54">
<pin_list>
<pin id="55" dir="0" index="0" bw="62" slack="0"/>
<pin id="56" dir="0" index="1" bw="62" slack="0"/>
<pin id="57" dir="1" index="2" bw="62" slack="0"/>
</pin_list>
<bind>
<opcode="read(1150) " fcode="read"/>
<opset="sext_ln41_read/1 "/>
</bind>
</comp>

<comp id="60" class="1004" name="gmem_addr_read_read_fu_60">
<pin_list>
<pin id="61" dir="0" index="0" bw="32" slack="0"/>
<pin id="62" dir="0" index="1" bw="32" slack="0"/>
<pin id="63" dir="1" index="2" bw="32" slack="1"/>
</pin_list>
<bind>
<opcode="read(1150) " fcode="read"/>
<opset="gmem_addr_read/2 "/>
</bind>
</comp>

<comp id="65" class="1004" name="c_addr_gep_fu_65">
<pin_list>
<pin id="66" dir="0" index="0" bw="32" slack="0"/>
<pin id="67" dir="0" index="1" bw="1" slack="0"/>
<pin id="68" dir="0" index="2" bw="7" slack="0"/>
<pin id="69" dir="1" index="3" bw="7" slack="0"/>
</pin_list>
<bind>
<opcode="getelementptr(29) " fcode="getelementptr"/>
<opset="c_addr/3 "/>
</bind>
</comp>

<comp id="72" class="1004" name="store_ln44_access_fu_72">
<pin_list>
<pin id="73" dir="0" index="0" bw="7" slack="0"/>
<pin id="74" dir="0" index="1" bw="32" slack="1"/>
<pin id="75" dir="0" index="2" bw="0" slack="2147483647"/>
<pin id="76" dir="1" index="3" bw="32" slack="2147483647"/>
</pin_list>
<bind>
<opcode="store(28) " fcode="store"/>
<opset="store_ln44/3 "/>
</bind>
</comp>

<comp id="78" class="1004" name="sext_ln41_cast_fu_78">
<pin_list>
<pin id="79" dir="0" index="0" bw="62" slack="0"/>
<pin id="80" dir="1" index="1" bw="64" slack="1"/>
</pin_list>
<bind>
<opcode="sext(35) " fcode="sext"/>
<opset="sext_ln41_cast/1 "/>
</bind>
</comp>

<comp id="82" class="1004" name="store_ln41_store_fu_82">
<pin_list>
<pin id="83" dir="0" index="0" bw="1" slack="0"/>
<pin id="84" dir="0" index="1" bw="7" slack="0"/>
<pin id="85" dir="1" index="2" bw="0" slack="2147483647"/>
</pin_list>
<bind>
<opcode="store(28) " fcode="store"/>
<opset="store_ln41/1 "/>
</bind>
</comp>

<comp id="87" class="1004" name="i_1_load_fu_87">
<pin_list>
<pin id="88" dir="0" index="0" bw="7" slack="0"/>
<pin id="89" dir="1" index="1" bw="7" slack="0"/>
</pin_list>
<bind>
<opcode="load(27) " fcode="load"/>
<opset="i_1/1 "/>
</bind>
</comp>

<comp id="90" class="1004" name="icmp_ln41_fu_90">
<pin_list>
<pin id="91" dir="0" index="0" bw="7" slack="0"/>
<pin id="92" dir="0" index="1" bw="6" slack="0"/>
<pin id="93" dir="1" index="2" bw="1" slack="1"/>
</pin_list>
<bind>
<opcode="icmp(45) " fcode="icmp"/>
<opset="icmp_ln41/1 "/>
</bind>
</comp>

<comp id="96" class="1004" name="add_ln41_fu_96">
<pin_list>
<pin id="97" dir="0" index="0" bw="7" slack="0"/>
<pin id="98" dir="0" index="1" bw="1" slack="0"/>
<pin id="99" dir="1" index="2" bw="7" slack="1"/>
</pin_list>
<bind>
<opcode="add(8) " fcode="add"/>
<opset="add_ln41/1 "/>
</bind>
</comp>

<comp id="102" class="1004" name="gmem_addr_fu_102">
<pin_list>
<pin id="103" dir="0" index="0" bw="32" slack="0"/>
<pin id="104" dir="0" index="1" bw="62" slack="1"/>
<pin id="105" dir="1" index="2" bw="32" slack="0"/>
</pin_list>
<bind>
<opcode="getelementptr(29) " fcode="getelementptr"/>
<opset="gmem_addr/2 "/>
</bind>
</comp>

<comp id="108" class="1004" name="store_ln41_store_fu_108">
<pin_list>
<pin id="109" dir="0" index="0" bw="7" slack="1"/>
<pin id="110" dir="0" index="1" bw="7" slack="1"/>
<pin id="111" dir="1" index="2" bw="0" slack="2147483647"/>
</pin_list>
<bind>
<opcode="store(28) " fcode="store"/>
<opset="store_ln41/2 "/>
</bind>
</comp>

<comp id="112" class="1004" name="zext_ln41_fu_112">
<pin_list>
<pin id="113" dir="0" index="0" bw="7" slack="2"/>
<pin id="114" dir="1" index="1" bw="64" slack="0"/>
</pin_list>
<bind>
<opcode="zext(34) " fcode="zext"/>
<opset="zext_ln41/3 "/>
</bind>
</comp>

<comp id="116" class="1005" name="i_reg_116">
<pin_list>
<pin id="117" dir="0" index="0" bw="7" slack="0"/>
<pin id="118" dir="1" index="1" bw="7" slack="0"/>
</pin_list>
<bind>
<opset="i "/>
</bind>
</comp>

<comp id="123" class="1005" name="sext_ln41_cast_reg_123">
<pin_list>
<pin id="124" dir="0" index="0" bw="64" slack="1"/>
<pin id="125" dir="1" index="1" bw="64" slack="1"/>
</pin_list>
<bind>
<opset="sext_ln41_cast "/>
</bind>
</comp>

<comp id="128" class="1005" name="i_1_reg_128">
<pin_list>
<pin id="129" dir="0" index="0" bw="7" slack="2"/>
<pin id="130" dir="1" index="1" bw="7" slack="2"/>
</pin_list>
<bind>
<opset="i_1 "/>
</bind>
</comp>

<comp id="133" class="1005" name="icmp_ln41_reg_133">
<pin_list>
<pin id="134" dir="0" index="0" bw="1" slack="1"/>
<pin id="135" dir="1" index="1" bw="1" slack="2147483647"/>
</pin_list>
<bind>
<opset="icmp_ln41 "/>
</bind>
</comp>

<comp id="137" class="1005" name="add_ln41_reg_137">
<pin_list>
<pin id="138" dir="0" index="0" bw="7" slack="1"/>
<pin id="139" dir="1" index="1" bw="7" slack="1"/>
</pin_list>
<bind>
<opset="add_ln41 "/>
</bind>
</comp>

<comp id="142" class="1005" name="gmem_addr_read_reg_142">
<pin_list>
<pin id="143" dir="0" index="0" bw="32" slack="1"/>
<pin id="144" dir="1" index="1" bw="32" slack="1"/>
</pin_list>
<bind>
<opset="gmem_addr_read "/>
</bind>
</comp>

</comp_list>

<net_list>
<net id="53"><net_src comp="6" pin="0"/><net_sink comp="50" pin=0"/></net>

<net id="58"><net_src comp="8" pin="0"/><net_sink comp="54" pin=0"/></net>

<net id="59"><net_src comp="2" pin="0"/><net_sink comp="54" pin=1"/></net>

<net id="64"><net_src comp="36" pin="0"/><net_sink comp="60" pin=0"/></net>

<net id="70"><net_src comp="4" pin="0"/><net_sink comp="65" pin=0"/></net>

<net id="71"><net_src comp="48" pin="0"/><net_sink comp="65" pin=1"/></net>

<net id="77"><net_src comp="65" pin="3"/><net_sink comp="72" pin=0"/></net>

<net id="81"><net_src comp="54" pin="2"/><net_sink comp="78" pin=0"/></net>

<net id="86"><net_src comp="28" pin="0"/><net_sink comp="82" pin=0"/></net>

<net id="94"><net_src comp="87" pin="1"/><net_sink comp="90" pin=0"/></net>

<net id="95"><net_src comp="32" pin="0"/><net_sink comp="90" pin=1"/></net>

<net id="100"><net_src comp="87" pin="1"/><net_sink comp="96" pin=0"/></net>

<net id="101"><net_src comp="34" pin="0"/><net_sink comp="96" pin=1"/></net>

<net id="106"><net_src comp="0" pin="0"/><net_sink comp="102" pin=0"/></net>

<net id="107"><net_src comp="102" pin="2"/><net_sink comp="60" pin=1"/></net>

<net id="115"><net_src comp="112" pin="1"/><net_sink comp="65" pin=2"/></net>

<net id="119"><net_src comp="50" pin="1"/><net_sink comp="116" pin=0"/></net>

<net id="120"><net_src comp="116" pin="1"/><net_sink comp="82" pin=1"/></net>

<net id="121"><net_src comp="116" pin="1"/><net_sink comp="87" pin=0"/></net>

<net id="122"><net_src comp="116" pin="1"/><net_sink comp="108" pin=1"/></net>

<net id="126"><net_src comp="78" pin="1"/><net_sink comp="123" pin=0"/></net>

<net id="127"><net_src comp="123" pin="1"/><net_sink comp="102" pin=1"/></net>

<net id="131"><net_src comp="87" pin="1"/><net_sink comp="128" pin=0"/></net>

<net id="132"><net_src comp="128" pin="1"/><net_sink comp="112" pin=0"/></net>

<net id="136"><net_src comp="90" pin="2"/><net_sink comp="133" pin=0"/></net>

<net id="140"><net_src comp="96" pin="2"/><net_sink comp="137" pin=0"/></net>

<net id="141"><net_src comp="137" pin="1"/><net_sink comp="108" pin=0"/></net>

<net id="145"><net_src comp="60" pin="2"/><net_sink comp="142" pin=0"/></net>

<net id="146"><net_src comp="142" pin="1"/><net_sink comp="72" pin=1"/></net>

</net_list>

</model> 
---------------- Datapath Model END ------------------

* FSMD analyzer results:
  - Output states:
	Port: c | {3 }
 - Input state : 
	Port: fir_wrap_Pipeline_VITIS_LOOP_41_1 : gmem | {2 }
	Port: fir_wrap_Pipeline_VITIS_LOOP_41_1 : sext_ln41 | {1 }
  - Chain level:
	State 1
		store_ln41 : 1
		i_1 : 1
		icmp_ln41 : 2
		add_ln41 : 2
		br_ln41 : 3
	State 2
		gmem_addr_read : 1
	State 3
		c_addr : 1
		store_ln44 : 2


============================================================
+ Verbose Summary: Datapath Resource usage 
============================================================

* Functional unit list:
|----------|---------------------------|---------|---------|
| Operation|      Functional Unit      |    FF   |   LUT   |
|----------|---------------------------|---------|---------|
|   icmp   |      icmp_ln41_fu_90      |    0    |    14   |
|----------|---------------------------|---------|---------|
|    add   |       add_ln41_fu_96      |    0    |    14   |
|----------|---------------------------|---------|---------|
|   read   | sext_ln41_read_read_fu_54 |    0    |    0    |
|          | gmem_addr_read_read_fu_60 |    0    |    0    |
|----------|---------------------------|---------|---------|
|   sext   |    sext_ln41_cast_fu_78   |    0    |    0    |
|----------|---------------------------|---------|---------|
|   zext   |      zext_ln41_fu_112     |    0    |    0    |
|----------|---------------------------|---------|---------|
|   Total  |                           |    0    |    28   |
|----------|---------------------------|---------|---------|

Memories:
N/A

* Register list:
+----------------------+--------+
|                      |   FF   |
+----------------------+--------+
|   add_ln41_reg_137   |    7   |
|gmem_addr_read_reg_142|   32   |
|      i_1_reg_128     |    7   |
|       i_reg_116      |    7   |
|   icmp_ln41_reg_133  |    1   |
|sext_ln41_cast_reg_123|   64   |
+----------------------+--------+
|         Total        |   118  |
+----------------------+--------+

* Multiplexer (MUX) list: 
|--------|------|------|------|--------|
|  Comp  |  Pin | Size |  BW  | S x BW |
|--------|------|------|------|--------|
|  Total |      |      |      |    0   |
|--------|------|------|------|--------|



* Summary:
+-----------+--------+--------+
|           |   FF   |   LUT  |
+-----------+--------+--------+
|  Function |    0   |   28   |
|   Memory  |    -   |    -   |
|Multiplexer|    -   |    -   |
|  Register |   118  |    -   |
+-----------+--------+--------+
|   Total   |   118  |   28   |
+-----------+--------+--------+
