

================================================================
== Vitis HLS Report for 'fir_wrap_Pipeline_VITIS_LOOP_41_1'
================================================================
* Date:           Thu Oct 24 17:34:17 2024

* Version:        2024.1 (Build 5069499 on May 21 2024)
* Project:        fir_hoisting
* Solution:       hoisting (Vivado IP Flow Target)
* Product family: zynq
* Target device:  xc7z020-clg484-1


================================================================
== Performance Estimates
================================================================
+ Timing: 
    * Summary: 
    +--------+---------+----------+------------+
    |  Clock |  Target | Estimated| Uncertainty|
    +--------+---------+----------+------------+
    |ap_clk  |  5.00 ns|  3.650 ns|     1.35 ns|
    +--------+---------+----------+------------+

+ Latency: 
    * Summary: 
    +---------+---------+----------+----------+-----+-----+-----------------------------------------------+
    |  Latency (cycles) |  Latency (absolute) |  Interval |                    Pipeline                   |
    |   min   |   max   |    min   |    max   | min | max |                      Type                     |
    +---------+---------+----------+----------+-----+-----+-----------------------------------------------+
    |      102|      102|  0.510 us|  0.510 us|  100|  100|  loop auto-rewind stp(delay=0 clock cycles(s))|
    +---------+---------+----------+----------+-----+-----+-----------------------------------------------+

    + Detail: 
        * Instance: 
        N/A

        * Loop: 
        +-------------------+---------+---------+----------+-----------+-----------+------+----------+
        |                   |  Latency (cycles) | Iteration|  Initiation Interval  | Trip |          |
        |     Loop Name     |   min   |   max   |  Latency |  achieved |   target  | Count| Pipelined|
        +-------------------+---------+---------+----------+-----------+-----------+------+----------+
        |- VITIS_LOOP_41_1  |      100|      100|         3|          1|          1|    99|       yes|
        +-------------------+---------+---------+----------+-----------+-----------+------+----------+

============================================================
+ Verbose Summary: Synthesis Manager
============================================================
InlineROM: 1
ExposeGlobal: 0
============================================================
+ Verbose Summary: CDFG Model
============================================================
IsTopModel: 0
ResetActiveHigh: 1
IsCombinational: 0
IsDatapathOnly: 0
HasWiredReturn: 1
HasMFsm: 2
HasVarLatency: 1
IsPipeline: 0
IsRtlPipelined: 0
IsInstanceOverlapped: 0
IsDontTouch: 0
HasImplIP: 0
IsGatedGlobalClock: 0

+ Individual pipeline summary: 
  * Pipeline-0: initiation interval (II) = 1, depth = 3


============================================================
+ Verbose Summary: Schedule
============================================================
* Number of FSM states : 3
* Pipeline : 1
  Pipeline-0 : II = 1, D = 3, States = { 1 2 3 }
* Dataflow Pipeline: 0

* FSM state transitions: 
1 --> 2 
2 --> 3 
3 --> 

* FSM state operations: 

State 1 <SV = 0> <Delay = 3.45>
ST_1 : Operation 6 [1/1] (0.00ns)   --->   "%i = alloca i32 1" [fir_hoisting.cpp:41]   --->   Operation 6 'alloca' 'i' <Predicate = true> <Delay = 0.00>
ST_1 : Operation 7 [1/1] (0.00ns)   --->   "%sext_ln41_read = read i62 @_ssdm_op_Read.ap_auto.i62, i62 %sext_ln41"   --->   Operation 7 'read' 'sext_ln41_read' <Predicate = true> <Delay = 0.00>
ST_1 : Operation 8 [1/1] (0.00ns)   --->   "%sext_ln41_cast = sext i62 %sext_ln41_read"   --->   Operation 8 'sext' 'sext_ln41_cast' <Predicate = true> <Delay = 0.00>
ST_1 : Operation 9 [1/1] (0.00ns)   --->   "%specinterface_ln0 = specinterface void @_ssdm_op_SpecInterface, i32 %gmem, void @empty, i32 0, i32 0, void @empty_0, i32 0, i32 100, void @empty_1, void @empty_2, void @empty_0, i32 16, i32 16, i32 16, i32 16, void @empty_0, void @empty_0, i32 4294967295, i32 0, i32 0"   --->   Operation 9 'specinterface' 'specinterface_ln0' <Predicate = true> <Delay = 0.00>
ST_1 : Operation 10 [1/1] (1.58ns)   --->   "%store_ln41 = store i7 0, i7 %i" [fir_hoisting.cpp:41]   --->   Operation 10 'store' 'store_ln41' <Predicate = true> <Delay = 1.58>
ST_1 : Operation 11 [1/1] (0.00ns)   --->   "%br_ln0 = br void %for.inc"   --->   Operation 11 'br' 'br_ln0' <Predicate = true> <Delay = 0.00>
ST_1 : Operation 12 [1/1] (0.00ns)   --->   "%i_1 = load i7 %i" [fir_hoisting.cpp:41]   --->   Operation 12 'load' 'i_1' <Predicate = true> <Delay = 0.00>
ST_1 : Operation 13 [1/1] (0.00ns)   --->   "%specbitsmap_ln0 = specbitsmap void @_ssdm_op_SpecBitsMap, i32 %gmem"   --->   Operation 13 'specbitsmap' 'specbitsmap_ln0' <Predicate = true> <Delay = 0.00>
ST_1 : Operation 14 [1/1] (1.87ns)   --->   "%icmp_ln41 = icmp_eq  i7 %i_1, i7 99" [fir_hoisting.cpp:41]   --->   Operation 14 'icmp' 'icmp_ln41' <Predicate = true> <Delay = 1.87> <CoreInst = "Cmp">   --->   Core 9 'Cmp' <Latency = 0> <II = 1> <Delay = 1.87> <FuncUnit> <Opcode : 'seteq' 'setne' 'setle' 'setge' 'setlt' 'setgt'> <InPorts = 2> <OutPorts = 1>
ST_1 : Operation 15 [1/1] (1.87ns)   --->   "%add_ln41 = add i7 %i_1, i7 1" [fir_hoisting.cpp:41]   --->   Operation 15 'add' 'add_ln41' <Predicate = true> <Delay = 1.87> <CoreInst = "Adder">   --->   Core 1 'Adder' <Latency = 0> <II = 1> <Delay = 1.87> <FuncUnit> <Opcode : 'add' 'sub'> <InPorts = 2> <OutPorts = 1>
ST_1 : Operation 16 [1/1] (0.00ns)   --->   "%br_ln41 = br i1 %icmp_ln41, void %for.inc.split, void %VITIS_LOOP_47_2.exitStub" [fir_hoisting.cpp:41]   --->   Operation 16 'br' 'br_ln41' <Predicate = true> <Delay = 0.00>

State 2 <SV = 1> <Delay = 3.65>
ST_2 : Operation 17 [1/1] (0.00ns)   --->   "%gmem_addr = getelementptr i32 %gmem, i64 %sext_ln41_cast" [fir_hoisting.cpp:41]   --->   Operation 17 'getelementptr' 'gmem_addr' <Predicate = true> <Delay = 0.00>
ST_2 : Operation 18 [1/1] (3.65ns)   --->   "%gmem_addr_read = read i32 @_ssdm_op_Read.m_axi.p1i32, i32 %gmem_addr" [fir_hoisting.cpp:44]   --->   Operation 18 'read' 'gmem_addr_read' <Predicate = true> <Delay = 3.65> <CoreInst = "m_axi">   --->   Core 111 'm_axi' <Latency = 0> <II = 1> <Delay = 1.00> <Adapter> <Opcode : 'read' 'write' 'readreq' 'writereq' 'writeresp'>
ST_2 : Operation 19 [1/1] (1.58ns)   --->   "%store_ln41 = store i7 %add_ln41, i7 %i" [fir_hoisting.cpp:41]   --->   Operation 19 'store' 'store_ln41' <Predicate = true> <Delay = 1.58>
ST_2 : Operation 27 [1/1] (1.58ns)   --->   "%ret_ln0 = ret"   --->   Operation 27 'ret' 'ret_ln0' <Predicate = (icmp_ln41)> <Delay = 1.58>

State 3 <SV = 2> <Delay = 3.25>
ST_3 : Operation 20 [1/1] (0.00ns)   --->   "%zext_ln41 = zext i7 %i_1" [fir_hoisting.cpp:41]   --->   Operation 20 'zext' 'zext_ln41' <Predicate = true> <Delay = 0.00>
ST_3 : Operation 21 [1/1] (0.00ns)   --->   "%specpipeline_ln41 = specpipeline void @_ssdm_op_SpecPipeline, i32 4294967295, i32 0, i32 0, i32 0, void @empty_0" [fir_hoisting.cpp:41]   --->   Operation 21 'specpipeline' 'specpipeline_ln41' <Predicate = true> <Delay = 0.00>
ST_3 : Operation 22 [1/1] (0.00ns)   --->   "%speclooptripcount_ln41 = speclooptripcount void @_ssdm_op_SpecLoopTripCount, i64 99, i64 99, i64 99" [fir_hoisting.cpp:41]   --->   Operation 22 'speclooptripcount' 'speclooptripcount_ln41' <Predicate = true> <Delay = 0.00>
ST_3 : Operation 23 [1/1] (0.00ns)   --->   "%specloopname_ln41 = specloopname void @_ssdm_op_SpecLoopName, void @empty_15" [fir_hoisting.cpp:41]   --->   Operation 23 'specloopname' 'specloopname_ln41' <Predicate = true> <Delay = 0.00>
ST_3 : Operation 24 [1/1] (0.00ns)   --->   "%c_addr = getelementptr i32 %c, i64 0, i64 %zext_ln41" [fir_hoisting.cpp:44]   --->   Operation 24 'getelementptr' 'c_addr' <Predicate = true> <Delay = 0.00>
ST_3 : Operation 25 [1/1] (3.25ns)   --->   "%store_ln44 = store i32 %gmem_addr_read, i7 %c_addr" [fir_hoisting.cpp:44]   --->   Operation 25 'store' 'store_ln44' <Predicate = true> <Delay = 3.25> <CoreInst = "RAM">   --->   Core 81 'RAM' <Latency = 1> <II = 1> <Delay = 3.25> <Storage> <Opcode : 'load' 'store'> <Ports = 2> <Width = 32> <Depth = 99> <RAM>
ST_3 : Operation 26 [1/1] (0.00ns)   --->   "%br_ln41 = br void %for.inc" [fir_hoisting.cpp:41]   --->   Operation 26 'br' 'br_ln41' <Predicate = true> <Delay = 0.00>


============================================================
+ Verbose Summary: Timing violations
============================================================
Target clock period: 5.000ns, clock uncertainty: 1.350ns.

 <State 1>: 3.458ns
The critical path consists of the following:
	'store' operation 0 bit ('store_ln41', fir_hoisting.cpp:41) of constant 0 on local variable 'i', fir_hoisting.cpp:41 [8]  (1.588 ns)
	'load' operation 7 bit ('i', fir_hoisting.cpp:41) on local variable 'i', fir_hoisting.cpp:41 [11]  (0.000 ns)
	'icmp' operation 1 bit ('icmp_ln41', fir_hoisting.cpp:41) [13]  (1.870 ns)

 <State 2>: 3.650ns
The critical path consists of the following:
	'getelementptr' operation 32 bit ('gmem_addr', fir_hoisting.cpp:41) [17]  (0.000 ns)
	bus read operation ('gmem_addr_read', fir_hoisting.cpp:44) on port 'gmem' (fir_hoisting.cpp:44) [22]  (3.650 ns)

 <State 3>: 3.254ns
The critical path consists of the following:
	'getelementptr' operation 7 bit ('c_addr', fir_hoisting.cpp:44) [23]  (0.000 ns)
	'store' operation 0 bit ('store_ln44', fir_hoisting.cpp:44) of variable 'gmem_addr_read', fir_hoisting.cpp:44 on array 'c' [24]  (3.254 ns)


============================================================
+ Verbose Summary: Binding
============================================================
N/A
* FSMD analyzer results:
  - Output states:
 - Input state : 
  - Chain level:
	State 1
	State 2
	State 3


============================================================
+ Verbose Summary: Datapath Resource usage 
============================================================
N/A
