

================================================================
== Vitis HLS Report for 'fir_wrap'
================================================================
* Date:           Thu Oct 24 17:34:18 2024

* Version:        2024.1 (Build 5069499 on May 21 2024)
* Project:        fir_hoisting
* Solution:       hoisting (Vivado IP Flow Target)
* Product family: zynq
* Target device:  xc7z020-clg484-1


================================================================
== Performance Estimates
================================================================
+ Timing: 
    * Summary: 
    +--------+---------+----------+------------+
    |  Clock |  Target | Estimated| Uncertainty|
    +--------+---------+----------+------------+
    |ap_clk  |  5.00 ns|  3.950 ns|     1.35 ns|
    +--------+---------+----------+------------+

+ Latency: 
    * Summary: 
    +---------+---------+----------+----------+-------+-------+---------+
    |  Latency (cycles) |  Latency (absolute) |    Interval   | Pipeline|
    |   min   |   max   |    min   |    max   |  min  |  max  |   Type  |
    +---------+---------+----------+----------+-------+-------+---------+
    |    21726|    21726|  0.109 ms|  0.109 ms|  21727|  21727|       no|
    +---------+---------+----------+----------+-------+-------+---------+

    + Detail: 
        * Instance: 
        N/A

        * Loop: 
        +-------------------+---------+---------+----------+-----------+-----------+------+----------+
        |                   |  Latency (cycles) | Iteration|  Initiation Interval  | Trip |          |
        |     Loop Name     |   min   |   max   |  Latency |  achieved |   target  | Count| Pipelined|
        +-------------------+---------+---------+----------+-----------+-----------+------+----------+
        |- VITIS_LOOP_47_2  |    21600|    21600|       216|          -|          -|   100|        no|
        +-------------------+---------+---------+----------+-----------+-----------+------+----------+

============================================================
+ Verbose Summary: Synthesis Manager
============================================================
InlineROM: 1
ExposeGlobal: 0
============================================================
+ Verbose Summary: CDFG Model
============================================================
IsTopModel: 1
ResetActiveHigh: 1
IsCombinational: 0
IsDatapathOnly: 0
HasWiredReturn: 1
HasMFsm: 0
HasVarLatency: 1
IsPipeline: 0
IsRtlPipelined: 0
IsInstanceOverlapped: 0
IsDontTouch: 0
HasImplIP: 0
IsGatedGlobalClock: 0


============================================================
+ Verbose Summary: Schedule
============================================================
* Number of FSM states : 35
* Pipeline : 0
* Dataflow Pipeline: 0

* FSM state transitions: 
1 --> 2 
2 --> 3 
3 --> 4 
4 --> 5 
5 --> 6 
6 --> 7 
7 --> 8 
8 --> 9 
9 --> 10 
10 --> 11 
11 --> 12 
12 --> 13 
13 --> 14 
14 --> 15 
15 --> 16 
16 --> 17 
17 --> 18 
18 --> 19 
19 --> 20 
20 --> 21 31 
21 --> 22 
22 --> 23 
23 --> 24 
24 --> 25 
25 --> 26 
26 --> 27 
27 --> 28 
28 --> 29 
29 --> 30 
30 --> 20 
31 --> 32 
32 --> 33 
33 --> 34 
34 --> 35 
35 --> 

* FSM state operations: 

State 1 <SV = 0> <Delay = 1.58>
ST_1 : Operation 36 [1/1] (0.00ns)   --->   "%i_1 = alloca i32 1"   --->   Operation 36 'alloca' 'i_1' <Predicate = true> <Delay = 0.00>
ST_1 : Operation 37 [1/1] (1.00ns)   --->   "%coef_read = read i64 @_ssdm_op_Read.s_axilite.i64, i64 %coef"   --->   Operation 37 'read' 'coef_read' <Predicate = true> <Delay = 1.00> <CoreInst = "s_axilite">   --->   Core 112 's_axilite' <Latency = 0> <II = 1> <Delay = 1.00> <Adapter> <Opcode : 'read' 'write'>
ST_1 : Operation 38 [1/1] (1.00ns)   --->   "%len_read = read i32 @_ssdm_op_Read.s_axilite.i32, i32 %len"   --->   Operation 38 'read' 'len_read' <Predicate = true> <Delay = 1.00> <CoreInst = "s_axilite">   --->   Core 112 's_axilite' <Latency = 0> <II = 1> <Delay = 1.00> <Adapter> <Opcode : 'read' 'write'>
ST_1 : Operation 39 [1/1] (1.00ns)   --->   "%x_read = read i64 @_ssdm_op_Read.s_axilite.i64, i64 %x"   --->   Operation 39 'read' 'x_read' <Predicate = true> <Delay = 1.00> <CoreInst = "s_axilite">   --->   Core 112 's_axilite' <Latency = 0> <II = 1> <Delay = 1.00> <Adapter> <Opcode : 'read' 'write'>
ST_1 : Operation 40 [1/1] (1.00ns)   --->   "%y_read = read i64 @_ssdm_op_Read.s_axilite.i64, i64 %y"   --->   Operation 40 'read' 'y_read' <Predicate = true> <Delay = 1.00> <CoreInst = "s_axilite">   --->   Core 112 's_axilite' <Latency = 0> <II = 1> <Delay = 1.00> <Adapter> <Opcode : 'read' 'write'>
ST_1 : Operation 41 [1/1] (0.00ns)   --->   "%acc_loc = alloca i64 1"   --->   Operation 41 'alloca' 'acc_loc' <Predicate = true> <Delay = 0.00>
ST_1 : Operation 42 [1/1] (0.00ns)   --->   "%trunc_ln = partselect i62 @_ssdm_op_PartSelect.i62.i64.i32.i32, i64 %coef_read, i32 2, i32 63" [fir_hoisting.cpp:41]   --->   Operation 42 'partselect' 'trunc_ln' <Predicate = true> <Delay = 0.00>
ST_1 : Operation 43 [1/1] (0.00ns)   --->   "%trunc_ln47 = trunc i32 %len_read" [fir_hoisting.cpp:47]   --->   Operation 43 'trunc' 'trunc_ln47' <Predicate = true> <Delay = 0.00>
ST_1 : Operation 44 [1/1] (0.00ns)   --->   "%trunc_ln1 = partselect i62 @_ssdm_op_PartSelect.i62.i64.i32.i32, i64 %x_read, i32 2, i32 63" [fir_hoisting.cpp:47]   --->   Operation 44 'partselect' 'trunc_ln1' <Predicate = true> <Delay = 0.00>
ST_1 : Operation 45 [1/1] (0.00ns)   --->   "%sext_ln47 = sext i62 %trunc_ln1" [fir_hoisting.cpp:47]   --->   Operation 45 'sext' 'sext_ln47' <Predicate = true> <Delay = 0.00>
ST_1 : Operation 46 [1/1] (0.00ns)   --->   "%gmem_addr_1 = getelementptr i32 %gmem, i64 %sext_ln47" [fir_hoisting.cpp:47]   --->   Operation 46 'getelementptr' 'gmem_addr_1' <Predicate = true> <Delay = 0.00>
ST_1 : Operation 47 [1/1] (0.00ns)   --->   "%trunc_ln47_1 = partselect i62 @_ssdm_op_PartSelect.i62.i64.i32.i32, i64 %y_read, i32 2, i32 63" [fir_hoisting.cpp:47]   --->   Operation 47 'partselect' 'trunc_ln47_1' <Predicate = true> <Delay = 0.00>
ST_1 : Operation 48 [1/1] (0.00ns)   --->   "%sext_ln47_1 = sext i62 %trunc_ln47_1" [fir_hoisting.cpp:47]   --->   Operation 48 'sext' 'sext_ln47_1' <Predicate = true> <Delay = 0.00>
ST_1 : Operation 49 [1/1] (0.00ns)   --->   "%gmem_addr_2 = getelementptr i32 %gmem, i64 %sext_ln47_1" [fir_hoisting.cpp:47]   --->   Operation 49 'getelementptr' 'gmem_addr_2' <Predicate = true> <Delay = 0.00>
ST_1 : Operation 50 [1/1] (1.58ns)   --->   "%store_ln0 = store i31 0, i31 %i_1"   --->   Operation 50 'store' 'store_ln0' <Predicate = true> <Delay = 1.58>

State 2 <SV = 1> <Delay = 3.65>
ST_2 : Operation 51 [1/1] (0.00ns)   --->   "%sext_ln41 = sext i62 %trunc_ln" [fir_hoisting.cpp:41]   --->   Operation 51 'sext' 'sext_ln41' <Predicate = true> <Delay = 0.00>
ST_2 : Operation 52 [1/1] (0.00ns)   --->   "%gmem_addr = getelementptr i32 %gmem, i64 %sext_ln41" [fir_hoisting.cpp:41]   --->   Operation 52 'getelementptr' 'gmem_addr' <Predicate = true> <Delay = 0.00>
ST_2 : Operation 53 [8/8] (3.65ns)   --->   "%empty = readreq i1 @_ssdm_op_ReadReq.m_axi.p1i32, i32 %gmem_addr, i64 99" [fir_hoisting.cpp:41]   --->   Operation 53 'readreq' 'empty' <Predicate = true> <Delay = 3.65> <CoreInst = "m_axi">   --->   Core 111 'm_axi' <Latency = 0> <II = 1> <Delay = 1.00> <Adapter> <Opcode : 'read' 'write' 'readreq' 'writereq' 'writeresp'>

State 3 <SV = 2> <Delay = 3.65>
ST_3 : Operation 54 [7/8] (3.65ns)   --->   "%empty = readreq i1 @_ssdm_op_ReadReq.m_axi.p1i32, i32 %gmem_addr, i64 99" [fir_hoisting.cpp:41]   --->   Operation 54 'readreq' 'empty' <Predicate = true> <Delay = 3.65> <CoreInst = "m_axi">   --->   Core 111 'm_axi' <Latency = 0> <II = 1> <Delay = 1.00> <Adapter> <Opcode : 'read' 'write' 'readreq' 'writereq' 'writeresp'>

State 4 <SV = 3> <Delay = 3.65>
ST_4 : Operation 55 [6/8] (3.65ns)   --->   "%empty = readreq i1 @_ssdm_op_ReadReq.m_axi.p1i32, i32 %gmem_addr, i64 99" [fir_hoisting.cpp:41]   --->   Operation 55 'readreq' 'empty' <Predicate = true> <Delay = 3.65> <CoreInst = "m_axi">   --->   Core 111 'm_axi' <Latency = 0> <II = 1> <Delay = 1.00> <Adapter> <Opcode : 'read' 'write' 'readreq' 'writereq' 'writeresp'>

State 5 <SV = 4> <Delay = 3.65>
ST_5 : Operation 56 [5/8] (3.65ns)   --->   "%empty = readreq i1 @_ssdm_op_ReadReq.m_axi.p1i32, i32 %gmem_addr, i64 99" [fir_hoisting.cpp:41]   --->   Operation 56 'readreq' 'empty' <Predicate = true> <Delay = 3.65> <CoreInst = "m_axi">   --->   Core 111 'm_axi' <Latency = 0> <II = 1> <Delay = 1.00> <Adapter> <Opcode : 'read' 'write' 'readreq' 'writereq' 'writeresp'>

State 6 <SV = 5> <Delay = 3.65>
ST_6 : Operation 57 [4/8] (3.65ns)   --->   "%empty = readreq i1 @_ssdm_op_ReadReq.m_axi.p1i32, i32 %gmem_addr, i64 99" [fir_hoisting.cpp:41]   --->   Operation 57 'readreq' 'empty' <Predicate = true> <Delay = 3.65> <CoreInst = "m_axi">   --->   Core 111 'm_axi' <Latency = 0> <II = 1> <Delay = 1.00> <Adapter> <Opcode : 'read' 'write' 'readreq' 'writereq' 'writeresp'>

State 7 <SV = 6> <Delay = 3.65>
ST_7 : Operation 58 [3/8] (3.65ns)   --->   "%empty = readreq i1 @_ssdm_op_ReadReq.m_axi.p1i32, i32 %gmem_addr, i64 99" [fir_hoisting.cpp:41]   --->   Operation 58 'readreq' 'empty' <Predicate = true> <Delay = 3.65> <CoreInst = "m_axi">   --->   Core 111 'm_axi' <Latency = 0> <II = 1> <Delay = 1.00> <Adapter> <Opcode : 'read' 'write' 'readreq' 'writereq' 'writeresp'>

State 8 <SV = 7> <Delay = 3.65>
ST_8 : Operation 59 [2/8] (3.65ns)   --->   "%empty = readreq i1 @_ssdm_op_ReadReq.m_axi.p1i32, i32 %gmem_addr, i64 99" [fir_hoisting.cpp:41]   --->   Operation 59 'readreq' 'empty' <Predicate = true> <Delay = 3.65> <CoreInst = "m_axi">   --->   Core 111 'm_axi' <Latency = 0> <II = 1> <Delay = 1.00> <Adapter> <Opcode : 'read' 'write' 'readreq' 'writereq' 'writeresp'>

State 9 <SV = 8> <Delay = 3.65>
ST_9 : Operation 60 [1/8] (3.65ns)   --->   "%empty = readreq i1 @_ssdm_op_ReadReq.m_axi.p1i32, i32 %gmem_addr, i64 99" [fir_hoisting.cpp:41]   --->   Operation 60 'readreq' 'empty' <Predicate = true> <Delay = 3.65> <CoreInst = "m_axi">   --->   Core 111 'm_axi' <Latency = 0> <II = 1> <Delay = 1.00> <Adapter> <Opcode : 'read' 'write' 'readreq' 'writereq' 'writeresp'>

State 10 <SV = 9> <Delay = 0.00>
ST_10 : Operation 61 [2/2] (0.00ns)   --->   "%call_ln41 = call void @fir_wrap_Pipeline_VITIS_LOOP_41_1, i32 %gmem, i62 %trunc_ln, i32 %c" [fir_hoisting.cpp:41]   --->   Operation 61 'call' 'call_ln41' <Predicate = true> <Delay = 0.00> <CoreType = "Generic">   --->   Core 0 '' <Latency = 0> <II = 1> <Delay = 1.00> <Generic> <Opcode : >

State 11 <SV = 10> <Delay = 3.28>
ST_11 : Operation 62 [1/2] (0.00ns)   --->   "%call_ln41 = call void @fir_wrap_Pipeline_VITIS_LOOP_41_1, i32 %gmem, i62 %trunc_ln, i32 %c" [fir_hoisting.cpp:41]   --->   Operation 62 'call' 'call_ln41' <Predicate = true> <Delay = 0.00> <CoreType = "Generic">   --->   Core 0 '' <Latency = 0> <II = 1> <Delay = 1.00> <Generic> <Opcode : >
ST_11 : Operation 63 [1/1] (2.55ns)   --->   "%icmp_ln47 = icmp_sgt  i32 %len_read, i32 0" [fir_hoisting.cpp:47]   --->   Operation 63 'icmp' 'icmp_ln47' <Predicate = true> <Delay = 2.55> <CoreInst = "Cmp">   --->   Core 9 'Cmp' <Latency = 0> <II = 1> <Delay = 2.55> <FuncUnit> <Opcode : 'seteq' 'setne' 'setle' 'setge' 'setlt' 'setgt'> <InPorts = 2> <OutPorts = 1>
ST_11 : Operation 64 [1/1] (0.73ns)   --->   "%empty_21 = select i1 %icmp_ln47, i31 %trunc_ln47, i31 0" [fir_hoisting.cpp:47]   --->   Operation 64 'select' 'empty_21' <Predicate = true> <Delay = 0.73> <CoreInst = "Sel">   --->   Core 73 'Sel' <Latency = 0> <II = 1> <Delay = 0.73> <FuncUnit> <Opcode : 'select'> <InPorts = 3> <OutPorts = 1>

State 12 <SV = 11> <Delay = 3.65>
ST_12 : Operation 65 [1/1] (0.00ns)   --->   "%zext_ln47 = zext i31 %empty_21" [fir_hoisting.cpp:47]   --->   Operation 65 'zext' 'zext_ln47' <Predicate = true> <Delay = 0.00>
ST_12 : Operation 66 [8/8] (3.65ns)   --->   "%empty_22 = readreq i1 @_ssdm_op_ReadReq.m_axi.p1i32, i32 %gmem_addr_1, i64 %zext_ln47" [fir_hoisting.cpp:47]   --->   Operation 66 'readreq' 'empty_22' <Predicate = true> <Delay = 3.65> <CoreInst = "m_axi">   --->   Core 111 'm_axi' <Latency = 0> <II = 1> <Delay = 1.00> <Adapter> <Opcode : 'read' 'write' 'readreq' 'writereq' 'writeresp'>
ST_12 : Operation 67 [1/1] (3.65ns)   --->   "%empty_23 = writereq i1 @_ssdm_op_WriteReq.m_axi.p1i32, i32 %gmem_addr_2, i64 %zext_ln47" [fir_hoisting.cpp:47]   --->   Operation 67 'writereq' 'empty_23' <Predicate = true> <Delay = 3.65> <CoreInst = "m_axi">   --->   Core 111 'm_axi' <Latency = 0> <II = 1> <Delay = 1.00> <Adapter> <Opcode : 'read' 'write' 'readreq' 'writereq' 'writeresp'>

State 13 <SV = 12> <Delay = 3.65>
ST_13 : Operation 68 [7/8] (3.65ns)   --->   "%empty_22 = readreq i1 @_ssdm_op_ReadReq.m_axi.p1i32, i32 %gmem_addr_1, i64 %zext_ln47" [fir_hoisting.cpp:47]   --->   Operation 68 'readreq' 'empty_22' <Predicate = true> <Delay = 3.65> <CoreInst = "m_axi">   --->   Core 111 'm_axi' <Latency = 0> <II = 1> <Delay = 1.00> <Adapter> <Opcode : 'read' 'write' 'readreq' 'writereq' 'writeresp'>

State 14 <SV = 13> <Delay = 3.65>
ST_14 : Operation 69 [6/8] (3.65ns)   --->   "%empty_22 = readreq i1 @_ssdm_op_ReadReq.m_axi.p1i32, i32 %gmem_addr_1, i64 %zext_ln47" [fir_hoisting.cpp:47]   --->   Operation 69 'readreq' 'empty_22' <Predicate = true> <Delay = 3.65> <CoreInst = "m_axi">   --->   Core 111 'm_axi' <Latency = 0> <II = 1> <Delay = 1.00> <Adapter> <Opcode : 'read' 'write' 'readreq' 'writereq' 'writeresp'>

State 15 <SV = 14> <Delay = 3.65>
ST_15 : Operation 70 [5/8] (3.65ns)   --->   "%empty_22 = readreq i1 @_ssdm_op_ReadReq.m_axi.p1i32, i32 %gmem_addr_1, i64 %zext_ln47" [fir_hoisting.cpp:47]   --->   Operation 70 'readreq' 'empty_22' <Predicate = true> <Delay = 3.65> <CoreInst = "m_axi">   --->   Core 111 'm_axi' <Latency = 0> <II = 1> <Delay = 1.00> <Adapter> <Opcode : 'read' 'write' 'readreq' 'writereq' 'writeresp'>

State 16 <SV = 15> <Delay = 3.65>
ST_16 : Operation 71 [4/8] (3.65ns)   --->   "%empty_22 = readreq i1 @_ssdm_op_ReadReq.m_axi.p1i32, i32 %gmem_addr_1, i64 %zext_ln47" [fir_hoisting.cpp:47]   --->   Operation 71 'readreq' 'empty_22' <Predicate = true> <Delay = 3.65> <CoreInst = "m_axi">   --->   Core 111 'm_axi' <Latency = 0> <II = 1> <Delay = 1.00> <Adapter> <Opcode : 'read' 'write' 'readreq' 'writereq' 'writeresp'>

State 17 <SV = 16> <Delay = 3.65>
ST_17 : Operation 72 [3/8] (3.65ns)   --->   "%empty_22 = readreq i1 @_ssdm_op_ReadReq.m_axi.p1i32, i32 %gmem_addr_1, i64 %zext_ln47" [fir_hoisting.cpp:47]   --->   Operation 72 'readreq' 'empty_22' <Predicate = true> <Delay = 3.65> <CoreInst = "m_axi">   --->   Core 111 'm_axi' <Latency = 0> <II = 1> <Delay = 1.00> <Adapter> <Opcode : 'read' 'write' 'readreq' 'writereq' 'writeresp'>

State 18 <SV = 17> <Delay = 3.65>
ST_18 : Operation 73 [2/8] (3.65ns)   --->   "%empty_22 = readreq i1 @_ssdm_op_ReadReq.m_axi.p1i32, i32 %gmem_addr_1, i64 %zext_ln47" [fir_hoisting.cpp:47]   --->   Operation 73 'readreq' 'empty_22' <Predicate = true> <Delay = 3.65> <CoreInst = "m_axi">   --->   Core 111 'm_axi' <Latency = 0> <II = 1> <Delay = 1.00> <Adapter> <Opcode : 'read' 'write' 'readreq' 'writereq' 'writeresp'>

State 19 <SV = 18> <Delay = 3.65>
ST_19 : Operation 74 [1/1] (0.00ns)   --->   "%spectopmodule_ln31 = spectopmodule void @_ssdm_op_SpecTopModule, void @empty_12" [fir_hoisting.cpp:31]   --->   Operation 74 'spectopmodule' 'spectopmodule_ln31' <Predicate = true> <Delay = 0.00>
ST_19 : Operation 75 [1/1] (0.00ns)   --->   "%specinterface_ln0 = specinterface void @_ssdm_op_SpecInterface, i32 %gmem, void @empty, i32 0, i32 0, void @empty_0, i32 0, i32 100, void @empty_1, void @empty_2, void @empty_0, i32 16, i32 16, i32 16, i32 16, void @empty_0, void @empty_0, i32 4294967295, i32 0, i32 0"   --->   Operation 75 'specinterface' 'specinterface_ln0' <Predicate = true> <Delay = 0.00>
ST_19 : Operation 76 [1/1] (0.00ns)   --->   "%specbitsmap_ln0 = specbitsmap void @_ssdm_op_SpecBitsMap, i32 %gmem"   --->   Operation 76 'specbitsmap' 'specbitsmap_ln0' <Predicate = true> <Delay = 0.00>
ST_19 : Operation 77 [1/1] (0.00ns)   --->   "%specinterface_ln0 = specinterface void @_ssdm_op_SpecInterface, i64 %y, void @empty_3, i32 0, i32 0, void @empty_0, i32 0, i32 0, void @empty_4, void @empty_5, void @empty_0, i32 0, i32 0, i32 0, i32 0, void @empty_0, void @empty_6, i32 4294967295, i32 0, i32 0"   --->   Operation 77 'specinterface' 'specinterface_ln0' <Predicate = true> <Delay = 0.00>
ST_19 : Operation 78 [1/1] (0.00ns)   --->   "%specinterface_ln0 = specinterface void @_ssdm_op_SpecInterface, i64 %y, void @empty_7, i32 0, i32 0, void @empty_0, i32 0, i32 0, void @empty_0, void @empty_0, void @empty_0, i32 0, i32 0, i32 0, i32 0, void @empty_0, void @empty_6, i32 4294967295, i32 0, i32 0"   --->   Operation 78 'specinterface' 'specinterface_ln0' <Predicate = true> <Delay = 0.00>
ST_19 : Operation 79 [1/1] (0.00ns)   --->   "%specinterface_ln0 = specinterface void @_ssdm_op_SpecInterface, i64 %x, void @empty_3, i32 0, i32 0, void @empty_0, i32 0, i32 0, void @empty_4, void @empty_8, void @empty_0, i32 0, i32 0, i32 0, i32 0, void @empty_0, void @empty_6, i32 4294967295, i32 0, i32 0"   --->   Operation 79 'specinterface' 'specinterface_ln0' <Predicate = true> <Delay = 0.00>
ST_19 : Operation 80 [1/1] (0.00ns)   --->   "%specinterface_ln0 = specinterface void @_ssdm_op_SpecInterface, i64 %x, void @empty_7, i32 0, i32 0, void @empty_0, i32 0, i32 0, void @empty_0, void @empty_0, void @empty_0, i32 0, i32 0, i32 0, i32 0, void @empty_0, void @empty_6, i32 4294967295, i32 0, i32 0"   --->   Operation 80 'specinterface' 'specinterface_ln0' <Predicate = true> <Delay = 0.00>
ST_19 : Operation 81 [1/1] (0.00ns)   --->   "%specbitsmap_ln0 = specbitsmap void @_ssdm_op_SpecBitsMap, i32 %len"   --->   Operation 81 'specbitsmap' 'specbitsmap_ln0' <Predicate = true> <Delay = 0.00>
ST_19 : Operation 82 [1/1] (0.00ns)   --->   "%specinterface_ln0 = specinterface void @_ssdm_op_SpecInterface, i32 %len, void @empty_3, i32 4294967295, i32 4294967295, void @empty_9, i32 0, i32 0, void @empty_4, void @empty_10, void @empty_0, i32 0, i32 0, i32 0, i32 0, void @empty_0, void @empty_0, i32 4294967295, i32 0, i32 0"   --->   Operation 82 'specinterface' 'specinterface_ln0' <Predicate = true> <Delay = 0.00>
ST_19 : Operation 83 [1/1] (0.00ns)   --->   "%specinterface_ln0 = specinterface void @_ssdm_op_SpecInterface, i32 %len, void @empty_7, i32 4294967295, i32 4294967295, void @empty_0, i32 0, i32 0, void @empty_0, void @empty_0, void @empty_0, i32 0, i32 0, i32 0, i32 0, void @empty_0, void @empty_0, i32 4294967295, i32 0, i32 0"   --->   Operation 83 'specinterface' 'specinterface_ln0' <Predicate = true> <Delay = 0.00>
ST_19 : Operation 84 [1/1] (0.00ns)   --->   "%specinterface_ln0 = specinterface void @_ssdm_op_SpecInterface, i64 %coef, void @empty_3, i32 0, i32 0, void @empty_0, i32 0, i32 0, void @empty_4, void @empty_11, void @empty_0, i32 0, i32 0, i32 0, i32 0, void @empty_0, void @empty_6, i32 4294967295, i32 0, i32 0"   --->   Operation 84 'specinterface' 'specinterface_ln0' <Predicate = true> <Delay = 0.00>
ST_19 : Operation 85 [1/1] (0.00ns)   --->   "%specinterface_ln0 = specinterface void @_ssdm_op_SpecInterface, i64 %coef, void @empty_7, i32 0, i32 0, void @empty_0, i32 0, i32 0, void @empty_0, void @empty_0, void @empty_0, i32 0, i32 0, i32 0, i32 0, void @empty_0, void @empty_6, i32 4294967295, i32 0, i32 0"   --->   Operation 85 'specinterface' 'specinterface_ln0' <Predicate = true> <Delay = 0.00>
ST_19 : Operation 86 [1/1] (0.00ns)   --->   "%specinterface_ln0 = specinterface void @_ssdm_op_SpecInterface, i32 0, void @empty_3, i32 0, i32 0, void @empty_0, i32 0, i32 0, void @empty_4, void @empty_0, void @empty_0, i32 0, i32 0, i32 0, i32 0, void @empty_0, void @empty_0, i32 4294967295, i32 0, i32 0"   --->   Operation 86 'specinterface' 'specinterface_ln0' <Predicate = true> <Delay = 0.00>
ST_19 : Operation 87 [1/8] (3.65ns)   --->   "%empty_22 = readreq i1 @_ssdm_op_ReadReq.m_axi.p1i32, i32 %gmem_addr_1, i64 %zext_ln47" [fir_hoisting.cpp:47]   --->   Operation 87 'readreq' 'empty_22' <Predicate = true> <Delay = 3.65> <CoreInst = "m_axi">   --->   Core 111 'm_axi' <Latency = 0> <II = 1> <Delay = 1.00> <Adapter> <Opcode : 'read' 'write' 'readreq' 'writereq' 'writeresp'>
ST_19 : Operation 88 [1/1] (0.00ns)   --->   "%br_ln47 = br void %for.inc8" [fir_hoisting.cpp:47]   --->   Operation 88 'br' 'br_ln47' <Predicate = true> <Delay = 0.00>

State 20 <SV = 19> <Delay = 2.55>
ST_20 : Operation 89 [1/1] (0.00ns)   --->   "%i_1_load = load i31 %i_1" [fir_hoisting.cpp:47]   --->   Operation 89 'load' 'i_1_load' <Predicate = true> <Delay = 0.00>
ST_20 : Operation 90 [1/1] (0.00ns)   --->   "%zext_ln47_1 = zext i31 %i_1_load" [fir_hoisting.cpp:47]   --->   Operation 90 'zext' 'zext_ln47_1' <Predicate = true> <Delay = 0.00>
ST_20 : Operation 91 [1/1] (2.55ns)   --->   "%icmp_ln47_1 = icmp_slt  i32 %zext_ln47_1, i32 %len_read" [fir_hoisting.cpp:47]   --->   Operation 91 'icmp' 'icmp_ln47_1' <Predicate = true> <Delay = 2.55> <CoreInst = "Cmp">   --->   Core 9 'Cmp' <Latency = 0> <II = 1> <Delay = 2.55> <FuncUnit> <Opcode : 'seteq' 'setne' 'setle' 'setge' 'setlt' 'setgt'> <InPorts = 2> <OutPorts = 1>
ST_20 : Operation 92 [1/1] (2.52ns)   --->   "%add_ln47 = add i31 %i_1_load, i31 1" [fir_hoisting.cpp:47]   --->   Operation 92 'add' 'add_ln47' <Predicate = true> <Delay = 2.52> <CoreInst = "Adder">   --->   Core 1 'Adder' <Latency = 0> <II = 1> <Delay = 2.52> <FuncUnit> <Opcode : 'add' 'sub'> <InPorts = 2> <OutPorts = 1>
ST_20 : Operation 93 [1/1] (0.00ns)   --->   "%br_ln47 = br i1 %icmp_ln47_1, void %for.end10.loopexit, void %for.inc8.split" [fir_hoisting.cpp:47]   --->   Operation 93 'br' 'br_ln47' <Predicate = true> <Delay = 0.00>
ST_20 : Operation 94 [2/2] (0.00ns)   --->   "%call_ln0 = call void @fir_wrap_Pipeline_VITIS_LOOP_19_1, i32 %acc_loc, i32 %shift_reg, i32 %c"   --->   Operation 94 'call' 'call_ln0' <Predicate = (icmp_ln47_1)> <Delay = 0.00> <CoreType = "Generic">   --->   Core 0 '' <Latency = 0> <II = 1> <Delay = 1.00> <Generic> <Opcode : >

State 21 <SV = 20> <Delay = 1.58>
ST_21 : Operation 95 [1/2] (0.00ns)   --->   "%call_ln0 = call void @fir_wrap_Pipeline_VITIS_LOOP_19_1, i32 %acc_loc, i32 %shift_reg, i32 %c"   --->   Operation 95 'call' 'call_ln0' <Predicate = true> <Delay = 0.00> <CoreType = "Generic">   --->   Core 0 '' <Latency = 0> <II = 1> <Delay = 1.00> <Generic> <Opcode : >
ST_21 : Operation 96 [1/1] (1.58ns)   --->   "%store_ln47 = store i31 %add_ln47, i31 %i_1" [fir_hoisting.cpp:47]   --->   Operation 96 'store' 'store_ln47' <Predicate = true> <Delay = 1.58>

State 22 <SV = 21> <Delay = 3.25>
ST_22 : Operation 97 [2/2] (3.25ns)   --->   "%c_load = load i32 0" [fir_hoisting.cpp:25->fir_hoisting.cpp:51]   --->   Operation 97 'load' 'c_load' <Predicate = true> <Delay = 3.25> <CoreInst = "RAM">   --->   Core 81 'RAM' <Latency = 1> <II = 1> <Delay = 3.25> <Storage> <Opcode : 'load' 'store'> <Ports = 2> <Width = 32> <Depth = 99> <RAM>

State 23 <SV = 22> <Delay = 3.65>
ST_23 : Operation 98 [1/1] (3.65ns)   --->   "%gmem_addr_1_read = read i32 @_ssdm_op_Read.m_axi.p1i32, i32 %gmem_addr_1" [fir_hoisting.cpp:51]   --->   Operation 98 'read' 'gmem_addr_1_read' <Predicate = true> <Delay = 3.65> <CoreInst = "m_axi">   --->   Core 111 'm_axi' <Latency = 0> <II = 1> <Delay = 1.00> <Adapter> <Opcode : 'read' 'write' 'readreq' 'writereq' 'writeresp'>
ST_23 : Operation 99 [1/2] (3.25ns)   --->   "%c_load = load i32 0" [fir_hoisting.cpp:25->fir_hoisting.cpp:51]   --->   Operation 99 'load' 'c_load' <Predicate = true> <Delay = 3.25> <CoreInst = "RAM">   --->   Core 81 'RAM' <Latency = 1> <II = 1> <Delay = 3.25> <Storage> <Opcode : 'load' 'store'> <Ports = 2> <Width = 32> <Depth = 99> <RAM>

State 24 <SV = 23> <Delay = 3.95>
ST_24 : Operation 100 [5/5] (3.95ns)   --->   "%mul_ln25 = mul i32 %c_load, i32 %gmem_addr_1_read" [fir_hoisting.cpp:25->fir_hoisting.cpp:51]   --->   Operation 100 'mul' 'mul_ln25' <Predicate = true> <Delay = 3.95> <CoreInst = "Multiplier">   --->   Core 3 'Multiplier' <Latency = 4> <II = 1> <Delay = 3.95> <FuncUnit> <Opcode : 'mul'> <InPorts = 2> <OutPorts = 1>
ST_24 : Operation 101 [1/1] (3.25ns)   --->   "%store_ln26 = store i32 %gmem_addr_1_read, i32 0" [fir_hoisting.cpp:26->fir_hoisting.cpp:51]   --->   Operation 101 'store' 'store_ln26' <Predicate = true> <Delay = 3.25> <CoreInst = "RAM">   --->   Core 81 'RAM' <Latency = 1> <II = 1> <Delay = 3.25> <Storage> <Opcode : 'load' 'store'> <Ports = 2> <Width = 32> <Depth = 99> <RAM>

State 25 <SV = 24> <Delay = 3.95>
ST_25 : Operation 102 [4/5] (3.95ns)   --->   "%mul_ln25 = mul i32 %c_load, i32 %gmem_addr_1_read" [fir_hoisting.cpp:25->fir_hoisting.cpp:51]   --->   Operation 102 'mul' 'mul_ln25' <Predicate = true> <Delay = 3.95> <CoreInst = "Multiplier">   --->   Core 3 'Multiplier' <Latency = 4> <II = 1> <Delay = 3.95> <FuncUnit> <Opcode : 'mul'> <InPorts = 2> <OutPorts = 1>

State 26 <SV = 25> <Delay = 3.95>
ST_26 : Operation 103 [3/5] (3.95ns)   --->   "%mul_ln25 = mul i32 %c_load, i32 %gmem_addr_1_read" [fir_hoisting.cpp:25->fir_hoisting.cpp:51]   --->   Operation 103 'mul' 'mul_ln25' <Predicate = true> <Delay = 3.95> <CoreInst = "Multiplier">   --->   Core 3 'Multiplier' <Latency = 4> <II = 1> <Delay = 3.95> <FuncUnit> <Opcode : 'mul'> <InPorts = 2> <OutPorts = 1>

State 27 <SV = 26> <Delay = 3.95>
ST_27 : Operation 104 [2/5] (3.95ns)   --->   "%mul_ln25 = mul i32 %c_load, i32 %gmem_addr_1_read" [fir_hoisting.cpp:25->fir_hoisting.cpp:51]   --->   Operation 104 'mul' 'mul_ln25' <Predicate = true> <Delay = 3.95> <CoreInst = "Multiplier">   --->   Core 3 'Multiplier' <Latency = 4> <II = 1> <Delay = 3.95> <FuncUnit> <Opcode : 'mul'> <InPorts = 2> <OutPorts = 1>

State 28 <SV = 27> <Delay = 3.95>
ST_28 : Operation 105 [1/5] (3.95ns)   --->   "%mul_ln25 = mul i32 %c_load, i32 %gmem_addr_1_read" [fir_hoisting.cpp:25->fir_hoisting.cpp:51]   --->   Operation 105 'mul' 'mul_ln25' <Predicate = true> <Delay = 3.95> <CoreInst = "Multiplier">   --->   Core 3 'Multiplier' <Latency = 4> <II = 1> <Delay = 3.95> <FuncUnit> <Opcode : 'mul'> <InPorts = 2> <OutPorts = 1>

State 29 <SV = 28> <Delay = 2.55>
ST_29 : Operation 106 [1/1] (0.00ns)   --->   "%acc_loc_load = load i32 %acc_loc"   --->   Operation 106 'load' 'acc_loc_load' <Predicate = true> <Delay = 0.00>
ST_29 : Operation 107 [1/1] (2.55ns)   --->   "%acc = add i32 %mul_ln25, i32 %acc_loc_load" [fir_hoisting.cpp:25->fir_hoisting.cpp:51]   --->   Operation 107 'add' 'acc' <Predicate = true> <Delay = 2.55> <CoreInst = "Adder">   --->   Core 1 'Adder' <Latency = 0> <II = 1> <Delay = 2.55> <FuncUnit> <Opcode : 'add' 'sub'> <InPorts = 2> <OutPorts = 1>

State 30 <SV = 29> <Delay = 3.65>
ST_30 : Operation 108 [1/1] (0.00ns)   --->   "%speclooptripcount_ln49 = speclooptripcount void @_ssdm_op_SpecLoopTripCount, i64 100, i64 100, i64 100" [fir_hoisting.cpp:49]   --->   Operation 108 'speclooptripcount' 'speclooptripcount_ln49' <Predicate = true> <Delay = 0.00>
ST_30 : Operation 109 [1/1] (0.00ns)   --->   "%specloopname_ln47 = specloopname void @_ssdm_op_SpecLoopName, void @empty_14" [fir_hoisting.cpp:47]   --->   Operation 109 'specloopname' 'specloopname_ln47' <Predicate = true> <Delay = 0.00>
ST_30 : Operation 110 [1/1] (3.65ns)   --->   "%write_ln52 = write void @_ssdm_op_Write.m_axi.p1i32, i32 %gmem_addr_2, i32 %acc, i4 15" [fir_hoisting.cpp:52]   --->   Operation 110 'write' 'write_ln52' <Predicate = true> <Delay = 3.65> <CoreInst = "m_axi">   --->   Core 111 'm_axi' <Latency = 0> <II = 1> <Delay = 1.00> <Adapter> <Opcode : 'read' 'write' 'readreq' 'writereq' 'writeresp'>
ST_30 : Operation 111 [1/1] (0.00ns)   --->   "%br_ln47 = br void %for.inc8" [fir_hoisting.cpp:47]   --->   Operation 111 'br' 'br_ln47' <Predicate = true> <Delay = 0.00>

State 31 <SV = 20> <Delay = 3.65>
ST_31 : Operation 112 [5/5] (3.65ns)   --->   "%empty_24 = writeresp i1 @_ssdm_op_WriteResp.m_axi.p1i32, i32 %gmem_addr_2" [fir_hoisting.cpp:56]   --->   Operation 112 'writeresp' 'empty_24' <Predicate = true> <Delay = 3.65> <CoreInst = "m_axi">   --->   Core 111 'm_axi' <Latency = 0> <II = 1> <Delay = 1.00> <Adapter> <Opcode : 'read' 'write' 'readreq' 'writereq' 'writeresp'>

State 32 <SV = 21> <Delay = 3.65>
ST_32 : Operation 113 [4/5] (3.65ns)   --->   "%empty_24 = writeresp i1 @_ssdm_op_WriteResp.m_axi.p1i32, i32 %gmem_addr_2" [fir_hoisting.cpp:56]   --->   Operation 113 'writeresp' 'empty_24' <Predicate = true> <Delay = 3.65> <CoreInst = "m_axi">   --->   Core 111 'm_axi' <Latency = 0> <II = 1> <Delay = 1.00> <Adapter> <Opcode : 'read' 'write' 'readreq' 'writereq' 'writeresp'>

State 33 <SV = 22> <Delay = 3.65>
ST_33 : Operation 114 [3/5] (3.65ns)   --->   "%empty_24 = writeresp i1 @_ssdm_op_WriteResp.m_axi.p1i32, i32 %gmem_addr_2" [fir_hoisting.cpp:56]   --->   Operation 114 'writeresp' 'empty_24' <Predicate = true> <Delay = 3.65> <CoreInst = "m_axi">   --->   Core 111 'm_axi' <Latency = 0> <II = 1> <Delay = 1.00> <Adapter> <Opcode : 'read' 'write' 'readreq' 'writereq' 'writeresp'>

State 34 <SV = 23> <Delay = 3.65>
ST_34 : Operation 115 [2/5] (3.65ns)   --->   "%empty_24 = writeresp i1 @_ssdm_op_WriteResp.m_axi.p1i32, i32 %gmem_addr_2" [fir_hoisting.cpp:56]   --->   Operation 115 'writeresp' 'empty_24' <Predicate = true> <Delay = 3.65> <CoreInst = "m_axi">   --->   Core 111 'm_axi' <Latency = 0> <II = 1> <Delay = 1.00> <Adapter> <Opcode : 'read' 'write' 'readreq' 'writereq' 'writeresp'>

State 35 <SV = 24> <Delay = 3.65>
ST_35 : Operation 116 [1/5] (3.65ns)   --->   "%empty_24 = writeresp i1 @_ssdm_op_WriteResp.m_axi.p1i32, i32 %gmem_addr_2" [fir_hoisting.cpp:56]   --->   Operation 116 'writeresp' 'empty_24' <Predicate = true> <Delay = 3.65> <CoreInst = "m_axi">   --->   Core 111 'm_axi' <Latency = 0> <II = 1> <Delay = 1.00> <Adapter> <Opcode : 'read' 'write' 'readreq' 'writereq' 'writeresp'>
ST_35 : Operation 117 [1/1] (0.00ns)   --->   "%ret_ln56 = ret" [fir_hoisting.cpp:56]   --->   Operation 117 'ret' 'ret_ln56' <Predicate = true> <Delay = 0.00>


============================================================
+ Verbose Summary: Timing violations
============================================================
Target clock period: 5.000ns, clock uncertainty: 1.350ns.

 <State 1>: 1.588ns
The critical path consists of the following:
	'alloca' operation 31 bit ('i_1') [8]  (0.000 ns)
	'store' operation 0 bit ('store_ln0') of constant 0 on local variable 'i_1' [44]  (1.588 ns)

 <State 2>: 3.650ns
The critical path consists of the following:
	'getelementptr' operation 32 bit ('gmem_addr', fir_hoisting.cpp:41) [29]  (0.000 ns)
	bus request operation ('empty', fir_hoisting.cpp:41) on port 'gmem' (fir_hoisting.cpp:41) [30]  (3.650 ns)

 <State 3>: 3.650ns
The critical path consists of the following:
	bus request operation ('empty', fir_hoisting.cpp:41) on port 'gmem' (fir_hoisting.cpp:41) [30]  (3.650 ns)

 <State 4>: 3.650ns
The critical path consists of the following:
	bus request operation ('empty', fir_hoisting.cpp:41) on port 'gmem' (fir_hoisting.cpp:41) [30]  (3.650 ns)

 <State 5>: 3.650ns
The critical path consists of the following:
	bus request operation ('empty', fir_hoisting.cpp:41) on port 'gmem' (fir_hoisting.cpp:41) [30]  (3.650 ns)

 <State 6>: 3.650ns
The critical path consists of the following:
	bus request operation ('empty', fir_hoisting.cpp:41) on port 'gmem' (fir_hoisting.cpp:41) [30]  (3.650 ns)

 <State 7>: 3.650ns
The critical path consists of the following:
	bus request operation ('empty', fir_hoisting.cpp:41) on port 'gmem' (fir_hoisting.cpp:41) [30]  (3.650 ns)

 <State 8>: 3.650ns
The critical path consists of the following:
	bus request operation ('empty', fir_hoisting.cpp:41) on port 'gmem' (fir_hoisting.cpp:41) [30]  (3.650 ns)

 <State 9>: 3.650ns
The critical path consists of the following:
	bus request operation ('empty', fir_hoisting.cpp:41) on port 'gmem' (fir_hoisting.cpp:41) [30]  (3.650 ns)

 <State 10>: 0.000ns
The critical path consists of the following:

 <State 11>: 3.285ns
The critical path consists of the following:
	'icmp' operation 1 bit ('icmp_ln47', fir_hoisting.cpp:47) [32]  (2.552 ns)
	'select' operation 31 bit ('empty_21', fir_hoisting.cpp:47) [37]  (0.733 ns)

 <State 12>: 3.650ns
The critical path consists of the following:
	bus request operation ('empty_22', fir_hoisting.cpp:47) on port 'gmem' (fir_hoisting.cpp:47) [39]  (3.650 ns)

 <State 13>: 3.650ns
The critical path consists of the following:
	bus request operation ('empty_22', fir_hoisting.cpp:47) on port 'gmem' (fir_hoisting.cpp:47) [39]  (3.650 ns)

 <State 14>: 3.650ns
The critical path consists of the following:
	bus request operation ('empty_22', fir_hoisting.cpp:47) on port 'gmem' (fir_hoisting.cpp:47) [39]  (3.650 ns)

 <State 15>: 3.650ns
The critical path consists of the following:
	bus request operation ('empty_22', fir_hoisting.cpp:47) on port 'gmem' (fir_hoisting.cpp:47) [39]  (3.650 ns)

 <State 16>: 3.650ns
The critical path consists of the following:
	bus request operation ('empty_22', fir_hoisting.cpp:47) on port 'gmem' (fir_hoisting.cpp:47) [39]  (3.650 ns)

 <State 17>: 3.650ns
The critical path consists of the following:
	bus request operation ('empty_22', fir_hoisting.cpp:47) on port 'gmem' (fir_hoisting.cpp:47) [39]  (3.650 ns)

 <State 18>: 3.650ns
The critical path consists of the following:
	bus request operation ('empty_22', fir_hoisting.cpp:47) on port 'gmem' (fir_hoisting.cpp:47) [39]  (3.650 ns)

 <State 19>: 3.650ns
The critical path consists of the following:
	bus request operation ('empty_22', fir_hoisting.cpp:47) on port 'gmem' (fir_hoisting.cpp:47) [39]  (3.650 ns)

 <State 20>: 2.552ns
The critical path consists of the following:
	'load' operation 31 bit ('i_1_load', fir_hoisting.cpp:47) on local variable 'i_1' [47]  (0.000 ns)
	'icmp' operation 1 bit ('icmp_ln47_1', fir_hoisting.cpp:47) [49]  (2.552 ns)

 <State 21>: 1.588ns
The critical path consists of the following:
	'store' operation 0 bit ('store_ln47', fir_hoisting.cpp:47) of variable 'add_ln47', fir_hoisting.cpp:47 on local variable 'i_1' [63]  (1.588 ns)

 <State 22>: 3.254ns
The critical path consists of the following:
	'load' operation 32 bit ('c_load', fir_hoisting.cpp:25->fir_hoisting.cpp:51) on array 'c' [58]  (3.254 ns)

 <State 23>: 3.650ns
The critical path consists of the following:
	bus read operation ('x', fir_hoisting.cpp:51) on port 'gmem' (fir_hoisting.cpp:51) [55]  (3.650 ns)

 <State 24>: 3.950ns
The critical path consists of the following:
	'mul' operation 32 bit ('mul_ln25', fir_hoisting.cpp:25->fir_hoisting.cpp:51) [59]  (3.950 ns)

 <State 25>: 3.950ns
The critical path consists of the following:
	'mul' operation 32 bit ('mul_ln25', fir_hoisting.cpp:25->fir_hoisting.cpp:51) [59]  (3.950 ns)

 <State 26>: 3.950ns
The critical path consists of the following:
	'mul' operation 32 bit ('mul_ln25', fir_hoisting.cpp:25->fir_hoisting.cpp:51) [59]  (3.950 ns)

 <State 27>: 3.950ns
The critical path consists of the following:
	'mul' operation 32 bit ('mul_ln25', fir_hoisting.cpp:25->fir_hoisting.cpp:51) [59]  (3.950 ns)

 <State 28>: 3.950ns
The critical path consists of the following:
	'mul' operation 32 bit ('mul_ln25', fir_hoisting.cpp:25->fir_hoisting.cpp:51) [59]  (3.950 ns)

 <State 29>: 2.552ns
The critical path consists of the following:
	'load' operation 32 bit ('acc_loc_load') on local variable 'acc_loc' [57]  (0.000 ns)
	'add' operation 32 bit ('acc', fir_hoisting.cpp:25->fir_hoisting.cpp:51) [60]  (2.552 ns)

 <State 30>: 3.650ns
The critical path consists of the following:
	bus write operation ('write_ln52', fir_hoisting.cpp:52) on port 'gmem' (fir_hoisting.cpp:52) [62]  (3.650 ns)

 <State 31>: 3.650ns
The critical path consists of the following:
	bus response operation ('empty_24', fir_hoisting.cpp:56) on port 'gmem' (fir_hoisting.cpp:56) [66]  (3.650 ns)

 <State 32>: 3.650ns
The critical path consists of the following:
	bus response operation ('empty_24', fir_hoisting.cpp:56) on port 'gmem' (fir_hoisting.cpp:56) [66]  (3.650 ns)

 <State 33>: 3.650ns
The critical path consists of the following:
	bus response operation ('empty_24', fir_hoisting.cpp:56) on port 'gmem' (fir_hoisting.cpp:56) [66]  (3.650 ns)

 <State 34>: 3.650ns
The critical path consists of the following:
	bus response operation ('empty_24', fir_hoisting.cpp:56) on port 'gmem' (fir_hoisting.cpp:56) [66]  (3.650 ns)

 <State 35>: 3.650ns
The critical path consists of the following:
	bus response operation ('empty_24', fir_hoisting.cpp:56) on port 'gmem' (fir_hoisting.cpp:56) [66]  (3.650 ns)


============================================================
+ Verbose Summary: Binding
============================================================
N/A
* FSMD analyzer results:
  - Output states:
 - Input state : 
  - Chain level:
	State 1
	State 2
	State 3
	State 4
	State 5
	State 6
	State 7
	State 8
	State 9
	State 10
	State 11
	State 12
	State 13
	State 14
	State 15
	State 16
	State 17
	State 18
	State 19
	State 20
	State 21
	State 22
	State 23
	State 24
	State 25
	State 26
	State 27
	State 28
	State 29
	State 30
	State 31
	State 32
	State 33
	State 34
	State 35


============================================================
+ Verbose Summary: Datapath Resource usage 
============================================================
N/A
