

================================================================
== Vitis HLS Report for 'fir_wrap_Pipeline_VITIS_LOOP_19_1'
================================================================
* Date:           Thu Oct 24 17:34:18 2024

* Version:        2024.1 (Build 5069499 on May 21 2024)
* Project:        fir_hoisting
* Solution:       hoisting (Vivado IP Flow Target)
* Product family: zynq
* Target device:  xc7z020-clg484-1


================================================================
== Performance Estimates
================================================================
+ Timing: 
    * Summary: 
    +--------+---------+----------+------------+
    |  Clock |  Target | Estimated| Uncertainty|
    +--------+---------+----------+------------+
    |ap_clk  |  5.00 ns|  3.950 ns|     1.35 ns|
    +--------+---------+----------+------------+

+ Latency: 
    * Summary: 
    +---------+---------+----------+----------+-----+-----+-----------------------------------------------+
    |  Latency (cycles) |  Latency (absolute) |  Interval |                    Pipeline                   |
    |   min   |   max   |    min   |    max   | min | max |                      Type                     |
    +---------+---------+----------+----------+-----+-----+-----------------------------------------------+
    |      205|      205|  1.025 us|  1.025 us|  198|  198|  loop auto-rewind stp(delay=0 clock cycles(s))|
    +---------+---------+----------+----------+-----+-----+-----------------------------------------------+

    + Detail: 
        * Instance: 
        N/A

        * Loop: 
        +-------------------+---------+---------+----------+-----------+-----------+------+----------+
        |                   |  Latency (cycles) | Iteration|  Initiation Interval  | Trip |          |
        |     Loop Name     |   min   |   max   |  Latency |  achieved |   target  | Count| Pipelined|
        +-------------------+---------+---------+----------+-----------+-----------+------+----------+
        |- VITIS_LOOP_19_1  |      203|      203|        10|          2|          1|    98|       yes|
        +-------------------+---------+---------+----------+-----------+-----------+------+----------+



================================================================
== Utilization Estimates
================================================================
* Summary: 
+-----------------+---------+-----+--------+-------+-----+
|       Name      | BRAM_18K| DSP |   FF   |  LUT  | URAM|
+-----------------+---------+-----+--------+-------+-----+
|DSP              |        -|    -|       -|      -|    -|
|Expression       |        -|    -|       0|     69|    -|
|FIFO             |        -|    -|       -|      -|    -|
|Instance         |        -|    -|       -|      -|    -|
|Memory           |        -|    -|       -|      -|    -|
|Multiplexer      |        -|    -|       0|     68|    -|
|Register         |        -|    -|     264|     32|    -|
+-----------------+---------+-----+--------+-------+-----+
|Total            |        0|    0|     264|    169|    0|
+-----------------+---------+-----+--------+-------+-----+
|Available        |      280|  220|  106400|  53200|    0|
+-----------------+---------+-----+--------+-------+-----+
|Utilization (%)  |        0|    0|      ~0|     ~0|    0|
+-----------------+---------+-----+--------+-------+-----+

+ Detail: 
    * Instance: 
    N/A

    * DSP: 
    N/A

    * Memory: 
    N/A

    * FIFO: 
    N/A

    * Expression: 
    +---------------------+----------+----+---+----+------------+------------+
    |    Variable Name    | Operation| DSP| FF| LUT| Bitwidth P0| Bitwidth P1|
    +---------------------+----------+----+---+----+------------+------------+
    |acc_1_fu_131_p2      |         +|   0|  0|  39|          32|          32|
    |add_ln21_fu_110_p2   |         +|   0|  0|  14|           7|           2|
    |icmp_ln19_fu_104_p2  |      icmp|   0|  0|  14|           7|           1|
    |ap_enable_pp0        |       xor|   0|  0|   2|           1|           2|
    +---------------------+----------+----+---+----+------------+------------+
    |Total                |          |   0|  0|  69|          47|          37|
    +---------------------+----------+----+---+----+------------+------------+

    * Multiplexer: 
    +-------------------------+----+-----------+-----+-----------+
    |           Name          | LUT| Input Size| Bits| Total Bits|
    +-------------------------+----+-----------+-----+-----------+
    |acc_fu_34                |   9|          2|   32|         64|
    |ap_NS_fsm                |  14|          3|    1|          3|
    |ap_done_int              |   9|          2|    1|          2|
    |ap_enable_reg_pp0_iter0  |   9|          2|    1|          2|
    |ap_enable_reg_pp0_iter1  |   9|          2|    1|          2|
    |ap_sig_allocacmp_i_2     |   9|          2|    7|         14|
    |i_fu_38                  |   9|          2|    7|         14|
    +-------------------------+----+-----------+-----+-----------+
    |Total                    |  68|         15|   50|        101|
    +-------------------------+----+-----------+-----+-----------+

    * Register: 
    +----------------------------------+----+----+-----+-----------+
    |               Name               | FF | LUT| Bits| Const Bits|
    +----------------------------------+----+----+-----+-----------+
    |acc_1_reg_205                     |  32|   0|   32|          0|
    |acc_fu_34                         |  32|   0|   32|          0|
    |add_ln21_reg_168                  |   7|   0|    7|          0|
    |ap_CS_fsm                         |   2|   0|    2|          0|
    |ap_done_reg                       |   1|   0|    1|          0|
    |ap_enable_reg_pp0_iter0_reg       |   1|   0|    1|          0|
    |ap_enable_reg_pp0_iter1           |   1|   0|    1|          0|
    |ap_enable_reg_pp0_iter2           |   1|   0|    1|          0|
    |ap_enable_reg_pp0_iter3           |   1|   0|    1|          0|
    |ap_enable_reg_pp0_iter4           |   1|   0|    1|          0|
    |ap_loop_exit_ready_pp0_iter1_reg  |   1|   0|    1|          0|
    |ap_loop_exit_ready_pp0_iter2_reg  |   1|   0|    1|          0|
    |ap_loop_exit_ready_pp0_iter3_reg  |   1|   0|    1|          0|
    |c_load_reg_195                    |  32|   0|   32|          0|
    |i_2_reg_159                       |   7|   0|    7|          0|
    |i_fu_38                           |   7|   0|    7|          0|
    |icmp_ln19_reg_164                 |   1|   0|    1|          0|
    |mul_ln22_reg_200                  |  32|   0|   32|          0|
    |shift_reg_load_reg_189            |  32|   0|   32|          0|
    |zext_ln19_reg_174                 |   7|   0|   64|         57|
    |icmp_ln19_reg_164                 |  64|  32|    1|          0|
    +----------------------------------+----+----+-----+-----------+
    |Total                             | 264|  32|  258|         57|
    +----------------------------------+----+----+-----+-----------+



================================================================
== Interface
================================================================
* Summary: 
+--------------------+-----+-----+------------+-----------------------------------+--------------+
|      RTL Ports     | Dir | Bits|  Protocol  |           Source Object           |    C Type    |
+--------------------+-----+-----+------------+-----------------------------------+--------------+
|ap_clk              |   in|    1|  ap_ctrl_hs|  fir_wrap_Pipeline_VITIS_LOOP_19_1|  return value|
|ap_rst              |   in|    1|  ap_ctrl_hs|  fir_wrap_Pipeline_VITIS_LOOP_19_1|  return value|
|ap_start            |   in|    1|  ap_ctrl_hs|  fir_wrap_Pipeline_VITIS_LOOP_19_1|  return value|
|ap_done             |  out|    1|  ap_ctrl_hs|  fir_wrap_Pipeline_VITIS_LOOP_19_1|  return value|
|ap_idle             |  out|    1|  ap_ctrl_hs|  fir_wrap_Pipeline_VITIS_LOOP_19_1|  return value|
|ap_ready            |  out|    1|  ap_ctrl_hs|  fir_wrap_Pipeline_VITIS_LOOP_19_1|  return value|
|grp_fu_199_p_din0   |  out|   32|  ap_ctrl_hs|  fir_wrap_Pipeline_VITIS_LOOP_19_1|  return value|
|grp_fu_199_p_din1   |  out|   32|  ap_ctrl_hs|  fir_wrap_Pipeline_VITIS_LOOP_19_1|  return value|
|grp_fu_199_p_dout0  |   in|   32|  ap_ctrl_hs|  fir_wrap_Pipeline_VITIS_LOOP_19_1|  return value|
|grp_fu_199_p_ce     |  out|    1|  ap_ctrl_hs|  fir_wrap_Pipeline_VITIS_LOOP_19_1|  return value|
|acc_out             |  out|   32|      ap_vld|                            acc_out|       pointer|
|acc_out_ap_vld      |  out|    1|      ap_vld|                            acc_out|       pointer|
|shift_reg_address0  |  out|    7|   ap_memory|                          shift_reg|         array|
|shift_reg_ce0       |  out|    1|   ap_memory|                          shift_reg|         array|
|shift_reg_we0       |  out|    1|   ap_memory|                          shift_reg|         array|
|shift_reg_d0        |  out|   32|   ap_memory|                          shift_reg|         array|
|shift_reg_address1  |  out|    7|   ap_memory|                          shift_reg|         array|
|shift_reg_ce1       |  out|    1|   ap_memory|                          shift_reg|         array|
|shift_reg_q1        |   in|   32|   ap_memory|                          shift_reg|         array|
|c_address0          |  out|    7|   ap_memory|                                  c|         array|
|c_ce0               |  out|    1|   ap_memory|                                  c|         array|
|c_q0                |   in|   32|   ap_memory|                                  c|         array|
+--------------------+-----+-----+------------+-----------------------------------+--------------+

============================================================
+ Verbose Summary: Synthesis Manager
============================================================
InlineROM: 1
ExposeGlobal: 0
============================================================
+ Verbose Summary: CDFG Model
============================================================
IsTopModel: 0
ResetActiveHigh: 1
IsCombinational: 2
IsDatapathOnly: 2
HasWiredReturn: 1
HasMFsm: 2
HasVarLatency: 1
IsPipeline: 0
IsRtlPipelined: 0
IsInstanceOverlapped: 0
IsDontTouch: 0
HasImplIP: 0
IsGatedGlobalClock: 0

+ Individual pipeline summary: 
  * Pipeline-0: initiation interval (II) = 2, depth = 10


============================================================
+ Verbose Summary: Schedule
============================================================
* Number of FSM states : 10
* Pipeline : 1
  Pipeline-0 : II = 2, D = 10, States = { 1 2 3 4 5 6 7 8 9 10 }
* Dataflow Pipeline: 0

* FSM state transitions: 
1 --> 2 
2 --> 3 
3 --> 4 
4 --> 5 
5 --> 6 
6 --> 7 
7 --> 8 
8 --> 9 
9 --> 10 
10 --> 

* FSM state operations: 

State 1 <SV = 0> <Delay = 3.45>
ST_1 : Operation 13 [1/1] (0.00ns)   --->   "%acc = alloca i32 1" [fir_hoisting.cpp:15->fir_hoisting.cpp:51]   --->   Operation 13 'alloca' 'acc' <Predicate = true> <Delay = 0.00>
ST_1 : Operation 14 [1/1] (0.00ns)   --->   "%i = alloca i32 1" [fir_hoisting.cpp:16->fir_hoisting.cpp:51]   --->   Operation 14 'alloca' 'i' <Predicate = true> <Delay = 0.00>
ST_1 : Operation 15 [1/1] (1.58ns)   --->   "%store_ln16 = store i7 98, i7 %i" [fir_hoisting.cpp:16->fir_hoisting.cpp:51]   --->   Operation 15 'store' 'store_ln16' <Predicate = true> <Delay = 1.58>
ST_1 : Operation 16 [1/1] (1.58ns)   --->   "%store_ln15 = store i32 0, i32 %acc" [fir_hoisting.cpp:15->fir_hoisting.cpp:51]   --->   Operation 16 'store' 'store_ln15' <Predicate = true> <Delay = 1.58>
ST_1 : Operation 17 [1/1] (0.00ns)   --->   "%br_ln0 = br void %for.inc.i"   --->   Operation 17 'br' 'br_ln0' <Predicate = true> <Delay = 0.00>
ST_1 : Operation 18 [1/1] (0.00ns)   --->   "%i_2 = load i7 %i" [fir_hoisting.cpp:21->fir_hoisting.cpp:51]   --->   Operation 18 'load' 'i_2' <Predicate = true> <Delay = 0.00>
ST_1 : Operation 19 [1/1] (1.87ns)   --->   "%icmp_ln19 = icmp_eq  i7 %i_2, i7 0" [fir_hoisting.cpp:19->fir_hoisting.cpp:51]   --->   Operation 19 'icmp' 'icmp_ln19' <Predicate = true> <Delay = 1.87> <CoreInst = "Cmp">   --->   Core 9 'Cmp' <Latency = 0> <II = 1> <Delay = 1.87> <FuncUnit> <Opcode : 'seteq' 'setne' 'setle' 'setge' 'setlt' 'setgt'> <InPorts = 2> <OutPorts = 1>
ST_1 : Operation 20 [1/1] (0.00ns)   --->   "%br_ln19 = br i1 %icmp_ln19, void %for.inc.i.split, void %_Z3firPii.exit.exitStub" [fir_hoisting.cpp:19->fir_hoisting.cpp:51]   --->   Operation 20 'br' 'br_ln19' <Predicate = true> <Delay = 0.00>
ST_1 : Operation 21 [1/1] (1.87ns)   --->   "%add_ln21 = add i7 %i_2, i7 127" [fir_hoisting.cpp:21->fir_hoisting.cpp:51]   --->   Operation 21 'add' 'add_ln21' <Predicate = (!icmp_ln19)> <Delay = 1.87> <CoreInst = "Adder">   --->   Core 1 'Adder' <Latency = 0> <II = 1> <Delay = 1.87> <FuncUnit> <Opcode : 'add' 'sub'> <InPorts = 2> <OutPorts = 1>

State 2 <SV = 1> <Delay = 3.25>
ST_2 : Operation 22 [1/1] (0.00ns)   --->   "%zext_ln19 = zext i7 %i_2" [fir_hoisting.cpp:19->fir_hoisting.cpp:51]   --->   Operation 22 'zext' 'zext_ln19' <Predicate = (!icmp_ln19)> <Delay = 0.00>
ST_2 : Operation 23 [1/1] (0.00ns)   --->   "%zext_ln21 = zext i7 %add_ln21" [fir_hoisting.cpp:21->fir_hoisting.cpp:51]   --->   Operation 23 'zext' 'zext_ln21' <Predicate = (!icmp_ln19)> <Delay = 0.00>
ST_2 : Operation 24 [1/1] (0.00ns)   --->   "%shift_reg_addr = getelementptr i32 %shift_reg, i64 0, i64 %zext_ln21" [fir_hoisting.cpp:21->fir_hoisting.cpp:51]   --->   Operation 24 'getelementptr' 'shift_reg_addr' <Predicate = (!icmp_ln19)> <Delay = 0.00>
ST_2 : Operation 25 [2/2] (3.25ns)   --->   "%shift_reg_load = load i7 %shift_reg_addr" [fir_hoisting.cpp:21->fir_hoisting.cpp:51]   --->   Operation 25 'load' 'shift_reg_load' <Predicate = (!icmp_ln19)> <Delay = 3.25> <CoreInst = "RAM">   --->   Core 81 'RAM' <Latency = 1> <II = 1> <Delay = 3.25> <Storage> <Opcode : 'load' 'store'> <Ports = 2> <Width = 32> <Depth = 99> <RAM>
ST_2 : Operation 26 [1/1] (0.00ns)   --->   "%c_addr = getelementptr i32 %c, i64 0, i64 %zext_ln19" [fir_hoisting.cpp:22->fir_hoisting.cpp:51]   --->   Operation 26 'getelementptr' 'c_addr' <Predicate = (!icmp_ln19)> <Delay = 0.00>
ST_2 : Operation 27 [2/2] (3.25ns)   --->   "%c_load = load i7 %c_addr" [fir_hoisting.cpp:22->fir_hoisting.cpp:51]   --->   Operation 27 'load' 'c_load' <Predicate = (!icmp_ln19)> <Delay = 3.25> <CoreInst = "RAM">   --->   Core 81 'RAM' <Latency = 1> <II = 1> <Delay = 3.25> <Storage> <Opcode : 'load' 'store'> <Ports = 2> <Width = 32> <Depth = 99> <RAM>
ST_2 : Operation 28 [1/1] (1.58ns)   --->   "%store_ln16 = store i7 %add_ln21, i7 %i" [fir_hoisting.cpp:16->fir_hoisting.cpp:51]   --->   Operation 28 'store' 'store_ln16' <Predicate = (!icmp_ln19)> <Delay = 1.58>

State 3 <SV = 2> <Delay = 3.25>
ST_3 : Operation 29 [1/2] (3.25ns)   --->   "%shift_reg_load = load i7 %shift_reg_addr" [fir_hoisting.cpp:21->fir_hoisting.cpp:51]   --->   Operation 29 'load' 'shift_reg_load' <Predicate = true> <Delay = 3.25> <CoreInst = "RAM">   --->   Core 81 'RAM' <Latency = 1> <II = 1> <Delay = 3.25> <Storage> <Opcode : 'load' 'store'> <Ports = 2> <Width = 32> <Depth = 99> <RAM>
ST_3 : Operation 30 [1/2] (3.25ns)   --->   "%c_load = load i7 %c_addr" [fir_hoisting.cpp:22->fir_hoisting.cpp:51]   --->   Operation 30 'load' 'c_load' <Predicate = true> <Delay = 3.25> <CoreInst = "RAM">   --->   Core 81 'RAM' <Latency = 1> <II = 1> <Delay = 3.25> <Storage> <Opcode : 'load' 'store'> <Ports = 2> <Width = 32> <Depth = 99> <RAM>

State 4 <SV = 3> <Delay = 3.95>
ST_4 : Operation 31 [1/1] (0.00ns)   --->   "%shift_reg_addr_1 = getelementptr i32 %shift_reg, i64 0, i64 %zext_ln19" [fir_hoisting.cpp:21->fir_hoisting.cpp:51]   --->   Operation 31 'getelementptr' 'shift_reg_addr_1' <Predicate = true> <Delay = 0.00>
ST_4 : Operation 32 [1/1] (3.25ns)   --->   "%store_ln21 = store i32 %shift_reg_load, i7 %shift_reg_addr_1" [fir_hoisting.cpp:21->fir_hoisting.cpp:51]   --->   Operation 32 'store' 'store_ln21' <Predicate = true> <Delay = 3.25> <CoreInst = "RAM">   --->   Core 81 'RAM' <Latency = 1> <II = 1> <Delay = 3.25> <Storage> <Opcode : 'load' 'store'> <Ports = 2> <Width = 32> <Depth = 99> <RAM>
ST_4 : Operation 33 [5/5] (3.95ns)   --->   "%mul_ln22 = mul i32 %c_load, i32 %shift_reg_load" [fir_hoisting.cpp:22->fir_hoisting.cpp:51]   --->   Operation 33 'mul' 'mul_ln22' <Predicate = true> <Delay = 3.95> <CoreInst = "Multiplier">   --->   Core 3 'Multiplier' <Latency = 4> <II = 1> <Delay = 3.95> <FuncUnit> <Opcode : 'mul'> <InPorts = 2> <OutPorts = 1>

State 5 <SV = 4> <Delay = 3.95>
ST_5 : Operation 34 [4/5] (3.95ns)   --->   "%mul_ln22 = mul i32 %c_load, i32 %shift_reg_load" [fir_hoisting.cpp:22->fir_hoisting.cpp:51]   --->   Operation 34 'mul' 'mul_ln22' <Predicate = true> <Delay = 3.95> <CoreInst = "Multiplier">   --->   Core 3 'Multiplier' <Latency = 4> <II = 1> <Delay = 3.95> <FuncUnit> <Opcode : 'mul'> <InPorts = 2> <OutPorts = 1>

State 6 <SV = 5> <Delay = 3.95>
ST_6 : Operation 35 [3/5] (3.95ns)   --->   "%mul_ln22 = mul i32 %c_load, i32 %shift_reg_load" [fir_hoisting.cpp:22->fir_hoisting.cpp:51]   --->   Operation 35 'mul' 'mul_ln22' <Predicate = true> <Delay = 3.95> <CoreInst = "Multiplier">   --->   Core 3 'Multiplier' <Latency = 4> <II = 1> <Delay = 3.95> <FuncUnit> <Opcode : 'mul'> <InPorts = 2> <OutPorts = 1>

State 7 <SV = 6> <Delay = 3.95>
ST_7 : Operation 36 [2/5] (3.95ns)   --->   "%mul_ln22 = mul i32 %c_load, i32 %shift_reg_load" [fir_hoisting.cpp:22->fir_hoisting.cpp:51]   --->   Operation 36 'mul' 'mul_ln22' <Predicate = true> <Delay = 3.95> <CoreInst = "Multiplier">   --->   Core 3 'Multiplier' <Latency = 4> <II = 1> <Delay = 3.95> <FuncUnit> <Opcode : 'mul'> <InPorts = 2> <OutPorts = 1>

State 8 <SV = 7> <Delay = 3.95>
ST_8 : Operation 37 [1/5] (3.95ns)   --->   "%mul_ln22 = mul i32 %c_load, i32 %shift_reg_load" [fir_hoisting.cpp:22->fir_hoisting.cpp:51]   --->   Operation 37 'mul' 'mul_ln22' <Predicate = true> <Delay = 3.95> <CoreInst = "Multiplier">   --->   Core 3 'Multiplier' <Latency = 4> <II = 1> <Delay = 3.95> <FuncUnit> <Opcode : 'mul'> <InPorts = 2> <OutPorts = 1>
ST_8 : Operation 45 [1/1] (0.00ns)   --->   "%acc_load_1 = load i32 %acc"   --->   Operation 45 'load' 'acc_load_1' <Predicate = (icmp_ln19)> <Delay = 0.00>
ST_8 : Operation 46 [1/1] (0.00ns)   --->   "%write_ln0 = write void @_ssdm_op_Write.ap_auto.i32P0A, i32 %acc_out, i32 %acc_load_1"   --->   Operation 46 'write' 'write_ln0' <Predicate = (icmp_ln19)> <Delay = 0.00>
ST_8 : Operation 47 [1/1] (1.58ns)   --->   "%ret_ln0 = ret"   --->   Operation 47 'ret' 'ret_ln0' <Predicate = (icmp_ln19)> <Delay = 1.58>

State 9 <SV = 8> <Delay = 2.55>
ST_9 : Operation 38 [1/1] (0.00ns)   --->   "%acc_load = load i32 %acc" [fir_hoisting.cpp:22->fir_hoisting.cpp:51]   --->   Operation 38 'load' 'acc_load' <Predicate = true> <Delay = 0.00>
ST_9 : Operation 39 [1/1] (2.55ns)   --->   "%acc_1 = add i32 %mul_ln22, i32 %acc_load" [fir_hoisting.cpp:22->fir_hoisting.cpp:51]   --->   Operation 39 'add' 'acc_1' <Predicate = true> <Delay = 2.55> <CoreInst = "Adder">   --->   Core 1 'Adder' <Latency = 0> <II = 1> <Delay = 2.55> <FuncUnit> <Opcode : 'add' 'sub'> <InPorts = 2> <OutPorts = 1>

State 10 <SV = 9> <Delay = 1.58>
ST_10 : Operation 40 [1/1] (0.00ns)   --->   "%specpipeline_ln15 = specpipeline void @_ssdm_op_SpecPipeline, i32 4294967295, i32 0, i32 0, i32 0, void @empty_0" [fir_hoisting.cpp:15->fir_hoisting.cpp:51]   --->   Operation 40 'specpipeline' 'specpipeline_ln15' <Predicate = true> <Delay = 0.00>
ST_10 : Operation 41 [1/1] (0.00ns)   --->   "%speclooptripcount_ln15 = speclooptripcount void @_ssdm_op_SpecLoopTripCount, i64 98, i64 98, i64 98" [fir_hoisting.cpp:15->fir_hoisting.cpp:51]   --->   Operation 41 'speclooptripcount' 'speclooptripcount_ln15' <Predicate = true> <Delay = 0.00>
ST_10 : Operation 42 [1/1] (0.00ns)   --->   "%specloopname_ln19 = specloopname void @_ssdm_op_SpecLoopName, void @empty_13" [fir_hoisting.cpp:19->fir_hoisting.cpp:51]   --->   Operation 42 'specloopname' 'specloopname_ln19' <Predicate = true> <Delay = 0.00>
ST_10 : Operation 43 [1/1] (1.58ns)   --->   "%store_ln15 = store i32 %acc_1, i32 %acc" [fir_hoisting.cpp:15->fir_hoisting.cpp:51]   --->   Operation 43 'store' 'store_ln15' <Predicate = true> <Delay = 1.58>
ST_10 : Operation 44 [1/1] (0.00ns)   --->   "%br_ln19 = br void %for.inc.i" [fir_hoisting.cpp:19->fir_hoisting.cpp:51]   --->   Operation 44 'br' 'br_ln19' <Predicate = true> <Delay = 0.00>


============================================================
+ Verbose Summary: Binding
============================================================
STG Binding: 
---------------- STG Properties BEGIN ----------------
- Is combinational: 0
- Is one-state seq: 0
- Is datapath-only: 0
- Is pipelined: 0
- Is top level: 0
Port [ Return ] is wired: 1; IO mode=ap_ctrl_hs:ce=0
Port [ acc_out]:  wired=1; compound=0; hidden=0; nouse=0; global=0; static=0; extern=0; dir=1; type=0; pingpong=0; private_global=0; IO mode=ap_vld:ce=0
Port [ shift_reg]:  wired=1; compound=1; hidden=0; nouse=0; global=1; static=1; extern=0; dir=2; type=1; pingpong=0; private_global=0; MemPort=[01]; IO mode=ap_memory:ce=0
Port [ c]:  wired=1; compound=1; hidden=0; nouse=0; global=1; static=1; extern=0; dir=0; type=1; pingpong=0; private_global=0; MemPort=[13]; IO mode=ap_memory:ce=0
---------------- STG Properties END ------------------

---------------- Datapath Model BEGIN ----------------

<LifeTime>
<method=bitvector/>
acc                    (alloca           ) [ 01111111111]
i                      (alloca           ) [ 01100000000]
store_ln16             (store            ) [ 00000000000]
store_ln15             (store            ) [ 00000000000]
br_ln0                 (br               ) [ 00000000000]
i_2                    (load             ) [ 00100000000]
icmp_ln19              (icmp             ) [ 01111111100]
br_ln19                (br               ) [ 00000000000]
add_ln21               (add              ) [ 00100000000]
zext_ln19              (zext             ) [ 01111000000]
zext_ln21              (zext             ) [ 00000000000]
shift_reg_addr         (getelementptr    ) [ 01010000000]
c_addr                 (getelementptr    ) [ 01010000000]
store_ln16             (store            ) [ 00000000000]
shift_reg_load         (load             ) [ 01101111100]
c_load                 (load             ) [ 01101111100]
shift_reg_addr_1       (getelementptr    ) [ 00000000000]
store_ln21             (store            ) [ 00000000000]
mul_ln22               (mul              ) [ 01000000010]
acc_load               (load             ) [ 00000000000]
acc_1                  (add              ) [ 00100000001]
specpipeline_ln15      (specpipeline     ) [ 00000000000]
speclooptripcount_ln15 (speclooptripcount) [ 00000000000]
specloopname_ln19      (specloopname     ) [ 00000000000]
store_ln15             (store            ) [ 00000000000]
br_ln19                (br               ) [ 00000000000]
acc_load_1             (load             ) [ 00000000000]
write_ln0              (write            ) [ 00000000000]
ret_ln0                (ret              ) [ 00000000000]
</LifeTime>

<model>

<comp_list>
<comp id="0" class="1000" name="acc_out">
<pin_list>
<pin id="1" dir="1" index="0" bw="1" slack="0"/>
</pin_list>
<bind>
<StgValue><ssdm name="acc_out"/></StgValue>
</bind>
</comp>

<comp id="2" class="1000" name="shift_reg">
<pin_list>
<pin id="3" dir="1" index="0" bw="1" slack="0"/>
</pin_list>
<bind>
<StgValue><ssdm name="shift_reg"/><MemPortTyVec>0 1 </MemPortTyVec>
</StgValue>
</bind>
</comp>

<comp id="4" class="1000" name="c">
<pin_list>
<pin id="5" dir="1" index="0" bw="1" slack="0"/>
</pin_list>
<bind>
<StgValue><ssdm name="c"/><MemPortTyVec>1 3 </MemPortTyVec>
</StgValue>
</bind>
</comp>

<comp id="6" class="1001" name="const_6">
<pin_list>
<pin id="7" dir="1" index="0" bw="1" slack="0"/>
</pin_list>
<bind>
<StgValue><ssdm name=""/></StgValue>
</bind>
</comp>

<comp id="8" class="1001" name="const_8">
<pin_list>
<pin id="9" dir="1" index="0" bw="1" slack="0"/>
</pin_list>
<bind>
<StgValue><ssdm name=""/></StgValue>
</bind>
</comp>

<comp id="10" class="1001" name="const_10">
<pin_list>
<pin id="11" dir="1" index="0" bw="1" slack="0"/>
</pin_list>
<bind>
<StgValue><ssdm name=""/></StgValue>
</bind>
</comp>

<comp id="12" class="1001" name="const_12">
<pin_list>
<pin id="13" dir="1" index="0" bw="1" slack="0"/>
</pin_list>
<bind>
<StgValue><ssdm name=""/></StgValue>
</bind>
</comp>

<comp id="14" class="1001" name="const_14">
<pin_list>
<pin id="15" dir="1" index="0" bw="1" slack="0"/>
</pin_list>
<bind>
<StgValue><ssdm name=""/></StgValue>
</bind>
</comp>

<comp id="16" class="1001" name="const_16">
<pin_list>
<pin id="17" dir="1" index="0" bw="1" slack="0"/>
</pin_list>
<bind>
<StgValue><ssdm name=""/></StgValue>
</bind>
</comp>

<comp id="18" class="1001" name="const_18">
<pin_list>
<pin id="19" dir="1" index="0" bw="1" slack="2147483647"/>
</pin_list>
<bind>
<StgValue><ssdm name="_ssdm_op_SpecPipeline"/></StgValue>
</bind>
</comp>

<comp id="20" class="1001" name="const_20">
<pin_list>
<pin id="21" dir="1" index="0" bw="1" slack="2147483647"/>
</pin_list>
<bind>
<StgValue><ssdm name=""/></StgValue>
</bind>
</comp>

<comp id="22" class="1001" name="const_22">
<pin_list>
<pin id="23" dir="1" index="0" bw="1" slack="2147483647"/>
</pin_list>
<bind>
<StgValue><ssdm name="empty_0"/></StgValue>
</bind>
</comp>

<comp id="24" class="1001" name="const_24">
<pin_list>
<pin id="25" dir="1" index="0" bw="1" slack="2147483647"/>
</pin_list>
<bind>
<StgValue><ssdm name="_ssdm_op_SpecLoopTripCount"/></StgValue>
</bind>
</comp>

<comp id="26" class="1001" name="const_26">
<pin_list>
<pin id="27" dir="1" index="0" bw="1" slack="2147483647"/>
</pin_list>
<bind>
<StgValue><ssdm name=""/></StgValue>
</bind>
</comp>

<comp id="28" class="1001" name="const_28">
<pin_list>
<pin id="29" dir="1" index="0" bw="1" slack="2147483647"/>
</pin_list>
<bind>
<StgValue><ssdm name="_ssdm_op_SpecLoopName"/></StgValue>
</bind>
</comp>

<comp id="30" class="1001" name="const_30">
<pin_list>
<pin id="31" dir="1" index="0" bw="1" slack="2147483647"/>
</pin_list>
<bind>
<StgValue><ssdm name="empty_13"/></StgValue>
</bind>
</comp>

<comp id="32" class="1001" name="const_32">
<pin_list>
<pin id="33" dir="1" index="0" bw="1" slack="0"/>
</pin_list>
<bind>
<StgValue><ssdm name="_ssdm_op_Write.ap_auto.i32P0A"/></StgValue>
</bind>
</comp>

<comp id="34" class="1004" name="acc_fu_34">
<pin_list>
<pin id="35" dir="0" index="0" bw="1" slack="0"/>
<pin id="36" dir="1" index="1" bw="32" slack="0"/>
</pin_list>
<bind>
<opcode="alloca(26) " fcode="alloca"/>
<opset="acc/1 "/>
</bind>
</comp>

<comp id="38" class="1004" name="i_fu_38">
<pin_list>
<pin id="39" dir="0" index="0" bw="1" slack="0"/>
<pin id="40" dir="1" index="1" bw="7" slack="0"/>
</pin_list>
<bind>
<opcode="alloca(26) " fcode="alloca"/>
<opset="i/1 "/>
</bind>
</comp>

<comp id="42" class="1004" name="write_ln0_write_fu_42">
<pin_list>
<pin id="43" dir="0" index="0" bw="0" slack="0"/>
<pin id="44" dir="0" index="1" bw="32" slack="0"/>
<pin id="45" dir="0" index="2" bw="32" slack="0"/>
<pin id="46" dir="1" index="3" bw="0" slack="2147483647"/>
</pin_list>
<bind>
<opcode="write(1151) " fcode="write"/>
<opset="write_ln0/8 "/>
</bind>
</comp>

<comp id="49" class="1004" name="shift_reg_addr_gep_fu_49">
<pin_list>
<pin id="50" dir="0" index="0" bw="32" slack="0"/>
<pin id="51" dir="0" index="1" bw="1" slack="0"/>
<pin id="52" dir="0" index="2" bw="7" slack="0"/>
<pin id="53" dir="1" index="3" bw="7" slack="0"/>
</pin_list>
<bind>
<opcode="getelementptr(29) " fcode="getelementptr"/>
<opset="shift_reg_addr/2 "/>
</bind>
</comp>

<comp id="56" class="1004" name="grp_access_fu_56">
<pin_list>
<pin id="57" dir="0" index="0" bw="7" slack="0"/>
<pin id="58" dir="0" index="1" bw="32" slack="1"/>
<pin id="59" dir="0" index="2" bw="0" slack="0"/>
<pin id="61" dir="0" index="4" bw="7" slack="2147483647"/>
<pin id="62" dir="0" index="5" bw="32" slack="2147483647"/>
<pin id="63" dir="0" index="6" bw="0" slack="2147483647"/>
<pin id="60" dir="1" index="3" bw="32" slack="2147483647"/>
<pin id="64" dir="1" index="7" bw="32" slack="1"/>
</pin_list>
<bind>
<opcode="load(27) store(28) " fcode="store"/>
<opset="shift_reg_load/2 store_ln21/4 "/>
</bind>
</comp>

<comp id="66" class="1004" name="c_addr_gep_fu_66">
<pin_list>
<pin id="67" dir="0" index="0" bw="32" slack="0"/>
<pin id="68" dir="0" index="1" bw="1" slack="0"/>
<pin id="69" dir="0" index="2" bw="7" slack="0"/>
<pin id="70" dir="1" index="3" bw="7" slack="0"/>
</pin_list>
<bind>
<opcode="getelementptr(29) " fcode="getelementptr"/>
<opset="c_addr/2 "/>
</bind>
</comp>

<comp id="73" class="1004" name="grp_access_fu_73">
<pin_list>
<pin id="74" dir="0" index="0" bw="7" slack="0"/>
<pin id="75" dir="0" index="1" bw="32" slack="2147483647"/>
<pin id="76" dir="0" index="2" bw="0" slack="2147483647"/>
<pin id="77" dir="1" index="3" bw="32" slack="1"/>
</pin_list>
<bind>
<opcode="load(27) " fcode="load"/>
<opset="c_load/2 "/>
</bind>
</comp>

<comp id="79" class="1004" name="shift_reg_addr_1_gep_fu_79">
<pin_list>
<pin id="80" dir="0" index="0" bw="32" slack="0"/>
<pin id="81" dir="0" index="1" bw="1" slack="0"/>
<pin id="82" dir="0" index="2" bw="7" slack="2"/>
<pin id="83" dir="1" index="3" bw="7" slack="0"/>
</pin_list>
<bind>
<opcode="getelementptr(29) " fcode="getelementptr"/>
<opset="shift_reg_addr_1/4 "/>
</bind>
</comp>

<comp id="87" class="1004" name="grp_fu_87">
<pin_list>
<pin id="88" dir="0" index="0" bw="32" slack="1"/>
<pin id="89" dir="0" index="1" bw="32" slack="1"/>
<pin id="90" dir="1" index="2" bw="32" slack="1"/>
</pin_list>
<bind>
<opcode="mul(12) " fcode="mul"/>
<opset="mul_ln22/4 "/>
</bind>
</comp>

<comp id="91" class="1004" name="store_ln16_store_fu_91">
<pin_list>
<pin id="92" dir="0" index="0" bw="6" slack="0"/>
<pin id="93" dir="0" index="1" bw="7" slack="0"/>
<pin id="94" dir="1" index="2" bw="0" slack="2147483647"/>
</pin_list>
<bind>
<opcode="store(28) " fcode="store"/>
<opset="store_ln16/1 "/>
</bind>
</comp>

<comp id="96" class="1004" name="store_ln15_store_fu_96">
<pin_list>
<pin id="97" dir="0" index="0" bw="1" slack="0"/>
<pin id="98" dir="0" index="1" bw="32" slack="0"/>
<pin id="99" dir="1" index="2" bw="0" slack="2147483647"/>
</pin_list>
<bind>
<opcode="store(28) " fcode="store"/>
<opset="store_ln15/1 "/>
</bind>
</comp>

<comp id="101" class="1004" name="i_2_load_fu_101">
<pin_list>
<pin id="102" dir="0" index="0" bw="7" slack="0"/>
<pin id="103" dir="1" index="1" bw="7" slack="0"/>
</pin_list>
<bind>
<opcode="load(27) " fcode="load"/>
<opset="i_2/1 "/>
</bind>
</comp>

<comp id="104" class="1004" name="icmp_ln19_fu_104">
<pin_list>
<pin id="105" dir="0" index="0" bw="7" slack="0"/>
<pin id="106" dir="0" index="1" bw="7" slack="0"/>
<pin id="107" dir="1" index="2" bw="1" slack="1"/>
</pin_list>
<bind>
<opcode="icmp(45) " fcode="icmp"/>
<opset="icmp_ln19/1 "/>
</bind>
</comp>

<comp id="110" class="1004" name="add_ln21_fu_110">
<pin_list>
<pin id="111" dir="0" index="0" bw="7" slack="0"/>
<pin id="112" dir="0" index="1" bw="1" slack="0"/>
<pin id="113" dir="1" index="2" bw="7" slack="1"/>
</pin_list>
<bind>
<opcode="add(8) " fcode="add"/>
<opset="add_ln21/1 "/>
</bind>
</comp>

<comp id="116" class="1004" name="zext_ln19_fu_116">
<pin_list>
<pin id="117" dir="0" index="0" bw="7" slack="1"/>
<pin id="118" dir="1" index="1" bw="64" slack="0"/>
</pin_list>
<bind>
<opcode="zext(34) " fcode="zext"/>
<opset="zext_ln19/2 "/>
</bind>
</comp>

<comp id="120" class="1004" name="zext_ln21_fu_120">
<pin_list>
<pin id="121" dir="0" index="0" bw="7" slack="1"/>
<pin id="122" dir="1" index="1" bw="64" slack="0"/>
</pin_list>
<bind>
<opcode="zext(34) " fcode="zext"/>
<opset="zext_ln21/2 "/>
</bind>
</comp>

<comp id="124" class="1004" name="store_ln16_store_fu_124">
<pin_list>
<pin id="125" dir="0" index="0" bw="7" slack="1"/>
<pin id="126" dir="0" index="1" bw="7" slack="1"/>
<pin id="127" dir="1" index="2" bw="0" slack="2147483647"/>
</pin_list>
<bind>
<opcode="store(28) " fcode="store"/>
<opset="store_ln16/2 "/>
</bind>
</comp>

<comp id="128" class="1004" name="acc_load_load_fu_128">
<pin_list>
<pin id="129" dir="0" index="0" bw="32" slack="8"/>
<pin id="130" dir="1" index="1" bw="32" slack="0"/>
</pin_list>
<bind>
<opcode="load(27) " fcode="load"/>
<opset="acc_load/9 "/>
</bind>
</comp>

<comp id="131" class="1004" name="acc_1_fu_131">
<pin_list>
<pin id="132" dir="0" index="0" bw="32" slack="1"/>
<pin id="133" dir="0" index="1" bw="32" slack="0"/>
<pin id="134" dir="1" index="2" bw="32" slack="1"/>
</pin_list>
<bind>
<opcode="add(8) " fcode="add"/>
<opset="acc_1/9 "/>
</bind>
</comp>

<comp id="136" class="1004" name="store_ln15_store_fu_136">
<pin_list>
<pin id="137" dir="0" index="0" bw="32" slack="1"/>
<pin id="138" dir="0" index="1" bw="32" slack="9"/>
<pin id="139" dir="1" index="2" bw="0" slack="2147483647"/>
</pin_list>
<bind>
<opcode="store(28) " fcode="store"/>
<opset="store_ln15/10 "/>
</bind>
</comp>

<comp id="140" class="1004" name="acc_load_1_load_fu_140">
<pin_list>
<pin id="141" dir="0" index="0" bw="32" slack="7"/>
<pin id="142" dir="1" index="1" bw="32" slack="0"/>
</pin_list>
<bind>
<opcode="load(27) " fcode="load"/>
<opset="acc_load_1/8 "/>
</bind>
</comp>

<comp id="144" class="1005" name="acc_reg_144">
<pin_list>
<pin id="145" dir="0" index="0" bw="32" slack="0"/>
<pin id="146" dir="1" index="1" bw="32" slack="0"/>
</pin_list>
<bind>
<opset="acc "/>
</bind>
</comp>

<comp id="152" class="1005" name="i_reg_152">
<pin_list>
<pin id="153" dir="0" index="0" bw="7" slack="0"/>
<pin id="154" dir="1" index="1" bw="7" slack="0"/>
</pin_list>
<bind>
<opset="i "/>
</bind>
</comp>

<comp id="159" class="1005" name="i_2_reg_159">
<pin_list>
<pin id="160" dir="0" index="0" bw="7" slack="1"/>
<pin id="161" dir="1" index="1" bw="7" slack="1"/>
</pin_list>
<bind>
<opset="i_2 "/>
</bind>
</comp>

<comp id="164" class="1005" name="icmp_ln19_reg_164">
<pin_list>
<pin id="165" dir="0" index="0" bw="1" slack="1"/>
<pin id="166" dir="1" index="1" bw="1" slack="2147483647"/>
</pin_list>
<bind>
<opset="icmp_ln19 "/>
</bind>
</comp>

<comp id="168" class="1005" name="add_ln21_reg_168">
<pin_list>
<pin id="169" dir="0" index="0" bw="7" slack="1"/>
<pin id="170" dir="1" index="1" bw="7" slack="1"/>
</pin_list>
<bind>
<opset="add_ln21 "/>
</bind>
</comp>

<comp id="174" class="1005" name="zext_ln19_reg_174">
<pin_list>
<pin id="175" dir="0" index="0" bw="64" slack="2"/>
<pin id="176" dir="1" index="1" bw="64" slack="2"/>
</pin_list>
<bind>
<opset="zext_ln19 "/>
</bind>
</comp>

<comp id="179" class="1005" name="shift_reg_addr_reg_179">
<pin_list>
<pin id="180" dir="0" index="0" bw="7" slack="1"/>
<pin id="181" dir="1" index="1" bw="7" slack="1"/>
</pin_list>
<bind>
<opset="shift_reg_addr "/>
</bind>
</comp>

<comp id="184" class="1005" name="c_addr_reg_184">
<pin_list>
<pin id="185" dir="0" index="0" bw="7" slack="1"/>
<pin id="186" dir="1" index="1" bw="7" slack="1"/>
</pin_list>
<bind>
<opset="c_addr "/>
</bind>
</comp>

<comp id="189" class="1005" name="shift_reg_load_reg_189">
<pin_list>
<pin id="190" dir="0" index="0" bw="32" slack="1"/>
<pin id="191" dir="1" index="1" bw="32" slack="1"/>
</pin_list>
<bind>
<opset="shift_reg_load "/>
</bind>
</comp>

<comp id="195" class="1005" name="c_load_reg_195">
<pin_list>
<pin id="196" dir="0" index="0" bw="32" slack="1"/>
<pin id="197" dir="1" index="1" bw="32" slack="1"/>
</pin_list>
<bind>
<opset="c_load "/>
</bind>
</comp>

<comp id="200" class="1005" name="mul_ln22_reg_200">
<pin_list>
<pin id="201" dir="0" index="0" bw="32" slack="1"/>
<pin id="202" dir="1" index="1" bw="32" slack="1"/>
</pin_list>
<bind>
<opset="mul_ln22 "/>
</bind>
</comp>

<comp id="205" class="1005" name="acc_1_reg_205">
<pin_list>
<pin id="206" dir="0" index="0" bw="32" slack="1"/>
<pin id="207" dir="1" index="1" bw="32" slack="1"/>
</pin_list>
<bind>
<opset="acc_1 "/>
</bind>
</comp>

</comp_list>

<net_list>
<net id="37"><net_src comp="6" pin="0"/><net_sink comp="34" pin=0"/></net>

<net id="41"><net_src comp="6" pin="0"/><net_sink comp="38" pin=0"/></net>

<net id="47"><net_src comp="32" pin="0"/><net_sink comp="42" pin=0"/></net>

<net id="48"><net_src comp="0" pin="0"/><net_sink comp="42" pin=1"/></net>

<net id="54"><net_src comp="2" pin="0"/><net_sink comp="49" pin=0"/></net>

<net id="55"><net_src comp="16" pin="0"/><net_sink comp="49" pin=1"/></net>

<net id="65"><net_src comp="49" pin="3"/><net_sink comp="56" pin=2"/></net>

<net id="71"><net_src comp="4" pin="0"/><net_sink comp="66" pin=0"/></net>

<net id="72"><net_src comp="16" pin="0"/><net_sink comp="66" pin=1"/></net>

<net id="78"><net_src comp="66" pin="3"/><net_sink comp="73" pin=0"/></net>

<net id="84"><net_src comp="2" pin="0"/><net_sink comp="79" pin=0"/></net>

<net id="85"><net_src comp="16" pin="0"/><net_sink comp="79" pin=1"/></net>

<net id="86"><net_src comp="79" pin="3"/><net_sink comp="56" pin=0"/></net>

<net id="95"><net_src comp="8" pin="0"/><net_sink comp="91" pin=0"/></net>

<net id="100"><net_src comp="10" pin="0"/><net_sink comp="96" pin=0"/></net>

<net id="108"><net_src comp="101" pin="1"/><net_sink comp="104" pin=0"/></net>

<net id="109"><net_src comp="12" pin="0"/><net_sink comp="104" pin=1"/></net>

<net id="114"><net_src comp="101" pin="1"/><net_sink comp="110" pin=0"/></net>

<net id="115"><net_src comp="14" pin="0"/><net_sink comp="110" pin=1"/></net>

<net id="119"><net_src comp="116" pin="1"/><net_sink comp="66" pin=2"/></net>

<net id="123"><net_src comp="120" pin="1"/><net_sink comp="49" pin=2"/></net>

<net id="135"><net_src comp="128" pin="1"/><net_sink comp="131" pin=1"/></net>

<net id="143"><net_src comp="140" pin="1"/><net_sink comp="42" pin=2"/></net>

<net id="147"><net_src comp="34" pin="1"/><net_sink comp="144" pin=0"/></net>

<net id="148"><net_src comp="144" pin="1"/><net_sink comp="96" pin=1"/></net>

<net id="149"><net_src comp="144" pin="1"/><net_sink comp="128" pin=0"/></net>

<net id="150"><net_src comp="144" pin="1"/><net_sink comp="136" pin=1"/></net>

<net id="151"><net_src comp="144" pin="1"/><net_sink comp="140" pin=0"/></net>

<net id="155"><net_src comp="38" pin="1"/><net_sink comp="152" pin=0"/></net>

<net id="156"><net_src comp="152" pin="1"/><net_sink comp="91" pin=1"/></net>

<net id="157"><net_src comp="152" pin="1"/><net_sink comp="101" pin=0"/></net>

<net id="158"><net_src comp="152" pin="1"/><net_sink comp="124" pin=1"/></net>

<net id="162"><net_src comp="101" pin="1"/><net_sink comp="159" pin=0"/></net>

<net id="163"><net_src comp="159" pin="1"/><net_sink comp="116" pin=0"/></net>

<net id="167"><net_src comp="104" pin="2"/><net_sink comp="164" pin=0"/></net>

<net id="171"><net_src comp="110" pin="2"/><net_sink comp="168" pin=0"/></net>

<net id="172"><net_src comp="168" pin="1"/><net_sink comp="120" pin=0"/></net>

<net id="173"><net_src comp="168" pin="1"/><net_sink comp="124" pin=0"/></net>

<net id="177"><net_src comp="116" pin="1"/><net_sink comp="174" pin=0"/></net>

<net id="178"><net_src comp="174" pin="1"/><net_sink comp="79" pin=2"/></net>

<net id="182"><net_src comp="49" pin="3"/><net_sink comp="179" pin=0"/></net>

<net id="183"><net_src comp="179" pin="1"/><net_sink comp="56" pin=2"/></net>

<net id="187"><net_src comp="66" pin="3"/><net_sink comp="184" pin=0"/></net>

<net id="188"><net_src comp="184" pin="1"/><net_sink comp="73" pin=0"/></net>

<net id="192"><net_src comp="56" pin="7"/><net_sink comp="189" pin=0"/></net>

<net id="193"><net_src comp="189" pin="1"/><net_sink comp="56" pin=1"/></net>

<net id="194"><net_src comp="189" pin="1"/><net_sink comp="87" pin=1"/></net>

<net id="198"><net_src comp="73" pin="3"/><net_sink comp="195" pin=0"/></net>

<net id="199"><net_src comp="195" pin="1"/><net_sink comp="87" pin=0"/></net>

<net id="203"><net_src comp="87" pin="2"/><net_sink comp="200" pin=0"/></net>

<net id="204"><net_src comp="200" pin="1"/><net_sink comp="131" pin=0"/></net>

<net id="208"><net_src comp="131" pin="2"/><net_sink comp="205" pin=0"/></net>

<net id="209"><net_src comp="205" pin="1"/><net_sink comp="136" pin=0"/></net>

</net_list>

</model> 
---------------- Datapath Model END ------------------

* FSMD analyzer results:
  - Output states:
	Port: acc_out | {8 }
	Port: shift_reg | {4 }
	Port: c | {}
 - Input state : 
	Port: fir_wrap_Pipeline_VITIS_LOOP_19_1 : shift_reg | {2 3 }
	Port: fir_wrap_Pipeline_VITIS_LOOP_19_1 : c | {2 3 }
  - Chain level:
	State 1
		store_ln16 : 1
		store_ln15 : 1
		i_2 : 1
		icmp_ln19 : 2
		br_ln19 : 3
		add_ln21 : 2
	State 2
		shift_reg_addr : 1
		shift_reg_load : 2
		c_addr : 1
		c_load : 2
	State 3
	State 4
		store_ln21 : 1
	State 5
	State 6
	State 7
	State 8
		write_ln0 : 1
	State 9
		acc_1 : 1
	State 10


============================================================
+ Verbose Summary: Datapath Resource usage 
============================================================

* Functional unit list:
|----------|-----------------------|---------|---------|---------|
| Operation|    Functional Unit    |   DSP   |    FF   |   LUT   |
|----------|-----------------------|---------|---------|---------|
|    mul   |       grp_fu_87       |    3    |   215   |    1    |
|----------|-----------------------|---------|---------|---------|
|    add   |    add_ln21_fu_110    |    0    |    0    |    14   |
|          |      acc_1_fu_131     |    0    |    0    |    39   |
|----------|-----------------------|---------|---------|---------|
|   icmp   |    icmp_ln19_fu_104   |    0    |    0    |    14   |
|----------|-----------------------|---------|---------|---------|
|   write  | write_ln0_write_fu_42 |    0    |    0    |    0    |
|----------|-----------------------|---------|---------|---------|
|   zext   |    zext_ln19_fu_116   |    0    |    0    |    0    |
|          |    zext_ln21_fu_120   |    0    |    0    |    0    |
|----------|-----------------------|---------|---------|---------|
|   Total  |                       |    3    |   215   |    68   |
|----------|-----------------------|---------|---------|---------|

Memories:
N/A

* Register list:
+----------------------+--------+
|                      |   FF   |
+----------------------+--------+
|     acc_1_reg_205    |   32   |
|      acc_reg_144     |   32   |
|   add_ln21_reg_168   |    7   |
|    c_addr_reg_184    |    7   |
|    c_load_reg_195    |   32   |
|      i_2_reg_159     |    7   |
|       i_reg_152      |    7   |
|   icmp_ln19_reg_164  |    1   |
|   mul_ln22_reg_200   |   32   |
|shift_reg_addr_reg_179|    7   |
|shift_reg_load_reg_189|   32   |
|   zext_ln19_reg_174  |   64   |
+----------------------+--------+
|         Total        |   260  |
+----------------------+--------+

* Multiplexer (MUX) list: 
|------------------|------|------|------|--------||---------||---------||---------|
|       Comp       |  Pin | Size |  BW  | S x BW ||  Delay  ||    FF   ||   LUT   |
|------------------|------|------|------|--------||---------||---------||---------|
| grp_access_fu_56 |  p2  |   2  |   0  |    0   ||    0    ||    9    |
| grp_access_fu_73 |  p0  |   2  |   7  |   14   ||    0    ||    9    |
|------------------|------|------|------|--------||---------||---------||---------|
|       Total      |      |      |      |   14   ||  3.176  ||    0    ||    18   |
|------------------|------|------|------|--------||---------||---------||---------|



* Summary:
+-----------+--------+--------+--------+--------+
|           |   DSP  |  Delay |   FF   |   LUT  |
+-----------+--------+--------+--------+--------+
|  Function |    3   |    -   |   215  |   68   |
|   Memory  |    -   |    -   |    -   |    -   |
|Multiplexer|    -   |    3   |    0   |   18   |
|  Register |    -   |    -   |   260  |    -   |
+-----------+--------+--------+--------+--------+
|   Total   |    3   |    3   |   475  |   86   |
+-----------+--------+--------+--------+--------+
