E:/robot/project/FPGA/ZedBoard/HLS_lab/source/fir/prj/hoisting/kernel/run_hls.tcl:38:9: warning: HLS pragma dump _XLX_SEP_ PragmaIsValid=1_XLX_SEP_ PragmaType=top_XLX_SEP_ PragmaContext=directive_XLX_SEP_ PragmaFunction=fir_wrap_XLX_SEP_ PragmaOptions=name=fir_wrap_XLX_SEP_ [-Wdump-hls-pragmas]
#pragma HLSDIRECTIVE TOP name=fir_wrap
        ^
fir_hoisting.cpp:33:9: warning: HLS pragma dump _XLX_SEP_ PragmaIsValid=1_XLX_SEP_ PragmaType=interface_XLX_SEP_ PragmaContext=_XLX_SEP_ PragmaFunction=fir_wrap_XLX_SEP_ PragmaOptions=m_axi depth=100 port=y_XLX_SEP_ [-Wdump-hls-pragmas]
#pragma HLS INTERFACE m_axi depth=100 port=y
        ^
fir_hoisting.cpp:34:9: warning: HLS pragma dump _XLX_SEP_ PragmaIsValid=1_XLX_SEP_ PragmaType=interface_XLX_SEP_ PragmaContext=_XLX_SEP_ PragmaFunction=fir_wrap_XLX_SEP_ PragmaOptions=m_axi depth=100 port=x_XLX_SEP_ [-Wdump-hls-pragmas]
#pragma HLS INTERFACE m_axi depth=100 port=x
        ^
fir_hoisting.cpp:35:9: warning: HLS pragma dump _XLX_SEP_ PragmaIsValid=1_XLX_SEP_ PragmaType=interface_XLX_SEP_ PragmaContext=_XLX_SEP_ PragmaFunction=fir_wrap_XLX_SEP_ PragmaOptions=m_axi depth=99 port=coef_XLX_SEP_ [-Wdump-hls-pragmas]
#pragma HLS INTERFACE m_axi depth=99 port=coef
        ^
fir_hoisting.cpp:36:9: warning: HLS pragma dump _XLX_SEP_ PragmaIsValid=1_XLX_SEP_ PragmaType=interface_XLX_SEP_ PragmaContext=_XLX_SEP_ PragmaFunction=fir_wrap_XLX_SEP_ PragmaOptions=s_axilite port=len bundle=CTRL_XLX_SEP_ [-Wdump-hls-pragmas]
#pragma HLS INTERFACE s_axilite port=len bundle=CTRL
        ^
fir_hoisting.cpp:37:9: warning: HLS pragma dump _XLX_SEP_ PragmaIsValid=1_XLX_SEP_ PragmaType=interface_XLX_SEP_ PragmaContext=_XLX_SEP_ PragmaFunction=fir_wrap_XLX_SEP_ PragmaOptions=s_axilite port=return bundle=CTRL_XLX_SEP_ [-Wdump-hls-pragmas]
#pragma HLS INTERFACE s_axilite port=return bundle=CTRL
        ^
fir_hoisting.cpp:49:9: warning: HLS pragma dump _XLX_SEP_ PragmaIsValid=1_XLX_SEP_ PragmaType=loop_tripcount_XLX_SEP_ PragmaContext=_XLX_SEP_ PragmaFunction=fir_wrap_XLX_SEP_ PragmaOptions=max=100 min=100_XLX_SEP_ [-Wdump-hls-pragmas]
#pragma HLS LOOP_TRIPCOUNT max=100 min=100
        ^
7 warnings generated.
