10/17/24 21:20:52: Running xcd server. This server was NOT built by gradle, but presumably rdi.
10/17/24 21:20:52: Server was asked to start on port: '53924'
10/17/24 21:20:52: Server is using token UUID: 'a07b1e45-8c8a-11ef-86f6-744ca175a020'
10/17/24 21:20:52: SESSION_MGR: creating session with session uuid: '6d04a3e9-ade5-4ab9-8d63-1f78fcd2ec76' and name 'default'
10/17/24 21:20:52: Attempting to start server on port '53924'
10/17/24 21:20:52: Running Dispatch Server
10/17/24 21:20:52: Version 2.2.0
10/17/24 21:20:52: Dispatch Server: Accepted socket connection from client
10/17/24 21:20:52: Starting Socket connection
10/17/24 21:20:52: EXCHANGE_TOKEN received, server token: a07b1e45-8c8a-11ef-86f6-744ca175a020, passed token: a07b1e45-8c8a-11ef-86f6-744ca175a020
10/17/24 21:20:52: SESSION_MGR: creating session with session uuid: 'bac276db-5911-4252-af85-c79ea6aeb732' and name 'Code Analyzer'
10/17/24 21:20:52: KERNEL_SVC: creating session with uuid: 'bac276db-5911-4252-af85-c79ea6aeb732' and name 'Code Analyzer'
10/17/24 21:20:52: GUIDANCE_SMGR: creating guidance session with uuid: 'bac276db-5911-4252-af85-c79ea6aeb732' and name 'Code Analyzer'
10/17/24 21:20:52: SESSION_MGR: closing session for UUID 'bac276db-5911-4252-af85-c79ea6aeb732' with name ''
10/17/24 21:20:52: KERNEL_SVC: closing session for UUID 'bac276db-5911-4252-af85-c79ea6aeb732' with name ''
10/17/24 21:20:52: GUIDANCE_SMGR: closing session for UUID 'bac276db-5911-4252-af85-c79ea6aeb732' with name ''
10/17/24 21:20:52: STOP_SERVER received, server token: a07b1e45-8c8a-11ef-86f6-744ca175a020, passed token: a07b1e45-8c8a-11ef-86f6-744ca175a020
10/17/24 21:20:52: Socket received request to stop server.
10/17/24 21:20:52: Dispatch Server: do_await_stop
10/17/24 21:20:52: SERVER: destructor for server bound to port 53924
10/17/24 21:20:52: Server exiting with status 0.
10/17/24 21:20:52: Closing log file.
10/17/24 21:22:11: Running xcd server. This server was NOT built by gradle, but presumably rdi.
10/17/24 21:22:11: Server was asked to start on port: '59158'
10/17/24 21:22:11: Server is using token UUID: 'cfc30e80-8c8a-11ef-acf8-744ca175a020'
10/17/24 21:22:11: SESSION_MGR: creating session with session uuid: '6d04a3e9-ade5-4ab9-8d63-1f78fcd2ec76' and name 'default'
10/17/24 21:22:11: Attempting to start server on port '59158'
10/17/24 21:22:11: Running Dispatch Server
10/17/24 21:22:11: Version 2.2.0
10/17/24 21:22:11: Dispatch Server: Accepted socket connection from client
10/17/24 21:22:11: Starting Socket connection
10/17/24 21:22:11: EXCHANGE_TOKEN received, server token: cfc30e80-8c8a-11ef-acf8-744ca175a020, passed token: cfc30e80-8c8a-11ef-acf8-744ca175a020
10/17/24 21:22:11: SESSION_MGR: creating session with session uuid: 'cd41a101-14e6-411c-aba2-239603759d74' and name 'Code Analyzer'
10/17/24 21:22:11: KERNEL_SVC: creating session with uuid: 'cd41a101-14e6-411c-aba2-239603759d74' and name 'Code Analyzer'
10/17/24 21:22:11: GUIDANCE_SMGR: creating guidance session with uuid: 'cd41a101-14e6-411c-aba2-239603759d74' and name 'Code Analyzer'
10/17/24 21:22:15: SESSION_MGR: closing session for UUID 'cd41a101-14e6-411c-aba2-239603759d74' with name ''
10/17/24 21:22:15: KERNEL_SVC: closing session for UUID 'cd41a101-14e6-411c-aba2-239603759d74' with name ''
10/17/24 21:22:15: GUIDANCE_SMGR: closing session for UUID 'cd41a101-14e6-411c-aba2-239603759d74' with name ''
10/17/24 21:22:15: STOP_SERVER received, server token: cfc30e80-8c8a-11ef-acf8-744ca175a020, passed token: cfc30e80-8c8a-11ef-acf8-744ca175a020
10/17/24 21:22:15: Socket received request to stop server.
10/17/24 21:22:15: Dispatch Server: do_await_stop
10/17/24 21:22:15: SERVER: destructor for server bound to port 59158
10/17/24 21:22:15: Server exiting with status 0.
10/17/24 21:22:15: Closing log file.
