================================================================
== Vivado RTL Synthesis Results
================================================================
+ General Information:
    * Date:            Sun Dec 29 10:54:05 +0800 2024
    * Version:         2024.1 (Build 5069499 on May 21 2024)
    * Project:         sobel
    * Solution:        hls (Vivado IP Flow Target)
    * Product family:  zynq
    * Target device:   xc7z020-clg400-1


================================================================
== Run Constraints & Options
================================================================
+ Design Constraints & Options:
    * RTL Synthesis target clock:  10 ns
    * C-Synthesis uncertainty:     27%

+ RTL Synthesis Options:
    * config_export -vivado_synth_strategy:     default
    * config_export -vivado_synth_design_args:  -directive sdx_optimization_effort_high

+ Reporting Options:
    * config_export -vivado_report_level:      2
    * config_export -vivado_max_timing_paths:  10


================================================================
== RTL Synthesis Resource Summary
================================================================
LUT:              2801
FF:               3723
DSP:              8
BRAM:             2
URAM:             0
SRL:              310


================================================================
== RTL Synthesis Timing Summary
================================================================
* Timing was met
+----------------+-------------+
| Timing         | Period (ns) |
+----------------+-------------+
| Target         | 10.000      |
| Post-Synthesis | 6.554       |
+----------------+-------------+


================================================================
== RTL Synthesis Resources
================================================================
+----------------------------------------------------------------+------+------+-----+------+------+-----+--------+------+---------+----------+--------+
| Name                                                           | LUT  | FF   | DSP | BRAM | URAM | SRL | Pragma | Impl | Latency | Variable | Source |
+----------------------------------------------------------------+------+------+-----+------+------+-----+--------+------+---------+----------+--------+
| inst                                                           | 2801 | 3723 | 8   | 2    |      |     |        |      |         |          |        |
|   (inst)                                                       |      | 293  |     |      |      |     |        |      |         |          |        |
|   CTRL_s_axi_U                                                 | 414  | 245  |     |      |      |     |        |      |         |          |        |
|   gmem_m_axi_U                                                 | 1555 | 2157 |     | 2    |      |     |        |      |         |          |        |
|   grp_sobel_Pipeline_VITIS_LOOP_77_1_VITIS_LOOP_80_2_fu_94     | 785  | 994  | 4   |      |      |     |        |      |         |          |        |
|     (grp_sobel_Pipeline_VITIS_LOOP_77_1_VITIS_LOOP_80_2_fu_94) | 711  | 958  |     |      |      |     |        |      |         |          |        |
|     mul_31ns_32s_63_2_1_U1                                     | 66   | 34   | 4   |      |      |     |        |      |         |          |        |
|   mul_32ns_32ns_64_2_1_U12                                     | 47   | 34   | 4   |      |      |     |        |      |         |          |        |
+----------------------------------------------------------------+------+------+-----+------+------+-----+--------+------+---------+----------+--------+


================================================================
== RTL Synthesis Fail Fast
================================================================
+-----------------------------------------------------------+-----------+--------+--------+
| Criteria                                                  | Guideline | Actual | Status |
+-----------------------------------------------------------+-----------+--------+--------+
| LUT                                                       | 70%       | 5.27%  | OK     |
| FD                                                        | 50%       | 3.50%  | OK     |
| LUTRAM+SRL                                                | 25%       | 1.78%  | OK     |
| MUXF7                                                     | 15%       | 0.01%  | OK     |
| DSP                                                       | 80%       | 3.64%  | OK     |
| RAMB/FIFO                                                 | 80%       | 0.71%  | OK     |
| DSP+RAMB+URAM (Avg)                                       | 70%       | 2.17%  | OK     |
| BUFGCE* + BUFGCTRL                                        | 24        | 0      | OK     |
| DONT_TOUCH (cells/nets)                                   | 0         | 0      | OK     |
| MARK_DEBUG (nets)                                         | 0         | 0      | OK     |
| Control Sets                                              | 998       | 113    | OK     |
| Average Fanout for modules > 100k cells                   | 4         | 2.58   | OK     |
| Max Average Fanout for modules > 100k cells               | 4         | 0      | OK     |
| Non-FD high fanout nets > 10k loads                       | 0         | 0      | OK     |
+-----------------------------------------------------------+-----------+--------+--------+
| TIMING-6 (No common primary clock between related clocks) | 0         | 0      | OK     |
| TIMING-7 (No common node between related clocks)          | 0         | 0      | OK     |
| TIMING-8 (No common period between related clocks)        | 0         | 0      | OK     |
| TIMING-14 (LUT on the clock tree)                         | 0         | 0      | OK     |
| TIMING-35 (No common node in paths with the same clock)   | 0         | 0      | OK     |
+-----------------------------------------------------------+-----------+--------+--------+
| Number of paths above max LUT budgeting (0.575ns)         | 0         | 0      | OK     |
| Number of paths above max Net budgeting (0.403ns)         | 0         | 0      | OK     |
+-----------------------------------------------------------+-----------+--------+--------+


================================================================
== RTL Synthesis Timing Paths
================================================================
* Timing was met
+-------+-------+--------------------------------+-------------------------+--------------+------------+----------------+----------------+--------------+
| Path  | SLACK | STARTPOINT PIN                 | ENDPOINT PIN            | LOGIC LEVELS | MAX FANOUT | DATAPATH DELAY | DATAPATH LOGIC | DATAPATH NET |
|       |       |                                |                         |              |            |                |          DELAY |        DELAY |
+-------+-------+--------------------------------+-------------------------+--------------+------------+----------------+----------------+--------------+
| Path1 | 3.446 | CTRL_s_axi_U/int_cols_reg[4]/C | empty_reg_232_reg[0]/R  |           11 |         35 |          5.946 |          3.314 |        2.632 |
| Path2 | 3.446 | CTRL_s_axi_U/int_cols_reg[4]/C | empty_reg_232_reg[10]/R |           11 |         35 |          5.946 |          3.314 |        2.632 |
| Path3 | 3.446 | CTRL_s_axi_U/int_cols_reg[4]/C | empty_reg_232_reg[11]/R |           11 |         35 |          5.946 |          3.314 |        2.632 |
| Path4 | 3.446 | CTRL_s_axi_U/int_cols_reg[4]/C | empty_reg_232_reg[12]/R |           11 |         35 |          5.946 |          3.314 |        2.632 |
| Path5 | 3.446 | CTRL_s_axi_U/int_cols_reg[4]/C | empty_reg_232_reg[13]/R |           11 |         35 |          5.946 |          3.314 |        2.632 |
+-------+-------+--------------------------------+-------------------------+--------------+------------+----------------+----------------+--------------+

    +---------------------------------------+----------------------+
    | Path1 Cells                           | Primitive Type       |
    +---------------------------------------+----------------------+
    | CTRL_s_axi_U/int_cols_reg[4]          | FLOP_LATCH.flop.FDRE |
    | CTRL_s_axi_U/sub2_reg_227_reg[4]_i_1  | CARRY.others.CARRY4  |
    | CTRL_s_axi_U/sub2_reg_227_reg[8]_i_1  | CARRY.others.CARRY4  |
    | CTRL_s_axi_U/sub2_reg_227_reg[12]_i_1 | CARRY.others.CARRY4  |
    | CTRL_s_axi_U/sub2_reg_227_reg[16]_i_1 | CARRY.others.CARRY4  |
    | CTRL_s_axi_U/sub2_reg_227_reg[20]_i_1 | CARRY.others.CARRY4  |
    | CTRL_s_axi_U/sub2_reg_227_reg[24]_i_1 | CARRY.others.CARRY4  |
    | CTRL_s_axi_U/sub2_reg_227_reg[28]_i_1 | CARRY.others.CARRY4  |
    | CTRL_s_axi_U/sub2_reg_227_reg[31]_i_1 | CARRY.others.CARRY4  |
    | CTRL_s_axi_U/tmp_product_i_53         | LUT.others.LUT2      |
    | CTRL_s_axi_U/tmp_product_i_12         | CARRY.others.CARRY4  |
    | CTRL_s_axi_U/tmp_product_i_1__0       | LUT.others.LUT2      |
    | empty_reg_232_reg[0]                  | FLOP_LATCH.flop.FDRE |
    | CTRL_s_axi_U/int_cols_reg[4]          | FLOP_LATCH.flop.FDRE |
    | CTRL_s_axi_U/sub2_reg_227_reg[4]_i_1  | CARRY.others.CARRY4  |
    | CTRL_s_axi_U/sub2_reg_227_reg[8]_i_1  | CARRY.others.CARRY4  |
    | CTRL_s_axi_U/sub2_reg_227_reg[12]_i_1 | CARRY.others.CARRY4  |
    | CTRL_s_axi_U/sub2_reg_227_reg[16]_i_1 | CARRY.others.CARRY4  |
    | CTRL_s_axi_U/sub2_reg_227_reg[20]_i_1 | CARRY.others.CARRY4  |
    | CTRL_s_axi_U/sub2_reg_227_reg[24]_i_1 | CARRY.others.CARRY4  |
    | CTRL_s_axi_U/sub2_reg_227_reg[28]_i_1 | CARRY.others.CARRY4  |
    | CTRL_s_axi_U/sub2_reg_227_reg[31]_i_1 | CARRY.others.CARRY4  |
    | CTRL_s_axi_U/tmp_product_i_53         | LUT.others.LUT2      |
    | CTRL_s_axi_U/tmp_product_i_12         | CARRY.others.CARRY4  |
    | CTRL_s_axi_U/tmp_product_i_1__0       | LUT.others.LUT2      |
    | empty_reg_232_reg[10]                 | FLOP_LATCH.flop.FDRE |
    | CTRL_s_axi_U/int_cols_reg[4]          | FLOP_LATCH.flop.FDRE |
    | CTRL_s_axi_U/sub2_reg_227_reg[4]_i_1  | CARRY.others.CARRY4  |
    | CTRL_s_axi_U/sub2_reg_227_reg[8]_i_1  | CARRY.others.CARRY4  |
    | CTRL_s_axi_U/sub2_reg_227_reg[12]_i_1 | CARRY.others.CARRY4  |
    | CTRL_s_axi_U/sub2_reg_227_reg[16]_i_1 | CARRY.others.CARRY4  |
    | CTRL_s_axi_U/sub2_reg_227_reg[20]_i_1 | CARRY.others.CARRY4  |
    | CTRL_s_axi_U/sub2_reg_227_reg[24]_i_1 | CARRY.others.CARRY4  |
    | CTRL_s_axi_U/sub2_reg_227_reg[28]_i_1 | CARRY.others.CARRY4  |
    | CTRL_s_axi_U/sub2_reg_227_reg[31]_i_1 | CARRY.others.CARRY4  |
    | CTRL_s_axi_U/tmp_product_i_53         | LUT.others.LUT2      |
    | CTRL_s_axi_U/tmp_product_i_12         | CARRY.others.CARRY4  |
    | CTRL_s_axi_U/tmp_product_i_1__0       | LUT.others.LUT2      |
    | empty_reg_232_reg[11]                 | FLOP_LATCH.flop.FDRE |
    | CTRL_s_axi_U/int_cols_reg[4]          | FLOP_LATCH.flop.FDRE |
    | CTRL_s_axi_U/sub2_reg_227_reg[4]_i_1  | CARRY.others.CARRY4  |
    | CTRL_s_axi_U/sub2_reg_227_reg[8]_i_1  | CARRY.others.CARRY4  |
    | CTRL_s_axi_U/sub2_reg_227_reg[12]_i_1 | CARRY.others.CARRY4  |
    | CTRL_s_axi_U/sub2_reg_227_reg[16]_i_1 | CARRY.others.CARRY4  |
    | CTRL_s_axi_U/sub2_reg_227_reg[20]_i_1 | CARRY.others.CARRY4  |
    | CTRL_s_axi_U/sub2_reg_227_reg[24]_i_1 | CARRY.others.CARRY4  |
    | CTRL_s_axi_U/sub2_reg_227_reg[28]_i_1 | CARRY.others.CARRY4  |
    | CTRL_s_axi_U/sub2_reg_227_reg[31]_i_1 | CARRY.others.CARRY4  |
    | CTRL_s_axi_U/tmp_product_i_53         | LUT.others.LUT2      |
    | CTRL_s_axi_U/tmp_product_i_12         | CARRY.others.CARRY4  |
    | CTRL_s_axi_U/tmp_product_i_1__0       | LUT.others.LUT2      |
    | empty_reg_232_reg[12]                 | FLOP_LATCH.flop.FDRE |
    | CTRL_s_axi_U/int_cols_reg[4]          | FLOP_LATCH.flop.FDRE |
    | CTRL_s_axi_U/sub2_reg_227_reg[4]_i_1  | CARRY.others.CARRY4  |
    | CTRL_s_axi_U/sub2_reg_227_reg[8]_i_1  | CARRY.others.CARRY4  |
    | CTRL_s_axi_U/sub2_reg_227_reg[12]_i_1 | CARRY.others.CARRY4  |
    | CTRL_s_axi_U/sub2_reg_227_reg[16]_i_1 | CARRY.others.CARRY4  |
    | CTRL_s_axi_U/sub2_reg_227_reg[20]_i_1 | CARRY.others.CARRY4  |
    | CTRL_s_axi_U/sub2_reg_227_reg[24]_i_1 | CARRY.others.CARRY4  |
    | CTRL_s_axi_U/sub2_reg_227_reg[28]_i_1 | CARRY.others.CARRY4  |
    | CTRL_s_axi_U/sub2_reg_227_reg[31]_i_1 | CARRY.others.CARRY4  |
    | CTRL_s_axi_U/tmp_product_i_53         | LUT.others.LUT2      |
    | CTRL_s_axi_U/tmp_product_i_12         | CARRY.others.CARRY4  |
    | CTRL_s_axi_U/tmp_product_i_1__0       | LUT.others.LUT2      |
    | empty_reg_232_reg[13]                 | FLOP_LATCH.flop.FDRE |
    +---------------------------------------+----------------------+

    +---------------------------------------+----------------------+
    | Path2 Cells                           | Primitive Type       |
    +---------------------------------------+----------------------+
    | CTRL_s_axi_U/int_cols_reg[4]          | FLOP_LATCH.flop.FDRE |
    | CTRL_s_axi_U/sub2_reg_227_reg[4]_i_1  | CARRY.others.CARRY4  |
    | CTRL_s_axi_U/sub2_reg_227_reg[8]_i_1  | CARRY.others.CARRY4  |
    | CTRL_s_axi_U/sub2_reg_227_reg[12]_i_1 | CARRY.others.CARRY4  |
    | CTRL_s_axi_U/sub2_reg_227_reg[16]_i_1 | CARRY.others.CARRY4  |
    | CTRL_s_axi_U/sub2_reg_227_reg[20]_i_1 | CARRY.others.CARRY4  |
    | CTRL_s_axi_U/sub2_reg_227_reg[24]_i_1 | CARRY.others.CARRY4  |
    | CTRL_s_axi_U/sub2_reg_227_reg[28]_i_1 | CARRY.others.CARRY4  |
    | CTRL_s_axi_U/sub2_reg_227_reg[31]_i_1 | CARRY.others.CARRY4  |
    | CTRL_s_axi_U/tmp_product_i_53         | LUT.others.LUT2      |
    | CTRL_s_axi_U/tmp_product_i_12         | CARRY.others.CARRY4  |
    | CTRL_s_axi_U/tmp_product_i_1__0       | LUT.others.LUT2      |
    | empty_reg_232_reg[0]                  | FLOP_LATCH.flop.FDRE |
    | CTRL_s_axi_U/int_cols_reg[4]          | FLOP_LATCH.flop.FDRE |
    | CTRL_s_axi_U/sub2_reg_227_reg[4]_i_1  | CARRY.others.CARRY4  |
    | CTRL_s_axi_U/sub2_reg_227_reg[8]_i_1  | CARRY.others.CARRY4  |
    | CTRL_s_axi_U/sub2_reg_227_reg[12]_i_1 | CARRY.others.CARRY4  |
    | CTRL_s_axi_U/sub2_reg_227_reg[16]_i_1 | CARRY.others.CARRY4  |
    | CTRL_s_axi_U/sub2_reg_227_reg[20]_i_1 | CARRY.others.CARRY4  |
    | CTRL_s_axi_U/sub2_reg_227_reg[24]_i_1 | CARRY.others.CARRY4  |
    | CTRL_s_axi_U/sub2_reg_227_reg[28]_i_1 | CARRY.others.CARRY4  |
    | CTRL_s_axi_U/sub2_reg_227_reg[31]_i_1 | CARRY.others.CARRY4  |
    | CTRL_s_axi_U/tmp_product_i_53         | LUT.others.LUT2      |
    | CTRL_s_axi_U/tmp_product_i_12         | CARRY.others.CARRY4  |
    | CTRL_s_axi_U/tmp_product_i_1__0       | LUT.others.LUT2      |
    | empty_reg_232_reg[10]                 | FLOP_LATCH.flop.FDRE |
    | CTRL_s_axi_U/int_cols_reg[4]          | FLOP_LATCH.flop.FDRE |
    | CTRL_s_axi_U/sub2_reg_227_reg[4]_i_1  | CARRY.others.CARRY4  |
    | CTRL_s_axi_U/sub2_reg_227_reg[8]_i_1  | CARRY.others.CARRY4  |
    | CTRL_s_axi_U/sub2_reg_227_reg[12]_i_1 | CARRY.others.CARRY4  |
    | CTRL_s_axi_U/sub2_reg_227_reg[16]_i_1 | CARRY.others.CARRY4  |
    | CTRL_s_axi_U/sub2_reg_227_reg[20]_i_1 | CARRY.others.CARRY4  |
    | CTRL_s_axi_U/sub2_reg_227_reg[24]_i_1 | CARRY.others.CARRY4  |
    | CTRL_s_axi_U/sub2_reg_227_reg[28]_i_1 | CARRY.others.CARRY4  |
    | CTRL_s_axi_U/sub2_reg_227_reg[31]_i_1 | CARRY.others.CARRY4  |
    | CTRL_s_axi_U/tmp_product_i_53         | LUT.others.LUT2      |
    | CTRL_s_axi_U/tmp_product_i_12         | CARRY.others.CARRY4  |
    | CTRL_s_axi_U/tmp_product_i_1__0       | LUT.others.LUT2      |
    | empty_reg_232_reg[11]                 | FLOP_LATCH.flop.FDRE |
    | CTRL_s_axi_U/int_cols_reg[4]          | FLOP_LATCH.flop.FDRE |
    | CTRL_s_axi_U/sub2_reg_227_reg[4]_i_1  | CARRY.others.CARRY4  |
    | CTRL_s_axi_U/sub2_reg_227_reg[8]_i_1  | CARRY.others.CARRY4  |
    | CTRL_s_axi_U/sub2_reg_227_reg[12]_i_1 | CARRY.others.CARRY4  |
    | CTRL_s_axi_U/sub2_reg_227_reg[16]_i_1 | CARRY.others.CARRY4  |
    | CTRL_s_axi_U/sub2_reg_227_reg[20]_i_1 | CARRY.others.CARRY4  |
    | CTRL_s_axi_U/sub2_reg_227_reg[24]_i_1 | CARRY.others.CARRY4  |
    | CTRL_s_axi_U/sub2_reg_227_reg[28]_i_1 | CARRY.others.CARRY4  |
    | CTRL_s_axi_U/sub2_reg_227_reg[31]_i_1 | CARRY.others.CARRY4  |
    | CTRL_s_axi_U/tmp_product_i_53         | LUT.others.LUT2      |
    | CTRL_s_axi_U/tmp_product_i_12         | CARRY.others.CARRY4  |
    | CTRL_s_axi_U/tmp_product_i_1__0       | LUT.others.LUT2      |
    | empty_reg_232_reg[12]                 | FLOP_LATCH.flop.FDRE |
    | CTRL_s_axi_U/int_cols_reg[4]          | FLOP_LATCH.flop.FDRE |
    | CTRL_s_axi_U/sub2_reg_227_reg[4]_i_1  | CARRY.others.CARRY4  |
    | CTRL_s_axi_U/sub2_reg_227_reg[8]_i_1  | CARRY.others.CARRY4  |
    | CTRL_s_axi_U/sub2_reg_227_reg[12]_i_1 | CARRY.others.CARRY4  |
    | CTRL_s_axi_U/sub2_reg_227_reg[16]_i_1 | CARRY.others.CARRY4  |
    | CTRL_s_axi_U/sub2_reg_227_reg[20]_i_1 | CARRY.others.CARRY4  |
    | CTRL_s_axi_U/sub2_reg_227_reg[24]_i_1 | CARRY.others.CARRY4  |
    | CTRL_s_axi_U/sub2_reg_227_reg[28]_i_1 | CARRY.others.CARRY4  |
    | CTRL_s_axi_U/sub2_reg_227_reg[31]_i_1 | CARRY.others.CARRY4  |
    | CTRL_s_axi_U/tmp_product_i_53         | LUT.others.LUT2      |
    | CTRL_s_axi_U/tmp_product_i_12         | CARRY.others.CARRY4  |
    | CTRL_s_axi_U/tmp_product_i_1__0       | LUT.others.LUT2      |
    | empty_reg_232_reg[13]                 | FLOP_LATCH.flop.FDRE |
    +---------------------------------------+----------------------+

    +---------------------------------------+----------------------+
    | Path3 Cells                           | Primitive Type       |
    +---------------------------------------+----------------------+
    | CTRL_s_axi_U/int_cols_reg[4]          | FLOP_LATCH.flop.FDRE |
    | CTRL_s_axi_U/sub2_reg_227_reg[4]_i_1  | CARRY.others.CARRY4  |
    | CTRL_s_axi_U/sub2_reg_227_reg[8]_i_1  | CARRY.others.CARRY4  |
    | CTRL_s_axi_U/sub2_reg_227_reg[12]_i_1 | CARRY.others.CARRY4  |
    | CTRL_s_axi_U/sub2_reg_227_reg[16]_i_1 | CARRY.others.CARRY4  |
    | CTRL_s_axi_U/sub2_reg_227_reg[20]_i_1 | CARRY.others.CARRY4  |
    | CTRL_s_axi_U/sub2_reg_227_reg[24]_i_1 | CARRY.others.CARRY4  |
    | CTRL_s_axi_U/sub2_reg_227_reg[28]_i_1 | CARRY.others.CARRY4  |
    | CTRL_s_axi_U/sub2_reg_227_reg[31]_i_1 | CARRY.others.CARRY4  |
    | CTRL_s_axi_U/tmp_product_i_53         | LUT.others.LUT2      |
    | CTRL_s_axi_U/tmp_product_i_12         | CARRY.others.CARRY4  |
    | CTRL_s_axi_U/tmp_product_i_1__0       | LUT.others.LUT2      |
    | empty_reg_232_reg[0]                  | FLOP_LATCH.flop.FDRE |
    | CTRL_s_axi_U/int_cols_reg[4]          | FLOP_LATCH.flop.FDRE |
    | CTRL_s_axi_U/sub2_reg_227_reg[4]_i_1  | CARRY.others.CARRY4  |
    | CTRL_s_axi_U/sub2_reg_227_reg[8]_i_1  | CARRY.others.CARRY4  |
    | CTRL_s_axi_U/sub2_reg_227_reg[12]_i_1 | CARRY.others.CARRY4  |
    | CTRL_s_axi_U/sub2_reg_227_reg[16]_i_1 | CARRY.others.CARRY4  |
    | CTRL_s_axi_U/sub2_reg_227_reg[20]_i_1 | CARRY.others.CARRY4  |
    | CTRL_s_axi_U/sub2_reg_227_reg[24]_i_1 | CARRY.others.CARRY4  |
    | CTRL_s_axi_U/sub2_reg_227_reg[28]_i_1 | CARRY.others.CARRY4  |
    | CTRL_s_axi_U/sub2_reg_227_reg[31]_i_1 | CARRY.others.CARRY4  |
    | CTRL_s_axi_U/tmp_product_i_53         | LUT.others.LUT2      |
    | CTRL_s_axi_U/tmp_product_i_12         | CARRY.others.CARRY4  |
    | CTRL_s_axi_U/tmp_product_i_1__0       | LUT.others.LUT2      |
    | empty_reg_232_reg[10]                 | FLOP_LATCH.flop.FDRE |
    | CTRL_s_axi_U/int_cols_reg[4]          | FLOP_LATCH.flop.FDRE |
    | CTRL_s_axi_U/sub2_reg_227_reg[4]_i_1  | CARRY.others.CARRY4  |
    | CTRL_s_axi_U/sub2_reg_227_reg[8]_i_1  | CARRY.others.CARRY4  |
    | CTRL_s_axi_U/sub2_reg_227_reg[12]_i_1 | CARRY.others.CARRY4  |
    | CTRL_s_axi_U/sub2_reg_227_reg[16]_i_1 | CARRY.others.CARRY4  |
    | CTRL_s_axi_U/sub2_reg_227_reg[20]_i_1 | CARRY.others.CARRY4  |
    | CTRL_s_axi_U/sub2_reg_227_reg[24]_i_1 | CARRY.others.CARRY4  |
    | CTRL_s_axi_U/sub2_reg_227_reg[28]_i_1 | CARRY.others.CARRY4  |
    | CTRL_s_axi_U/sub2_reg_227_reg[31]_i_1 | CARRY.others.CARRY4  |
    | CTRL_s_axi_U/tmp_product_i_53         | LUT.others.LUT2      |
    | CTRL_s_axi_U/tmp_product_i_12         | CARRY.others.CARRY4  |
    | CTRL_s_axi_U/tmp_product_i_1__0       | LUT.others.LUT2      |
    | empty_reg_232_reg[11]                 | FLOP_LATCH.flop.FDRE |
    | CTRL_s_axi_U/int_cols_reg[4]          | FLOP_LATCH.flop.FDRE |
    | CTRL_s_axi_U/sub2_reg_227_reg[4]_i_1  | CARRY.others.CARRY4  |
    | CTRL_s_axi_U/sub2_reg_227_reg[8]_i_1  | CARRY.others.CARRY4  |
    | CTRL_s_axi_U/sub2_reg_227_reg[12]_i_1 | CARRY.others.CARRY4  |
    | CTRL_s_axi_U/sub2_reg_227_reg[16]_i_1 | CARRY.others.CARRY4  |
    | CTRL_s_axi_U/sub2_reg_227_reg[20]_i_1 | CARRY.others.CARRY4  |
    | CTRL_s_axi_U/sub2_reg_227_reg[24]_i_1 | CARRY.others.CARRY4  |
    | CTRL_s_axi_U/sub2_reg_227_reg[28]_i_1 | CARRY.others.CARRY4  |
    | CTRL_s_axi_U/sub2_reg_227_reg[31]_i_1 | CARRY.others.CARRY4  |
    | CTRL_s_axi_U/tmp_product_i_53         | LUT.others.LUT2      |
    | CTRL_s_axi_U/tmp_product_i_12         | CARRY.others.CARRY4  |
    | CTRL_s_axi_U/tmp_product_i_1__0       | LUT.others.LUT2      |
    | empty_reg_232_reg[12]                 | FLOP_LATCH.flop.FDRE |
    | CTRL_s_axi_U/int_cols_reg[4]          | FLOP_LATCH.flop.FDRE |
    | CTRL_s_axi_U/sub2_reg_227_reg[4]_i_1  | CARRY.others.CARRY4  |
    | CTRL_s_axi_U/sub2_reg_227_reg[8]_i_1  | CARRY.others.CARRY4  |
    | CTRL_s_axi_U/sub2_reg_227_reg[12]_i_1 | CARRY.others.CARRY4  |
    | CTRL_s_axi_U/sub2_reg_227_reg[16]_i_1 | CARRY.others.CARRY4  |
    | CTRL_s_axi_U/sub2_reg_227_reg[20]_i_1 | CARRY.others.CARRY4  |
    | CTRL_s_axi_U/sub2_reg_227_reg[24]_i_1 | CARRY.others.CARRY4  |
    | CTRL_s_axi_U/sub2_reg_227_reg[28]_i_1 | CARRY.others.CARRY4  |
    | CTRL_s_axi_U/sub2_reg_227_reg[31]_i_1 | CARRY.others.CARRY4  |
    | CTRL_s_axi_U/tmp_product_i_53         | LUT.others.LUT2      |
    | CTRL_s_axi_U/tmp_product_i_12         | CARRY.others.CARRY4  |
    | CTRL_s_axi_U/tmp_product_i_1__0       | LUT.others.LUT2      |
    | empty_reg_232_reg[13]                 | FLOP_LATCH.flop.FDRE |
    +---------------------------------------+----------------------+

    +---------------------------------------+----------------------+
    | Path4 Cells                           | Primitive Type       |
    +---------------------------------------+----------------------+
    | CTRL_s_axi_U/int_cols_reg[4]          | FLOP_LATCH.flop.FDRE |
    | CTRL_s_axi_U/sub2_reg_227_reg[4]_i_1  | CARRY.others.CARRY4  |
    | CTRL_s_axi_U/sub2_reg_227_reg[8]_i_1  | CARRY.others.CARRY4  |
    | CTRL_s_axi_U/sub2_reg_227_reg[12]_i_1 | CARRY.others.CARRY4  |
    | CTRL_s_axi_U/sub2_reg_227_reg[16]_i_1 | CARRY.others.CARRY4  |
    | CTRL_s_axi_U/sub2_reg_227_reg[20]_i_1 | CARRY.others.CARRY4  |
    | CTRL_s_axi_U/sub2_reg_227_reg[24]_i_1 | CARRY.others.CARRY4  |
    | CTRL_s_axi_U/sub2_reg_227_reg[28]_i_1 | CARRY.others.CARRY4  |
    | CTRL_s_axi_U/sub2_reg_227_reg[31]_i_1 | CARRY.others.CARRY4  |
    | CTRL_s_axi_U/tmp_product_i_53         | LUT.others.LUT2      |
    | CTRL_s_axi_U/tmp_product_i_12         | CARRY.others.CARRY4  |
    | CTRL_s_axi_U/tmp_product_i_1__0       | LUT.others.LUT2      |
    | empty_reg_232_reg[0]                  | FLOP_LATCH.flop.FDRE |
    | CTRL_s_axi_U/int_cols_reg[4]          | FLOP_LATCH.flop.FDRE |
    | CTRL_s_axi_U/sub2_reg_227_reg[4]_i_1  | CARRY.others.CARRY4  |
    | CTRL_s_axi_U/sub2_reg_227_reg[8]_i_1  | CARRY.others.CARRY4  |
    | CTRL_s_axi_U/sub2_reg_227_reg[12]_i_1 | CARRY.others.CARRY4  |
    | CTRL_s_axi_U/sub2_reg_227_reg[16]_i_1 | CARRY.others.CARRY4  |
    | CTRL_s_axi_U/sub2_reg_227_reg[20]_i_1 | CARRY.others.CARRY4  |
    | CTRL_s_axi_U/sub2_reg_227_reg[24]_i_1 | CARRY.others.CARRY4  |
    | CTRL_s_axi_U/sub2_reg_227_reg[28]_i_1 | CARRY.others.CARRY4  |
    | CTRL_s_axi_U/sub2_reg_227_reg[31]_i_1 | CARRY.others.CARRY4  |
    | CTRL_s_axi_U/tmp_product_i_53         | LUT.others.LUT2      |
    | CTRL_s_axi_U/tmp_product_i_12         | CARRY.others.CARRY4  |
    | CTRL_s_axi_U/tmp_product_i_1__0       | LUT.others.LUT2      |
    | empty_reg_232_reg[10]                 | FLOP_LATCH.flop.FDRE |
    | CTRL_s_axi_U/int_cols_reg[4]          | FLOP_LATCH.flop.FDRE |
    | CTRL_s_axi_U/sub2_reg_227_reg[4]_i_1  | CARRY.others.CARRY4  |
    | CTRL_s_axi_U/sub2_reg_227_reg[8]_i_1  | CARRY.others.CARRY4  |
    | CTRL_s_axi_U/sub2_reg_227_reg[12]_i_1 | CARRY.others.CARRY4  |
    | CTRL_s_axi_U/sub2_reg_227_reg[16]_i_1 | CARRY.others.CARRY4  |
    | CTRL_s_axi_U/sub2_reg_227_reg[20]_i_1 | CARRY.others.CARRY4  |
    | CTRL_s_axi_U/sub2_reg_227_reg[24]_i_1 | CARRY.others.CARRY4  |
    | CTRL_s_axi_U/sub2_reg_227_reg[28]_i_1 | CARRY.others.CARRY4  |
    | CTRL_s_axi_U/sub2_reg_227_reg[31]_i_1 | CARRY.others.CARRY4  |
    | CTRL_s_axi_U/tmp_product_i_53         | LUT.others.LUT2      |
    | CTRL_s_axi_U/tmp_product_i_12         | CARRY.others.CARRY4  |
    | CTRL_s_axi_U/tmp_product_i_1__0       | LUT.others.LUT2      |
    | empty_reg_232_reg[11]                 | FLOP_LATCH.flop.FDRE |
    | CTRL_s_axi_U/int_cols_reg[4]          | FLOP_LATCH.flop.FDRE |
    | CTRL_s_axi_U/sub2_reg_227_reg[4]_i_1  | CARRY.others.CARRY4  |
    | CTRL_s_axi_U/sub2_reg_227_reg[8]_i_1  | CARRY.others.CARRY4  |
    | CTRL_s_axi_U/sub2_reg_227_reg[12]_i_1 | CARRY.others.CARRY4  |
    | CTRL_s_axi_U/sub2_reg_227_reg[16]_i_1 | CARRY.others.CARRY4  |
    | CTRL_s_axi_U/sub2_reg_227_reg[20]_i_1 | CARRY.others.CARRY4  |
    | CTRL_s_axi_U/sub2_reg_227_reg[24]_i_1 | CARRY.others.CARRY4  |
    | CTRL_s_axi_U/sub2_reg_227_reg[28]_i_1 | CARRY.others.CARRY4  |
    | CTRL_s_axi_U/sub2_reg_227_reg[31]_i_1 | CARRY.others.CARRY4  |
    | CTRL_s_axi_U/tmp_product_i_53         | LUT.others.LUT2      |
    | CTRL_s_axi_U/tmp_product_i_12         | CARRY.others.CARRY4  |
    | CTRL_s_axi_U/tmp_product_i_1__0       | LUT.others.LUT2      |
    | empty_reg_232_reg[12]                 | FLOP_LATCH.flop.FDRE |
    | CTRL_s_axi_U/int_cols_reg[4]          | FLOP_LATCH.flop.FDRE |
    | CTRL_s_axi_U/sub2_reg_227_reg[4]_i_1  | CARRY.others.CARRY4  |
    | CTRL_s_axi_U/sub2_reg_227_reg[8]_i_1  | CARRY.others.CARRY4  |
    | CTRL_s_axi_U/sub2_reg_227_reg[12]_i_1 | CARRY.others.CARRY4  |
    | CTRL_s_axi_U/sub2_reg_227_reg[16]_i_1 | CARRY.others.CARRY4  |
    | CTRL_s_axi_U/sub2_reg_227_reg[20]_i_1 | CARRY.others.CARRY4  |
    | CTRL_s_axi_U/sub2_reg_227_reg[24]_i_1 | CARRY.others.CARRY4  |
    | CTRL_s_axi_U/sub2_reg_227_reg[28]_i_1 | CARRY.others.CARRY4  |
    | CTRL_s_axi_U/sub2_reg_227_reg[31]_i_1 | CARRY.others.CARRY4  |
    | CTRL_s_axi_U/tmp_product_i_53         | LUT.others.LUT2      |
    | CTRL_s_axi_U/tmp_product_i_12         | CARRY.others.CARRY4  |
    | CTRL_s_axi_U/tmp_product_i_1__0       | LUT.others.LUT2      |
    | empty_reg_232_reg[13]                 | FLOP_LATCH.flop.FDRE |
    +---------------------------------------+----------------------+

    +---------------------------------------+----------------------+
    | Path5 Cells                           | Primitive Type       |
    +---------------------------------------+----------------------+
    | CTRL_s_axi_U/int_cols_reg[4]          | FLOP_LATCH.flop.FDRE |
    | CTRL_s_axi_U/sub2_reg_227_reg[4]_i_1  | CARRY.others.CARRY4  |
    | CTRL_s_axi_U/sub2_reg_227_reg[8]_i_1  | CARRY.others.CARRY4  |
    | CTRL_s_axi_U/sub2_reg_227_reg[12]_i_1 | CARRY.others.CARRY4  |
    | CTRL_s_axi_U/sub2_reg_227_reg[16]_i_1 | CARRY.others.CARRY4  |
    | CTRL_s_axi_U/sub2_reg_227_reg[20]_i_1 | CARRY.others.CARRY4  |
    | CTRL_s_axi_U/sub2_reg_227_reg[24]_i_1 | CARRY.others.CARRY4  |
    | CTRL_s_axi_U/sub2_reg_227_reg[28]_i_1 | CARRY.others.CARRY4  |
    | CTRL_s_axi_U/sub2_reg_227_reg[31]_i_1 | CARRY.others.CARRY4  |
    | CTRL_s_axi_U/tmp_product_i_53         | LUT.others.LUT2      |
    | CTRL_s_axi_U/tmp_product_i_12         | CARRY.others.CARRY4  |
    | CTRL_s_axi_U/tmp_product_i_1__0       | LUT.others.LUT2      |
    | empty_reg_232_reg[0]                  | FLOP_LATCH.flop.FDRE |
    | CTRL_s_axi_U/int_cols_reg[4]          | FLOP_LATCH.flop.FDRE |
    | CTRL_s_axi_U/sub2_reg_227_reg[4]_i_1  | CARRY.others.CARRY4  |
    | CTRL_s_axi_U/sub2_reg_227_reg[8]_i_1  | CARRY.others.CARRY4  |
    | CTRL_s_axi_U/sub2_reg_227_reg[12]_i_1 | CARRY.others.CARRY4  |
    | CTRL_s_axi_U/sub2_reg_227_reg[16]_i_1 | CARRY.others.CARRY4  |
    | CTRL_s_axi_U/sub2_reg_227_reg[20]_i_1 | CARRY.others.CARRY4  |
    | CTRL_s_axi_U/sub2_reg_227_reg[24]_i_1 | CARRY.others.CARRY4  |
    | CTRL_s_axi_U/sub2_reg_227_reg[28]_i_1 | CARRY.others.CARRY4  |
    | CTRL_s_axi_U/sub2_reg_227_reg[31]_i_1 | CARRY.others.CARRY4  |
    | CTRL_s_axi_U/tmp_product_i_53         | LUT.others.LUT2      |
    | CTRL_s_axi_U/tmp_product_i_12         | CARRY.others.CARRY4  |
    | CTRL_s_axi_U/tmp_product_i_1__0       | LUT.others.LUT2      |
    | empty_reg_232_reg[10]                 | FLOP_LATCH.flop.FDRE |
    | CTRL_s_axi_U/int_cols_reg[4]          | FLOP_LATCH.flop.FDRE |
    | CTRL_s_axi_U/sub2_reg_227_reg[4]_i_1  | CARRY.others.CARRY4  |
    | CTRL_s_axi_U/sub2_reg_227_reg[8]_i_1  | CARRY.others.CARRY4  |
    | CTRL_s_axi_U/sub2_reg_227_reg[12]_i_1 | CARRY.others.CARRY4  |
    | CTRL_s_axi_U/sub2_reg_227_reg[16]_i_1 | CARRY.others.CARRY4  |
    | CTRL_s_axi_U/sub2_reg_227_reg[20]_i_1 | CARRY.others.CARRY4  |
    | CTRL_s_axi_U/sub2_reg_227_reg[24]_i_1 | CARRY.others.CARRY4  |
    | CTRL_s_axi_U/sub2_reg_227_reg[28]_i_1 | CARRY.others.CARRY4  |
    | CTRL_s_axi_U/sub2_reg_227_reg[31]_i_1 | CARRY.others.CARRY4  |
    | CTRL_s_axi_U/tmp_product_i_53         | LUT.others.LUT2      |
    | CTRL_s_axi_U/tmp_product_i_12         | CARRY.others.CARRY4  |
    | CTRL_s_axi_U/tmp_product_i_1__0       | LUT.others.LUT2      |
    | empty_reg_232_reg[11]                 | FLOP_LATCH.flop.FDRE |
    | CTRL_s_axi_U/int_cols_reg[4]          | FLOP_LATCH.flop.FDRE |
    | CTRL_s_axi_U/sub2_reg_227_reg[4]_i_1  | CARRY.others.CARRY4  |
    | CTRL_s_axi_U/sub2_reg_227_reg[8]_i_1  | CARRY.others.CARRY4  |
    | CTRL_s_axi_U/sub2_reg_227_reg[12]_i_1 | CARRY.others.CARRY4  |
    | CTRL_s_axi_U/sub2_reg_227_reg[16]_i_1 | CARRY.others.CARRY4  |
    | CTRL_s_axi_U/sub2_reg_227_reg[20]_i_1 | CARRY.others.CARRY4  |
    | CTRL_s_axi_U/sub2_reg_227_reg[24]_i_1 | CARRY.others.CARRY4  |
    | CTRL_s_axi_U/sub2_reg_227_reg[28]_i_1 | CARRY.others.CARRY4  |
    | CTRL_s_axi_U/sub2_reg_227_reg[31]_i_1 | CARRY.others.CARRY4  |
    | CTRL_s_axi_U/tmp_product_i_53         | LUT.others.LUT2      |
    | CTRL_s_axi_U/tmp_product_i_12         | CARRY.others.CARRY4  |
    | CTRL_s_axi_U/tmp_product_i_1__0       | LUT.others.LUT2      |
    | empty_reg_232_reg[12]                 | FLOP_LATCH.flop.FDRE |
    | CTRL_s_axi_U/int_cols_reg[4]          | FLOP_LATCH.flop.FDRE |
    | CTRL_s_axi_U/sub2_reg_227_reg[4]_i_1  | CARRY.others.CARRY4  |
    | CTRL_s_axi_U/sub2_reg_227_reg[8]_i_1  | CARRY.others.CARRY4  |
    | CTRL_s_axi_U/sub2_reg_227_reg[12]_i_1 | CARRY.others.CARRY4  |
    | CTRL_s_axi_U/sub2_reg_227_reg[16]_i_1 | CARRY.others.CARRY4  |
    | CTRL_s_axi_U/sub2_reg_227_reg[20]_i_1 | CARRY.others.CARRY4  |
    | CTRL_s_axi_U/sub2_reg_227_reg[24]_i_1 | CARRY.others.CARRY4  |
    | CTRL_s_axi_U/sub2_reg_227_reg[28]_i_1 | CARRY.others.CARRY4  |
    | CTRL_s_axi_U/sub2_reg_227_reg[31]_i_1 | CARRY.others.CARRY4  |
    | CTRL_s_axi_U/tmp_product_i_53         | LUT.others.LUT2      |
    | CTRL_s_axi_U/tmp_product_i_12         | CARRY.others.CARRY4  |
    | CTRL_s_axi_U/tmp_product_i_1__0       | LUT.others.LUT2      |
    | empty_reg_232_reg[13]                 | FLOP_LATCH.flop.FDRE |
    +---------------------------------------+----------------------+


================================================================
== RTL Synthesis Vivado Reports
================================================================
+--------------------------+--------------------------------------------------------------+
| Report Type              | Report Location                                              |
+--------------------------+--------------------------------------------------------------+
| design_analysis          | impl/verilog/report/sobel_design_analysis_synth.rpt          |
| failfast                 | impl/verilog/report/sobel_failfast_synth.rpt                 |
| timing                   | impl/verilog/report/sobel_timing_synth.rpt                   |
| timing_paths             | impl/verilog/report/sobel_timing_paths_synth.rpt             |
| utilization              | impl/verilog/report/sobel_utilization_synth.rpt              |
| utilization_hierarchical | impl/verilog/report/sobel_utilization_hierarchical_synth.rpt |
+--------------------------+--------------------------------------------------------------+


