

Implementation tool: Xilinx Vivado v.2024.1
Project:             sobel
Solution:            hls
Device target:       xc7z020-clg400-1
Report date:         Sun Dec 29 10:54:03 +0800 2024

#=== Post-Implementation Resource usage ===
SLICE:         1042
LUT:           2623
FF:            3723
DSP:              8
BRAM:             2
URAM:             0
LATCH:            0
SRL:            166
CLB:              0

#=== Final timing ===
CP required:                     10.000
CP achieved post-synthesis:      6.554
CP achieved post-implementation: 8.341
Timing met
